

================================================================
== Vitis HLS Report for 'Block_inference_for_cond_i_exit13_proc3'
================================================================
* Date:           Fri Jun 26 18:52:42 2026

* Version:        2022.2 (Build 3670227 on Oct 13 2022)
* Project:        myproject_prj
* Solution:       solution1 (Vivado IP Flow Target)
* Product family: zynq
* Target device:  xc7z020-clg400-1


================================================================
== Performance Estimates
================================================================
+ Timing: 
    * Summary: 
    +--------+---------+----------+------------+
    |  Clock |  Target | Estimated| Uncertainty|
    +--------+---------+----------+------------+
    |ap_clk  |  5.00 ns|  4.212 ns|     0.62 ns|
    +--------+---------+----------+------------+

+ Latency: 
    * Summary: 
    +---------+---------+-----------+-----------+-----+-----+---------+
    |  Latency (cycles) |   Latency (absolute)  |  Interval | Pipeline|
    |   min   |   max   |    min    |    max    | min | max |   Type  |
    +---------+---------+-----------+-----------+-----+-----+---------+
    |       10|       10|  50.000 ns|  50.000 ns|   10|   10|       no|
    +---------+---------+-----------+-----------+-----+-----+---------+

    + Detail: 
        * Instance: 
        N/A

        * Loop: 
        N/A

============================================================
+ Verbose Summary: Synthesis Manager
============================================================
InlineROM: 1
ExposeGlobal: 0
============================================================
+ Verbose Summary: CDFG Model
============================================================
IsTopModel: 0
ResetActiveHigh: 1
IsCombinational: 2
IsDatapathOnly: 0
HasWiredReturn: 1
HasMFsm: 0
HasVarLatency: 1
IsPipeline: 0
IsRtlPipelined: 0
IsInstanceOverlapped: 0
IsDontTouch: 0
HasImplIP: 0
IsGatedGlobalClock: 0


============================================================
+ Verbose Summary: Schedule
============================================================
* Number of FSM states : 11
* Pipeline : 0
* Dataflow Pipeline: 0

* FSM state transitions: 
1 --> 2 
2 --> 3 
3 --> 4 
4 --> 5 
5 --> 6 
6 --> 7 
7 --> 8 
8 --> 9 
9 --> 10 
10 --> 11 
11 --> 

* FSM state operations: 

State 1 <SV = 0> <Delay = 4.10>
ST_1 : Operation 12 [1/1] (2.18ns)   --->   "%out_data_data = read i8 @_ssdm_op_Read.ap_fifo.volatile.i8P0A, i8 %internal_output" [firmware/myproject.cpp:106]   --->   Operation 12 'read' 'out_data_data' <Predicate = true> <Delay = 2.18> <CoreInst = "FIFO_SRL">   --->   Core 81 'FIFO_SRL' <Latency = 0> <II = 1> <Delay = 3.63> <Storage> <Opcode : 'read' 'write' 'nbread' 'nbwrite'> <Ports = 0> <Width = 8> <Depth = 2> <FIFO>
ST_1 : Operation 13 [1/1] (0.00ns)   --->   "%p_Result_8 = bitselect i1 @_ssdm_op_BitSelect.i1.i8.i32, i8 %out_data_data, i32 7"   --->   Operation 13 'bitselect' 'p_Result_8' <Predicate = true> <Delay = 0.00>
ST_1 : Operation 14 [1/1] (1.91ns)   --->   "%tmp_V = sub i8 0, i8 %out_data_data"   --->   Operation 14 'sub' 'tmp_V' <Predicate = true> <Delay = 1.91> <CoreInst = "Adder">   --->   Core 1 'Adder' <Latency = 0> <II = 1> <Delay = 1.91> <FuncUnit> <Opcode : 'add' 'sub'> <InPorts = 2> <OutPorts = 1>

State 2 <SV = 1> <Delay = 3.80>
ST_2 : Operation 15 [1/1] (1.24ns)   --->   "%tmp_V_2 = select i1 %p_Result_8, i8 %tmp_V, i8 %out_data_data"   --->   Operation 15 'select' 'tmp_V_2' <Predicate = true> <Delay = 1.24> <CoreInst = "Sel">   --->   Core 73 'Sel' <Latency = 0> <II = 1> <Delay = 1.24> <FuncUnit> <Opcode : 'select'> <InPorts = 3> <OutPorts = 1>
ST_2 : Operation 16 [1/1] (0.00ns)   --->   "%p_Result_s = partselect i8 @llvm.part.select.i8, i8 %tmp_V_2, i32 7, i32 0"   --->   Operation 16 'partselect' 'p_Result_s' <Predicate = true> <Delay = 0.00>
ST_2 : Operation 17 [1/1] (0.00ns)   --->   "%p_Result_9 = bitconcatenate i9 @_ssdm_op_BitConcatenate.i9.i1.i8, i1 1, i8 %p_Result_s"   --->   Operation 17 'bitconcatenate' 'p_Result_9' <Predicate = true> <Delay = 0.00>
ST_2 : Operation 18 [1/1] (0.00ns)   --->   "%sext_ln1198 = sext i9 %p_Result_9"   --->   Operation 18 'sext' 'sext_ln1198' <Predicate = true> <Delay = 0.00>
ST_2 : Operation 19 [1/1] (0.00ns)   --->   "%l = cttz i32 @llvm.cttz.i32, i32 %sext_ln1198, i1 1"   --->   Operation 19 'cttz' 'l' <Predicate = true> <Delay = 0.00>
ST_2 : Operation 20 [1/1] (2.55ns)   --->   "%sub_ln1049 = sub i32 8, i32 %l"   --->   Operation 20 'sub' 'sub_ln1049' <Predicate = true> <Delay = 2.55> <CoreInst = "Adder">   --->   Core 1 'Adder' <Latency = 0> <II = 1> <Delay = 2.55> <FuncUnit> <Opcode : 'add' 'sub'> <InPorts = 2> <OutPorts = 1>
ST_2 : Operation 21 [1/1] (0.00ns)   --->   "%trunc_ln1049 = trunc i32 %sub_ln1049"   --->   Operation 21 'trunc' 'trunc_ln1049' <Predicate = true> <Delay = 0.00>
ST_2 : Operation 22 [1/1] (0.00ns)   --->   "%trunc_ln1052 = trunc i32 %sub_ln1049"   --->   Operation 22 'trunc' 'trunc_ln1052' <Predicate = true> <Delay = 0.00>
ST_2 : Operation 23 [1/1] (0.00ns)   --->   "%trunc_ln1048 = trunc i32 %l"   --->   Operation 23 'trunc' 'trunc_ln1048' <Predicate = true> <Delay = 0.00>
ST_2 : Operation 24 [1/1] (1.55ns)   --->   "%icmp_ln1040 = icmp_ne  i8 %out_data_data, i8 0"   --->   Operation 24 'icmp' 'icmp_ln1040' <Predicate = true> <Delay = 1.55> <CoreInst = "Cmp">   --->   Core 9 'Cmp' <Latency = 0> <II = 1> <Delay = 1.55> <FuncUnit> <Opcode : 'icmp'> <InPorts = 2> <OutPorts = 1>

State 3 <SV = 2> <Delay = 3.77>
ST_3 : Operation 25 [1/1] (2.55ns)   --->   "%lsb_index = add i32 %sub_ln1049, i32 4294967243"   --->   Operation 25 'add' 'lsb_index' <Predicate = true> <Delay = 2.55> <CoreInst = "Adder">   --->   Core 1 'Adder' <Latency = 0> <II = 1> <Delay = 2.55> <FuncUnit> <Opcode : 'add' 'sub'> <InPorts = 2> <OutPorts = 1>
ST_3 : Operation 26 [1/1] (0.00ns)   --->   "%tmp_6 = partselect i31 @_ssdm_op_PartSelect.i31.i32.i32.i32, i32 %lsb_index, i32 1, i32 31"   --->   Operation 26 'partselect' 'tmp_6' <Predicate = true> <Delay = 0.00>
ST_3 : Operation 27 [1/1] (1.65ns)   --->   "%sub_ln1052 = sub i3 6, i3 %trunc_ln1052"   --->   Operation 27 'sub' 'sub_ln1052' <Predicate = true> <Delay = 1.65> <CoreInst = "Adder">   --->   Core 1 'Adder' <Latency = 0> <II = 1> <Delay = 1.65> <FuncUnit> <Opcode : 'add' 'sub'> <InPorts = 2> <OutPorts = 1>
ST_3 : Operation 28 [1/1] (0.00ns) (grouped into LUT with out node icmp_ln1052)   --->   "%zext_ln1052 = zext i3 %sub_ln1052"   --->   Operation 28 'zext' 'zext_ln1052' <Predicate = true> <Delay = 0.00>
ST_3 : Operation 29 [1/1] (0.00ns) (grouped into LUT with out node icmp_ln1052)   --->   "%lshr_ln1052 = lshr i8 255, i8 %zext_ln1052"   --->   Operation 29 'lshr' 'lshr_ln1052' <Predicate = true> <Delay = 0.00> <CoreInst = "Shifter">   --->   Core 75 'Shifter' <Latency = 0> <II = 1> <Delay = 2.12> <FuncUnit> <Opcode : 'shl' 'lshr' 'ashr'> <InPorts = 2> <OutPorts = 1>
ST_3 : Operation 30 [1/1] (0.00ns) (grouped into LUT with out node icmp_ln1052)   --->   "%p_Result_5 = and i8 %tmp_V_2, i8 %lshr_ln1052"   --->   Operation 30 'and' 'p_Result_5' <Predicate = true> <Delay = 0.00> <CoreInst = "LogicGate">   --->   Core 74 'LogicGate' <Latency = 0> <II = 1> <Delay = 0.99> <FuncUnit> <Opcode : 'and' 'or' 'xor'> <InPorts = 2> <OutPorts = 1>
ST_3 : Operation 31 [1/1] (2.12ns) (out node of the LUT)   --->   "%icmp_ln1052 = icmp_ne  i8 %p_Result_5, i8 0"   --->   Operation 31 'icmp' 'icmp_ln1052' <Predicate = true> <Delay = 2.12> <CoreInst = "Cmp">   --->   Core 9 'Cmp' <Latency = 0> <II = 1> <Delay = 1.55> <FuncUnit> <Opcode : 'icmp'> <InPorts = 2> <OutPorts = 1>
ST_3 : Operation 32 [1/1] (2.55ns)   --->   "%add_ln1063 = add i32 %sub_ln1049, i32 4294967242"   --->   Operation 32 'add' 'add_ln1063' <Predicate = true> <Delay = 2.55> <CoreInst = "Adder">   --->   Core 1 'Adder' <Latency = 0> <II = 1> <Delay = 2.55> <FuncUnit> <Opcode : 'add' 'sub'> <InPorts = 2> <OutPorts = 1>
ST_3 : Operation 33 [1/1] (2.55ns)   --->   "%sub_ln1064 = sub i32 54, i32 %sub_ln1049"   --->   Operation 33 'sub' 'sub_ln1064' <Predicate = true> <Delay = 2.55> <CoreInst = "Adder">   --->   Core 1 'Adder' <Latency = 0> <II = 1> <Delay = 2.55> <FuncUnit> <Opcode : 'add' 'sub'> <InPorts = 2> <OutPorts = 1>

State 4 <SV = 3> <Delay = 3.60>
ST_4 : Operation 34 [1/1] (2.47ns)   --->   "%icmp_ln1051 = icmp_sgt  i31 %tmp_6, i31 0"   --->   Operation 34 'icmp' 'icmp_ln1051' <Predicate = true> <Delay = 2.47> <CoreInst = "Cmp">   --->   Core 9 'Cmp' <Latency = 0> <II = 1> <Delay = 2.47> <FuncUnit> <Opcode : 'icmp'> <InPorts = 2> <OutPorts = 1>
ST_4 : Operation 35 [1/1] (0.00ns) (grouped into LUT with out node or_ln)   --->   "%a = and i1 %icmp_ln1051, i1 %icmp_ln1052"   --->   Operation 35 'and' 'a' <Predicate = true> <Delay = 0.00> <CoreInst = "LogicGate">   --->   Core 74 'LogicGate' <Latency = 0> <II = 1> <Delay = 0.97> <FuncUnit> <Opcode : 'and' 'or' 'xor'> <InPorts = 2> <OutPorts = 1>
ST_4 : Operation 36 [1/1] (0.00ns) (grouped into LUT with out node or_ln)   --->   "%tmp_7 = bitselect i1 @_ssdm_op_BitSelect.i1.i32.i32, i32 %lsb_index, i32 31"   --->   Operation 36 'bitselect' 'tmp_7' <Predicate = true> <Delay = 0.00>
ST_4 : Operation 37 [1/1] (0.00ns) (grouped into LUT with out node or_ln)   --->   "%xor_ln1054 = xor i1 %tmp_7, i1 1"   --->   Operation 37 'xor' 'xor_ln1054' <Predicate = true> <Delay = 0.00> <CoreInst = "LogicGate">   --->   Core 74 'LogicGate' <Latency = 0> <II = 1> <Delay = 0.97> <FuncUnit> <Opcode : 'and' 'or' 'xor'> <InPorts = 2> <OutPorts = 1>
ST_4 : Operation 38 [1/1] (1.91ns)   --->   "%add_ln1054 = add i8 %trunc_ln1049, i8 203"   --->   Operation 38 'add' 'add_ln1054' <Predicate = true> <Delay = 1.91> <CoreInst = "Adder">   --->   Core 1 'Adder' <Latency = 0> <II = 1> <Delay = 1.91> <FuncUnit> <Opcode : 'add' 'sub'> <InPorts = 2> <OutPorts = 1>
ST_4 : Operation 39 [1/1] (0.00ns) (grouped into LUT with out node or_ln)   --->   "%p_Result_3 = bitselect i1 @_ssdm_op_BitSelect.i1.i8.i8, i8 %tmp_V_2, i8 %add_ln1054"   --->   Operation 39 'bitselect' 'p_Result_3' <Predicate = true> <Delay = 0.00>
ST_4 : Operation 40 [1/1] (0.00ns) (grouped into LUT with out node or_ln)   --->   "%and_ln1054 = and i1 %p_Result_3, i1 %xor_ln1054"   --->   Operation 40 'and' 'and_ln1054' <Predicate = true> <Delay = 0.00> <CoreInst = "LogicGate">   --->   Core 74 'LogicGate' <Latency = 0> <II = 1> <Delay = 0.97> <FuncUnit> <Opcode : 'and' 'or' 'xor'> <InPorts = 2> <OutPorts = 1>
ST_4 : Operation 41 [1/1] (0.00ns) (grouped into LUT with out node or_ln)   --->   "%or_ln1054 = or i1 %and_ln1054, i1 %a"   --->   Operation 41 'or' 'or_ln1054' <Predicate = true> <Delay = 0.00> <CoreInst = "LogicGate">   --->   Core 74 'LogicGate' <Latency = 0> <II = 1> <Delay = 0.97> <FuncUnit> <Opcode : 'and' 'or' 'xor'> <InPorts = 2> <OutPorts = 1>
ST_4 : Operation 42 [1/1] (0.97ns) (out node of the LUT)   --->   "%or_ln = bitconcatenate i2 @_ssdm_op_BitConcatenate.i2.i1.i1, i1 0, i1 %or_ln1054"   --->   Operation 42 'bitconcatenate' 'or_ln' <Predicate = true> <Delay = 0.97>
ST_4 : Operation 43 [1/1] (0.00ns)   --->   "%zext_ln1062 = zext i8 %tmp_V_2"   --->   Operation 43 'zext' 'zext_ln1062' <Predicate = true> <Delay = 0.00>
ST_4 : Operation 44 [1/1] (2.47ns)   --->   "%icmp_ln1063 = icmp_sgt  i32 %lsb_index, i32 0"   --->   Operation 44 'icmp' 'icmp_ln1063' <Predicate = true> <Delay = 2.47> <CoreInst = "Cmp">   --->   Core 9 'Cmp' <Latency = 0> <II = 1> <Delay = 2.47> <FuncUnit> <Opcode : 'icmp'> <InPorts = 2> <OutPorts = 1>
ST_4 : Operation 45 [1/1] (0.00ns)   --->   "%zext_ln1063 = zext i32 %add_ln1063"   --->   Operation 45 'zext' 'zext_ln1063' <Predicate = true> <Delay = 0.00>
ST_4 : Operation 46 [2/2] (3.60ns)   --->   "%lshr_ln1063 = lshr i64 %zext_ln1062, i64 %zext_ln1063"   --->   Operation 46 'lshr' 'lshr_ln1063' <Predicate = true> <Delay = 3.60> <CoreInst = "Shifter">   --->   Core 75 'Shifter' <Latency = 1> <II = 1> <Delay = 3.60> <FuncUnit> <Opcode : 'shl' 'lshr' 'ashr'> <InPorts = 2> <OutPorts = 1>
ST_4 : Operation 47 [1/1] (0.00ns)   --->   "%zext_ln1064 = zext i32 %sub_ln1064"   --->   Operation 47 'zext' 'zext_ln1064' <Predicate = true> <Delay = 0.00>
ST_4 : Operation 48 [2/2] (3.60ns)   --->   "%shl_ln1064 = shl i64 %zext_ln1062, i64 %zext_ln1064"   --->   Operation 48 'shl' 'shl_ln1064' <Predicate = true> <Delay = 3.60> <CoreInst = "Shifter">   --->   Core 75 'Shifter' <Latency = 1> <II = 1> <Delay = 3.60> <FuncUnit> <Opcode : 'shl' 'lshr' 'ashr'> <InPorts = 2> <OutPorts = 1>

State 5 <SV = 4> <Delay = 3.60>
ST_5 : Operation 49 [1/2] (3.60ns)   --->   "%lshr_ln1063 = lshr i64 %zext_ln1062, i64 %zext_ln1063"   --->   Operation 49 'lshr' 'lshr_ln1063' <Predicate = true> <Delay = 3.60> <CoreInst = "Shifter">   --->   Core 75 'Shifter' <Latency = 1> <II = 1> <Delay = 3.60> <FuncUnit> <Opcode : 'shl' 'lshr' 'ashr'> <InPorts = 2> <OutPorts = 1>
ST_5 : Operation 50 [1/2] (3.60ns)   --->   "%shl_ln1064 = shl i64 %zext_ln1062, i64 %zext_ln1064"   --->   Operation 50 'shl' 'shl_ln1064' <Predicate = true> <Delay = 3.60> <CoreInst = "Shifter">   --->   Core 75 'Shifter' <Latency = 1> <II = 1> <Delay = 3.60> <FuncUnit> <Opcode : 'shl' 'lshr' 'ashr'> <InPorts = 2> <OutPorts = 1>

State 6 <SV = 5> <Delay = 4.21>
ST_6 : Operation 51 [1/1] (0.00ns) (grouped into LUT with out node m_3)   --->   "%m_2 = select i1 %icmp_ln1063, i64 %lshr_ln1063, i64 %shl_ln1064"   --->   Operation 51 'select' 'm_2' <Predicate = true> <Delay = 0.00> <CoreInst = "Sel">   --->   Core 73 'Sel' <Latency = 0> <II = 1> <Delay = 1.48> <FuncUnit> <Opcode : 'select'> <InPorts = 3> <OutPorts = 1>
ST_6 : Operation 52 [1/1] (0.00ns) (grouped into LUT with out node m_3)   --->   "%zext_ln1066 = zext i2 %or_ln"   --->   Operation 52 'zext' 'zext_ln1066' <Predicate = true> <Delay = 0.00>
ST_6 : Operation 53 [1/1] (3.52ns) (out node of the LUT)   --->   "%m_3 = add i64 %m_2, i64 %zext_ln1066"   --->   Operation 53 'add' 'm_3' <Predicate = true> <Delay = 3.52> <CoreInst = "Adder">   --->   Core 1 'Adder' <Latency = 0> <II = 1> <Delay = 3.52> <FuncUnit> <Opcode : 'add' 'sub'> <InPorts = 2> <OutPorts = 1>
ST_6 : Operation 54 [1/1] (0.00ns)   --->   "%m_4 = partselect i63 @_ssdm_op_PartSelect.i63.i64.i32.i32, i64 %m_3, i32 1, i32 63"   --->   Operation 54 'partselect' 'm_4' <Predicate = true> <Delay = 0.00>
ST_6 : Operation 55 [1/1] (0.00ns)   --->   "%p_Result_6 = bitselect i1 @_ssdm_op_BitSelect.i1.i64.i32, i64 %m_3, i32 54"   --->   Operation 55 'bitselect' 'p_Result_6' <Predicate = true> <Delay = 0.00>
ST_6 : Operation 56 [1/1] (0.69ns)   --->   "%select_ln1048 = select i1 %p_Result_6, i11 1023, i11 1022"   --->   Operation 56 'select' 'select_ln1048' <Predicate = true> <Delay = 0.69> <CoreInst = "Sel">   --->   Core 73 'Sel' <Latency = 0> <II = 1> <Delay = 0.69> <FuncUnit> <Opcode : 'select'> <InPorts = 3> <OutPorts = 1>
ST_6 : Operation 57 [1/1] (0.00ns)   --->   "%tmp_46 = partselect i52 @_ssdm_op_PartSelect.i52.i64.i32.i32, i64 %m_3, i32 1, i32 52"   --->   Operation 57 'partselect' 'tmp_46' <Predicate = true> <Delay = 0.00>

State 7 <SV = 6> <Delay = 3.75>
ST_7 : Operation 58 [1/1] (0.00ns) (grouped into TernaryAdder)   --->   "%sub_ln1070 = sub i11 2, i11 %trunc_ln1048"   --->   Operation 58 'sub' 'sub_ln1070' <Predicate = true> <Delay = 0.00> <CoreInst = "TAddSub">   --->   Core 10 'TAddSub' <Latency = 0> <II = 1> <Delay = 1.87> <IPBlock> <Opcode : 'add' 'sub'> <InPorts = 3> <OutPorts = 1> <Sync> <CReg>
ST_7 : Operation 59 [1/1] (3.75ns) (root node of TernaryAdder)   --->   "%add_ln1076 = add i11 %sub_ln1070, i11 %select_ln1048"   --->   Operation 59 'add' 'add_ln1076' <Predicate = true> <Delay = 3.75> <CoreInst = "TAddSub">   --->   Core 10 'TAddSub' <Latency = 0> <II = 1> <Delay = 1.87> <IPBlock> <Opcode : 'add' 'sub'> <InPorts = 3> <OutPorts = 1> <Sync> <CReg>
ST_7 : Operation 60 [1/1] (2.89ns)   --->   "%notrhs = icmp_eq  i52 %tmp_46, i52 0"   --->   Operation 60 'icmp' 'notrhs' <Predicate = true> <Delay = 2.89> <CoreInst = "Cmp">   --->   Core 9 'Cmp' <Latency = 0> <II = 1> <Delay = 2.89> <FuncUnit> <Opcode : 'icmp'> <InPorts = 2> <OutPorts = 1>

State 8 <SV = 7> <Delay = 3.12>
ST_8 : Operation 61 [1/1] (0.00ns)   --->   "%zext_ln1067 = zext i63 %m_4"   --->   Operation 61 'zext' 'zext_ln1067' <Predicate = true> <Delay = 0.00>
ST_8 : Operation 62 [1/1] (0.00ns)   --->   "%tmp_3 = bitconcatenate i12 @_ssdm_op_BitConcatenate.i12.i1.i11, i1 %p_Result_8, i11 %add_ln1076"   --->   Operation 62 'bitconcatenate' 'tmp_3' <Predicate = true> <Delay = 0.00>
ST_8 : Operation 63 [1/1] (0.00ns)   --->   "%p_Result_10 = partset i64 @_ssdm_op_PartSet.i64.i64.i12.i32.i32, i64 %zext_ln1067, i12 %tmp_3, i32 52, i32 63"   --->   Operation 63 'partset' 'p_Result_10' <Predicate = true> <Delay = 0.00>
ST_8 : Operation 64 [1/1] (0.00ns)   --->   "%bitcast_ln756 = bitcast i64 %p_Result_10"   --->   Operation 64 'bitcast' 'bitcast_ln756' <Predicate = true> <Delay = 0.00>
ST_8 : Operation 65 [1/1] (1.88ns)   --->   "%notlhs = icmp_ne  i11 %add_ln1076, i11 2047"   --->   Operation 65 'icmp' 'notlhs' <Predicate = true> <Delay = 1.88> <CoreInst = "Cmp">   --->   Core 9 'Cmp' <Latency = 0> <II = 1> <Delay = 1.88> <FuncUnit> <Opcode : 'icmp'> <InPorts = 2> <OutPorts = 1>
ST_8 : Operation 66 [4/4] (3.12ns)   --->   "%tmp = fcmp_ogt  i64 %bitcast_ln756, i64 0.5"   --->   Operation 66 'dcmp' 'tmp' <Predicate = true> <Delay = 3.12> <CoreInst = "DCompare">   --->   Core 38 'DCompare' <Latency = 3> <II = 1> <Delay = 3.12> <FuncUnit> <Opcode : 'dcmp'> <InPorts = 2> <OutPorts = 1>

State 9 <SV = 8> <Delay = 3.12>
ST_9 : Operation 67 [3/4] (3.12ns)   --->   "%tmp = fcmp_ogt  i64 %bitcast_ln756, i64 0.5"   --->   Operation 67 'dcmp' 'tmp' <Predicate = true> <Delay = 3.12> <CoreInst = "DCompare">   --->   Core 38 'DCompare' <Latency = 3> <II = 1> <Delay = 3.12> <FuncUnit> <Opcode : 'dcmp'> <InPorts = 2> <OutPorts = 1>

State 10 <SV = 9> <Delay = 3.12>
ST_10 : Operation 68 [2/4] (3.12ns)   --->   "%tmp = fcmp_ogt  i64 %bitcast_ln756, i64 0.5"   --->   Operation 68 'dcmp' 'tmp' <Predicate = true> <Delay = 3.12> <CoreInst = "DCompare">   --->   Core 38 'DCompare' <Latency = 3> <II = 1> <Delay = 3.12> <FuncUnit> <Opcode : 'dcmp'> <InPorts = 2> <OutPorts = 1>

State 11 <SV = 10> <Delay = 4.10>
ST_11 : Operation 69 [1/1] (0.00ns)   --->   "%specinterface_ln0 = specinterface void @_ssdm_op_SpecInterface, i8 %internal_output, void @empty_2, i32 0, i32 0, void @empty_0, i32 0, i32 0, void @empty_0, void @empty_0, void @empty_0, i32 0, i32 0, i32 0, i32 0, void @empty_0, void @empty_0, i32 4294967295, i32 0"   --->   Operation 69 'specinterface' 'specinterface_ln0' <Predicate = true> <Delay = 0.00>
ST_11 : Operation 70 [1/1] (0.00ns) (grouped into LUT with out node sel_tmp1)   --->   "%empty = or i1 %notrhs, i1 %notlhs"   --->   Operation 70 'or' 'empty' <Predicate = true> <Delay = 0.00> <CoreInst = "LogicGate">   --->   Core 74 'LogicGate' <Latency = 0> <II = 1> <Delay = 0.97> <FuncUnit> <Opcode : 'and' 'or' 'xor'> <InPorts = 2> <OutPorts = 1>
ST_11 : Operation 71 [1/4] (3.12ns)   --->   "%tmp = fcmp_ogt  i64 %bitcast_ln756, i64 0.5"   --->   Operation 71 'dcmp' 'tmp' <Predicate = true> <Delay = 3.12> <CoreInst = "DCompare">   --->   Core 38 'DCompare' <Latency = 3> <II = 1> <Delay = 3.12> <FuncUnit> <Opcode : 'dcmp'> <InPorts = 2> <OutPorts = 1>
ST_11 : Operation 72 [1/1] (0.00ns) (grouped into LUT with out node sel_tmp1)   --->   "%empty_689 = and i1 %empty, i1 %tmp"   --->   Operation 72 'and' 'empty_689' <Predicate = true> <Delay = 0.00> <CoreInst = "LogicGate">   --->   Core 74 'LogicGate' <Latency = 0> <II = 1> <Delay = 0.97> <FuncUnit> <Opcode : 'and' 'or' 'xor'> <InPorts = 2> <OutPorts = 1>
ST_11 : Operation 73 [1/1] (0.97ns) (out node of the LUT)   --->   "%sel_tmp1 = and i1 %icmp_ln1040, i1 %empty_689"   --->   Operation 73 'and' 'sel_tmp1' <Predicate = true> <Delay = 0.97> <CoreInst = "LogicGate">   --->   Core 74 'LogicGate' <Latency = 0> <II = 1> <Delay = 0.97> <FuncUnit> <Opcode : 'and' 'or' 'xor'> <InPorts = 2> <OutPorts = 1>
ST_11 : Operation 74 [1/1] (0.00ns)   --->   "%zext_ln110 = zext i1 %sel_tmp1" [firmware/myproject.cpp:110]   --->   Operation 74 'zext' 'zext_ln110' <Predicate = true> <Delay = 0.00>
ST_11 : Operation 75 [1/1] (0.00ns)   --->   "%write_ln110 = write void @_ssdm_op_Write.ap_auto.i32P0A, i32 %result, i32 %zext_ln110" [firmware/myproject.cpp:110]   --->   Operation 75 'write' 'write_ln110' <Predicate = true> <Delay = 0.00>
ST_11 : Operation 76 [1/1] (0.00ns)   --->   "%ret_ln0 = ret"   --->   Operation 76 'ret' 'ret_ln0' <Predicate = true> <Delay = 0.00>


============================================================
+ Verbose Summary: Timing violations
============================================================
Target clock period: 5ns, clock uncertainty: 0.625ns.

 <State 1>: 4.1ns
The critical path consists of the following:
	fifo read operation ('out_data.data', firmware/myproject.cpp:106) on port 'internal_output' (firmware/myproject.cpp:106) [4]  (2.19 ns)
	'sub' operation ('tmp.V') [6]  (1.92 ns)

 <State 2>: 3.8ns
The critical path consists of the following:
	'select' operation ('tmp.V') [7]  (1.25 ns)
	'cttz' operation ('l') [11]  (0 ns)
	'sub' operation ('sub_ln1049') [12]  (2.55 ns)

 <State 3>: 3.78ns
The critical path consists of the following:
	'sub' operation ('sub_ln1052') [18]  (1.65 ns)
	'lshr' operation ('lshr_ln1052') [20]  (0 ns)
	'and' operation ('__Result__') [21]  (0 ns)
	'icmp' operation ('icmp_ln1052') [22]  (2.13 ns)

 <State 4>: 3.61ns
The critical path consists of the following:
	'lshr' operation ('lshr_ln1063') [35]  (3.61 ns)

 <State 5>: 3.61ns
The critical path consists of the following:
	'lshr' operation ('lshr_ln1063') [35]  (3.61 ns)

 <State 6>: 4.21ns
The critical path consists of the following:
	'select' operation ('m') [39]  (0 ns)
	'add' operation ('m') [41]  (3.52 ns)
	'select' operation ('select_ln1048') [45]  (0.692 ns)

 <State 7>: 3.76ns
The critical path consists of the following:
	'sub' operation ('sub_ln1070') [47]  (0 ns)
	'add' operation ('add_ln1076') [48]  (3.76 ns)

 <State 8>: 3.13ns
The critical path consists of the following:
	'dcmp' operation ('tmp') [56]  (3.13 ns)

 <State 9>: 3.13ns
The critical path consists of the following:
	'dcmp' operation ('tmp') [56]  (3.13 ns)

 <State 10>: 3.13ns
The critical path consists of the following:
	'dcmp' operation ('tmp') [56]  (3.13 ns)

 <State 11>: 4.11ns
The critical path consists of the following:
	'dcmp' operation ('tmp') [56]  (3.13 ns)
	'and' operation ('empty_689') [57]  (0 ns)
	'and' operation ('sel_tmp1') [59]  (0.978 ns)


============================================================
+ Verbose Summary: Binding
============================================================
N/A
* FSMD analyzer results:
  - Output states:
 - Input state : 
  - Chain level:
	State 1
	State 2
	State 3
	State 4
	State 5
	State 6
	State 7
	State 8
	State 9
	State 10
	State 11


============================================================
+ Verbose Summary: Datapath Resource usage 
============================================================
N/A
