

================================================================
== Vitis HLS Report for 'Block_inference_for_cond_i_exit_proc2'
================================================================
* Date:           Fri Jun 26 18:52:40 2026

* Version:        2022.2 (Build 3670227 on Oct 13 2022)
* Project:        myproject_prj
* Solution:       solution1 (Vivado IP Flow Target)
* Product family: zynq
* Target device:  xc7z020-clg400-1


================================================================
== Performance Estimates
================================================================
+ Timing: 
    * Summary: 
    +--------+---------+----------+------------+
    |  Clock |  Target | Estimated| Uncertainty|
    +--------+---------+----------+------------+
    |ap_clk  |  5.00 ns|  4.375 ns|     0.62 ns|
    +--------+---------+----------+------------+

+ Latency: 
    * Summary: 
    +---------+---------+-----------+-----------+-----+-----+---------+
    |  Latency (cycles) |   Latency (absolute)  |  Interval | Pipeline|
    |   min   |   max   |    min    |    max    | min | max |   Type  |
    +---------+---------+-----------+-----------+-----+-----+---------+
    |       17|       17|  85.000 ns|  85.000 ns|   17|   17|       no|
    +---------+---------+-----------+-----------+-----+-----+---------+

    + Detail: 
        * Instance: 
        N/A

        * Loop: 
        N/A

============================================================
+ Verbose Summary: Synthesis Manager
============================================================
InlineROM: 1
ExposeGlobal: 0
============================================================
+ Verbose Summary: CDFG Model
============================================================
IsTopModel: 0
ResetActiveHigh: 1
IsCombinational: 2
IsDatapathOnly: 0
HasWiredReturn: 1
HasMFsm: 0
HasVarLatency: 1
IsPipeline: 0
IsRtlPipelined: 0
IsInstanceOverlapped: 0
IsDontTouch: 0
HasImplIP: 0
IsGatedGlobalClock: 0


============================================================
+ Verbose Summary: Schedule
============================================================
* Number of FSM states : 18
* Pipeline : 0
* Dataflow Pipeline: 0

* FSM state transitions: 
1 --> 2 
2 --> 3 
3 --> 4 
4 --> 5 
5 --> 6 
6 --> 7 
7 --> 8 
8 --> 9 
9 --> 10 
10 --> 11 
11 --> 12 
12 --> 13 
13 --> 14 
14 --> 15 
15 --> 16 
16 --> 17 
17 --> 18 
18 --> 

* FSM state operations: 

State 1 <SV = 0> <Delay = 2.18>
ST_1 : Operation 19 [1/1] (2.18ns)   --->   "%features_in_data_V_read = read i8 @_ssdm_op_Read.ap_fifo.volatile.i8P0A, i8 %features_in_data_V" [firmware/myproject.cpp:100]   --->   Operation 19 'read' 'features_in_data_V_read' <Predicate = true> <Delay = 2.18> <CoreInst = "FIFO_SRL">   --->   Core 81 'FIFO_SRL' <Latency = 0> <II = 1> <Delay = 3.79> <Storage> <Opcode : 'read' 'write' 'nbread' 'nbwrite'> <Ports = 0> <Width = 8> <Depth = 18> <FIFO>

State 2 <SV = 1> <Delay = 2.18>
ST_2 : Operation 20 [1/1] (2.18ns)   --->   "%features_in_data_V_read_1 = read i8 @_ssdm_op_Read.ap_fifo.volatile.i8P0A, i8 %features_in_data_V" [firmware/myproject.cpp:100]   --->   Operation 20 'read' 'features_in_data_V_read_1' <Predicate = true> <Delay = 2.18> <CoreInst = "FIFO_SRL">   --->   Core 81 'FIFO_SRL' <Latency = 0> <II = 1> <Delay = 3.79> <Storage> <Opcode : 'read' 'write' 'nbread' 'nbwrite'> <Ports = 0> <Width = 8> <Depth = 18> <FIFO>

State 3 <SV = 2> <Delay = 2.18>
ST_3 : Operation 21 [1/1] (2.18ns)   --->   "%features_in_data_V_read_2 = read i8 @_ssdm_op_Read.ap_fifo.volatile.i8P0A, i8 %features_in_data_V" [firmware/myproject.cpp:100]   --->   Operation 21 'read' 'features_in_data_V_read_2' <Predicate = true> <Delay = 2.18> <CoreInst = "FIFO_SRL">   --->   Core 81 'FIFO_SRL' <Latency = 0> <II = 1> <Delay = 3.79> <Storage> <Opcode : 'read' 'write' 'nbread' 'nbwrite'> <Ports = 0> <Width = 8> <Depth = 18> <FIFO>

State 4 <SV = 3> <Delay = 2.18>
ST_4 : Operation 22 [1/1] (2.18ns)   --->   "%features_in_data_V_read_3 = read i8 @_ssdm_op_Read.ap_fifo.volatile.i8P0A, i8 %features_in_data_V" [firmware/myproject.cpp:100]   --->   Operation 22 'read' 'features_in_data_V_read_3' <Predicate = true> <Delay = 2.18> <CoreInst = "FIFO_SRL">   --->   Core 81 'FIFO_SRL' <Latency = 0> <II = 1> <Delay = 3.79> <Storage> <Opcode : 'read' 'write' 'nbread' 'nbwrite'> <Ports = 0> <Width = 8> <Depth = 18> <FIFO>

State 5 <SV = 4> <Delay = 2.18>
ST_5 : Operation 23 [1/1] (2.18ns)   --->   "%features_in_data_V_read_4 = read i8 @_ssdm_op_Read.ap_fifo.volatile.i8P0A, i8 %features_in_data_V" [firmware/myproject.cpp:100]   --->   Operation 23 'read' 'features_in_data_V_read_4' <Predicate = true> <Delay = 2.18> <CoreInst = "FIFO_SRL">   --->   Core 81 'FIFO_SRL' <Latency = 0> <II = 1> <Delay = 3.79> <Storage> <Opcode : 'read' 'write' 'nbread' 'nbwrite'> <Ports = 0> <Width = 8> <Depth = 18> <FIFO>

State 6 <SV = 5> <Delay = 2.18>
ST_6 : Operation 24 [1/1] (2.18ns)   --->   "%features_in_data_V_read_5 = read i8 @_ssdm_op_Read.ap_fifo.volatile.i8P0A, i8 %features_in_data_V" [firmware/myproject.cpp:100]   --->   Operation 24 'read' 'features_in_data_V_read_5' <Predicate = true> <Delay = 2.18> <CoreInst = "FIFO_SRL">   --->   Core 81 'FIFO_SRL' <Latency = 0> <II = 1> <Delay = 3.79> <Storage> <Opcode : 'read' 'write' 'nbread' 'nbwrite'> <Ports = 0> <Width = 8> <Depth = 18> <FIFO>

State 7 <SV = 6> <Delay = 2.18>
ST_7 : Operation 25 [1/1] (2.18ns)   --->   "%features_in_data_V_read_6 = read i8 @_ssdm_op_Read.ap_fifo.volatile.i8P0A, i8 %features_in_data_V" [firmware/myproject.cpp:100]   --->   Operation 25 'read' 'features_in_data_V_read_6' <Predicate = true> <Delay = 2.18> <CoreInst = "FIFO_SRL">   --->   Core 81 'FIFO_SRL' <Latency = 0> <II = 1> <Delay = 3.79> <Storage> <Opcode : 'read' 'write' 'nbread' 'nbwrite'> <Ports = 0> <Width = 8> <Depth = 18> <FIFO>

State 8 <SV = 7> <Delay = 2.18>
ST_8 : Operation 26 [1/1] (2.18ns)   --->   "%features_in_data_V_read_7 = read i8 @_ssdm_op_Read.ap_fifo.volatile.i8P0A, i8 %features_in_data_V" [firmware/myproject.cpp:100]   --->   Operation 26 'read' 'features_in_data_V_read_7' <Predicate = true> <Delay = 2.18> <CoreInst = "FIFO_SRL">   --->   Core 81 'FIFO_SRL' <Latency = 0> <II = 1> <Delay = 3.79> <Storage> <Opcode : 'read' 'write' 'nbread' 'nbwrite'> <Ports = 0> <Width = 8> <Depth = 18> <FIFO>

State 9 <SV = 8> <Delay = 2.18>
ST_9 : Operation 27 [1/1] (2.18ns)   --->   "%features_in_data_V_read_8 = read i8 @_ssdm_op_Read.ap_fifo.volatile.i8P0A, i8 %features_in_data_V" [firmware/myproject.cpp:100]   --->   Operation 27 'read' 'features_in_data_V_read_8' <Predicate = true> <Delay = 2.18> <CoreInst = "FIFO_SRL">   --->   Core 81 'FIFO_SRL' <Latency = 0> <II = 1> <Delay = 3.79> <Storage> <Opcode : 'read' 'write' 'nbread' 'nbwrite'> <Ports = 0> <Width = 8> <Depth = 18> <FIFO>

State 10 <SV = 9> <Delay = 2.18>
ST_10 : Operation 28 [1/1] (2.18ns)   --->   "%features_in_data_V_read_9 = read i8 @_ssdm_op_Read.ap_fifo.volatile.i8P0A, i8 %features_in_data_V" [firmware/myproject.cpp:100]   --->   Operation 28 'read' 'features_in_data_V_read_9' <Predicate = true> <Delay = 2.18> <CoreInst = "FIFO_SRL">   --->   Core 81 'FIFO_SRL' <Latency = 0> <II = 1> <Delay = 3.79> <Storage> <Opcode : 'read' 'write' 'nbread' 'nbwrite'> <Ports = 0> <Width = 8> <Depth = 18> <FIFO>

State 11 <SV = 10> <Delay = 2.18>
ST_11 : Operation 29 [1/1] (2.18ns)   --->   "%features_in_data_V_read_10 = read i8 @_ssdm_op_Read.ap_fifo.volatile.i8P0A, i8 %features_in_data_V" [firmware/myproject.cpp:100]   --->   Operation 29 'read' 'features_in_data_V_read_10' <Predicate = true> <Delay = 2.18> <CoreInst = "FIFO_SRL">   --->   Core 81 'FIFO_SRL' <Latency = 0> <II = 1> <Delay = 3.79> <Storage> <Opcode : 'read' 'write' 'nbread' 'nbwrite'> <Ports = 0> <Width = 8> <Depth = 18> <FIFO>

State 12 <SV = 11> <Delay = 2.18>
ST_12 : Operation 30 [1/1] (2.18ns)   --->   "%features_in_data_V_read_11 = read i8 @_ssdm_op_Read.ap_fifo.volatile.i8P0A, i8 %features_in_data_V" [firmware/myproject.cpp:100]   --->   Operation 30 'read' 'features_in_data_V_read_11' <Predicate = true> <Delay = 2.18> <CoreInst = "FIFO_SRL">   --->   Core 81 'FIFO_SRL' <Latency = 0> <II = 1> <Delay = 3.79> <Storage> <Opcode : 'read' 'write' 'nbread' 'nbwrite'> <Ports = 0> <Width = 8> <Depth = 18> <FIFO>

State 13 <SV = 12> <Delay = 2.18>
ST_13 : Operation 31 [1/1] (2.18ns)   --->   "%features_in_data_V_read_12 = read i8 @_ssdm_op_Read.ap_fifo.volatile.i8P0A, i8 %features_in_data_V" [firmware/myproject.cpp:100]   --->   Operation 31 'read' 'features_in_data_V_read_12' <Predicate = true> <Delay = 2.18> <CoreInst = "FIFO_SRL">   --->   Core 81 'FIFO_SRL' <Latency = 0> <II = 1> <Delay = 3.79> <Storage> <Opcode : 'read' 'write' 'nbread' 'nbwrite'> <Ports = 0> <Width = 8> <Depth = 18> <FIFO>

State 14 <SV = 13> <Delay = 2.18>
ST_14 : Operation 32 [1/1] (2.18ns)   --->   "%features_in_data_V_read_13 = read i8 @_ssdm_op_Read.ap_fifo.volatile.i8P0A, i8 %features_in_data_V" [firmware/myproject.cpp:100]   --->   Operation 32 'read' 'features_in_data_V_read_13' <Predicate = true> <Delay = 2.18> <CoreInst = "FIFO_SRL">   --->   Core 81 'FIFO_SRL' <Latency = 0> <II = 1> <Delay = 3.79> <Storage> <Opcode : 'read' 'write' 'nbread' 'nbwrite'> <Ports = 0> <Width = 8> <Depth = 18> <FIFO>

State 15 <SV = 14> <Delay = 2.18>
ST_15 : Operation 33 [1/1] (2.18ns)   --->   "%features_in_data_V_read_14 = read i8 @_ssdm_op_Read.ap_fifo.volatile.i8P0A, i8 %features_in_data_V" [firmware/myproject.cpp:100]   --->   Operation 33 'read' 'features_in_data_V_read_14' <Predicate = true> <Delay = 2.18> <CoreInst = "FIFO_SRL">   --->   Core 81 'FIFO_SRL' <Latency = 0> <II = 1> <Delay = 3.79> <Storage> <Opcode : 'read' 'write' 'nbread' 'nbwrite'> <Ports = 0> <Width = 8> <Depth = 18> <FIFO>

State 16 <SV = 15> <Delay = 2.18>
ST_16 : Operation 34 [1/1] (2.18ns)   --->   "%features_in_data_V_read_15 = read i8 @_ssdm_op_Read.ap_fifo.volatile.i8P0A, i8 %features_in_data_V" [firmware/myproject.cpp:100]   --->   Operation 34 'read' 'features_in_data_V_read_15' <Predicate = true> <Delay = 2.18> <CoreInst = "FIFO_SRL">   --->   Core 81 'FIFO_SRL' <Latency = 0> <II = 1> <Delay = 3.79> <Storage> <Opcode : 'read' 'write' 'nbread' 'nbwrite'> <Ports = 0> <Width = 8> <Depth = 18> <FIFO>

State 17 <SV = 16> <Delay = 2.18>
ST_17 : Operation 35 [1/1] (2.18ns)   --->   "%features_in_data_V_read_16 = read i8 @_ssdm_op_Read.ap_fifo.volatile.i8P0A, i8 %features_in_data_V" [firmware/myproject.cpp:100]   --->   Operation 35 'read' 'features_in_data_V_read_16' <Predicate = true> <Delay = 2.18> <CoreInst = "FIFO_SRL">   --->   Core 81 'FIFO_SRL' <Latency = 0> <II = 1> <Delay = 3.79> <Storage> <Opcode : 'read' 'write' 'nbread' 'nbwrite'> <Ports = 0> <Width = 8> <Depth = 18> <FIFO>

State 18 <SV = 17> <Delay = 4.37>
ST_18 : Operation 36 [1/1] (0.00ns)   --->   "%specinterface_ln0 = specinterface void @_ssdm_op_SpecInterface, i8 %features_in_data_V, void @ap_fifo_str, i32 0, i32 0, void @p_str, i32 0, i32 0, void @p_str, void @p_str, void @p_str, i32 2, i32 2, i32 16, i32 16, void @p_str, void @p_str, i32 4294967295, i32 0"   --->   Operation 36 'specinterface' 'specinterface_ln0' <Predicate = true> <Delay = 0.00>
ST_18 : Operation 37 [1/1] (0.00ns)   --->   "%specinterface_ln0 = specinterface void @_ssdm_op_SpecInterface, i144 %internal_input, void @empty_2, i32 0, i32 0, void @empty_0, i32 0, i32 0, void @empty_0, void @empty_0, void @empty_0, i32 0, i32 0, i32 0, i32 0, void @empty_0, void @empty_0, i32 4294967295, i32 0"   --->   Operation 37 'specinterface' 'specinterface_ln0' <Predicate = true> <Delay = 0.00>
ST_18 : Operation 38 [1/1] (2.18ns)   --->   "%features_in_data_V_read_17 = read i8 @_ssdm_op_Read.ap_fifo.volatile.i8P0A, i8 %features_in_data_V" [firmware/myproject.cpp:100]   --->   Operation 38 'read' 'features_in_data_V_read_17' <Predicate = true> <Delay = 2.18> <CoreInst = "FIFO_SRL">   --->   Core 81 'FIFO_SRL' <Latency = 0> <II = 1> <Delay = 3.79> <Storage> <Opcode : 'read' 'write' 'nbread' 'nbwrite'> <Ports = 0> <Width = 8> <Depth = 18> <FIFO>
ST_18 : Operation 39 [1/1] (0.00ns)   --->   "%p_0 = bitconcatenate i144 @_ssdm_op_BitConcatenate.i144.i8.i8.i8.i8.i8.i8.i8.i8.i8.i8.i8.i8.i8.i8.i8.i8.i8.i8, i8 %features_in_data_V_read_17, i8 %features_in_data_V_read_16, i8 %features_in_data_V_read_15, i8 %features_in_data_V_read_14, i8 %features_in_data_V_read_13, i8 %features_in_data_V_read_12, i8 %features_in_data_V_read_11, i8 %features_in_data_V_read_10, i8 %features_in_data_V_read_9, i8 %features_in_data_V_read_8, i8 %features_in_data_V_read_7, i8 %features_in_data_V_read_6, i8 %features_in_data_V_read_5, i8 %features_in_data_V_read_4, i8 %features_in_data_V_read_3, i8 %features_in_data_V_read_2, i8 %features_in_data_V_read_1, i8 %features_in_data_V_read" [firmware/myproject.cpp:100]   --->   Operation 39 'bitconcatenate' 'p_0' <Predicate = true> <Delay = 0.00>
ST_18 : Operation 40 [1/1] (2.18ns)   --->   "%write_ln100 = write void @_ssdm_op_Write.ap_fifo.volatile.i144P0A, i144 %internal_input, i144 %p_0" [firmware/myproject.cpp:100]   --->   Operation 40 'write' 'write_ln100' <Predicate = true> <Delay = 2.18> <CoreInst = "FIFO_SRL">   --->   Core 81 'FIFO_SRL' <Latency = 0> <II = 1> <Delay = 3.63> <Storage> <Opcode : 'read' 'write' 'nbread' 'nbwrite'> <Ports = 0> <Width = 144> <Depth = 2> <FIFO>
ST_18 : Operation 41 [1/1] (0.00ns)   --->   "%ret_ln0 = ret"   --->   Operation 41 'ret' 'ret_ln0' <Predicate = true> <Delay = 0.00>


============================================================
+ Verbose Summary: Binding
============================================================
STG Binding: 
---------------- STG Properties BEGIN ----------------
- Is combinational: 0
- Is one-state seq: 0
- Is datapath-only: 0
- Is pipelined: 0
- Is top level: 0
Port [ Return ] is wired: 1; IO mode=ap_ctrl_hs:ce=0
Port [ features_in_data_V]:  wired=1; compound=1; hidden=0; nouse=0; global=0; static=0; extern=0; dir=0; type=3; pingpong=0; private_global=0; IO mode=ap_fifo:ce=0
Port [ internal_input]:  wired=1; compound=1; hidden=0; nouse=0; global=0; static=0; extern=0; dir=1; type=3; pingpong=0; private_global=0; IO mode=ap_fifo:ce=0
---------------- STG Properties END ------------------

---------------- Datapath Model BEGIN ----------------

<LifeTime>
<method=bitvector/>
features_in_data_V_read    (read          ) [ 0011111111111111111]
features_in_data_V_read_1  (read          ) [ 0001111111111111111]
features_in_data_V_read_2  (read          ) [ 0000111111111111111]
features_in_data_V_read_3  (read          ) [ 0000011111111111111]
features_in_data_V_read_4  (read          ) [ 0000001111111111111]
features_in_data_V_read_5  (read          ) [ 0000000111111111111]
features_in_data_V_read_6  (read          ) [ 0000000011111111111]
features_in_data_V_read_7  (read          ) [ 0000000001111111111]
features_in_data_V_read_8  (read          ) [ 0000000000111111111]
features_in_data_V_read_9  (read          ) [ 0000000000011111111]
features_in_data_V_read_10 (read          ) [ 0000000000001111111]
features_in_data_V_read_11 (read          ) [ 0000000000000111111]
features_in_data_V_read_12 (read          ) [ 0000000000000011111]
features_in_data_V_read_13 (read          ) [ 0000000000000001111]
features_in_data_V_read_14 (read          ) [ 0000000000000000111]
features_in_data_V_read_15 (read          ) [ 0000000000000000011]
features_in_data_V_read_16 (read          ) [ 0000000000000000001]
specinterface_ln0          (specinterface ) [ 0000000000000000000]
specinterface_ln0          (specinterface ) [ 0000000000000000000]
features_in_data_V_read_17 (read          ) [ 0000000000000000000]
p_0                        (bitconcatenate) [ 0000000000000000000]
write_ln100                (write         ) [ 0000000000000000000]
ret_ln0                    (ret           ) [ 0000000000000000000]
</LifeTime>

<model>

<comp_list>
<comp id="0" class="1000" name="features_in_data_V">
<pin_list>
<pin id="1" dir="1" index="0" bw="1" slack="0"/>
</pin_list>
<bind>
<StgValue><ssdm name="features_in_data_V"/></StgValue>
</bind>
</comp>

<comp id="2" class="1000" name="internal_input">
<pin_list>
<pin id="3" dir="1" index="0" bw="1" slack="0"/>
</pin_list>
<bind>
<StgValue><ssdm name="internal_input"/></StgValue>
</bind>
</comp>

<comp id="4" class="1001" name="const_4">
<pin_list>
<pin id="5" dir="1" index="0" bw="1" slack="0"/>
</pin_list>
<bind>
<StgValue><ssdm name="_ssdm_op_Read.ap_fifo.volatile.i8P0A"/></StgValue>
</bind>
</comp>

<comp id="6" class="1001" name="const_6">
<pin_list>
<pin id="7" dir="1" index="0" bw="1" slack="2147483647"/>
</pin_list>
<bind>
<StgValue><ssdm name="_ssdm_op_SpecInterface"/></StgValue>
</bind>
</comp>

<comp id="8" class="1001" name="const_8">
<pin_list>
<pin id="9" dir="1" index="0" bw="1" slack="2147483647"/>
</pin_list>
<bind>
<StgValue><ssdm name="ap_fifo_str"/></StgValue>
</bind>
</comp>

<comp id="10" class="1001" name="const_10">
<pin_list>
<pin id="11" dir="1" index="0" bw="1" slack="2147483647"/>
</pin_list>
<bind>
<StgValue><ssdm name=""/></StgValue>
</bind>
</comp>

<comp id="12" class="1001" name="const_12">
<pin_list>
<pin id="13" dir="1" index="0" bw="1" slack="2147483647"/>
</pin_list>
<bind>
<StgValue><ssdm name="p_str"/></StgValue>
</bind>
</comp>

<comp id="14" class="1001" name="const_14">
<pin_list>
<pin id="15" dir="1" index="0" bw="1" slack="2147483647"/>
</pin_list>
<bind>
<StgValue><ssdm name=""/></StgValue>
</bind>
</comp>

<comp id="16" class="1001" name="const_16">
<pin_list>
<pin id="17" dir="1" index="0" bw="1" slack="2147483647"/>
</pin_list>
<bind>
<StgValue><ssdm name=""/></StgValue>
</bind>
</comp>

<comp id="18" class="1001" name="const_18">
<pin_list>
<pin id="19" dir="1" index="0" bw="1" slack="2147483647"/>
</pin_list>
<bind>
<StgValue><ssdm name=""/></StgValue>
</bind>
</comp>

<comp id="20" class="1001" name="const_20">
<pin_list>
<pin id="21" dir="1" index="0" bw="1" slack="2147483647"/>
</pin_list>
<bind>
<StgValue><ssdm name="empty_2"/></StgValue>
</bind>
</comp>

<comp id="22" class="1001" name="const_22">
<pin_list>
<pin id="23" dir="1" index="0" bw="1" slack="2147483647"/>
</pin_list>
<bind>
<StgValue><ssdm name="empty_0"/></StgValue>
</bind>
</comp>

<comp id="24" class="1001" name="const_24">
<pin_list>
<pin id="25" dir="1" index="0" bw="1" slack="0"/>
</pin_list>
<bind>
<StgValue><ssdm name="_ssdm_op_BitConcatenate.i144.i8.i8.i8.i8.i8.i8.i8.i8.i8.i8.i8.i8.i8.i8.i8.i8.i8.i8"/></StgValue>
</bind>
</comp>

<comp id="26" class="1001" name="const_26">
<pin_list>
<pin id="27" dir="1" index="0" bw="1" slack="0"/>
</pin_list>
<bind>
<StgValue><ssdm name="_ssdm_op_Write.ap_fifo.volatile.i144P0A"/></StgValue>
</bind>
</comp>

<comp id="28" class="1004" name="grp_read_fu_28">
<pin_list>
<pin id="29" dir="0" index="0" bw="8" slack="0"/>
<pin id="30" dir="0" index="1" bw="8" slack="0"/>
<pin id="31" dir="1" index="2" bw="8" slack="0"/>
</pin_list>
<bind>
<opcode="read(1150) " fcode="read"/>
<opset="features_in_data_V_read/1 features_in_data_V_read_1/2 features_in_data_V_read_2/3 features_in_data_V_read_3/4 features_in_data_V_read_4/5 features_in_data_V_read_5/6 features_in_data_V_read_6/7 features_in_data_V_read_7/8 features_in_data_V_read_8/9 features_in_data_V_read_9/10 features_in_data_V_read_10/11 features_in_data_V_read_11/12 features_in_data_V_read_12/13 features_in_data_V_read_13/14 features_in_data_V_read_14/15 features_in_data_V_read_15/16 features_in_data_V_read_16/17 features_in_data_V_read_17/18 "/>
</bind>
</comp>

<comp id="34" class="1004" name="write_ln100_write_fu_34">
<pin_list>
<pin id="35" dir="0" index="0" bw="0" slack="0"/>
<pin id="36" dir="0" index="1" bw="144" slack="0"/>
<pin id="37" dir="0" index="2" bw="144" slack="0"/>
<pin id="38" dir="1" index="3" bw="0" slack="2147483647"/>
</pin_list>
<bind>
<opcode="write(1151) " fcode="write"/>
<opset="write_ln100/18 "/>
</bind>
</comp>

<comp id="41" class="1004" name="p_0_fu_41">
<pin_list>
<pin id="42" dir="0" index="0" bw="144" slack="0"/>
<pin id="43" dir="0" index="1" bw="8" slack="0"/>
<pin id="44" dir="0" index="2" bw="8" slack="1"/>
<pin id="45" dir="0" index="3" bw="8" slack="2"/>
<pin id="46" dir="0" index="4" bw="8" slack="3"/>
<pin id="47" dir="0" index="5" bw="8" slack="4"/>
<pin id="48" dir="0" index="6" bw="8" slack="5"/>
<pin id="49" dir="0" index="7" bw="8" slack="6"/>
<pin id="50" dir="0" index="8" bw="8" slack="7"/>
<pin id="51" dir="0" index="9" bw="8" slack="8"/>
<pin id="52" dir="0" index="10" bw="8" slack="9"/>
<pin id="53" dir="0" index="11" bw="8" slack="10"/>
<pin id="54" dir="0" index="12" bw="8" slack="11"/>
<pin id="55" dir="0" index="13" bw="8" slack="12"/>
<pin id="56" dir="0" index="14" bw="8" slack="13"/>
<pin id="57" dir="0" index="15" bw="8" slack="14"/>
<pin id="58" dir="0" index="16" bw="8" slack="15"/>
<pin id="59" dir="0" index="17" bw="8" slack="16"/>
<pin id="60" dir="0" index="18" bw="8" slack="17"/>
<pin id="61" dir="1" index="19" bw="144" slack="0"/>
</pin_list>
<bind>
<opcode="bitconcatenate(1004) " fcode="bitconcatenate"/>
<opset="p_0/18 "/>
</bind>
</comp>

<comp id="65" class="1005" name="features_in_data_V_read_reg_65">
<pin_list>
<pin id="66" dir="0" index="0" bw="8" slack="17"/>
<pin id="67" dir="1" index="1" bw="8" slack="17"/>
</pin_list>
<bind>
<opset="features_in_data_V_read "/>
</bind>
</comp>

<comp id="70" class="1005" name="features_in_data_V_read_1_reg_70">
<pin_list>
<pin id="71" dir="0" index="0" bw="8" slack="16"/>
<pin id="72" dir="1" index="1" bw="8" slack="16"/>
</pin_list>
<bind>
<opset="features_in_data_V_read_1 "/>
</bind>
</comp>

<comp id="75" class="1005" name="features_in_data_V_read_2_reg_75">
<pin_list>
<pin id="76" dir="0" index="0" bw="8" slack="15"/>
<pin id="77" dir="1" index="1" bw="8" slack="15"/>
</pin_list>
<bind>
<opset="features_in_data_V_read_2 "/>
</bind>
</comp>

<comp id="80" class="1005" name="features_in_data_V_read_3_reg_80">
<pin_list>
<pin id="81" dir="0" index="0" bw="8" slack="14"/>
<pin id="82" dir="1" index="1" bw="8" slack="14"/>
</pin_list>
<bind>
<opset="features_in_data_V_read_3 "/>
</bind>
</comp>

<comp id="85" class="1005" name="features_in_data_V_read_4_reg_85">
<pin_list>
<pin id="86" dir="0" index="0" bw="8" slack="13"/>
<pin id="87" dir="1" index="1" bw="8" slack="13"/>
</pin_list>
<bind>
<opset="features_in_data_V_read_4 "/>
</bind>
</comp>

<comp id="90" class="1005" name="features_in_data_V_read_5_reg_90">
<pin_list>
<pin id="91" dir="0" index="0" bw="8" slack="12"/>
<pin id="92" dir="1" index="1" bw="8" slack="12"/>
</pin_list>
<bind>
<opset="features_in_data_V_read_5 "/>
</bind>
</comp>

<comp id="95" class="1005" name="features_in_data_V_read_6_reg_95">
<pin_list>
<pin id="96" dir="0" index="0" bw="8" slack="11"/>
<pin id="97" dir="1" index="1" bw="8" slack="11"/>
</pin_list>
<bind>
<opset="features_in_data_V_read_6 "/>
</bind>
</comp>

<comp id="100" class="1005" name="features_in_data_V_read_7_reg_100">
<pin_list>
<pin id="101" dir="0" index="0" bw="8" slack="10"/>
<pin id="102" dir="1" index="1" bw="8" slack="10"/>
</pin_list>
<bind>
<opset="features_in_data_V_read_7 "/>
</bind>
</comp>

<comp id="105" class="1005" name="features_in_data_V_read_8_reg_105">
<pin_list>
<pin id="106" dir="0" index="0" bw="8" slack="9"/>
<pin id="107" dir="1" index="1" bw="8" slack="9"/>
</pin_list>
<bind>
<opset="features_in_data_V_read_8 "/>
</bind>
</comp>

<comp id="110" class="1005" name="features_in_data_V_read_9_reg_110">
<pin_list>
<pin id="111" dir="0" index="0" bw="8" slack="8"/>
<pin id="112" dir="1" index="1" bw="8" slack="8"/>
</pin_list>
<bind>
<opset="features_in_data_V_read_9 "/>
</bind>
</comp>

<comp id="115" class="1005" name="features_in_data_V_read_10_reg_115">
<pin_list>
<pin id="116" dir="0" index="0" bw="8" slack="7"/>
<pin id="117" dir="1" index="1" bw="8" slack="7"/>
</pin_list>
<bind>
<opset="features_in_data_V_read_10 "/>
</bind>
</comp>

<comp id="120" class="1005" name="features_in_data_V_read_11_reg_120">
<pin_list>
<pin id="121" dir="0" index="0" bw="8" slack="6"/>
<pin id="122" dir="1" index="1" bw="8" slack="6"/>
</pin_list>
<bind>
<opset="features_in_data_V_read_11 "/>
</bind>
</comp>

<comp id="125" class="1005" name="features_in_data_V_read_12_reg_125">
<pin_list>
<pin id="126" dir="0" index="0" bw="8" slack="5"/>
<pin id="127" dir="1" index="1" bw="8" slack="5"/>
</pin_list>
<bind>
<opset="features_in_data_V_read_12 "/>
</bind>
</comp>

<comp id="130" class="1005" name="features_in_data_V_read_13_reg_130">
<pin_list>
<pin id="131" dir="0" index="0" bw="8" slack="4"/>
<pin id="132" dir="1" index="1" bw="8" slack="4"/>
</pin_list>
<bind>
<opset="features_in_data_V_read_13 "/>
</bind>
</comp>

<comp id="135" class="1005" name="features_in_data_V_read_14_reg_135">
<pin_list>
<pin id="136" dir="0" index="0" bw="8" slack="3"/>
<pin id="137" dir="1" index="1" bw="8" slack="3"/>
</pin_list>
<bind>
<opset="features_in_data_V_read_14 "/>
</bind>
</comp>

<comp id="140" class="1005" name="features_in_data_V_read_15_reg_140">
<pin_list>
<pin id="141" dir="0" index="0" bw="8" slack="2"/>
<pin id="142" dir="1" index="1" bw="8" slack="2"/>
</pin_list>
<bind>
<opset="features_in_data_V_read_15 "/>
</bind>
</comp>

<comp id="145" class="1005" name="features_in_data_V_read_16_reg_145">
<pin_list>
<pin id="146" dir="0" index="0" bw="8" slack="1"/>
<pin id="147" dir="1" index="1" bw="8" slack="1"/>
</pin_list>
<bind>
<opset="features_in_data_V_read_16 "/>
</bind>
</comp>

</comp_list>

<net_list>
<net id="32"><net_src comp="4" pin="0"/><net_sink comp="28" pin=0"/></net>

<net id="33"><net_src comp="0" pin="0"/><net_sink comp="28" pin=1"/></net>

<net id="39"><net_src comp="26" pin="0"/><net_sink comp="34" pin=0"/></net>

<net id="40"><net_src comp="2" pin="0"/><net_sink comp="34" pin=1"/></net>

<net id="62"><net_src comp="24" pin="0"/><net_sink comp="41" pin=0"/></net>

<net id="63"><net_src comp="28" pin="2"/><net_sink comp="41" pin=1"/></net>

<net id="64"><net_src comp="41" pin="19"/><net_sink comp="34" pin=2"/></net>

<net id="68"><net_src comp="28" pin="2"/><net_sink comp="65" pin=0"/></net>

<net id="69"><net_src comp="65" pin="1"/><net_sink comp="41" pin=18"/></net>

<net id="73"><net_src comp="28" pin="2"/><net_sink comp="70" pin=0"/></net>

<net id="74"><net_src comp="70" pin="1"/><net_sink comp="41" pin=17"/></net>

<net id="78"><net_src comp="28" pin="2"/><net_sink comp="75" pin=0"/></net>

<net id="79"><net_src comp="75" pin="1"/><net_sink comp="41" pin=16"/></net>

<net id="83"><net_src comp="28" pin="2"/><net_sink comp="80" pin=0"/></net>

<net id="84"><net_src comp="80" pin="1"/><net_sink comp="41" pin=15"/></net>

<net id="88"><net_src comp="28" pin="2"/><net_sink comp="85" pin=0"/></net>

<net id="89"><net_src comp="85" pin="1"/><net_sink comp="41" pin=14"/></net>

<net id="93"><net_src comp="28" pin="2"/><net_sink comp="90" pin=0"/></net>

<net id="94"><net_src comp="90" pin="1"/><net_sink comp="41" pin=13"/></net>

<net id="98"><net_src comp="28" pin="2"/><net_sink comp="95" pin=0"/></net>

<net id="99"><net_src comp="95" pin="1"/><net_sink comp="41" pin=12"/></net>

<net id="103"><net_src comp="28" pin="2"/><net_sink comp="100" pin=0"/></net>

<net id="104"><net_src comp="100" pin="1"/><net_sink comp="41" pin=11"/></net>

<net id="108"><net_src comp="28" pin="2"/><net_sink comp="105" pin=0"/></net>

<net id="109"><net_src comp="105" pin="1"/><net_sink comp="41" pin=10"/></net>

<net id="113"><net_src comp="28" pin="2"/><net_sink comp="110" pin=0"/></net>

<net id="114"><net_src comp="110" pin="1"/><net_sink comp="41" pin=9"/></net>

<net id="118"><net_src comp="28" pin="2"/><net_sink comp="115" pin=0"/></net>

<net id="119"><net_src comp="115" pin="1"/><net_sink comp="41" pin=8"/></net>

<net id="123"><net_src comp="28" pin="2"/><net_sink comp="120" pin=0"/></net>

<net id="124"><net_src comp="120" pin="1"/><net_sink comp="41" pin=7"/></net>

<net id="128"><net_src comp="28" pin="2"/><net_sink comp="125" pin=0"/></net>

<net id="129"><net_src comp="125" pin="1"/><net_sink comp="41" pin=6"/></net>

<net id="133"><net_src comp="28" pin="2"/><net_sink comp="130" pin=0"/></net>

<net id="134"><net_src comp="130" pin="1"/><net_sink comp="41" pin=5"/></net>

<net id="138"><net_src comp="28" pin="2"/><net_sink comp="135" pin=0"/></net>

<net id="139"><net_src comp="135" pin="1"/><net_sink comp="41" pin=4"/></net>

<net id="143"><net_src comp="28" pin="2"/><net_sink comp="140" pin=0"/></net>

<net id="144"><net_src comp="140" pin="1"/><net_sink comp="41" pin=3"/></net>

<net id="148"><net_src comp="28" pin="2"/><net_sink comp="145" pin=0"/></net>

<net id="149"><net_src comp="145" pin="1"/><net_sink comp="41" pin=2"/></net>

</net_list>

</model> 
---------------- Datapath Model END ------------------

* FSMD analyzer results:
  - Output states:
	Port: internal_input | {18 }
 - Input state : 
	Port: Block_inference_for.cond.i.exit_proc2 : features_in_data_V | {1 2 3 4 5 6 7 8 9 10 11 12 13 14 15 16 17 18 }
  - Chain level:
	State 1
	State 2
	State 3
	State 4
	State 5
	State 6
	State 7
	State 8
	State 9
	State 10
	State 11
	State 12
	State 13
	State 14
	State 15
	State 16
	State 17
	State 18
		write_ln100 : 1


============================================================
+ Verbose Summary: Datapath Resource usage 
============================================================

* Functional unit list:
|----------|-------------------------|
| Operation|     Functional Unit     |
|----------|-------------------------|
|   read   |      grp_read_fu_28     |
|----------|-------------------------|
|   write  | write_ln100_write_fu_34 |
|----------|-------------------------|
|bitconcatenate|        p_0_fu_41        |
|----------|-------------------------|
|   Total  |                         |
|----------|-------------------------|

Memories:
N/A

* Register list:
+----------------------------------+--------+
|                                  |   FF   |
+----------------------------------+--------+
|features_in_data_V_read_10_reg_115|    8   |
|features_in_data_V_read_11_reg_120|    8   |
|features_in_data_V_read_12_reg_125|    8   |
|features_in_data_V_read_13_reg_130|    8   |
|features_in_data_V_read_14_reg_135|    8   |
|features_in_data_V_read_15_reg_140|    8   |
|features_in_data_V_read_16_reg_145|    8   |
| features_in_data_V_read_1_reg_70 |    8   |
| features_in_data_V_read_2_reg_75 |    8   |
| features_in_data_V_read_3_reg_80 |    8   |
| features_in_data_V_read_4_reg_85 |    8   |
| features_in_data_V_read_5_reg_90 |    8   |
| features_in_data_V_read_6_reg_95 |    8   |
| features_in_data_V_read_7_reg_100|    8   |
| features_in_data_V_read_8_reg_105|    8   |
| features_in_data_V_read_9_reg_110|    8   |
|  features_in_data_V_read_reg_65  |    8   |
+----------------------------------+--------+
|               Total              |   136  |
+----------------------------------+--------+

* Multiplexer (MUX) list: 
|--------|------|------|------|--------|
|  Comp  |  Pin | Size |  BW  | S x BW |
|--------|------|------|------|--------|
|  Total |      |      |      |    0   |
|--------|------|------|------|--------|



* Summary:
+-----------+--------+
|           |   FF   |
+-----------+--------+
|  Function |    -   |
|   Memory  |    -   |
|Multiplexer|    -   |
|  Register |   136  |
+-----------+--------+
|   Total   |   136  |
+-----------+--------+
