

================================================================
== Vitis HLS Report for 'Block_inference_for_cond_i_exit_proc2'
================================================================
* Date:           Fri Jun 26 18:52:40 2026

* Version:        2022.2 (Build 3670227 on Oct 13 2022)
* Project:        myproject_prj
* Solution:       solution1 (Vivado IP Flow Target)
* Product family: zynq
* Target device:  xc7z020-clg400-1


================================================================
== Performance Estimates
================================================================
+ Timing: 
    * Summary: 
    +--------+---------+----------+------------+
    |  Clock |  Target | Estimated| Uncertainty|
    +--------+---------+----------+------------+
    |ap_clk  |  5.00 ns|  4.375 ns|     0.62 ns|
    +--------+---------+----------+------------+

+ Latency: 
    * Summary: 
    +---------+---------+-----------+-----------+-----+-----+---------+
    |  Latency (cycles) |   Latency (absolute)  |  Interval | Pipeline|
    |   min   |   max   |    min    |    max    | min | max |   Type  |
    +---------+---------+-----------+-----------+-----+-----+---------+
    |       17|       17|  85.000 ns|  85.000 ns|   17|   17|       no|
    +---------+---------+-----------+-----------+-----+-----+---------+

    + Detail: 
        * Instance: 
        N/A

        * Loop: 
        N/A

============================================================
+ Verbose Summary: Synthesis Manager
============================================================
InlineROM: 1
ExposeGlobal: 0
============================================================
+ Verbose Summary: CDFG Model
============================================================
IsTopModel: 0
ResetActiveHigh: 1
IsCombinational: 2
IsDatapathOnly: 0
HasWiredReturn: 1
HasMFsm: 0
HasVarLatency: 1
IsPipeline: 0
IsRtlPipelined: 0
IsInstanceOverlapped: 0
IsDontTouch: 0
HasImplIP: 0
IsGatedGlobalClock: 0


============================================================
+ Verbose Summary: Schedule
============================================================
* Number of FSM states : 18
* Pipeline : 0
* Dataflow Pipeline: 0

* FSM state transitions: 
1 --> 2 
2 --> 3 
3 --> 4 
4 --> 5 
5 --> 6 
6 --> 7 
7 --> 8 
8 --> 9 
9 --> 10 
10 --> 11 
11 --> 12 
12 --> 13 
13 --> 14 
14 --> 15 
15 --> 16 
16 --> 17 
17 --> 18 
18 --> 

* FSM state operations: 

State 1 <SV = 0> <Delay = 2.18>
ST_1 : Operation 19 [1/1] (2.18ns)   --->   "%features_in_data_V_read = read i8 @_ssdm_op_Read.ap_fifo.volatile.i8P0A, i8 %features_in_data_V" [firmware/myproject.cpp:100]   --->   Operation 19 'read' 'features_in_data_V_read' <Predicate = true> <Delay = 2.18> <CoreInst = "FIFO_SRL">   --->   Core 81 'FIFO_SRL' <Latency = 0> <II = 1> <Delay = 3.79> <Storage> <Opcode : 'read' 'write' 'nbread' 'nbwrite'> <Ports = 0> <Width = 8> <Depth = 18> <FIFO>

State 2 <SV = 1> <Delay = 2.18>
ST_2 : Operation 20 [1/1] (2.18ns)   --->   "%features_in_data_V_read_1 = read i8 @_ssdm_op_Read.ap_fifo.volatile.i8P0A, i8 %features_in_data_V" [firmware/myproject.cpp:100]   --->   Operation 20 'read' 'features_in_data_V_read_1' <Predicate = true> <Delay = 2.18> <CoreInst = "FIFO_SRL">   --->   Core 81 'FIFO_SRL' <Latency = 0> <II = 1> <Delay = 3.79> <Storage> <Opcode : 'read' 'write' 'nbread' 'nbwrite'> <Ports = 0> <Width = 8> <Depth = 18> <FIFO>

State 3 <SV = 2> <Delay = 2.18>
ST_3 : Operation 21 [1/1] (2.18ns)   --->   "%features_in_data_V_read_2 = read i8 @_ssdm_op_Read.ap_fifo.volatile.i8P0A, i8 %features_in_data_V" [firmware/myproject.cpp:100]   --->   Operation 21 'read' 'features_in_data_V_read_2' <Predicate = true> <Delay = 2.18> <CoreInst = "FIFO_SRL">   --->   Core 81 'FIFO_SRL' <Latency = 0> <II = 1> <Delay = 3.79> <Storage> <Opcode : 'read' 'write' 'nbread' 'nbwrite'> <Ports = 0> <Width = 8> <Depth = 18> <FIFO>

State 4 <SV = 3> <Delay = 2.18>
ST_4 : Operation 22 [1/1] (2.18ns)   --->   "%features_in_data_V_read_3 = read i8 @_ssdm_op_Read.ap_fifo.volatile.i8P0A, i8 %features_in_data_V" [firmware/myproject.cpp:100]   --->   Operation 22 'read' 'features_in_data_V_read_3' <Predicate = true> <Delay = 2.18> <CoreInst = "FIFO_SRL">   --->   Core 81 'FIFO_SRL' <Latency = 0> <II = 1> <Delay = 3.79> <Storage> <Opcode : 'read' 'write' 'nbread' 'nbwrite'> <Ports = 0> <Width = 8> <Depth = 18> <FIFO>

State 5 <SV = 4> <Delay = 2.18>
ST_5 : Operation 23 [1/1] (2.18ns)   --->   "%features_in_data_V_read_4 = read i8 @_ssdm_op_Read.ap_fifo.volatile.i8P0A, i8 %features_in_data_V" [firmware/myproject.cpp:100]   --->   Operation 23 'read' 'features_in_data_V_read_4' <Predicate = true> <Delay = 2.18> <CoreInst = "FIFO_SRL">   --->   Core 81 'FIFO_SRL' <Latency = 0> <II = 1> <Delay = 3.79> <Storage> <Opcode : 'read' 'write' 'nbread' 'nbwrite'> <Ports = 0> <Width = 8> <Depth = 18> <FIFO>

State 6 <SV = 5> <Delay = 2.18>
ST_6 : Operation 24 [1/1] (2.18ns)   --->   "%features_in_data_V_read_5 = read i8 @_ssdm_op_Read.ap_fifo.volatile.i8P0A, i8 %features_in_data_V" [firmware/myproject.cpp:100]   --->   Operation 24 'read' 'features_in_data_V_read_5' <Predicate = true> <Delay = 2.18> <CoreInst = "FIFO_SRL">   --->   Core 81 'FIFO_SRL' <Latency = 0> <II = 1> <Delay = 3.79> <Storage> <Opcode : 'read' 'write' 'nbread' 'nbwrite'> <Ports = 0> <Width = 8> <Depth = 18> <FIFO>

State 7 <SV = 6> <Delay = 2.18>
ST_7 : Operation 25 [1/1] (2.18ns)   --->   "%features_in_data_V_read_6 = read i8 @_ssdm_op_Read.ap_fifo.volatile.i8P0A, i8 %features_in_data_V" [firmware/myproject.cpp:100]   --->   Operation 25 'read' 'features_in_data_V_read_6' <Predicate = true> <Delay = 2.18> <CoreInst = "FIFO_SRL">   --->   Core 81 'FIFO_SRL' <Latency = 0> <II = 1> <Delay = 3.79> <Storage> <Opcode : 'read' 'write' 'nbread' 'nbwrite'> <Ports = 0> <Width = 8> <Depth = 18> <FIFO>

State 8 <SV = 7> <Delay = 2.18>
ST_8 : Operation 26 [1/1] (2.18ns)   --->   "%features_in_data_V_read_7 = read i8 @_ssdm_op_Read.ap_fifo.volatile.i8P0A, i8 %features_in_data_V" [firmware/myproject.cpp:100]   --->   Operation 26 'read' 'features_in_data_V_read_7' <Predicate = true> <Delay = 2.18> <CoreInst = "FIFO_SRL">   --->   Core 81 'FIFO_SRL' <Latency = 0> <II = 1> <Delay = 3.79> <Storage> <Opcode : 'read' 'write' 'nbread' 'nbwrite'> <Ports = 0> <Width = 8> <Depth = 18> <FIFO>

State 9 <SV = 8> <Delay = 2.18>
ST_9 : Operation 27 [1/1] (2.18ns)   --->   "%features_in_data_V_read_8 = read i8 @_ssdm_op_Read.ap_fifo.volatile.i8P0A, i8 %features_in_data_V" [firmware/myproject.cpp:100]   --->   Operation 27 'read' 'features_in_data_V_read_8' <Predicate = true> <Delay = 2.18> <CoreInst = "FIFO_SRL">   --->   Core 81 'FIFO_SRL' <Latency = 0> <II = 1> <Delay = 3.79> <Storage> <Opcode : 'read' 'write' 'nbread' 'nbwrite'> <Ports = 0> <Width = 8> <Depth = 18> <FIFO>

State 10 <SV = 9> <Delay = 2.18>
ST_10 : Operation 28 [1/1] (2.18ns)   --->   "%features_in_data_V_read_9 = read i8 @_ssdm_op_Read.ap_fifo.volatile.i8P0A, i8 %features_in_data_V" [firmware/myproject.cpp:100]   --->   Operation 28 'read' 'features_in_data_V_read_9' <Predicate = true> <Delay = 2.18> <CoreInst = "FIFO_SRL">   --->   Core 81 'FIFO_SRL' <Latency = 0> <II = 1> <Delay = 3.79> <Storage> <Opcode : 'read' 'write' 'nbread' 'nbwrite'> <Ports = 0> <Width = 8> <Depth = 18> <FIFO>

State 11 <SV = 10> <Delay = 2.18>
ST_11 : Operation 29 [1/1] (2.18ns)   --->   "%features_in_data_V_read_10 = read i8 @_ssdm_op_Read.ap_fifo.volatile.i8P0A, i8 %features_in_data_V" [firmware/myproject.cpp:100]   --->   Operation 29 'read' 'features_in_data_V_read_10' <Predicate = true> <Delay = 2.18> <CoreInst = "FIFO_SRL">   --->   Core 81 'FIFO_SRL' <Latency = 0> <II = 1> <Delay = 3.79> <Storage> <Opcode : 'read' 'write' 'nbread' 'nbwrite'> <Ports = 0> <Width = 8> <Depth = 18> <FIFO>

State 12 <SV = 11> <Delay = 2.18>
ST_12 : Operation 30 [1/1] (2.18ns)   --->   "%features_in_data_V_read_11 = read i8 @_ssdm_op_Read.ap_fifo.volatile.i8P0A, i8 %features_in_data_V" [firmware/myproject.cpp:100]   --->   Operation 30 'read' 'features_in_data_V_read_11' <Predicate = true> <Delay = 2.18> <CoreInst = "FIFO_SRL">   --->   Core 81 'FIFO_SRL' <Latency = 0> <II = 1> <Delay = 3.79> <Storage> <Opcode : 'read' 'write' 'nbread' 'nbwrite'> <Ports = 0> <Width = 8> <Depth = 18> <FIFO>

State 13 <SV = 12> <Delay = 2.18>
ST_13 : Operation 31 [1/1] (2.18ns)   --->   "%features_in_data_V_read_12 = read i8 @_ssdm_op_Read.ap_fifo.volatile.i8P0A, i8 %features_in_data_V" [firmware/myproject.cpp:100]   --->   Operation 31 'read' 'features_in_data_V_read_12' <Predicate = true> <Delay = 2.18> <CoreInst = "FIFO_SRL">   --->   Core 81 'FIFO_SRL' <Latency = 0> <II = 1> <Delay = 3.79> <Storage> <Opcode : 'read' 'write' 'nbread' 'nbwrite'> <Ports = 0> <Width = 8> <Depth = 18> <FIFO>

State 14 <SV = 13> <Delay = 2.18>
ST_14 : Operation 32 [1/1] (2.18ns)   --->   "%features_in_data_V_read_13 = read i8 @_ssdm_op_Read.ap_fifo.volatile.i8P0A, i8 %features_in_data_V" [firmware/myproject.cpp:100]   --->   Operation 32 'read' 'features_in_data_V_read_13' <Predicate = true> <Delay = 2.18> <CoreInst = "FIFO_SRL">   --->   Core 81 'FIFO_SRL' <Latency = 0> <II = 1> <Delay = 3.79> <Storage> <Opcode : 'read' 'write' 'nbread' 'nbwrite'> <Ports = 0> <Width = 8> <Depth = 18> <FIFO>

State 15 <SV = 14> <Delay = 2.18>
ST_15 : Operation 33 [1/1] (2.18ns)   --->   "%features_in_data_V_read_14 = read i8 @_ssdm_op_Read.ap_fifo.volatile.i8P0A, i8 %features_in_data_V" [firmware/myproject.cpp:100]   --->   Operation 33 'read' 'features_in_data_V_read_14' <Predicate = true> <Delay = 2.18> <CoreInst = "FIFO_SRL">   --->   Core 81 'FIFO_SRL' <Latency = 0> <II = 1> <Delay = 3.79> <Storage> <Opcode : 'read' 'write' 'nbread' 'nbwrite'> <Ports = 0> <Width = 8> <Depth = 18> <FIFO>

State 16 <SV = 15> <Delay = 2.18>
ST_16 : Operation 34 [1/1] (2.18ns)   --->   "%features_in_data_V_read_15 = read i8 @_ssdm_op_Read.ap_fifo.volatile.i8P0A, i8 %features_in_data_V" [firmware/myproject.cpp:100]   --->   Operation 34 'read' 'features_in_data_V_read_15' <Predicate = true> <Delay = 2.18> <CoreInst = "FIFO_SRL">   --->   Core 81 'FIFO_SRL' <Latency = 0> <II = 1> <Delay = 3.79> <Storage> <Opcode : 'read' 'write' 'nbread' 'nbwrite'> <Ports = 0> <Width = 8> <Depth = 18> <FIFO>

State 17 <SV = 16> <Delay = 2.18>
ST_17 : Operation 35 [1/1] (2.18ns)   --->   "%features_in_data_V_read_16 = read i8 @_ssdm_op_Read.ap_fifo.volatile.i8P0A, i8 %features_in_data_V" [firmware/myproject.cpp:100]   --->   Operation 35 'read' 'features_in_data_V_read_16' <Predicate = true> <Delay = 2.18> <CoreInst = "FIFO_SRL">   --->   Core 81 'FIFO_SRL' <Latency = 0> <II = 1> <Delay = 3.79> <Storage> <Opcode : 'read' 'write' 'nbread' 'nbwrite'> <Ports = 0> <Width = 8> <Depth = 18> <FIFO>

State 18 <SV = 17> <Delay = 4.37>
ST_18 : Operation 36 [1/1] (0.00ns)   --->   "%specinterface_ln0 = specinterface void @_ssdm_op_SpecInterface, i8 %features_in_data_V, void @ap_fifo_str, i32 0, i32 0, void @p_str, i32 0, i32 0, void @p_str, void @p_str, void @p_str, i32 2, i32 2, i32 16, i32 16, void @p_str, void @p_str, i32 4294967295, i32 0"   --->   Operation 36 'specinterface' 'specinterface_ln0' <Predicate = true> <Delay = 0.00>
ST_18 : Operation 37 [1/1] (0.00ns)   --->   "%specinterface_ln0 = specinterface void @_ssdm_op_SpecInterface, i144 %internal_input, void @empty_2, i32 0, i32 0, void @empty_0, i32 0, i32 0, void @empty_0, void @empty_0, void @empty_0, i32 0, i32 0, i32 0, i32 0, void @empty_0, void @empty_0, i32 4294967295, i32 0"   --->   Operation 37 'specinterface' 'specinterface_ln0' <Predicate = true> <Delay = 0.00>
ST_18 : Operation 38 [1/1] (2.18ns)   --->   "%features_in_data_V_read_17 = read i8 @_ssdm_op_Read.ap_fifo.volatile.i8P0A, i8 %features_in_data_V" [firmware/myproject.cpp:100]   --->   Operation 38 'read' 'features_in_data_V_read_17' <Predicate = true> <Delay = 2.18> <CoreInst = "FIFO_SRL">   --->   Core 81 'FIFO_SRL' <Latency = 0> <II = 1> <Delay = 3.79> <Storage> <Opcode : 'read' 'write' 'nbread' 'nbwrite'> <Ports = 0> <Width = 8> <Depth = 18> <FIFO>
ST_18 : Operation 39 [1/1] (0.00ns)   --->   "%p_0 = bitconcatenate i144 @_ssdm_op_BitConcatenate.i144.i8.i8.i8.i8.i8.i8.i8.i8.i8.i8.i8.i8.i8.i8.i8.i8.i8.i8, i8 %features_in_data_V_read_17, i8 %features_in_data_V_read_16, i8 %features_in_data_V_read_15, i8 %features_in_data_V_read_14, i8 %features_in_data_V_read_13, i8 %features_in_data_V_read_12, i8 %features_in_data_V_read_11, i8 %features_in_data_V_read_10, i8 %features_in_data_V_read_9, i8 %features_in_data_V_read_8, i8 %features_in_data_V_read_7, i8 %features_in_data_V_read_6, i8 %features_in_data_V_read_5, i8 %features_in_data_V_read_4, i8 %features_in_data_V_read_3, i8 %features_in_data_V_read_2, i8 %features_in_data_V_read_1, i8 %features_in_data_V_read" [firmware/myproject.cpp:100]   --->   Operation 39 'bitconcatenate' 'p_0' <Predicate = true> <Delay = 0.00>
ST_18 : Operation 40 [1/1] (2.18ns)   --->   "%write_ln100 = write void @_ssdm_op_Write.ap_fifo.volatile.i144P0A, i144 %internal_input, i144 %p_0" [firmware/myproject.cpp:100]   --->   Operation 40 'write' 'write_ln100' <Predicate = true> <Delay = 2.18> <CoreInst = "FIFO_SRL">   --->   Core 81 'FIFO_SRL' <Latency = 0> <II = 1> <Delay = 3.63> <Storage> <Opcode : 'read' 'write' 'nbread' 'nbwrite'> <Ports = 0> <Width = 144> <Depth = 2> <FIFO>
ST_18 : Operation 41 [1/1] (0.00ns)   --->   "%ret_ln0 = ret"   --->   Operation 41 'ret' 'ret_ln0' <Predicate = true> <Delay = 0.00>


============================================================
+ Verbose Summary: Timing violations
============================================================
Target clock period: 5ns, clock uncertainty: 0.625ns.

 <State 1>: 2.19ns
The critical path consists of the following:
	fifo read operation ('features_in_data_V_read', firmware/myproject.cpp:100) on port 'features_in_data_V' (firmware/myproject.cpp:100) [5]  (2.19 ns)

 <State 2>: 2.19ns
The critical path consists of the following:
	fifo read operation ('features_in_data_V_read_1', firmware/myproject.cpp:100) on port 'features_in_data_V' (firmware/myproject.cpp:100) [6]  (2.19 ns)

 <State 3>: 2.19ns
The critical path consists of the following:
	fifo read operation ('features_in_data_V_read_2', firmware/myproject.cpp:100) on port 'features_in_data_V' (firmware/myproject.cpp:100) [7]  (2.19 ns)

 <State 4>: 2.19ns
The critical path consists of the following:
	fifo read operation ('features_in_data_V_read_3', firmware/myproject.cpp:100) on port 'features_in_data_V' (firmware/myproject.cpp:100) [8]  (2.19 ns)

 <State 5>: 2.19ns
The critical path consists of the following:
	fifo read operation ('features_in_data_V_read_4', firmware/myproject.cpp:100) on port 'features_in_data_V' (firmware/myproject.cpp:100) [9]  (2.19 ns)

 <State 6>: 2.19ns
The critical path consists of the following:
	fifo read operation ('features_in_data_V_read_5', firmware/myproject.cpp:100) on port 'features_in_data_V' (firmware/myproject.cpp:100) [10]  (2.19 ns)

 <State 7>: 2.19ns
The critical path consists of the following:
	fifo read operation ('features_in_data_V_read_6', firmware/myproject.cpp:100) on port 'features_in_data_V' (firmware/myproject.cpp:100) [11]  (2.19 ns)

 <State 8>: 2.19ns
The critical path consists of the following:
	fifo read operation ('features_in_data_V_read_7', firmware/myproject.cpp:100) on port 'features_in_data_V' (firmware/myproject.cpp:100) [12]  (2.19 ns)

 <State 9>: 2.19ns
The critical path consists of the following:
	fifo read operation ('features_in_data_V_read_8', firmware/myproject.cpp:100) on port 'features_in_data_V' (firmware/myproject.cpp:100) [13]  (2.19 ns)

 <State 10>: 2.19ns
The critical path consists of the following:
	fifo read operation ('features_in_data_V_read_9', firmware/myproject.cpp:100) on port 'features_in_data_V' (firmware/myproject.cpp:100) [14]  (2.19 ns)

 <State 11>: 2.19ns
The critical path consists of the following:
	fifo read operation ('features_in_data_V_read_10', firmware/myproject.cpp:100) on port 'features_in_data_V' (firmware/myproject.cpp:100) [15]  (2.19 ns)

 <State 12>: 2.19ns
The critical path consists of the following:
	fifo read operation ('features_in_data_V_read_11', firmware/myproject.cpp:100) on port 'features_in_data_V' (firmware/myproject.cpp:100) [16]  (2.19 ns)

 <State 13>: 2.19ns
The critical path consists of the following:
	fifo read operation ('features_in_data_V_read_12', firmware/myproject.cpp:100) on port 'features_in_data_V' (firmware/myproject.cpp:100) [17]  (2.19 ns)

 <State 14>: 2.19ns
The critical path consists of the following:
	fifo read operation ('features_in_data_V_read_13', firmware/myproject.cpp:100) on port 'features_in_data_V' (firmware/myproject.cpp:100) [18]  (2.19 ns)

 <State 15>: 2.19ns
The critical path consists of the following:
	fifo read operation ('features_in_data_V_read_14', firmware/myproject.cpp:100) on port 'features_in_data_V' (firmware/myproject.cpp:100) [19]  (2.19 ns)

 <State 16>: 2.19ns
The critical path consists of the following:
	fifo read operation ('features_in_data_V_read_15', firmware/myproject.cpp:100) on port 'features_in_data_V' (firmware/myproject.cpp:100) [20]  (2.19 ns)

 <State 17>: 2.19ns
The critical path consists of the following:
	fifo read operation ('features_in_data_V_read_16', firmware/myproject.cpp:100) on port 'features_in_data_V' (firmware/myproject.cpp:100) [21]  (2.19 ns)

 <State 18>: 4.38ns
The critical path consists of the following:
	fifo read operation ('features_in_data_V_read_17', firmware/myproject.cpp:100) on port 'features_in_data_V' (firmware/myproject.cpp:100) [22]  (2.19 ns)
	fifo write operation ('write_ln100', firmware/myproject.cpp:100) on port 'internal_input' (firmware/myproject.cpp:100) [24]  (2.19 ns)


============================================================
+ Verbose Summary: Binding
============================================================
N/A
* FSMD analyzer results:
  - Output states:
 - Input state : 
  - Chain level:
	State 1
	State 2
	State 3
	State 4
	State 5
	State 6
	State 7
	State 8
	State 9
	State 10
	State 11
	State 12
	State 13
	State 14
	State 15
	State 16
	State 17
	State 18


============================================================
+ Verbose Summary: Datapath Resource usage 
============================================================
N/A
