

================================================================
== Vitis HLS Report for 'dense_array_ap_fixed_16u_array_ap_fixed_8_2_5_3_0_1u_config10_s'
================================================================
* Date:           Fri Jun 26 18:52:42 2026

* Version:        2022.2 (Build 3670227 on Oct 13 2022)
* Project:        myproject_prj
* Solution:       solution1 (Vivado IP Flow Target)
* Product family: zynq
* Target device:  xc7z020-clg400-1


================================================================
== Performance Estimates
================================================================
+ Timing: 
    * Summary: 
    +--------+---------+----------+------------+
    |  Clock |  Target | Estimated| Uncertainty|
    +--------+---------+----------+------------+
    |ap_clk  |  5.00 ns|  4.170 ns|     0.62 ns|
    +--------+---------+----------+------------+

+ Latency: 
    * Summary: 
    +---------+---------+-----------+----------+-----+-----+------------------------------------------+
    |  Latency (cycles) |  Latency (absolute)  |  Interval |                 Pipeline                 |
    |   min   |   max   |    min    |    max   | min | max |                   Type                   |
    +---------+---------+-----------+----------+-----+-----+------------------------------------------+
    |       19|       20|  95.000 ns|  0.100 us|   16|   16|  loop rewind stp(delay=0 clock cycles(s))|
    +---------+---------+-----------+----------+-----+-----+------------------------------------------+

    + Detail: 
        * Instance: 
        N/A

        * Loop: 
        +-------------+---------+---------+----------+-----------+-----------+------+----------+
        |             |  Latency (cycles) | Iteration|  Initiation Interval  | Trip |          |
        |  Loop Name  |   min   |   max   |  Latency |  achieved |   target  | Count| Pipelined|
        +-------------+---------+---------+----------+-----------+-----------+------+----------+
        |- ReuseLoop  |       19|       19|         5|          1|          1|    16|       yes|
        +-------------+---------+---------+----------+-----------+-----------+------+----------+

============================================================
+ Verbose Summary: Synthesis Manager
============================================================
InlineROM: 1
ExposeGlobal: 0
============================================================
+ Verbose Summary: CDFG Model
============================================================
IsTopModel: 0
ResetActiveHigh: 1
IsCombinational: 2
IsDatapathOnly: 0
HasWiredReturn: 1
HasMFsm: 2
HasVarLatency: 1
IsPipeline: 0
IsRtlPipelined: 0
IsInstanceOverlapped: 0
IsDontTouch: 0
HasImplIP: 0
IsGatedGlobalClock: 0

+ Individual pipeline summary: 
  * Pipeline-0: initiation interval (II) = 1, depth = 5


============================================================
+ Verbose Summary: Schedule
============================================================
* Number of FSM states : 6
* Pipeline : 1
  Pipeline-0 : II = 1, D = 5, States = { 2 3 4 5 6 }
* Dataflow Pipeline: 0

* FSM state transitions: 
1 --> 2 
2 --> 3 
3 --> 4 
4 --> 5 
5 --> 6 
6 --> 2 

* FSM state operations: 

State 1 <SV = 0> <Delay = 1.58>
ST_1 : Operation 7 [1/1] (0.00ns)   --->   "%specinterface_ln0 = specinterface void @_ssdm_op_SpecInterface, i8 %layer10_out, void @empty_2, i32 0, i32 0, void @empty_0, i32 0, i32 0, void @empty_0, void @empty_0, void @empty_0, i32 0, i32 0, i32 0, i32 0, void @empty_0, void @empty_0, i32 4294967295, i32 0"   --->   Operation 7 'specinterface' 'specinterface_ln0' <Predicate = true> <Delay = 0.00>
ST_1 : Operation 8 [1/1] (0.00ns)   --->   "%specinterface_ln0 = specinterface void @_ssdm_op_SpecInterface, i128 %layer9_out, void @empty_2, i32 0, i32 0, void @empty_0, i32 0, i32 0, void @empty_0, void @empty_0, void @empty_0, i32 0, i32 0, i32 0, i32 0, void @empty_0, void @empty_0, i32 4294967295, i32 0"   --->   Operation 8 'specinterface' 'specinterface_ln0' <Predicate = true> <Delay = 0.00>
ST_1 : Operation 9 [1/1] (0.00ns)   --->   "%rbegin = specregionbegin i32 @_ssdm_op_SpecRegionBegin, void @nnet_KD_KD_dense_resource_MD_ap_fixed_MD_8_MC_AC_2_MC_AC_IC_ap_q_mode_JC_5_M_2" [firmware/nnet_utils/nnet_dense_stream.h:24]   --->   Operation 9 'specregionbegin' 'rbegin' <Predicate = true> <Delay = 0.00>
ST_1 : Operation 10 [1/1] (1.58ns)   --->   "%br_ln42 = br void %rewind_header" [firmware/nnet_utils/nnet_dense_resource.h:42->firmware/nnet_utils/nnet_dense_resource.h:240->firmware/nnet_utils/nnet_dense_stream.h:24]   --->   Operation 10 'br' 'br_ln42' <Predicate = true> <Delay = 1.58>

State 2 <SV = 1> <Delay = 1.73>
ST_2 : Operation 11 [1/1] (0.00ns)   --->   "%do_init = phi i1 1, void %nnet::dense_resource<ap_fixed<8, 2, (ap_q_mode)5, (ap_o_mode)3, 0>, ap_fixed<8, 2, (ap_q_mode)5, (ap_o_mode)3, 0>, config10>.region_begin, i1 0, void %for.body12.split.i.i, i1 1, void %nnet::dense_resource<ap_fixed<8, 2, (ap_q_mode)5, (ap_o_mode)3, 0>, ap_fixed<8, 2, (ap_q_mode)5, (ap_o_mode)3, 0>, config10>.region_end"   --->   Operation 11 'phi' 'do_init' <Predicate = true> <Delay = 0.00>
ST_2 : Operation 12 [1/1] (0.00ns)   --->   "%in_index3 = phi i4 0, void %nnet::dense_resource<ap_fixed<8, 2, (ap_q_mode)5, (ap_o_mode)3, 0>, ap_fixed<8, 2, (ap_q_mode)5, (ap_o_mode)3, 0>, config10>.region_begin, i4 %in_index, void %for.body12.split.i.i, i4 0, void %nnet::dense_resource<ap_fixed<8, 2, (ap_q_mode)5, (ap_o_mode)3, 0>, ap_fixed<8, 2, (ap_q_mode)5, (ap_o_mode)3, 0>, config10>.region_end"   --->   Operation 12 'phi' 'in_index3' <Predicate = true> <Delay = 0.00>
ST_2 : Operation 13 [1/1] (1.73ns)   --->   "%in_index = add i4 %in_index3, i4 1" [firmware/nnet_utils/nnet_dense_resource.h:42->firmware/nnet_utils/nnet_dense_resource.h:240->firmware/nnet_utils/nnet_dense_stream.h:24]   --->   Operation 13 'add' 'in_index' <Predicate = true> <Delay = 1.73> <CoreInst = "Adder">   --->   Core 1 'Adder' <Latency = 0> <II = 1> <Delay = 1.73> <FuncUnit> <Opcode : 'add' 'sub'> <InPorts = 2> <OutPorts = 1>
ST_2 : Operation 14 [1/1] (1.30ns)   --->   "%icmp_ln42 = icmp_eq  i4 %in_index3, i4 15" [firmware/nnet_utils/nnet_dense_resource.h:42->firmware/nnet_utils/nnet_dense_resource.h:240->firmware/nnet_utils/nnet_dense_stream.h:24]   --->   Operation 14 'icmp' 'icmp_ln42' <Predicate = true> <Delay = 1.30> <CoreInst = "Cmp">   --->   Core 9 'Cmp' <Latency = 0> <II = 1> <Delay = 1.30> <FuncUnit> <Opcode : 'icmp'> <InPorts = 2> <OutPorts = 1>
ST_2 : Operation 15 [1/1] (0.00ns)   --->   "%br_ln42 = br i1 %icmp_ln42, void %rewind_header, void %nnet::dense_resource<ap_fixed<8, 2, (ap_q_mode)5, (ap_o_mode)3, 0>, ap_fixed<8, 2, (ap_q_mode)5, (ap_o_mode)3, 0>, config10>.region_end" [firmware/nnet_utils/nnet_dense_resource.h:42->firmware/nnet_utils/nnet_dense_resource.h:240->firmware/nnet_utils/nnet_dense_stream.h:24]   --->   Operation 15 'br' 'br_ln42' <Predicate = true> <Delay = 0.00>
ST_2 : Operation 16 [1/1] (0.00ns)   --->   "%br_ln101 = br void %rewind_header" [firmware/nnet_utils/nnet_dense_stream.h:101]   --->   Operation 16 'br' 'br_ln101' <Predicate = (icmp_ln42)> <Delay = 0.00>

State 3 <SV = 2> <Delay = 2.32>
ST_3 : Operation 17 [1/1] (2.18ns)   --->   "%layer9_out_read = read i128 @_ssdm_op_Read.ap_fifo.volatile.i128P0A, i128 %layer9_out" [firmware/nnet_utils/nnet_dense_stream.h:43]   --->   Operation 17 'read' 'layer9_out_read' <Predicate = (do_init)> <Delay = 2.18> <CoreInst = "FIFO_SRL">   --->   Core 81 'FIFO_SRL' <Latency = 0> <II = 1> <Delay = 3.63> <Storage> <Opcode : 'read' 'write' 'nbread' 'nbwrite'> <Ports = 0> <Width = 128> <Depth = 1> <FIFO>
ST_3 : Operation 18 [1/1] (0.00ns)   --->   "%data_V = trunc i128 %layer9_out_read" [firmware/nnet_utils/nnet_dense_stream.h:43]   --->   Operation 18 'trunc' 'data_V' <Predicate = (do_init)> <Delay = 0.00>
ST_3 : Operation 19 [1/1] (0.00ns)   --->   "%data_V_70 = partselect i8 @_ssdm_op_PartSelect.i8.i128.i32.i32, i128 %layer9_out_read, i32 112, i32 119" [firmware/nnet_utils/nnet_dense_stream.h:43]   --->   Operation 19 'partselect' 'data_V_70' <Predicate = (do_init)> <Delay = 0.00>
ST_3 : Operation 20 [1/1] (0.00ns)   --->   "%data_V_71 = partselect i8 @_ssdm_op_PartSelect.i8.i128.i32.i32, i128 %layer9_out_read, i32 120, i32 127" [firmware/nnet_utils/nnet_dense_stream.h:43]   --->   Operation 20 'partselect' 'data_V_71' <Predicate = (do_init)> <Delay = 0.00>
ST_3 : Operation 21 [1/1] (0.00ns)   --->   "%data_V_72 = partselect i8 @_ssdm_op_PartSelect.i8.i128.i32.i32, i128 %layer9_out_read, i32 8, i32 15" [firmware/nnet_utils/nnet_dense_stream.h:43]   --->   Operation 21 'partselect' 'data_V_72' <Predicate = (do_init)> <Delay = 0.00>
ST_3 : Operation 22 [1/1] (0.00ns)   --->   "%data_V_73 = partselect i8 @_ssdm_op_PartSelect.i8.i128.i32.i32, i128 %layer9_out_read, i32 16, i32 23" [firmware/nnet_utils/nnet_dense_stream.h:43]   --->   Operation 22 'partselect' 'data_V_73' <Predicate = (do_init)> <Delay = 0.00>
ST_3 : Operation 23 [1/1] (0.00ns)   --->   "%data_V_74 = partselect i8 @_ssdm_op_PartSelect.i8.i128.i32.i32, i128 %layer9_out_read, i32 24, i32 31" [firmware/nnet_utils/nnet_dense_stream.h:43]   --->   Operation 23 'partselect' 'data_V_74' <Predicate = (do_init)> <Delay = 0.00>
ST_3 : Operation 24 [1/1] (0.00ns)   --->   "%data_V_75 = partselect i8 @_ssdm_op_PartSelect.i8.i128.i32.i32, i128 %layer9_out_read, i32 32, i32 39" [firmware/nnet_utils/nnet_dense_stream.h:43]   --->   Operation 24 'partselect' 'data_V_75' <Predicate = (do_init)> <Delay = 0.00>
ST_3 : Operation 25 [1/1] (0.00ns)   --->   "%data_V_76 = partselect i8 @_ssdm_op_PartSelect.i8.i128.i32.i32, i128 %layer9_out_read, i32 40, i32 47" [firmware/nnet_utils/nnet_dense_stream.h:43]   --->   Operation 25 'partselect' 'data_V_76' <Predicate = (do_init)> <Delay = 0.00>
ST_3 : Operation 26 [1/1] (0.00ns)   --->   "%data_V_77 = partselect i8 @_ssdm_op_PartSelect.i8.i128.i32.i32, i128 %layer9_out_read, i32 48, i32 55" [firmware/nnet_utils/nnet_dense_stream.h:43]   --->   Operation 26 'partselect' 'data_V_77' <Predicate = (do_init)> <Delay = 0.00>
ST_3 : Operation 27 [1/1] (0.00ns)   --->   "%data_V_78 = partselect i8 @_ssdm_op_PartSelect.i8.i128.i32.i32, i128 %layer9_out_read, i32 56, i32 63" [firmware/nnet_utils/nnet_dense_stream.h:43]   --->   Operation 27 'partselect' 'data_V_78' <Predicate = (do_init)> <Delay = 0.00>
ST_3 : Operation 28 [1/1] (0.00ns)   --->   "%data_V_79 = partselect i8 @_ssdm_op_PartSelect.i8.i128.i32.i32, i128 %layer9_out_read, i32 64, i32 71" [firmware/nnet_utils/nnet_dense_stream.h:43]   --->   Operation 28 'partselect' 'data_V_79' <Predicate = (do_init)> <Delay = 0.00>
ST_3 : Operation 29 [1/1] (0.00ns)   --->   "%data_V_80 = partselect i8 @_ssdm_op_PartSelect.i8.i128.i32.i32, i128 %layer9_out_read, i32 72, i32 79" [firmware/nnet_utils/nnet_dense_stream.h:43]   --->   Operation 29 'partselect' 'data_V_80' <Predicate = (do_init)> <Delay = 0.00>
ST_3 : Operation 30 [1/1] (0.00ns)   --->   "%data_V_81 = partselect i8 @_ssdm_op_PartSelect.i8.i128.i32.i32, i128 %layer9_out_read, i32 80, i32 87" [firmware/nnet_utils/nnet_dense_stream.h:43]   --->   Operation 30 'partselect' 'data_V_81' <Predicate = (do_init)> <Delay = 0.00>
ST_3 : Operation 31 [1/1] (0.00ns)   --->   "%data_V_82 = partselect i8 @_ssdm_op_PartSelect.i8.i128.i32.i32, i128 %layer9_out_read, i32 88, i32 95" [firmware/nnet_utils/nnet_dense_stream.h:43]   --->   Operation 31 'partselect' 'data_V_82' <Predicate = (do_init)> <Delay = 0.00>
ST_3 : Operation 32 [1/1] (0.00ns)   --->   "%data_V_83 = partselect i8 @_ssdm_op_PartSelect.i8.i128.i32.i32, i128 %layer9_out_read, i32 96, i32 103" [firmware/nnet_utils/nnet_dense_stream.h:43]   --->   Operation 32 'partselect' 'data_V_83' <Predicate = (do_init)> <Delay = 0.00>
ST_3 : Operation 33 [1/1] (0.00ns)   --->   "%data_V_84 = partselect i8 @_ssdm_op_PartSelect.i8.i128.i32.i32, i128 %layer9_out_read, i32 104, i32 111" [firmware/nnet_utils/nnet_dense_stream.h:43]   --->   Operation 33 'partselect' 'data_V_84' <Predicate = (do_init)> <Delay = 0.00>
ST_3 : Operation 34 [1/1] (1.58ns)   --->   "%br_ln42 = br void %for.body12.split.i.i" [firmware/nnet_utils/nnet_dense_resource.h:42->firmware/nnet_utils/nnet_dense_resource.h:240->firmware/nnet_utils/nnet_dense_stream.h:24]   --->   Operation 34 'br' 'br_ln42' <Predicate = (do_init)> <Delay = 1.58>
ST_3 : Operation 35 [1/1] (0.00ns)   --->   "%zext_ln42 = zext i4 %in_index3" [firmware/nnet_utils/nnet_dense_resource.h:42->firmware/nnet_utils/nnet_dense_resource.h:240->firmware/nnet_utils/nnet_dense_stream.h:24]   --->   Operation 35 'zext' 'zext_ln42' <Predicate = true> <Delay = 0.00>
ST_3 : Operation 36 [1/1] (0.00ns)   --->   "%w10_V_addr = getelementptr i6 %w10_V, i64 0, i64 %zext_ln42" [firmware/nnet_utils/nnet_dense_resource.h:55->firmware/nnet_utils/nnet_dense_resource.h:240->firmware/nnet_utils/nnet_dense_stream.h:24]   --->   Operation 36 'getelementptr' 'w10_V_addr' <Predicate = true> <Delay = 0.00>
ST_3 : Operation 37 [2/2] (2.32ns)   --->   "%w_V = load i4 %w10_V_addr" [firmware/nnet_utils/nnet_dense_resource.h:55->firmware/nnet_utils/nnet_dense_resource.h:240->firmware/nnet_utils/nnet_dense_stream.h:24]   --->   Operation 37 'load' 'w_V' <Predicate = true> <Delay = 2.32> <CoreInst = "ROM">   --->   Core 95 'ROM' <Latency = 1> <II = 1> <Delay = 2.32> <Storage> <Opcode : 'load'> <Ports = 0> <Width = 6> <Depth = 16> <ROM>

State 4 <SV = 3> <Delay = 3.65>
ST_4 : Operation 38 [1/1] (0.00ns)   --->   "%data_V_54_rewind = phi i8 0, void %nnet::dense_resource<ap_fixed<8, 2, (ap_q_mode)5, (ap_o_mode)3, 0>, ap_fixed<8, 2, (ap_q_mode)5, (ap_o_mode)3, 0>, config10>.region_begin, i8 %data_V_54_phi, void %for.body12.split.i.i, i8 0, void %nnet::dense_resource<ap_fixed<8, 2, (ap_q_mode)5, (ap_o_mode)3, 0>, ap_fixed<8, 2, (ap_q_mode)5, (ap_o_mode)3, 0>, config10>.region_end" [firmware/nnet_utils/nnet_dense_stream.h:43]   --->   Operation 38 'phi' 'data_V_54_rewind' <Predicate = true> <Delay = 0.00>
ST_4 : Operation 39 [1/1] (0.00ns)   --->   "%data_V_53_rewind = phi i8 0, void %nnet::dense_resource<ap_fixed<8, 2, (ap_q_mode)5, (ap_o_mode)3, 0>, ap_fixed<8, 2, (ap_q_mode)5, (ap_o_mode)3, 0>, config10>.region_begin, i8 %data_V_53_phi, void %for.body12.split.i.i, i8 0, void %nnet::dense_resource<ap_fixed<8, 2, (ap_q_mode)5, (ap_o_mode)3, 0>, ap_fixed<8, 2, (ap_q_mode)5, (ap_o_mode)3, 0>, config10>.region_end" [firmware/nnet_utils/nnet_dense_stream.h:43]   --->   Operation 39 'phi' 'data_V_53_rewind' <Predicate = true> <Delay = 0.00>
ST_4 : Operation 40 [1/1] (0.00ns)   --->   "%data_V_52_rewind = phi i8 0, void %nnet::dense_resource<ap_fixed<8, 2, (ap_q_mode)5, (ap_o_mode)3, 0>, ap_fixed<8, 2, (ap_q_mode)5, (ap_o_mode)3, 0>, config10>.region_begin, i8 %data_V_52_phi, void %for.body12.split.i.i, i8 0, void %nnet::dense_resource<ap_fixed<8, 2, (ap_q_mode)5, (ap_o_mode)3, 0>, ap_fixed<8, 2, (ap_q_mode)5, (ap_o_mode)3, 0>, config10>.region_end" [firmware/nnet_utils/nnet_dense_stream.h:43]   --->   Operation 40 'phi' 'data_V_52_rewind' <Predicate = true> <Delay = 0.00>
ST_4 : Operation 41 [1/1] (0.00ns)   --->   "%data_V_51_rewind = phi i8 0, void %nnet::dense_resource<ap_fixed<8, 2, (ap_q_mode)5, (ap_o_mode)3, 0>, ap_fixed<8, 2, (ap_q_mode)5, (ap_o_mode)3, 0>, config10>.region_begin, i8 %data_V_51_phi, void %for.body12.split.i.i, i8 0, void %nnet::dense_resource<ap_fixed<8, 2, (ap_q_mode)5, (ap_o_mode)3, 0>, ap_fixed<8, 2, (ap_q_mode)5, (ap_o_mode)3, 0>, config10>.region_end" [firmware/nnet_utils/nnet_dense_stream.h:43]   --->   Operation 41 'phi' 'data_V_51_rewind' <Predicate = true> <Delay = 0.00>
ST_4 : Operation 42 [1/1] (0.00ns)   --->   "%data_V_50_rewind = phi i8 0, void %nnet::dense_resource<ap_fixed<8, 2, (ap_q_mode)5, (ap_o_mode)3, 0>, ap_fixed<8, 2, (ap_q_mode)5, (ap_o_mode)3, 0>, config10>.region_begin, i8 %data_V_50_phi, void %for.body12.split.i.i, i8 0, void %nnet::dense_resource<ap_fixed<8, 2, (ap_q_mode)5, (ap_o_mode)3, 0>, ap_fixed<8, 2, (ap_q_mode)5, (ap_o_mode)3, 0>, config10>.region_end" [firmware/nnet_utils/nnet_dense_stream.h:43]   --->   Operation 42 'phi' 'data_V_50_rewind' <Predicate = true> <Delay = 0.00>
ST_4 : Operation 43 [1/1] (0.00ns)   --->   "%data_V_49_rewind = phi i8 0, void %nnet::dense_resource<ap_fixed<8, 2, (ap_q_mode)5, (ap_o_mode)3, 0>, ap_fixed<8, 2, (ap_q_mode)5, (ap_o_mode)3, 0>, config10>.region_begin, i8 %data_V_49_phi, void %for.body12.split.i.i, i8 0, void %nnet::dense_resource<ap_fixed<8, 2, (ap_q_mode)5, (ap_o_mode)3, 0>, ap_fixed<8, 2, (ap_q_mode)5, (ap_o_mode)3, 0>, config10>.region_end" [firmware/nnet_utils/nnet_dense_stream.h:43]   --->   Operation 43 'phi' 'data_V_49_rewind' <Predicate = true> <Delay = 0.00>
ST_4 : Operation 44 [1/1] (0.00ns)   --->   "%data_V_48_rewind = phi i8 0, void %nnet::dense_resource<ap_fixed<8, 2, (ap_q_mode)5, (ap_o_mode)3, 0>, ap_fixed<8, 2, (ap_q_mode)5, (ap_o_mode)3, 0>, config10>.region_begin, i8 %data_V_48_phi, void %for.body12.split.i.i, i8 0, void %nnet::dense_resource<ap_fixed<8, 2, (ap_q_mode)5, (ap_o_mode)3, 0>, ap_fixed<8, 2, (ap_q_mode)5, (ap_o_mode)3, 0>, config10>.region_end" [firmware/nnet_utils/nnet_dense_stream.h:43]   --->   Operation 44 'phi' 'data_V_48_rewind' <Predicate = true> <Delay = 0.00>
ST_4 : Operation 45 [1/1] (0.00ns)   --->   "%data_V_47_rewind = phi i8 0, void %nnet::dense_resource<ap_fixed<8, 2, (ap_q_mode)5, (ap_o_mode)3, 0>, ap_fixed<8, 2, (ap_q_mode)5, (ap_o_mode)3, 0>, config10>.region_begin, i8 %data_V_47_phi, void %for.body12.split.i.i, i8 0, void %nnet::dense_resource<ap_fixed<8, 2, (ap_q_mode)5, (ap_o_mode)3, 0>, ap_fixed<8, 2, (ap_q_mode)5, (ap_o_mode)3, 0>, config10>.region_end" [firmware/nnet_utils/nnet_dense_stream.h:43]   --->   Operation 45 'phi' 'data_V_47_rewind' <Predicate = true> <Delay = 0.00>
ST_4 : Operation 46 [1/1] (0.00ns)   --->   "%data_V_46_rewind = phi i8 0, void %nnet::dense_resource<ap_fixed<8, 2, (ap_q_mode)5, (ap_o_mode)3, 0>, ap_fixed<8, 2, (ap_q_mode)5, (ap_o_mode)3, 0>, config10>.region_begin, i8 %data_V_46_phi, void %for.body12.split.i.i, i8 0, void %nnet::dense_resource<ap_fixed<8, 2, (ap_q_mode)5, (ap_o_mode)3, 0>, ap_fixed<8, 2, (ap_q_mode)5, (ap_o_mode)3, 0>, config10>.region_end" [firmware/nnet_utils/nnet_dense_stream.h:43]   --->   Operation 46 'phi' 'data_V_46_rewind' <Predicate = true> <Delay = 0.00>
ST_4 : Operation 47 [1/1] (0.00ns)   --->   "%data_V_45_rewind = phi i8 0, void %nnet::dense_resource<ap_fixed<8, 2, (ap_q_mode)5, (ap_o_mode)3, 0>, ap_fixed<8, 2, (ap_q_mode)5, (ap_o_mode)3, 0>, config10>.region_begin, i8 %data_V_45_phi, void %for.body12.split.i.i, i8 0, void %nnet::dense_resource<ap_fixed<8, 2, (ap_q_mode)5, (ap_o_mode)3, 0>, ap_fixed<8, 2, (ap_q_mode)5, (ap_o_mode)3, 0>, config10>.region_end" [firmware/nnet_utils/nnet_dense_stream.h:43]   --->   Operation 47 'phi' 'data_V_45_rewind' <Predicate = true> <Delay = 0.00>
ST_4 : Operation 48 [1/1] (0.00ns)   --->   "%data_V_44_rewind = phi i8 0, void %nnet::dense_resource<ap_fixed<8, 2, (ap_q_mode)5, (ap_o_mode)3, 0>, ap_fixed<8, 2, (ap_q_mode)5, (ap_o_mode)3, 0>, config10>.region_begin, i8 %data_V_44_phi, void %for.body12.split.i.i, i8 0, void %nnet::dense_resource<ap_fixed<8, 2, (ap_q_mode)5, (ap_o_mode)3, 0>, ap_fixed<8, 2, (ap_q_mode)5, (ap_o_mode)3, 0>, config10>.region_end" [firmware/nnet_utils/nnet_dense_stream.h:43]   --->   Operation 48 'phi' 'data_V_44_rewind' <Predicate = true> <Delay = 0.00>
ST_4 : Operation 49 [1/1] (0.00ns)   --->   "%data_V_43_rewind = phi i8 0, void %nnet::dense_resource<ap_fixed<8, 2, (ap_q_mode)5, (ap_o_mode)3, 0>, ap_fixed<8, 2, (ap_q_mode)5, (ap_o_mode)3, 0>, config10>.region_begin, i8 %data_V_43_phi, void %for.body12.split.i.i, i8 0, void %nnet::dense_resource<ap_fixed<8, 2, (ap_q_mode)5, (ap_o_mode)3, 0>, ap_fixed<8, 2, (ap_q_mode)5, (ap_o_mode)3, 0>, config10>.region_end" [firmware/nnet_utils/nnet_dense_stream.h:43]   --->   Operation 49 'phi' 'data_V_43_rewind' <Predicate = true> <Delay = 0.00>
ST_4 : Operation 50 [1/1] (0.00ns)   --->   "%data_V_55_rewind = phi i8 0, void %nnet::dense_resource<ap_fixed<8, 2, (ap_q_mode)5, (ap_o_mode)3, 0>, ap_fixed<8, 2, (ap_q_mode)5, (ap_o_mode)3, 0>, config10>.region_begin, i8 %data_V_55_phi, void %for.body12.split.i.i, i8 0, void %nnet::dense_resource<ap_fixed<8, 2, (ap_q_mode)5, (ap_o_mode)3, 0>, ap_fixed<8, 2, (ap_q_mode)5, (ap_o_mode)3, 0>, config10>.region_end" [firmware/nnet_utils/nnet_dense_stream.h:43]   --->   Operation 50 'phi' 'data_V_55_rewind' <Predicate = true> <Delay = 0.00>
ST_4 : Operation 51 [1/1] (0.00ns)   --->   "%data_V_56_rewind = phi i8 0, void %nnet::dense_resource<ap_fixed<8, 2, (ap_q_mode)5, (ap_o_mode)3, 0>, ap_fixed<8, 2, (ap_q_mode)5, (ap_o_mode)3, 0>, config10>.region_begin, i8 %data_V_56_phi, void %for.body12.split.i.i, i8 0, void %nnet::dense_resource<ap_fixed<8, 2, (ap_q_mode)5, (ap_o_mode)3, 0>, ap_fixed<8, 2, (ap_q_mode)5, (ap_o_mode)3, 0>, config10>.region_end" [firmware/nnet_utils/nnet_dense_stream.h:43]   --->   Operation 51 'phi' 'data_V_56_rewind' <Predicate = true> <Delay = 0.00>
ST_4 : Operation 52 [1/1] (0.00ns)   --->   "%data_V_57_rewind = phi i8 0, void %nnet::dense_resource<ap_fixed<8, 2, (ap_q_mode)5, (ap_o_mode)3, 0>, ap_fixed<8, 2, (ap_q_mode)5, (ap_o_mode)3, 0>, config10>.region_begin, i8 %data_V_57_phi, void %for.body12.split.i.i, i8 0, void %nnet::dense_resource<ap_fixed<8, 2, (ap_q_mode)5, (ap_o_mode)3, 0>, ap_fixed<8, 2, (ap_q_mode)5, (ap_o_mode)3, 0>, config10>.region_end" [firmware/nnet_utils/nnet_dense_stream.h:43]   --->   Operation 52 'phi' 'data_V_57_rewind' <Predicate = true> <Delay = 0.00>
ST_4 : Operation 53 [1/1] (0.00ns)   --->   "%p_rewind = phi i8 0, void %nnet::dense_resource<ap_fixed<8, 2, (ap_q_mode)5, (ap_o_mode)3, 0>, ap_fixed<8, 2, (ap_q_mode)5, (ap_o_mode)3, 0>, config10>.region_begin, i8 %p_phi, void %for.body12.split.i.i, i8 0, void %nnet::dense_resource<ap_fixed<8, 2, (ap_q_mode)5, (ap_o_mode)3, 0>, ap_fixed<8, 2, (ap_q_mode)5, (ap_o_mode)3, 0>, config10>.region_end" [firmware/nnet_utils/nnet_dense_stream.h:43]   --->   Operation 53 'phi' 'p_rewind' <Predicate = true> <Delay = 0.00>
ST_4 : Operation 54 [1/1] (1.58ns)   --->   "%br_ln0 = br i1 %do_init, void %for.body12.split.i.i, void %rewind_init"   --->   Operation 54 'br' 'br_ln0' <Predicate = true> <Delay = 1.58>
ST_4 : Operation 55 [1/1] (0.00ns)   --->   "%data_V_54_phi = phi i8 %data_V_84, void %rewind_init, i8 %data_V_54_rewind, void %rewind_header"   --->   Operation 55 'phi' 'data_V_54_phi' <Predicate = true> <Delay = 0.00>
ST_4 : Operation 56 [1/1] (0.00ns)   --->   "%data_V_53_phi = phi i8 %data_V_83, void %rewind_init, i8 %data_V_53_rewind, void %rewind_header"   --->   Operation 56 'phi' 'data_V_53_phi' <Predicate = true> <Delay = 0.00>
ST_4 : Operation 57 [1/1] (0.00ns)   --->   "%data_V_52_phi = phi i8 %data_V_82, void %rewind_init, i8 %data_V_52_rewind, void %rewind_header"   --->   Operation 57 'phi' 'data_V_52_phi' <Predicate = true> <Delay = 0.00>
ST_4 : Operation 58 [1/1] (0.00ns)   --->   "%data_V_51_phi = phi i8 %data_V_81, void %rewind_init, i8 %data_V_51_rewind, void %rewind_header"   --->   Operation 58 'phi' 'data_V_51_phi' <Predicate = true> <Delay = 0.00>
ST_4 : Operation 59 [1/1] (0.00ns)   --->   "%data_V_50_phi = phi i8 %data_V_80, void %rewind_init, i8 %data_V_50_rewind, void %rewind_header"   --->   Operation 59 'phi' 'data_V_50_phi' <Predicate = true> <Delay = 0.00>
ST_4 : Operation 60 [1/1] (0.00ns)   --->   "%data_V_49_phi = phi i8 %data_V_79, void %rewind_init, i8 %data_V_49_rewind, void %rewind_header"   --->   Operation 60 'phi' 'data_V_49_phi' <Predicate = true> <Delay = 0.00>
ST_4 : Operation 61 [1/1] (0.00ns)   --->   "%data_V_48_phi = phi i8 %data_V_78, void %rewind_init, i8 %data_V_48_rewind, void %rewind_header"   --->   Operation 61 'phi' 'data_V_48_phi' <Predicate = true> <Delay = 0.00>
ST_4 : Operation 62 [1/1] (0.00ns)   --->   "%data_V_47_phi = phi i8 %data_V_77, void %rewind_init, i8 %data_V_47_rewind, void %rewind_header"   --->   Operation 62 'phi' 'data_V_47_phi' <Predicate = true> <Delay = 0.00>
ST_4 : Operation 63 [1/1] (0.00ns)   --->   "%data_V_46_phi = phi i8 %data_V_76, void %rewind_init, i8 %data_V_46_rewind, void %rewind_header"   --->   Operation 63 'phi' 'data_V_46_phi' <Predicate = true> <Delay = 0.00>
ST_4 : Operation 64 [1/1] (0.00ns)   --->   "%data_V_45_phi = phi i8 %data_V_75, void %rewind_init, i8 %data_V_45_rewind, void %rewind_header"   --->   Operation 64 'phi' 'data_V_45_phi' <Predicate = true> <Delay = 0.00>
ST_4 : Operation 65 [1/1] (0.00ns)   --->   "%data_V_44_phi = phi i8 %data_V_74, void %rewind_init, i8 %data_V_44_rewind, void %rewind_header"   --->   Operation 65 'phi' 'data_V_44_phi' <Predicate = true> <Delay = 0.00>
ST_4 : Operation 66 [1/1] (0.00ns)   --->   "%data_V_43_phi = phi i8 %data_V_73, void %rewind_init, i8 %data_V_43_rewind, void %rewind_header"   --->   Operation 66 'phi' 'data_V_43_phi' <Predicate = true> <Delay = 0.00>
ST_4 : Operation 67 [1/1] (0.00ns)   --->   "%data_V_55_phi = phi i8 %data_V_72, void %rewind_init, i8 %data_V_55_rewind, void %rewind_header"   --->   Operation 67 'phi' 'data_V_55_phi' <Predicate = true> <Delay = 0.00>
ST_4 : Operation 68 [1/1] (0.00ns)   --->   "%data_V_56_phi = phi i8 %data_V_71, void %rewind_init, i8 %data_V_56_rewind, void %rewind_header"   --->   Operation 68 'phi' 'data_V_56_phi' <Predicate = true> <Delay = 0.00>
ST_4 : Operation 69 [1/1] (0.00ns)   --->   "%data_V_57_phi = phi i8 %data_V_70, void %rewind_init, i8 %data_V_57_rewind, void %rewind_header"   --->   Operation 69 'phi' 'data_V_57_phi' <Predicate = true> <Delay = 0.00>
ST_4 : Operation 70 [1/1] (0.00ns)   --->   "%p_phi = phi i8 %data_V, void %rewind_init, i8 %p_rewind, void %rewind_header"   --->   Operation 70 'phi' 'p_phi' <Predicate = true> <Delay = 0.00>
ST_4 : Operation 71 [1/1] (2.06ns)   --->   "%a_V = mux i8 @_ssdm_op_Mux.ap_auto.16i8.i4, i8 %p_phi, i8 %data_V_55_phi, i8 %data_V_43_phi, i8 %data_V_44_phi, i8 %data_V_45_phi, i8 %data_V_46_phi, i8 %data_V_47_phi, i8 %data_V_48_phi, i8 %data_V_49_phi, i8 %data_V_50_phi, i8 %data_V_51_phi, i8 %data_V_52_phi, i8 %data_V_53_phi, i8 %data_V_54_phi, i8 %data_V_57_phi, i8 %data_V_56_phi, i4 %in_index3" [firmware/nnet_utils/nnet_dense_stream.h:43]   --->   Operation 71 'mux' 'a_V' <Predicate = true> <Delay = 2.06> <CoreInst = "Multiplexer">   --->   Core 76 'Multiplexer' <Latency = 0> <II = 1> <Delay = 2.06> <FuncUnit> <Opcode : 'mux'> <InPorts = 2> <OutPorts = 1>
ST_4 : Operation 72 [1/2] (2.32ns)   --->   "%w_V = load i4 %w10_V_addr" [firmware/nnet_utils/nnet_dense_resource.h:55->firmware/nnet_utils/nnet_dense_resource.h:240->firmware/nnet_utils/nnet_dense_stream.h:24]   --->   Operation 72 'load' 'w_V' <Predicate = true> <Delay = 2.32> <CoreInst = "ROM">   --->   Core 95 'ROM' <Latency = 1> <II = 1> <Delay = 2.32> <Storage> <Opcode : 'load'> <Ports = 0> <Width = 6> <Depth = 16> <ROM>

State 5 <SV = 4> <Delay = 4.17>
ST_5 : Operation 73 [1/1] (0.00ns)   --->   "%sext_ln1270 = sext i8 %a_V" [firmware/nnet_utils/nnet_dense_stream.h:24]   --->   Operation 73 'sext' 'sext_ln1270' <Predicate = true> <Delay = 0.00>
ST_5 : Operation 74 [1/1] (0.00ns)   --->   "%sext_ln1270_12 = sext i6 %w_V" [firmware/nnet_utils/nnet_dense_stream.h:24]   --->   Operation 74 'sext' 'sext_ln1270_12' <Predicate = true> <Delay = 0.00>
ST_5 : Operation 75 [1/1] (4.17ns)   --->   "%mul_ln1270 = mul i13 %sext_ln1270, i13 %sext_ln1270_12" [firmware/nnet_utils/nnet_dense_stream.h:24]   --->   Operation 75 'mul' 'mul_ln1270' <Predicate = true> <Delay = 4.17> <CoreInst = "Multiplier">   --->   Core 3 'Multiplier' <Latency = 0> <II = 1> <Delay = 4.17> <FuncUnit> <Opcode : 'mul'> <InPorts = 2> <OutPorts = 1>
ST_5 : Operation 76 [1/1] (0.00ns)   --->   "%trunc_ln = partselect i8 @_ssdm_op_PartSelect.i8.i13.i32.i32, i13 %mul_ln1270, i32 5, i32 12" [firmware/nnet_utils/nnet_dense_stream.h:24]   --->   Operation 76 'partselect' 'trunc_ln' <Predicate = true> <Delay = 0.00>

State 6 <SV = 5> <Delay = 4.10>
ST_6 : Operation 77 [1/1] (0.00ns)   --->   "%res_V4 = phi i8 34, void %nnet::dense_resource<ap_fixed<8, 2, (ap_q_mode)5, (ap_o_mode)3, 0>, ap_fixed<8, 2, (ap_q_mode)5, (ap_o_mode)3, 0>, config10>.region_begin, i8 %res_V, void %for.body12.split.i.i, i8 34, void %nnet::dense_resource<ap_fixed<8, 2, (ap_q_mode)5, (ap_o_mode)3, 0>, ap_fixed<8, 2, (ap_q_mode)5, (ap_o_mode)3, 0>, config10>.region_end"   --->   Operation 77 'phi' 'res_V4' <Predicate = true> <Delay = 0.00>
ST_6 : Operation 78 [1/1] (0.00ns)   --->   "%empty = speclooptripcount i32 @_ssdm_op_SpecLoopTripCount, i64 16, i64 16, i64 16"   --->   Operation 78 'speclooptripcount' 'empty' <Predicate = true> <Delay = 0.00>
ST_6 : Operation 79 [1/1] (0.00ns)   --->   "%specpipeline_ln43 = specpipeline void @_ssdm_op_SpecPipeline, i32 1, i32 0, i32 0, i32 0, void @empty_0" [firmware/nnet_utils/nnet_dense_resource.h:43->firmware/nnet_utils/nnet_dense_resource.h:240->firmware/nnet_utils/nnet_dense_stream.h:24]   --->   Operation 79 'specpipeline' 'specpipeline_ln43' <Predicate = true> <Delay = 0.00>
ST_6 : Operation 80 [1/1] (0.00ns)   --->   "%specloopname_ln45 = specloopname void @_ssdm_op_SpecLoopName, void @empty_3" [firmware/nnet_utils/nnet_dense_resource.h:45->firmware/nnet_utils/nnet_dense_resource.h:240->firmware/nnet_utils/nnet_dense_stream.h:24]   --->   Operation 80 'specloopname' 'specloopname_ln45' <Predicate = true> <Delay = 0.00>
ST_6 : Operation 81 [1/1] (1.91ns)   --->   "%res_V = add i8 %trunc_ln, i8 %res_V4" [firmware/nnet_utils/nnet_dense_stream.h:24]   --->   Operation 81 'add' 'res_V' <Predicate = true> <Delay = 1.91> <CoreInst = "Adder">   --->   Core 1 'Adder' <Latency = 0> <II = 1> <Delay = 1.91> <FuncUnit> <Opcode : 'add' 'sub'> <InPorts = 2> <OutPorts = 1>
ST_6 : Operation 82 [1/1] (0.00ns)   --->   "%rend = specregionend i32 @_ssdm_op_SpecRegionEnd, void @nnet_KD_KD_dense_resource_MD_ap_fixed_MD_8_MC_AC_2_MC_AC_IC_ap_q_mode_JC_5_M_2, i32 %rbegin" [firmware/nnet_utils/nnet_dense_stream.h:53]   --->   Operation 82 'specregionend' 'rend' <Predicate = (icmp_ln42)> <Delay = 0.00>
ST_6 : Operation 83 [1/1] (2.18ns)   --->   "%write_ln77 = write void @_ssdm_op_Write.ap_fifo.volatile.i8P0A, i8 %layer10_out, i8 %res_V" [firmware/nnet_utils/nnet_dense_stream.h:77]   --->   Operation 83 'write' 'write_ln77' <Predicate = (icmp_ln42)> <Delay = 2.18> <CoreInst = "FIFO_SRL">   --->   Core 81 'FIFO_SRL' <Latency = 0> <II = 1> <Delay = 3.63> <Storage> <Opcode : 'read' 'write' 'nbread' 'nbwrite'> <Ports = 0> <Width = 8> <Depth = 1> <FIFO>
ST_6 : Operation 84 [1/1] (0.00ns)   --->   "%return_ln101 = return void @_ssdm_op_Return" [firmware/nnet_utils/nnet_dense_stream.h:101]   --->   Operation 84 'return' 'return_ln101' <Predicate = (icmp_ln42)> <Delay = 0.00>


============================================================
+ Verbose Summary: Timing violations
============================================================
Target clock period: 5ns, clock uncertainty: 0.625ns.

 <State 1>: 1.59ns
The critical path consists of the following:
	multiplexor before 'phi' operation ('do_init') [9]  (1.59 ns)

 <State 2>: 1.74ns
The critical path consists of the following:
	'phi' operation ('in_index') with incoming values : ('in_index', firmware/nnet_utils/nnet_dense_resource.h:42->firmware/nnet_utils/nnet_dense_resource.h:240->firmware/nnet_utils/nnet_dense_stream.h:24) [27]  (0 ns)
	'add' operation ('in_index', firmware/nnet_utils/nnet_dense_resource.h:42->firmware/nnet_utils/nnet_dense_resource.h:240->firmware/nnet_utils/nnet_dense_stream.h:24) [77]  (1.74 ns)

 <State 3>: 2.32ns
The critical path consists of the following:
	'getelementptr' operation ('w10_V_addr', firmware/nnet_utils/nnet_dense_resource.h:55->firmware/nnet_utils/nnet_dense_resource.h:240->firmware/nnet_utils/nnet_dense_stream.h:24) [70]  (0 ns)
	'load' operation ('w.V', firmware/nnet_utils/nnet_dense_resource.h:55->firmware/nnet_utils/nnet_dense_resource.h:240->firmware/nnet_utils/nnet_dense_stream.h:24) on array 'w10_V' [71]  (2.32 ns)

 <State 4>: 3.65ns
The critical path consists of the following:
	'phi' operation ('data_V_54_rewind', firmware/nnet_utils/nnet_dense_stream.h:43) with incoming values : ('data.V', firmware/nnet_utils/nnet_dense_stream.h:43) [10]  (0 ns)
	multiplexor before 'phi' operation ('data.V') with incoming values : ('data.V', firmware/nnet_utils/nnet_dense_stream.h:43) [49]  (1.59 ns)
	'phi' operation ('data.V') with incoming values : ('data.V', firmware/nnet_utils/nnet_dense_stream.h:43) [49]  (0 ns)
	'mux' operation ('a.V', firmware/nnet_utils/nnet_dense_stream.h:43) [69]  (2.06 ns)

 <State 5>: 4.17ns
The critical path consists of the following:
	'mul' operation ('mul_ln1270', firmware/nnet_utils/nnet_dense_stream.h:24) [74]  (4.17 ns)

 <State 6>: 4.1ns
The critical path consists of the following:
	'phi' operation ('res.V') with incoming values : ('res.V', firmware/nnet_utils/nnet_dense_stream.h:24) [26]  (0 ns)
	'add' operation ('res.V', firmware/nnet_utils/nnet_dense_stream.h:24) [76]  (1.92 ns)
	fifo write operation ('write_ln77', firmware/nnet_utils/nnet_dense_stream.h:77) on port 'layer10_out' (firmware/nnet_utils/nnet_dense_stream.h:77) [82]  (2.19 ns)


============================================================
+ Verbose Summary: Binding
============================================================
N/A
* FSMD analyzer results:
  - Output states:
 - Input state : 
  - Chain level:
	State 1
	State 2
	State 3
	State 4
	State 5
	State 6


============================================================
+ Verbose Summary: Datapath Resource usage 
============================================================
N/A
