

================================================================
== Vitis HLS Report for 'Loop_VITIS_LOOP_86_1_proc1'
================================================================
* Date:           Fri Jun 26 18:52:40 2026

* Version:        2022.2 (Build 3670227 on Oct 13 2022)
* Project:        myproject_prj
* Solution:       solution1 (Vivado IP Flow Target)
* Product family: zynq
* Target device:  xc7z020-clg400-1


================================================================
== Performance Estimates
================================================================
+ Timing: 
    * Summary: 
    +--------+---------+----------+------------+
    |  Clock |  Target | Estimated| Uncertainty|
    +--------+---------+----------+------------+
    |ap_clk  |  5.00 ns|  4.234 ns|     0.62 ns|
    +--------+---------+----------+------------+

+ Latency: 
    * Summary: 
    +---------+---------+----------+----------+-----+-----+---------+
    |  Latency (cycles) |  Latency (absolute) |  Interval | Pipeline|
    |   min   |   max   |    min   |    max   | min | max |   Type  |
    +---------+---------+----------+----------+-----+-----+---------+
    |       26|       26|  0.130 us|  0.130 us|   26|   26|       no|
    +---------+---------+----------+----------+-----+-----+---------+

    + Detail: 
        * Instance: 
        N/A

        * Loop: 
        +-------------------+---------+---------+----------+-----------+-----------+------+----------+
        |                   |  Latency (cycles) | Iteration|  Initiation Interval  | Trip |          |
        |     Loop Name     |   min   |   max   |  Latency |  achieved |   target  | Count| Pipelined|
        +-------------------+---------+---------+----------+-----------+-----------+------+----------+
        |- VITIS_LOOP_86_1  |       24|       24|         8|          1|          1|    18|       yes|
        +-------------------+---------+---------+----------+-----------+-----------+------+----------+

============================================================
+ Verbose Summary: Synthesis Manager
============================================================
InlineROM: 1
ExposeGlobal: 0
============================================================
+ Verbose Summary: CDFG Model
============================================================
IsTopModel: 0
ResetActiveHigh: 1
IsCombinational: 2
IsDatapathOnly: 0
HasWiredReturn: 1
HasMFsm: 2
HasVarLatency: 1
IsPipeline: 0
IsRtlPipelined: 0
IsInstanceOverlapped: 0
IsDontTouch: 0
HasImplIP: 0
IsGatedGlobalClock: 0

+ Individual pipeline summary: 
  * Pipeline-0: initiation interval (II) = 1, depth = 8


============================================================
+ Verbose Summary: Schedule
============================================================
* Number of FSM states : 8
* Pipeline : 1
  Pipeline-0 : II = 1, D = 8, States = { 1 2 3 4 5 6 7 8 }
* Dataflow Pipeline: 0

* FSM state transitions: 
1 --> 2 
2 --> 3 
3 --> 4 
4 --> 5 
5 --> 6 
6 --> 7 
7 --> 8 
8 --> 

* FSM state operations: 

State 1 <SV = 0> <Delay = 3.36>
ST_1 : Operation 11 [1/1] (0.00ns)   --->   "%h = alloca i32 1"   --->   Operation 11 'alloca' 'h' <Predicate = true> <Delay = 0.00>
ST_1 : Operation 12 [1/1] (0.00ns)   --->   "%specinterface_ln0 = specinterface void @_ssdm_op_SpecInterface, i8 %features_in_data_V, void @ap_fifo_str, i32 0, i32 0, void @p_str, i32 0, i32 0, void @p_str, void @p_str, void @p_str, i32 2, i32 2, i32 16, i32 16, void @p_str, void @p_str, i32 4294967295, i32 0"   --->   Operation 12 'specinterface' 'specinterface_ln0' <Predicate = true> <Delay = 0.00>
ST_1 : Operation 13 [1/1] (0.00ns)   --->   "%specaxissidechannel_ln0 = specaxissidechannel void @_ssdm_op_SpecAXISSideChannel, i32 %input_r_V_data_V, i4 %input_r_V_keep_V, i4 %input_r_V_strb_V, i2 %input_r_V_user_V, i1 %input_r_V_last_V, i5 %input_r_V_id_V, i6 %input_r_V_dest_V, void @empty_4"   --->   Operation 13 'specaxissidechannel' 'specaxissidechannel_ln0' <Predicate = true> <Delay = 0.00>
ST_1 : Operation 14 [1/1] (0.00ns)   --->   "%specinterface_ln0 = specinterface void @_ssdm_op_SpecInterface, i6 %input_r_V_dest_V, i5 %input_r_V_id_V, i1 %input_r_V_last_V, i2 %input_r_V_user_V, i4 %input_r_V_strb_V, i4 %input_r_V_keep_V, i32 %input_r_V_data_V, void @empty_9, i32 1, i32 1, void @empty, i32 0, i32 0, void @empty_0, void @empty_0, void @empty_0, i32 0, i32 0, i32 0, i32 0, void @empty_0, void @empty_0, i32 4294967295, i32 0"   --->   Operation 14 'specinterface' 'specinterface_ln0' <Predicate = true> <Delay = 0.00>
ST_1 : Operation 15 [1/1] (1.58ns)   --->   "%store_ln0 = store i5 0, i5 %h"   --->   Operation 15 'store' 'store_ln0' <Predicate = true> <Delay = 1.58>
ST_1 : Operation 16 [1/1] (0.00ns)   --->   "%br_ln0 = br void %for.cond.i.i"   --->   Operation 16 'br' 'br_ln0' <Predicate = true> <Delay = 0.00>
ST_1 : Operation 17 [1/1] (0.00ns)   --->   "%h_1 = load i5 %h" [firmware/myproject.cpp:86]   --->   Operation 17 'load' 'h_1' <Predicate = true> <Delay = 0.00>
ST_1 : Operation 18 [1/1] (1.36ns)   --->   "%icmp_ln86 = icmp_eq  i5 %h_1, i5 18" [firmware/myproject.cpp:86]   --->   Operation 18 'icmp' 'icmp_ln86' <Predicate = true> <Delay = 1.36> <CoreInst = "Cmp">   --->   Core 9 'Cmp' <Latency = 0> <II = 1> <Delay = 1.36> <FuncUnit> <Opcode : 'icmp'> <InPorts = 2> <OutPorts = 1>
ST_1 : Operation 19 [1/1] (0.00ns)   --->   "%empty = speclooptripcount i32 @_ssdm_op_SpecLoopTripCount, i64 18, i64 18, i64 18"   --->   Operation 19 'speclooptripcount' 'empty' <Predicate = true> <Delay = 0.00>
ST_1 : Operation 20 [1/1] (1.78ns)   --->   "%add_ln86 = add i5 %h_1, i5 1" [firmware/myproject.cpp:86]   --->   Operation 20 'add' 'add_ln86' <Predicate = true> <Delay = 1.78> <CoreInst = "Adder">   --->   Core 1 'Adder' <Latency = 0> <II = 1> <Delay = 1.78> <FuncUnit> <Opcode : 'add' 'sub'> <InPorts = 2> <OutPorts = 1>
ST_1 : Operation 21 [1/1] (0.00ns)   --->   "%br_ln86 = br i1 %icmp_ln86, void %for.inc.i.i_ifconv, void %inference_for.cond.i.exit.exitStub" [firmware/myproject.cpp:86]   --->   Operation 21 'br' 'br_ln86' <Predicate = true> <Delay = 0.00>
ST_1 : Operation 22 [1/1] (0.00ns)   --->   "%empty_688 = read i54 @_ssdm_op_Read.axis.volatile.i32P0A.i4P0A.i4P0A.i2P0A.i1P0A.i5P0A.i6P0A, i32 %input_r_V_data_V, i4 %input_r_V_keep_V, i4 %input_r_V_strb_V, i2 %input_r_V_user_V, i1 %input_r_V_last_V, i5 %input_r_V_id_V, i6 %input_r_V_dest_V"   --->   Operation 22 'read' 'empty_688' <Predicate = (!icmp_ln86)> <Delay = 0.00> <CoreInst = "axis">   --->   Core 115 'axis' <Latency = 0> <II = 1> <Delay = 1.00> <Adapter> <Opcode : >
ST_1 : Operation 23 [1/1] (0.00ns)   --->   "%tmp_data_V = extractvalue i54 %empty_688"   --->   Operation 23 'extractvalue' 'tmp_data_V' <Predicate = (!icmp_ln86)> <Delay = 0.00>
ST_1 : Operation 24 [1/1] (1.58ns)   --->   "%store_ln86 = store i5 %add_ln86, i5 %h" [firmware/myproject.cpp:86]   --->   Operation 24 'store' 'store_ln86' <Predicate = (!icmp_ln86)> <Delay = 1.58>

State 2 <SV = 1> <Delay = 3.69>
ST_2 : Operation 25 [1/1] (0.00ns)   --->   "%bitcast_ln97 = bitcast i32 %tmp_data_V" [firmware/myproject.cpp:97]   --->   Operation 25 'bitcast' 'bitcast_ln97' <Predicate = true> <Delay = 0.00>
ST_2 : Operation 26 [3/3] (3.69ns)   --->   "%d = fpext i32 %bitcast_ln97"   --->   Operation 26 'fpext' 'd' <Predicate = true> <Delay = 3.69> <CoreInst = "Float2Double">   --->   Core 64 'Float2Double' <Latency = 2> <II = 1> <Delay = 3.69> <FuncUnit> <Opcode : 'fpext'> <InPorts = 1> <OutPorts = 1>

State 3 <SV = 2> <Delay = 3.69>
ST_3 : Operation 27 [2/3] (3.69ns)   --->   "%d = fpext i32 %bitcast_ln97"   --->   Operation 27 'fpext' 'd' <Predicate = true> <Delay = 3.69> <CoreInst = "Float2Double">   --->   Core 64 'Float2Double' <Latency = 2> <II = 1> <Delay = 3.69> <FuncUnit> <Opcode : 'fpext'> <InPorts = 1> <OutPorts = 1>

State 4 <SV = 3> <Delay = 3.69>
ST_4 : Operation 28 [1/3] (3.69ns)   --->   "%d = fpext i32 %bitcast_ln97"   --->   Operation 28 'fpext' 'd' <Predicate = true> <Delay = 3.69> <CoreInst = "Float2Double">   --->   Core 64 'Float2Double' <Latency = 2> <II = 1> <Delay = 3.69> <FuncUnit> <Opcode : 'fpext'> <InPorts = 1> <OutPorts = 1>
ST_4 : Operation 29 [1/1] (0.00ns)   --->   "%ireg = bitcast i64 %d"   --->   Operation 29 'bitcast' 'ireg' <Predicate = true> <Delay = 0.00>
ST_4 : Operation 30 [1/1] (0.00ns)   --->   "%trunc_ln544 = trunc i64 %ireg"   --->   Operation 30 'trunc' 'trunc_ln544' <Predicate = true> <Delay = 0.00>
ST_4 : Operation 31 [1/1] (0.00ns)   --->   "%p_Result_s = bitselect i1 @_ssdm_op_BitSelect.i1.i64.i32, i64 %ireg, i32 63"   --->   Operation 31 'bitselect' 'p_Result_s' <Predicate = true> <Delay = 0.00>
ST_4 : Operation 32 [1/1] (0.00ns)   --->   "%exp_tmp = partselect i11 @_ssdm_op_PartSelect.i11.i64.i32.i32, i64 %ireg, i32 52, i32 62"   --->   Operation 32 'partselect' 'exp_tmp' <Predicate = true> <Delay = 0.00>
ST_4 : Operation 33 [1/1] (0.00ns)   --->   "%trunc_ln554 = trunc i64 %ireg"   --->   Operation 33 'trunc' 'trunc_ln554' <Predicate = true> <Delay = 0.00>

State 5 <SV = 4> <Delay = 4.23>
ST_5 : Operation 34 [1/1] (0.00ns)   --->   "%zext_ln455 = zext i11 %exp_tmp"   --->   Operation 34 'zext' 'zext_ln455' <Predicate = true> <Delay = 0.00>
ST_5 : Operation 35 [1/1] (0.00ns)   --->   "%p_Result_1 = bitconcatenate i53 @_ssdm_op_BitConcatenate.i53.i1.i52, i1 1, i52 %trunc_ln554"   --->   Operation 35 'bitconcatenate' 'p_Result_1' <Predicate = true> <Delay = 0.00>
ST_5 : Operation 36 [1/1] (0.00ns)   --->   "%zext_ln558 = zext i53 %p_Result_1"   --->   Operation 36 'zext' 'zext_ln558' <Predicate = true> <Delay = 0.00>
ST_5 : Operation 37 [1/1] (3.23ns)   --->   "%man_V_1 = sub i54 0, i54 %zext_ln558"   --->   Operation 37 'sub' 'man_V_1' <Predicate = (p_Result_s)> <Delay = 3.23> <CoreInst = "Adder">   --->   Core 1 'Adder' <Latency = 0> <II = 1> <Delay = 3.23> <FuncUnit> <Opcode : 'add' 'sub'> <InPorts = 2> <OutPorts = 1>
ST_5 : Operation 38 [1/1] (0.94ns)   --->   "%man_V_2 = select i1 %p_Result_s, i54 %man_V_1, i54 %zext_ln558"   --->   Operation 38 'select' 'man_V_2' <Predicate = true> <Delay = 0.94> <CoreInst = "Sel">   --->   Core 73 'Sel' <Latency = 0> <II = 1> <Delay = 0.94> <FuncUnit> <Opcode : 'select'> <InPorts = 3> <OutPorts = 1>
ST_5 : Operation 39 [1/1] (2.78ns)   --->   "%icmp_ln560 = icmp_eq  i63 %trunc_ln544, i63 0"   --->   Operation 39 'icmp' 'icmp_ln560' <Predicate = true> <Delay = 2.78> <CoreInst = "Cmp">   --->   Core 9 'Cmp' <Latency = 0> <II = 1> <Delay = 2.78> <FuncUnit> <Opcode : 'icmp'> <InPorts = 2> <OutPorts = 1>
ST_5 : Operation 40 [1/1] (1.54ns)   --->   "%F2 = sub i12 1075, i12 %zext_ln455"   --->   Operation 40 'sub' 'F2' <Predicate = true> <Delay = 1.54> <CoreInst = "Adder">   --->   Core 1 'Adder' <Latency = 0> <II = 1> <Delay = 1.54> <FuncUnit> <Opcode : 'add' 'sub'> <InPorts = 2> <OutPorts = 1>
ST_5 : Operation 41 [1/1] (1.99ns)   --->   "%icmp_ln570 = icmp_sgt  i12 %F2, i12 6"   --->   Operation 41 'icmp' 'icmp_ln570' <Predicate = true> <Delay = 1.99> <CoreInst = "Cmp">   --->   Core 9 'Cmp' <Latency = 0> <II = 1> <Delay = 1.99> <FuncUnit> <Opcode : 'icmp'> <InPorts = 2> <OutPorts = 1>
ST_5 : Operation 42 [1/1] (1.54ns)   --->   "%add_ln570 = add i12 %F2, i12 4090"   --->   Operation 42 'add' 'add_ln570' <Predicate = true> <Delay = 1.54> <CoreInst = "Adder">   --->   Core 1 'Adder' <Latency = 0> <II = 1> <Delay = 1.54> <FuncUnit> <Opcode : 'add' 'sub'> <InPorts = 2> <OutPorts = 1>
ST_5 : Operation 43 [1/1] (1.54ns)   --->   "%sub_ln570 = sub i12 6, i12 %F2"   --->   Operation 43 'sub' 'sub_ln570' <Predicate = true> <Delay = 1.54> <CoreInst = "Adder">   --->   Core 1 'Adder' <Latency = 0> <II = 1> <Delay = 1.54> <FuncUnit> <Opcode : 'add' 'sub'> <InPorts = 2> <OutPorts = 1>
ST_5 : Operation 44 [1/1] (0.69ns)   --->   "%sh_amt = select i1 %icmp_ln570, i12 %add_ln570, i12 %sub_ln570"   --->   Operation 44 'select' 'sh_amt' <Predicate = true> <Delay = 0.69> <CoreInst = "Sel">   --->   Core 73 'Sel' <Latency = 0> <II = 1> <Delay = 0.69> <FuncUnit> <Opcode : 'select'> <InPorts = 3> <OutPorts = 1>
ST_5 : Operation 45 [1/1] (1.99ns)   --->   "%icmp_ln571 = icmp_eq  i12 %F2, i12 6"   --->   Operation 45 'icmp' 'icmp_ln571' <Predicate = true> <Delay = 1.99> <CoreInst = "Cmp">   --->   Core 9 'Cmp' <Latency = 0> <II = 1> <Delay = 1.99> <FuncUnit> <Opcode : 'icmp'> <InPorts = 2> <OutPorts = 1>
ST_5 : Operation 46 [1/1] (0.00ns)   --->   "%trunc_ln572 = trunc i54 %man_V_2"   --->   Operation 46 'trunc' 'trunc_ln572' <Predicate = true> <Delay = 0.00>
ST_5 : Operation 47 [1/1] (0.00ns)   --->   "%tmp_4 = partselect i9 @_ssdm_op_PartSelect.i9.i12.i32.i32, i12 %sh_amt, i32 3, i32 11"   --->   Operation 47 'partselect' 'tmp_4' <Predicate = true> <Delay = 0.00>

State 6 <SV = 5> <Delay = 3.88>
ST_6 : Operation 48 [1/1] (0.00ns)   --->   "%sext_ln570 = sext i12 %sh_amt"   --->   Operation 48 'sext' 'sext_ln570' <Predicate = (!icmp_ln560)> <Delay = 0.00>
ST_6 : Operation 49 [1/1] (1.99ns)   --->   "%icmp_ln574 = icmp_ult  i12 %sh_amt, i12 54"   --->   Operation 49 'icmp' 'icmp_ln574' <Predicate = (!icmp_ln560)> <Delay = 1.99> <CoreInst = "Cmp">   --->   Core 9 'Cmp' <Latency = 0> <II = 1> <Delay = 1.99> <FuncUnit> <Opcode : 'icmp'> <InPorts = 2> <OutPorts = 1>
ST_6 : Operation 50 [1/1] (0.00ns)   --->   "%zext_ln575 = zext i32 %sext_ln570"   --->   Operation 50 'zext' 'zext_ln575' <Predicate = (!icmp_ln560)> <Delay = 0.00>
ST_6 : Operation 51 [2/2] (3.88ns)   --->   "%ashr_ln575 = ashr i54 %man_V_2, i54 %zext_ln575"   --->   Operation 51 'ashr' 'ashr_ln575' <Predicate = (!icmp_ln560)> <Delay = 3.88> <CoreInst = "Shifter">   --->   Core 75 'Shifter' <Latency = 1> <II = 1> <Delay = 3.88> <FuncUnit> <Opcode : 'shl' 'lshr' 'ashr'> <InPorts = 2> <OutPorts = 1>
ST_6 : Operation 52 [1/1] (1.66ns)   --->   "%icmp_ln592 = icmp_eq  i9 %tmp_4, i9 0"   --->   Operation 52 'icmp' 'icmp_ln592' <Predicate = (!icmp_ln560)> <Delay = 1.66> <CoreInst = "Cmp">   --->   Core 9 'Cmp' <Latency = 0> <II = 1> <Delay = 1.66> <FuncUnit> <Opcode : 'icmp'> <InPorts = 2> <OutPorts = 1>

State 7 <SV = 6> <Delay = 3.88>
ST_7 : Operation 53 [1/2] (3.88ns)   --->   "%ashr_ln575 = ashr i54 %man_V_2, i54 %zext_ln575"   --->   Operation 53 'ashr' 'ashr_ln575' <Predicate = (!icmp_ln560)> <Delay = 3.88> <CoreInst = "Shifter">   --->   Core 75 'Shifter' <Latency = 1> <II = 1> <Delay = 3.88> <FuncUnit> <Opcode : 'shl' 'lshr' 'ashr'> <InPorts = 2> <OutPorts = 1>
ST_7 : Operation 54 [1/1] (0.00ns) (grouped into LUT with out node select_ln571)   --->   "%sext_ln570cast = trunc i32 %sext_ln570"   --->   Operation 54 'trunc' 'sext_ln570cast' <Predicate = (icmp_ln592 & !icmp_ln560)> <Delay = 0.00>
ST_7 : Operation 55 [1/1] (0.00ns) (grouped into LUT with out node select_ln571)   --->   "%shl_ln593 = shl i8 %trunc_ln572, i8 %sext_ln570cast"   --->   Operation 55 'shl' 'shl_ln593' <Predicate = (icmp_ln592 & !icmp_ln560)> <Delay = 0.00> <CoreInst = "Shifter">   --->   Core 75 'Shifter' <Latency = 0> <II = 1> <Delay = 3.14> <FuncUnit> <Opcode : 'shl' 'lshr' 'ashr'> <InPorts = 2> <OutPorts = 1>
ST_7 : Operation 56 [1/1] (0.00ns) (grouped into LUT with out node select_ln571)   --->   "%select_ln592 = select i1 %icmp_ln592, i8 %shl_ln593, i8 0"   --->   Operation 56 'select' 'select_ln592' <Predicate = (!icmp_ln560)> <Delay = 0.00> <CoreInst = "Sel">   --->   Core 73 'Sel' <Latency = 0> <II = 1> <Delay = 1.24> <FuncUnit> <Opcode : 'select'> <InPorts = 3> <OutPorts = 1>
ST_7 : Operation 57 [1/1] (0.00ns) (grouped into LUT with out node select_ln571)   --->   "%xor_ln560 = xor i1 %icmp_ln560, i1 1"   --->   Operation 57 'xor' 'xor_ln560' <Predicate = (!icmp_ln560)> <Delay = 0.00> <CoreInst = "LogicGate">   --->   Core 74 'LogicGate' <Latency = 0> <II = 1> <Delay = 0.97> <FuncUnit> <Opcode : 'and' 'or' 'xor'> <InPorts = 2> <OutPorts = 1>
ST_7 : Operation 58 [1/1] (0.00ns) (grouped into LUT with out node select_ln571)   --->   "%and_ln571 = and i1 %icmp_ln571, i1 %xor_ln560"   --->   Operation 58 'and' 'and_ln571' <Predicate = (!icmp_ln560)> <Delay = 0.00> <CoreInst = "LogicGate">   --->   Core 74 'LogicGate' <Latency = 0> <II = 1> <Delay = 0.97> <FuncUnit> <Opcode : 'and' 'or' 'xor'> <InPorts = 2> <OutPorts = 1>
ST_7 : Operation 59 [1/1] (3.14ns) (out node of the LUT)   --->   "%select_ln571 = select i1 %and_ln571, i8 %trunc_ln572, i8 %select_ln592"   --->   Operation 59 'select' 'select_ln571' <Predicate = (!icmp_ln560)> <Delay = 3.14> <CoreInst = "Sel">   --->   Core 73 'Sel' <Latency = 0> <II = 1> <Delay = 1.24> <FuncUnit> <Opcode : 'select'> <InPorts = 3> <OutPorts = 1>
ST_7 : Operation 60 [1/1] (0.00ns) (grouped into LUT with out node and_ln570)   --->   "%or_ln571 = or i1 %icmp_ln560, i1 %icmp_ln571"   --->   Operation 60 'or' 'or_ln571' <Predicate = (!icmp_ln560)> <Delay = 0.00> <CoreInst = "LogicGate">   --->   Core 74 'LogicGate' <Latency = 0> <II = 1> <Delay = 0.97> <FuncUnit> <Opcode : 'and' 'or' 'xor'> <InPorts = 2> <OutPorts = 1>
ST_7 : Operation 61 [1/1] (0.00ns) (grouped into LUT with out node and_ln570)   --->   "%xor_ln571 = xor i1 %or_ln571, i1 1"   --->   Operation 61 'xor' 'xor_ln571' <Predicate = (!icmp_ln560)> <Delay = 0.00> <CoreInst = "LogicGate">   --->   Core 74 'LogicGate' <Latency = 0> <II = 1> <Delay = 0.97> <FuncUnit> <Opcode : 'and' 'or' 'xor'> <InPorts = 2> <OutPorts = 1>
ST_7 : Operation 62 [1/1] (0.97ns) (out node of the LUT)   --->   "%and_ln570 = and i1 %icmp_ln570, i1 %xor_ln571"   --->   Operation 62 'and' 'and_ln570' <Predicate = (!icmp_ln560)> <Delay = 0.97> <CoreInst = "LogicGate">   --->   Core 74 'LogicGate' <Latency = 0> <II = 1> <Delay = 0.97> <FuncUnit> <Opcode : 'and' 'or' 'xor'> <InPorts = 2> <OutPorts = 1>
ST_7 : Operation 73 [1/1] (0.00ns)   --->   "%ret_ln0 = ret"   --->   Operation 73 'ret' 'ret_ln0' <Predicate = (icmp_ln86)> <Delay = 0.00>

State 8 <SV = 7> <Delay = 3.43>
ST_8 : Operation 63 [1/1] (0.00ns)   --->   "%specpipeline_ln87 = specpipeline void @_ssdm_op_SpecPipeline, i32 4294967295, i32 0, i32 0, i32 0, void @empty_0" [firmware/myproject.cpp:87]   --->   Operation 63 'specpipeline' 'specpipeline_ln87' <Predicate = true> <Delay = 0.00>
ST_8 : Operation 64 [1/1] (0.00ns)   --->   "%specloopname_ln88 = specloopname void @_ssdm_op_SpecLoopName, void @empty_8" [firmware/myproject.cpp:88]   --->   Operation 64 'specloopname' 'specloopname_ln88' <Predicate = true> <Delay = 0.00>
ST_8 : Operation 65 [1/1] (0.00ns) (grouped into LUT with out node select_ln560)   --->   "%trunc_ln575 = trunc i54 %ashr_ln575"   --->   Operation 65 'trunc' 'trunc_ln575' <Predicate = (icmp_ln574 & and_ln570 & !icmp_ln560)> <Delay = 0.00>
ST_8 : Operation 66 [1/1] (0.00ns) (grouped into LUT with out node select_ln560)   --->   "%tmp = bitselect i1 @_ssdm_op_BitSelect.i1.i32.i32, i32 %tmp_data_V, i32 31"   --->   Operation 66 'bitselect' 'tmp' <Predicate = (!icmp_ln574 & and_ln570 & !icmp_ln560)> <Delay = 0.00>
ST_8 : Operation 67 [1/1] (0.00ns) (grouped into LUT with out node select_ln560)   --->   "%select_ln574_1 = select i1 %tmp, i8 255, i8 0"   --->   Operation 67 'select' 'select_ln574_1' <Predicate = (!icmp_ln574 & and_ln570 & !icmp_ln560)> <Delay = 0.00> <CoreInst = "Sel">   --->   Core 73 'Sel' <Latency = 0> <II = 1> <Delay = 0.99> <FuncUnit> <Opcode : 'select'> <InPorts = 3> <OutPorts = 1>
ST_8 : Operation 68 [1/1] (0.00ns) (grouped into LUT with out node select_ln560)   --->   "%select_ln574 = select i1 %icmp_ln574, i8 %trunc_ln575, i8 %select_ln574_1"   --->   Operation 68 'select' 'select_ln574' <Predicate = (and_ln570 & !icmp_ln560)> <Delay = 0.00> <CoreInst = "Sel">   --->   Core 73 'Sel' <Latency = 0> <II = 1> <Delay = 1.24> <FuncUnit> <Opcode : 'select'> <InPorts = 3> <OutPorts = 1>
ST_8 : Operation 69 [1/1] (0.00ns) (grouped into LUT with out node select_ln560)   --->   "%select_ln570 = select i1 %and_ln570, i8 %select_ln574, i8 %select_ln571"   --->   Operation 69 'select' 'select_ln570' <Predicate = (!icmp_ln560)> <Delay = 0.00> <CoreInst = "Sel">   --->   Core 73 'Sel' <Latency = 0> <II = 1> <Delay = 1.24> <FuncUnit> <Opcode : 'select'> <InPorts = 3> <OutPorts = 1>
ST_8 : Operation 70 [1/1] (1.24ns) (out node of the LUT)   --->   "%select_ln560 = select i1 %icmp_ln560, i8 0, i8 %select_ln570"   --->   Operation 70 'select' 'select_ln560' <Predicate = true> <Delay = 1.24> <CoreInst = "Sel">   --->   Core 73 'Sel' <Latency = 0> <II = 1> <Delay = 1.24> <FuncUnit> <Opcode : 'select'> <InPorts = 3> <OutPorts = 1>
ST_8 : Operation 71 [1/1] (2.18ns)   --->   "%write_ln97 = write void @_ssdm_op_Write.ap_fifo.volatile.i8P0A, i8 %features_in_data_V, i8 %select_ln560" [firmware/myproject.cpp:97]   --->   Operation 71 'write' 'write_ln97' <Predicate = true> <Delay = 2.18> <CoreInst = "FIFO_SRL">   --->   Core 81 'FIFO_SRL' <Latency = 0> <II = 1> <Delay = 3.79> <Storage> <Opcode : 'read' 'write' 'nbread' 'nbwrite'> <Ports = 0> <Width = 8> <Depth = 18> <FIFO>
ST_8 : Operation 72 [1/1] (0.00ns)   --->   "%br_ln86 = br void %for.cond.i.i" [firmware/myproject.cpp:86]   --->   Operation 72 'br' 'br_ln86' <Predicate = true> <Delay = 0.00>


============================================================
+ Verbose Summary: Timing violations
============================================================
Target clock period: 5ns, clock uncertainty: 0.625ns.

 <State 1>: 3.37ns
The critical path consists of the following:
	'alloca' operation ('h') [9]  (0 ns)
	'load' operation ('h', firmware/myproject.cpp:86) on local variable 'h' [16]  (0 ns)
	'add' operation ('add_ln86', firmware/myproject.cpp:86) [19]  (1.78 ns)
	'store' operation ('store_ln86', firmware/myproject.cpp:86) of variable 'add_ln86', firmware/myproject.cpp:86 on local variable 'h' [68]  (1.59 ns)

 <State 2>: 3.7ns
The critical path consists of the following:
	'fpext' operation ('d') [27]  (3.7 ns)

 <State 3>: 3.7ns
The critical path consists of the following:
	'fpext' operation ('d') [27]  (3.7 ns)

 <State 4>: 3.7ns
The critical path consists of the following:
	'fpext' operation ('d') [27]  (3.7 ns)

 <State 5>: 4.23ns
The critical path consists of the following:
	'sub' operation ('F2') [39]  (1.55 ns)
	'icmp' operation ('icmp_ln570') [40]  (1.99 ns)
	'select' operation ('sh_amt') [43]  (0.697 ns)

 <State 6>: 3.88ns
The critical path consists of the following:
	'ashr' operation ('ashr_ln575') [49]  (3.88 ns)

 <State 7>: 3.88ns
The critical path consists of the following:
	'ashr' operation ('ashr_ln575') [49]  (3.88 ns)

 <State 8>: 3.44ns
The critical path consists of the following:
	'select' operation ('select_ln574') [53]  (0 ns)
	'select' operation ('select_ln570') [65]  (0 ns)
	'select' operation ('select_ln560') [66]  (1.25 ns)
	fifo write operation ('write_ln97', firmware/myproject.cpp:97) on port 'features_in_data_V' (firmware/myproject.cpp:97) [67]  (2.19 ns)


============================================================
+ Verbose Summary: Binding
============================================================
N/A
* FSMD analyzer results:
  - Output states:
 - Input state : 
  - Chain level:
	State 1
	State 2
	State 3
	State 4
	State 5
	State 6
	State 7
	State 8


============================================================
+ Verbose Summary: Datapath Resource usage 
============================================================
N/A
