

================================================================
== Vitis HLS Report for 'Loop_VITIS_LOOP_86_1_proc1'
================================================================
* Date:           Fri Jun 26 18:52:40 2026

* Version:        2022.2 (Build 3670227 on Oct 13 2022)
* Project:        myproject_prj
* Solution:       solution1 (Vivado IP Flow Target)
* Product family: zynq
* Target device:  xc7z020-clg400-1


================================================================
== Performance Estimates
================================================================
+ Timing: 
    * Summary: 
    +--------+---------+----------+------------+
    |  Clock |  Target | Estimated| Uncertainty|
    +--------+---------+----------+------------+
    |ap_clk  |  5.00 ns|  4.234 ns|     0.62 ns|
    +--------+---------+----------+------------+

+ Latency: 
    * Summary: 
    +---------+---------+----------+----------+-----+-----+---------+
    |  Latency (cycles) |  Latency (absolute) |  Interval | Pipeline|
    |   min   |   max   |    min   |    max   | min | max |   Type  |
    +---------+---------+----------+----------+-----+-----+---------+
    |       26|       26|  0.130 us|  0.130 us|   26|   26|       no|
    +---------+---------+----------+----------+-----+-----+---------+

    + Detail: 
        * Instance: 
        N/A

        * Loop: 
        +-------------------+---------+---------+----------+-----------+-----------+------+----------+
        |                   |  Latency (cycles) | Iteration|  Initiation Interval  | Trip |          |
        |     Loop Name     |   min   |   max   |  Latency |  achieved |   target  | Count| Pipelined|
        +-------------------+---------+---------+----------+-----------+-----------+------+----------+
        |- VITIS_LOOP_86_1  |       24|       24|         8|          1|          1|    18|       yes|
        +-------------------+---------+---------+----------+-----------+-----------+------+----------+

============================================================
+ Verbose Summary: Synthesis Manager
============================================================
InlineROM: 1
ExposeGlobal: 0
============================================================
+ Verbose Summary: CDFG Model
============================================================
IsTopModel: 0
ResetActiveHigh: 1
IsCombinational: 2
IsDatapathOnly: 0
HasWiredReturn: 1
HasMFsm: 2
HasVarLatency: 1
IsPipeline: 0
IsRtlPipelined: 0
IsInstanceOverlapped: 0
IsDontTouch: 0
HasImplIP: 0
IsGatedGlobalClock: 0

+ Individual pipeline summary: 
  * Pipeline-0: initiation interval (II) = 1, depth = 8


============================================================
+ Verbose Summary: Schedule
============================================================
* Number of FSM states : 8
* Pipeline : 1
  Pipeline-0 : II = 1, D = 8, States = { 1 2 3 4 5 6 7 8 }
* Dataflow Pipeline: 0

* FSM state transitions: 
1 --> 2 
2 --> 3 
3 --> 4 
4 --> 5 
5 --> 6 
6 --> 7 
7 --> 8 
8 --> 

* FSM state operations: 

State 1 <SV = 0> <Delay = 3.36>
ST_1 : Operation 11 [1/1] (0.00ns)   --->   "%h = alloca i32 1"   --->   Operation 11 'alloca' 'h' <Predicate = true> <Delay = 0.00>
ST_1 : Operation 12 [1/1] (0.00ns)   --->   "%specinterface_ln0 = specinterface void @_ssdm_op_SpecInterface, i8 %features_in_data_V, void @ap_fifo_str, i32 0, i32 0, void @p_str, i32 0, i32 0, void @p_str, void @p_str, void @p_str, i32 2, i32 2, i32 16, i32 16, void @p_str, void @p_str, i32 4294967295, i32 0"   --->   Operation 12 'specinterface' 'specinterface_ln0' <Predicate = true> <Delay = 0.00>
ST_1 : Operation 13 [1/1] (0.00ns)   --->   "%specaxissidechannel_ln0 = specaxissidechannel void @_ssdm_op_SpecAXISSideChannel, i32 %input_r_V_data_V, i4 %input_r_V_keep_V, i4 %input_r_V_strb_V, i2 %input_r_V_user_V, i1 %input_r_V_last_V, i5 %input_r_V_id_V, i6 %input_r_V_dest_V, void @empty_4"   --->   Operation 13 'specaxissidechannel' 'specaxissidechannel_ln0' <Predicate = true> <Delay = 0.00>
ST_1 : Operation 14 [1/1] (0.00ns)   --->   "%specinterface_ln0 = specinterface void @_ssdm_op_SpecInterface, i6 %input_r_V_dest_V, i5 %input_r_V_id_V, i1 %input_r_V_last_V, i2 %input_r_V_user_V, i4 %input_r_V_strb_V, i4 %input_r_V_keep_V, i32 %input_r_V_data_V, void @empty_9, i32 1, i32 1, void @empty, i32 0, i32 0, void @empty_0, void @empty_0, void @empty_0, i32 0, i32 0, i32 0, i32 0, void @empty_0, void @empty_0, i32 4294967295, i32 0"   --->   Operation 14 'specinterface' 'specinterface_ln0' <Predicate = true> <Delay = 0.00>
ST_1 : Operation 15 [1/1] (1.58ns)   --->   "%store_ln0 = store i5 0, i5 %h"   --->   Operation 15 'store' 'store_ln0' <Predicate = true> <Delay = 1.58>
ST_1 : Operation 16 [1/1] (0.00ns)   --->   "%br_ln0 = br void %for.cond.i.i"   --->   Operation 16 'br' 'br_ln0' <Predicate = true> <Delay = 0.00>
ST_1 : Operation 17 [1/1] (0.00ns)   --->   "%h_1 = load i5 %h" [firmware/myproject.cpp:86]   --->   Operation 17 'load' 'h_1' <Predicate = true> <Delay = 0.00>
ST_1 : Operation 18 [1/1] (1.36ns)   --->   "%icmp_ln86 = icmp_eq  i5 %h_1, i5 18" [firmware/myproject.cpp:86]   --->   Operation 18 'icmp' 'icmp_ln86' <Predicate = true> <Delay = 1.36> <CoreInst = "Cmp">   --->   Core 9 'Cmp' <Latency = 0> <II = 1> <Delay = 1.36> <FuncUnit> <Opcode : 'icmp'> <InPorts = 2> <OutPorts = 1>
ST_1 : Operation 19 [1/1] (0.00ns)   --->   "%empty = speclooptripcount i32 @_ssdm_op_SpecLoopTripCount, i64 18, i64 18, i64 18"   --->   Operation 19 'speclooptripcount' 'empty' <Predicate = true> <Delay = 0.00>
ST_1 : Operation 20 [1/1] (1.78ns)   --->   "%add_ln86 = add i5 %h_1, i5 1" [firmware/myproject.cpp:86]   --->   Operation 20 'add' 'add_ln86' <Predicate = true> <Delay = 1.78> <CoreInst = "Adder">   --->   Core 1 'Adder' <Latency = 0> <II = 1> <Delay = 1.78> <FuncUnit> <Opcode : 'add' 'sub'> <InPorts = 2> <OutPorts = 1>
ST_1 : Operation 21 [1/1] (0.00ns)   --->   "%br_ln86 = br i1 %icmp_ln86, void %for.inc.i.i_ifconv, void %inference_for.cond.i.exit.exitStub" [firmware/myproject.cpp:86]   --->   Operation 21 'br' 'br_ln86' <Predicate = true> <Delay = 0.00>
ST_1 : Operation 22 [1/1] (0.00ns)   --->   "%empty_688 = read i54 @_ssdm_op_Read.axis.volatile.i32P0A.i4P0A.i4P0A.i2P0A.i1P0A.i5P0A.i6P0A, i32 %input_r_V_data_V, i4 %input_r_V_keep_V, i4 %input_r_V_strb_V, i2 %input_r_V_user_V, i1 %input_r_V_last_V, i5 %input_r_V_id_V, i6 %input_r_V_dest_V"   --->   Operation 22 'read' 'empty_688' <Predicate = (!icmp_ln86)> <Delay = 0.00> <CoreInst = "axis">   --->   Core 115 'axis' <Latency = 0> <II = 1> <Delay = 1.00> <Adapter> <Opcode : >
ST_1 : Operation 23 [1/1] (0.00ns)   --->   "%tmp_data_V = extractvalue i54 %empty_688"   --->   Operation 23 'extractvalue' 'tmp_data_V' <Predicate = (!icmp_ln86)> <Delay = 0.00>
ST_1 : Operation 24 [1/1] (1.58ns)   --->   "%store_ln86 = store i5 %add_ln86, i5 %h" [firmware/myproject.cpp:86]   --->   Operation 24 'store' 'store_ln86' <Predicate = (!icmp_ln86)> <Delay = 1.58>

State 2 <SV = 1> <Delay = 3.69>
ST_2 : Operation 25 [1/1] (0.00ns)   --->   "%bitcast_ln97 = bitcast i32 %tmp_data_V" [firmware/myproject.cpp:97]   --->   Operation 25 'bitcast' 'bitcast_ln97' <Predicate = true> <Delay = 0.00>
ST_2 : Operation 26 [3/3] (3.69ns)   --->   "%d = fpext i32 %bitcast_ln97"   --->   Operation 26 'fpext' 'd' <Predicate = true> <Delay = 3.69> <CoreInst = "Float2Double">   --->   Core 64 'Float2Double' <Latency = 2> <II = 1> <Delay = 3.69> <FuncUnit> <Opcode : 'fpext'> <InPorts = 1> <OutPorts = 1>

State 3 <SV = 2> <Delay = 3.69>
ST_3 : Operation 27 [2/3] (3.69ns)   --->   "%d = fpext i32 %bitcast_ln97"   --->   Operation 27 'fpext' 'd' <Predicate = true> <Delay = 3.69> <CoreInst = "Float2Double">   --->   Core 64 'Float2Double' <Latency = 2> <II = 1> <Delay = 3.69> <FuncUnit> <Opcode : 'fpext'> <InPorts = 1> <OutPorts = 1>

State 4 <SV = 3> <Delay = 3.69>
ST_4 : Operation 28 [1/3] (3.69ns)   --->   "%d = fpext i32 %bitcast_ln97"   --->   Operation 28 'fpext' 'd' <Predicate = true> <Delay = 3.69> <CoreInst = "Float2Double">   --->   Core 64 'Float2Double' <Latency = 2> <II = 1> <Delay = 3.69> <FuncUnit> <Opcode : 'fpext'> <InPorts = 1> <OutPorts = 1>
ST_4 : Operation 29 [1/1] (0.00ns)   --->   "%ireg = bitcast i64 %d"   --->   Operation 29 'bitcast' 'ireg' <Predicate = true> <Delay = 0.00>
ST_4 : Operation 30 [1/1] (0.00ns)   --->   "%trunc_ln544 = trunc i64 %ireg"   --->   Operation 30 'trunc' 'trunc_ln544' <Predicate = true> <Delay = 0.00>
ST_4 : Operation 31 [1/1] (0.00ns)   --->   "%p_Result_s = bitselect i1 @_ssdm_op_BitSelect.i1.i64.i32, i64 %ireg, i32 63"   --->   Operation 31 'bitselect' 'p_Result_s' <Predicate = true> <Delay = 0.00>
ST_4 : Operation 32 [1/1] (0.00ns)   --->   "%exp_tmp = partselect i11 @_ssdm_op_PartSelect.i11.i64.i32.i32, i64 %ireg, i32 52, i32 62"   --->   Operation 32 'partselect' 'exp_tmp' <Predicate = true> <Delay = 0.00>
ST_4 : Operation 33 [1/1] (0.00ns)   --->   "%trunc_ln554 = trunc i64 %ireg"   --->   Operation 33 'trunc' 'trunc_ln554' <Predicate = true> <Delay = 0.00>

State 5 <SV = 4> <Delay = 4.23>
ST_5 : Operation 34 [1/1] (0.00ns)   --->   "%zext_ln455 = zext i11 %exp_tmp"   --->   Operation 34 'zext' 'zext_ln455' <Predicate = true> <Delay = 0.00>
ST_5 : Operation 35 [1/1] (0.00ns)   --->   "%p_Result_1 = bitconcatenate i53 @_ssdm_op_BitConcatenate.i53.i1.i52, i1 1, i52 %trunc_ln554"   --->   Operation 35 'bitconcatenate' 'p_Result_1' <Predicate = true> <Delay = 0.00>
ST_5 : Operation 36 [1/1] (0.00ns)   --->   "%zext_ln558 = zext i53 %p_Result_1"   --->   Operation 36 'zext' 'zext_ln558' <Predicate = true> <Delay = 0.00>
ST_5 : Operation 37 [1/1] (3.23ns)   --->   "%man_V_1 = sub i54 0, i54 %zext_ln558"   --->   Operation 37 'sub' 'man_V_1' <Predicate = (p_Result_s)> <Delay = 3.23> <CoreInst = "Adder">   --->   Core 1 'Adder' <Latency = 0> <II = 1> <Delay = 3.23> <FuncUnit> <Opcode : 'add' 'sub'> <InPorts = 2> <OutPorts = 1>
ST_5 : Operation 38 [1/1] (0.94ns)   --->   "%man_V_2 = select i1 %p_Result_s, i54 %man_V_1, i54 %zext_ln558"   --->   Operation 38 'select' 'man_V_2' <Predicate = true> <Delay = 0.94> <CoreInst = "Sel">   --->   Core 73 'Sel' <Latency = 0> <II = 1> <Delay = 0.94> <FuncUnit> <Opcode : 'select'> <InPorts = 3> <OutPorts = 1>
ST_5 : Operation 39 [1/1] (2.78ns)   --->   "%icmp_ln560 = icmp_eq  i63 %trunc_ln544, i63 0"   --->   Operation 39 'icmp' 'icmp_ln560' <Predicate = true> <Delay = 2.78> <CoreInst = "Cmp">   --->   Core 9 'Cmp' <Latency = 0> <II = 1> <Delay = 2.78> <FuncUnit> <Opcode : 'icmp'> <InPorts = 2> <OutPorts = 1>
ST_5 : Operation 40 [1/1] (1.54ns)   --->   "%F2 = sub i12 1075, i12 %zext_ln455"   --->   Operation 40 'sub' 'F2' <Predicate = true> <Delay = 1.54> <CoreInst = "Adder">   --->   Core 1 'Adder' <Latency = 0> <II = 1> <Delay = 1.54> <FuncUnit> <Opcode : 'add' 'sub'> <InPorts = 2> <OutPorts = 1>
ST_5 : Operation 41 [1/1] (1.99ns)   --->   "%icmp_ln570 = icmp_sgt  i12 %F2, i12 6"   --->   Operation 41 'icmp' 'icmp_ln570' <Predicate = true> <Delay = 1.99> <CoreInst = "Cmp">   --->   Core 9 'Cmp' <Latency = 0> <II = 1> <Delay = 1.99> <FuncUnit> <Opcode : 'icmp'> <InPorts = 2> <OutPorts = 1>
ST_5 : Operation 42 [1/1] (1.54ns)   --->   "%add_ln570 = add i12 %F2, i12 4090"   --->   Operation 42 'add' 'add_ln570' <Predicate = true> <Delay = 1.54> <CoreInst = "Adder">   --->   Core 1 'Adder' <Latency = 0> <II = 1> <Delay = 1.54> <FuncUnit> <Opcode : 'add' 'sub'> <InPorts = 2> <OutPorts = 1>
ST_5 : Operation 43 [1/1] (1.54ns)   --->   "%sub_ln570 = sub i12 6, i12 %F2"   --->   Operation 43 'sub' 'sub_ln570' <Predicate = true> <Delay = 1.54> <CoreInst = "Adder">   --->   Core 1 'Adder' <Latency = 0> <II = 1> <Delay = 1.54> <FuncUnit> <Opcode : 'add' 'sub'> <InPorts = 2> <OutPorts = 1>
ST_5 : Operation 44 [1/1] (0.69ns)   --->   "%sh_amt = select i1 %icmp_ln570, i12 %add_ln570, i12 %sub_ln570"   --->   Operation 44 'select' 'sh_amt' <Predicate = true> <Delay = 0.69> <CoreInst = "Sel">   --->   Core 73 'Sel' <Latency = 0> <II = 1> <Delay = 0.69> <FuncUnit> <Opcode : 'select'> <InPorts = 3> <OutPorts = 1>
ST_5 : Operation 45 [1/1] (1.99ns)   --->   "%icmp_ln571 = icmp_eq  i12 %F2, i12 6"   --->   Operation 45 'icmp' 'icmp_ln571' <Predicate = true> <Delay = 1.99> <CoreInst = "Cmp">   --->   Core 9 'Cmp' <Latency = 0> <II = 1> <Delay = 1.99> <FuncUnit> <Opcode : 'icmp'> <InPorts = 2> <OutPorts = 1>
ST_5 : Operation 46 [1/1] (0.00ns)   --->   "%trunc_ln572 = trunc i54 %man_V_2"   --->   Operation 46 'trunc' 'trunc_ln572' <Predicate = true> <Delay = 0.00>
ST_5 : Operation 47 [1/1] (0.00ns)   --->   "%tmp_4 = partselect i9 @_ssdm_op_PartSelect.i9.i12.i32.i32, i12 %sh_amt, i32 3, i32 11"   --->   Operation 47 'partselect' 'tmp_4' <Predicate = true> <Delay = 0.00>

State 6 <SV = 5> <Delay = 3.88>
ST_6 : Operation 48 [1/1] (0.00ns)   --->   "%sext_ln570 = sext i12 %sh_amt"   --->   Operation 48 'sext' 'sext_ln570' <Predicate = (!icmp_ln560)> <Delay = 0.00>
ST_6 : Operation 49 [1/1] (1.99ns)   --->   "%icmp_ln574 = icmp_ult  i12 %sh_amt, i12 54"   --->   Operation 49 'icmp' 'icmp_ln574' <Predicate = (!icmp_ln560)> <Delay = 1.99> <CoreInst = "Cmp">   --->   Core 9 'Cmp' <Latency = 0> <II = 1> <Delay = 1.99> <FuncUnit> <Opcode : 'icmp'> <InPorts = 2> <OutPorts = 1>
ST_6 : Operation 50 [1/1] (0.00ns)   --->   "%zext_ln575 = zext i32 %sext_ln570"   --->   Operation 50 'zext' 'zext_ln575' <Predicate = (!icmp_ln560)> <Delay = 0.00>
ST_6 : Operation 51 [2/2] (3.88ns)   --->   "%ashr_ln575 = ashr i54 %man_V_2, i54 %zext_ln575"   --->   Operation 51 'ashr' 'ashr_ln575' <Predicate = (!icmp_ln560)> <Delay = 3.88> <CoreInst = "Shifter">   --->   Core 75 'Shifter' <Latency = 1> <II = 1> <Delay = 3.88> <FuncUnit> <Opcode : 'shl' 'lshr' 'ashr'> <InPorts = 2> <OutPorts = 1>
ST_6 : Operation 52 [1/1] (1.66ns)   --->   "%icmp_ln592 = icmp_eq  i9 %tmp_4, i9 0"   --->   Operation 52 'icmp' 'icmp_ln592' <Predicate = (!icmp_ln560)> <Delay = 1.66> <CoreInst = "Cmp">   --->   Core 9 'Cmp' <Latency = 0> <II = 1> <Delay = 1.66> <FuncUnit> <Opcode : 'icmp'> <InPorts = 2> <OutPorts = 1>

State 7 <SV = 6> <Delay = 3.88>
ST_7 : Operation 53 [1/2] (3.88ns)   --->   "%ashr_ln575 = ashr i54 %man_V_2, i54 %zext_ln575"   --->   Operation 53 'ashr' 'ashr_ln575' <Predicate = (!icmp_ln560)> <Delay = 3.88> <CoreInst = "Shifter">   --->   Core 75 'Shifter' <Latency = 1> <II = 1> <Delay = 3.88> <FuncUnit> <Opcode : 'shl' 'lshr' 'ashr'> <InPorts = 2> <OutPorts = 1>
ST_7 : Operation 54 [1/1] (0.00ns) (grouped into LUT with out node select_ln571)   --->   "%sext_ln570cast = trunc i32 %sext_ln570"   --->   Operation 54 'trunc' 'sext_ln570cast' <Predicate = (icmp_ln592 & !icmp_ln560)> <Delay = 0.00>
ST_7 : Operation 55 [1/1] (0.00ns) (grouped into LUT with out node select_ln571)   --->   "%shl_ln593 = shl i8 %trunc_ln572, i8 %sext_ln570cast"   --->   Operation 55 'shl' 'shl_ln593' <Predicate = (icmp_ln592 & !icmp_ln560)> <Delay = 0.00> <CoreInst = "Shifter">   --->   Core 75 'Shifter' <Latency = 0> <II = 1> <Delay = 3.14> <FuncUnit> <Opcode : 'shl' 'lshr' 'ashr'> <InPorts = 2> <OutPorts = 1>
ST_7 : Operation 56 [1/1] (0.00ns) (grouped into LUT with out node select_ln571)   --->   "%select_ln592 = select i1 %icmp_ln592, i8 %shl_ln593, i8 0"   --->   Operation 56 'select' 'select_ln592' <Predicate = (!icmp_ln560)> <Delay = 0.00> <CoreInst = "Sel">   --->   Core 73 'Sel' <Latency = 0> <II = 1> <Delay = 1.24> <FuncUnit> <Opcode : 'select'> <InPorts = 3> <OutPorts = 1>
ST_7 : Operation 57 [1/1] (0.00ns) (grouped into LUT with out node select_ln571)   --->   "%xor_ln560 = xor i1 %icmp_ln560, i1 1"   --->   Operation 57 'xor' 'xor_ln560' <Predicate = (!icmp_ln560)> <Delay = 0.00> <CoreInst = "LogicGate">   --->   Core 74 'LogicGate' <Latency = 0> <II = 1> <Delay = 0.97> <FuncUnit> <Opcode : 'and' 'or' 'xor'> <InPorts = 2> <OutPorts = 1>
ST_7 : Operation 58 [1/1] (0.00ns) (grouped into LUT with out node select_ln571)   --->   "%and_ln571 = and i1 %icmp_ln571, i1 %xor_ln560"   --->   Operation 58 'and' 'and_ln571' <Predicate = (!icmp_ln560)> <Delay = 0.00> <CoreInst = "LogicGate">   --->   Core 74 'LogicGate' <Latency = 0> <II = 1> <Delay = 0.97> <FuncUnit> <Opcode : 'and' 'or' 'xor'> <InPorts = 2> <OutPorts = 1>
ST_7 : Operation 59 [1/1] (3.14ns) (out node of the LUT)   --->   "%select_ln571 = select i1 %and_ln571, i8 %trunc_ln572, i8 %select_ln592"   --->   Operation 59 'select' 'select_ln571' <Predicate = (!icmp_ln560)> <Delay = 3.14> <CoreInst = "Sel">   --->   Core 73 'Sel' <Latency = 0> <II = 1> <Delay = 1.24> <FuncUnit> <Opcode : 'select'> <InPorts = 3> <OutPorts = 1>
ST_7 : Operation 60 [1/1] (0.00ns) (grouped into LUT with out node and_ln570)   --->   "%or_ln571 = or i1 %icmp_ln560, i1 %icmp_ln571"   --->   Operation 60 'or' 'or_ln571' <Predicate = (!icmp_ln560)> <Delay = 0.00> <CoreInst = "LogicGate">   --->   Core 74 'LogicGate' <Latency = 0> <II = 1> <Delay = 0.97> <FuncUnit> <Opcode : 'and' 'or' 'xor'> <InPorts = 2> <OutPorts = 1>
ST_7 : Operation 61 [1/1] (0.00ns) (grouped into LUT with out node and_ln570)   --->   "%xor_ln571 = xor i1 %or_ln571, i1 1"   --->   Operation 61 'xor' 'xor_ln571' <Predicate = (!icmp_ln560)> <Delay = 0.00> <CoreInst = "LogicGate">   --->   Core 74 'LogicGate' <Latency = 0> <II = 1> <Delay = 0.97> <FuncUnit> <Opcode : 'and' 'or' 'xor'> <InPorts = 2> <OutPorts = 1>
ST_7 : Operation 62 [1/1] (0.97ns) (out node of the LUT)   --->   "%and_ln570 = and i1 %icmp_ln570, i1 %xor_ln571"   --->   Operation 62 'and' 'and_ln570' <Predicate = (!icmp_ln560)> <Delay = 0.97> <CoreInst = "LogicGate">   --->   Core 74 'LogicGate' <Latency = 0> <II = 1> <Delay = 0.97> <FuncUnit> <Opcode : 'and' 'or' 'xor'> <InPorts = 2> <OutPorts = 1>
ST_7 : Operation 73 [1/1] (0.00ns)   --->   "%ret_ln0 = ret"   --->   Operation 73 'ret' 'ret_ln0' <Predicate = (icmp_ln86)> <Delay = 0.00>

State 8 <SV = 7> <Delay = 3.43>
ST_8 : Operation 63 [1/1] (0.00ns)   --->   "%specpipeline_ln87 = specpipeline void @_ssdm_op_SpecPipeline, i32 4294967295, i32 0, i32 0, i32 0, void @empty_0" [firmware/myproject.cpp:87]   --->   Operation 63 'specpipeline' 'specpipeline_ln87' <Predicate = true> <Delay = 0.00>
ST_8 : Operation 64 [1/1] (0.00ns)   --->   "%specloopname_ln88 = specloopname void @_ssdm_op_SpecLoopName, void @empty_8" [firmware/myproject.cpp:88]   --->   Operation 64 'specloopname' 'specloopname_ln88' <Predicate = true> <Delay = 0.00>
ST_8 : Operation 65 [1/1] (0.00ns) (grouped into LUT with out node select_ln560)   --->   "%trunc_ln575 = trunc i54 %ashr_ln575"   --->   Operation 65 'trunc' 'trunc_ln575' <Predicate = (icmp_ln574 & and_ln570 & !icmp_ln560)> <Delay = 0.00>
ST_8 : Operation 66 [1/1] (0.00ns) (grouped into LUT with out node select_ln560)   --->   "%tmp = bitselect i1 @_ssdm_op_BitSelect.i1.i32.i32, i32 %tmp_data_V, i32 31"   --->   Operation 66 'bitselect' 'tmp' <Predicate = (!icmp_ln574 & and_ln570 & !icmp_ln560)> <Delay = 0.00>
ST_8 : Operation 67 [1/1] (0.00ns) (grouped into LUT with out node select_ln560)   --->   "%select_ln574_1 = select i1 %tmp, i8 255, i8 0"   --->   Operation 67 'select' 'select_ln574_1' <Predicate = (!icmp_ln574 & and_ln570 & !icmp_ln560)> <Delay = 0.00> <CoreInst = "Sel">   --->   Core 73 'Sel' <Latency = 0> <II = 1> <Delay = 0.99> <FuncUnit> <Opcode : 'select'> <InPorts = 3> <OutPorts = 1>
ST_8 : Operation 68 [1/1] (0.00ns) (grouped into LUT with out node select_ln560)   --->   "%select_ln574 = select i1 %icmp_ln574, i8 %trunc_ln575, i8 %select_ln574_1"   --->   Operation 68 'select' 'select_ln574' <Predicate = (and_ln570 & !icmp_ln560)> <Delay = 0.00> <CoreInst = "Sel">   --->   Core 73 'Sel' <Latency = 0> <II = 1> <Delay = 1.24> <FuncUnit> <Opcode : 'select'> <InPorts = 3> <OutPorts = 1>
ST_8 : Operation 69 [1/1] (0.00ns) (grouped into LUT with out node select_ln560)   --->   "%select_ln570 = select i1 %and_ln570, i8 %select_ln574, i8 %select_ln571"   --->   Operation 69 'select' 'select_ln570' <Predicate = (!icmp_ln560)> <Delay = 0.00> <CoreInst = "Sel">   --->   Core 73 'Sel' <Latency = 0> <II = 1> <Delay = 1.24> <FuncUnit> <Opcode : 'select'> <InPorts = 3> <OutPorts = 1>
ST_8 : Operation 70 [1/1] (1.24ns) (out node of the LUT)   --->   "%select_ln560 = select i1 %icmp_ln560, i8 0, i8 %select_ln570"   --->   Operation 70 'select' 'select_ln560' <Predicate = true> <Delay = 1.24> <CoreInst = "Sel">   --->   Core 73 'Sel' <Latency = 0> <II = 1> <Delay = 1.24> <FuncUnit> <Opcode : 'select'> <InPorts = 3> <OutPorts = 1>
ST_8 : Operation 71 [1/1] (2.18ns)   --->   "%write_ln97 = write void @_ssdm_op_Write.ap_fifo.volatile.i8P0A, i8 %features_in_data_V, i8 %select_ln560" [firmware/myproject.cpp:97]   --->   Operation 71 'write' 'write_ln97' <Predicate = true> <Delay = 2.18> <CoreInst = "FIFO_SRL">   --->   Core 81 'FIFO_SRL' <Latency = 0> <II = 1> <Delay = 3.79> <Storage> <Opcode : 'read' 'write' 'nbread' 'nbwrite'> <Ports = 0> <Width = 8> <Depth = 18> <FIFO>
ST_8 : Operation 72 [1/1] (0.00ns)   --->   "%br_ln86 = br void %for.cond.i.i" [firmware/myproject.cpp:86]   --->   Operation 72 'br' 'br_ln86' <Predicate = true> <Delay = 0.00>


============================================================
+ Verbose Summary: Binding
============================================================
STG Binding: 
---------------- STG Properties BEGIN ----------------
- Is combinational: 0
- Is one-state seq: 0
- Is datapath-only: 0
- Is pipelined: 0
- Is top level: 0
Port [ Return ] is wired: 1; IO mode=ap_ctrl_hs:ce=0
Port [ features_in_data_V]:  wired=1; compound=1; hidden=0; nouse=0; global=0; static=0; extern=0; dir=1; type=3; pingpong=0; private_global=0; IO mode=ap_fifo:ce=0
Port [ input_r_V_data_V]:  wired=1; compound=1; hidden=0; nouse=0; global=0; static=0; extern=0; dir=0; type=0; pingpong=0; private_global=0; IO mode=axis:ce=0
Port [ input_r_V_keep_V]:  wired=1; compound=1; hidden=0; nouse=0; global=0; static=0; extern=0; dir=0; type=0; pingpong=0; private_global=0; IO mode=axis:ce=0
Port [ input_r_V_strb_V]:  wired=1; compound=1; hidden=0; nouse=0; global=0; static=0; extern=0; dir=0; type=0; pingpong=0; private_global=0; IO mode=axis:ce=0
Port [ input_r_V_user_V]:  wired=1; compound=1; hidden=0; nouse=0; global=0; static=0; extern=0; dir=0; type=0; pingpong=0; private_global=0; IO mode=axis:ce=0
Port [ input_r_V_last_V]:  wired=1; compound=1; hidden=0; nouse=0; global=0; static=0; extern=0; dir=0; type=0; pingpong=0; private_global=0; IO mode=axis:ce=0
Port [ input_r_V_id_V]:  wired=1; compound=1; hidden=0; nouse=0; global=0; static=0; extern=0; dir=0; type=0; pingpong=0; private_global=0; IO mode=axis:ce=0
Port [ input_r_V_dest_V]:  wired=1; compound=1; hidden=0; nouse=0; global=0; static=0; extern=0; dir=0; type=0; pingpong=0; private_global=0; IO mode=axis:ce=0
---------------- STG Properties END ------------------

---------------- Datapath Model BEGIN ----------------

<LifeTime>
<method=bitvector/>
h                       (alloca             ) [ 010000000]
specinterface_ln0       (specinterface      ) [ 000000000]
specaxissidechannel_ln0 (specaxissidechannel) [ 000000000]
specinterface_ln0       (specinterface      ) [ 000000000]
store_ln0               (store              ) [ 000000000]
br_ln0                  (br                 ) [ 000000000]
h_1                     (load               ) [ 000000000]
icmp_ln86               (icmp               ) [ 011111110]
empty                   (speclooptripcount  ) [ 000000000]
add_ln86                (add                ) [ 000000000]
br_ln86                 (br                 ) [ 000000000]
empty_688               (read               ) [ 000000000]
tmp_data_V              (extractvalue       ) [ 011111111]
store_ln86              (store              ) [ 000000000]
bitcast_ln97            (bitcast            ) [ 010110000]
d                       (fpext              ) [ 000000000]
ireg                    (bitcast            ) [ 000000000]
trunc_ln544             (trunc              ) [ 010001000]
p_Result_s              (bitselect          ) [ 010001000]
exp_tmp                 (partselect         ) [ 010001000]
trunc_ln554             (trunc              ) [ 010001000]
zext_ln455              (zext               ) [ 000000000]
p_Result_1              (bitconcatenate     ) [ 000000000]
zext_ln558              (zext               ) [ 000000000]
man_V_1                 (sub                ) [ 000000000]
man_V_2                 (select             ) [ 010000110]
icmp_ln560              (icmp               ) [ 010000111]
F2                      (sub                ) [ 000000000]
icmp_ln570              (icmp               ) [ 010000110]
add_ln570               (add                ) [ 000000000]
sub_ln570               (sub                ) [ 000000000]
sh_amt                  (select             ) [ 010000100]
icmp_ln571              (icmp               ) [ 010000110]
trunc_ln572             (trunc              ) [ 010000110]
tmp_4                   (partselect         ) [ 010000100]
sext_ln570              (sext               ) [ 010000010]
icmp_ln574              (icmp               ) [ 010000011]
zext_ln575              (zext               ) [ 010000010]
icmp_ln592              (icmp               ) [ 010000010]
ashr_ln575              (ashr               ) [ 010000001]
sext_ln570cast          (trunc              ) [ 000000000]
shl_ln593               (shl                ) [ 000000000]
select_ln592            (select             ) [ 000000000]
xor_ln560               (xor                ) [ 000000000]
and_ln571               (and                ) [ 000000000]
select_ln571            (select             ) [ 010000001]
or_ln571                (or                 ) [ 000000000]
xor_ln571               (xor                ) [ 000000000]
and_ln570               (and                ) [ 010000001]
specpipeline_ln87       (specpipeline       ) [ 000000000]
specloopname_ln88       (specloopname       ) [ 000000000]
trunc_ln575             (trunc              ) [ 000000000]
tmp                     (bitselect          ) [ 000000000]
select_ln574_1          (select             ) [ 000000000]
select_ln574            (select             ) [ 000000000]
select_ln570            (select             ) [ 000000000]
select_ln560            (select             ) [ 000000000]
write_ln97              (write              ) [ 000000000]
br_ln86                 (br                 ) [ 000000000]
ret_ln0                 (ret                ) [ 000000000]
</LifeTime>

<model>

<comp_list>
<comp id="0" class="1000" name="features_in_data_V">
<pin_list>
<pin id="1" dir="1" index="0" bw="1" slack="0"/>
</pin_list>
<bind>
<StgValue><ssdm name="features_in_data_V"/></StgValue>
</bind>
</comp>

<comp id="2" class="1000" name="input_r_V_data_V">
<pin_list>
<pin id="3" dir="1" index="0" bw="1" slack="0"/>
</pin_list>
<bind>
<StgValue><ssdm name="input_r_V_data_V"/></StgValue>
</bind>
</comp>

<comp id="4" class="1000" name="input_r_V_keep_V">
<pin_list>
<pin id="5" dir="1" index="0" bw="1" slack="0"/>
</pin_list>
<bind>
<StgValue><ssdm name="input_r_V_keep_V"/></StgValue>
</bind>
</comp>

<comp id="6" class="1000" name="input_r_V_strb_V">
<pin_list>
<pin id="7" dir="1" index="0" bw="1" slack="0"/>
</pin_list>
<bind>
<StgValue><ssdm name="input_r_V_strb_V"/></StgValue>
</bind>
</comp>

<comp id="8" class="1000" name="input_r_V_user_V">
<pin_list>
<pin id="9" dir="1" index="0" bw="1" slack="0"/>
</pin_list>
<bind>
<StgValue><ssdm name="input_r_V_user_V"/></StgValue>
</bind>
</comp>

<comp id="10" class="1000" name="input_r_V_last_V">
<pin_list>
<pin id="11" dir="1" index="0" bw="1" slack="0"/>
</pin_list>
<bind>
<StgValue><ssdm name="input_r_V_last_V"/></StgValue>
</bind>
</comp>

<comp id="12" class="1000" name="input_r_V_id_V">
<pin_list>
<pin id="13" dir="1" index="0" bw="1" slack="0"/>
</pin_list>
<bind>
<StgValue><ssdm name="input_r_V_id_V"/></StgValue>
</bind>
</comp>

<comp id="14" class="1000" name="input_r_V_dest_V">
<pin_list>
<pin id="15" dir="1" index="0" bw="1" slack="0"/>
</pin_list>
<bind>
<StgValue><ssdm name="input_r_V_dest_V"/></StgValue>
</bind>
</comp>

<comp id="16" class="1001" name="const_16">
<pin_list>
<pin id="17" dir="1" index="0" bw="1" slack="0"/>
</pin_list>
<bind>
<StgValue><ssdm name=""/></StgValue>
</bind>
</comp>

<comp id="18" class="1001" name="const_18">
<pin_list>
<pin id="19" dir="1" index="0" bw="1" slack="2147483647"/>
</pin_list>
<bind>
<StgValue><ssdm name="_ssdm_op_SpecInterface"/></StgValue>
</bind>
</comp>

<comp id="20" class="1001" name="const_20">
<pin_list>
<pin id="21" dir="1" index="0" bw="1" slack="2147483647"/>
</pin_list>
<bind>
<StgValue><ssdm name="ap_fifo_str"/></StgValue>
</bind>
</comp>

<comp id="22" class="1001" name="const_22">
<pin_list>
<pin id="23" dir="1" index="0" bw="1" slack="2147483647"/>
</pin_list>
<bind>
<StgValue><ssdm name=""/></StgValue>
</bind>
</comp>

<comp id="24" class="1001" name="const_24">
<pin_list>
<pin id="25" dir="1" index="0" bw="1" slack="2147483647"/>
</pin_list>
<bind>
<StgValue><ssdm name="p_str"/></StgValue>
</bind>
</comp>

<comp id="26" class="1001" name="const_26">
<pin_list>
<pin id="27" dir="1" index="0" bw="1" slack="2147483647"/>
</pin_list>
<bind>
<StgValue><ssdm name=""/></StgValue>
</bind>
</comp>

<comp id="28" class="1001" name="const_28">
<pin_list>
<pin id="29" dir="1" index="0" bw="1" slack="2147483647"/>
</pin_list>
<bind>
<StgValue><ssdm name=""/></StgValue>
</bind>
</comp>

<comp id="30" class="1001" name="const_30">
<pin_list>
<pin id="31" dir="1" index="0" bw="1" slack="2147483647"/>
</pin_list>
<bind>
<StgValue><ssdm name=""/></StgValue>
</bind>
</comp>

<comp id="32" class="1001" name="const_32">
<pin_list>
<pin id="33" dir="1" index="0" bw="1" slack="2147483647"/>
</pin_list>
<bind>
<StgValue><ssdm name="_ssdm_op_SpecAXISSideChannel"/></StgValue>
</bind>
</comp>

<comp id="34" class="1001" name="const_34">
<pin_list>
<pin id="35" dir="1" index="0" bw="1" slack="2147483647"/>
</pin_list>
<bind>
<StgValue><ssdm name="empty_4"/></StgValue>
</bind>
</comp>

<comp id="36" class="1001" name="const_36">
<pin_list>
<pin id="37" dir="1" index="0" bw="1" slack="2147483647"/>
</pin_list>
<bind>
<StgValue><ssdm name="empty_9"/></StgValue>
</bind>
</comp>

<comp id="38" class="1001" name="const_38">
<pin_list>
<pin id="39" dir="1" index="0" bw="1" slack="2147483647"/>
</pin_list>
<bind>
<StgValue><ssdm name="empty"/></StgValue>
</bind>
</comp>

<comp id="40" class="1001" name="const_40">
<pin_list>
<pin id="41" dir="1" index="0" bw="1" slack="2147483647"/>
</pin_list>
<bind>
<StgValue><ssdm name="empty_0"/></StgValue>
</bind>
</comp>

<comp id="42" class="1001" name="const_42">
<pin_list>
<pin id="43" dir="1" index="0" bw="1" slack="0"/>
</pin_list>
<bind>
<StgValue><ssdm name=""/></StgValue>
</bind>
</comp>

<comp id="44" class="1001" name="const_44">
<pin_list>
<pin id="45" dir="1" index="0" bw="1" slack="0"/>
</pin_list>
<bind>
<StgValue><ssdm name=""/></StgValue>
</bind>
</comp>

<comp id="46" class="1001" name="const_46">
<pin_list>
<pin id="47" dir="1" index="0" bw="1" slack="2147483647"/>
</pin_list>
<bind>
<StgValue><ssdm name="_ssdm_op_SpecLoopTripCount"/></StgValue>
</bind>
</comp>

<comp id="48" class="1001" name="const_48">
<pin_list>
<pin id="49" dir="1" index="0" bw="1" slack="2147483647"/>
</pin_list>
<bind>
<StgValue><ssdm name=""/></StgValue>
</bind>
</comp>

<comp id="50" class="1001" name="const_50">
<pin_list>
<pin id="51" dir="1" index="0" bw="1" slack="0"/>
</pin_list>
<bind>
<StgValue><ssdm name=""/></StgValue>
</bind>
</comp>

<comp id="52" class="1001" name="const_52">
<pin_list>
<pin id="53" dir="1" index="0" bw="1" slack="0"/>
</pin_list>
<bind>
<StgValue><ssdm name="_ssdm_op_Read.axis.volatile.i32P0A.i4P0A.i4P0A.i2P0A.i1P0A.i5P0A.i6P0A"/></StgValue>
</bind>
</comp>

<comp id="54" class="1001" name="const_54">
<pin_list>
<pin id="55" dir="1" index="0" bw="1" slack="0"/>
</pin_list>
<bind>
<StgValue><ssdm name="_ssdm_op_BitSelect.i1.i64.i32"/></StgValue>
</bind>
</comp>

<comp id="56" class="1001" name="const_56">
<pin_list>
<pin id="57" dir="1" index="0" bw="1" slack="0"/>
</pin_list>
<bind>
<StgValue><ssdm name=""/></StgValue>
</bind>
</comp>

<comp id="58" class="1001" name="const_58">
<pin_list>
<pin id="59" dir="1" index="0" bw="1" slack="0"/>
</pin_list>
<bind>
<StgValue><ssdm name="_ssdm_op_PartSelect.i11.i64.i32.i32"/></StgValue>
</bind>
</comp>

<comp id="60" class="1001" name="const_60">
<pin_list>
<pin id="61" dir="1" index="0" bw="1" slack="0"/>
</pin_list>
<bind>
<StgValue><ssdm name=""/></StgValue>
</bind>
</comp>

<comp id="62" class="1001" name="const_62">
<pin_list>
<pin id="63" dir="1" index="0" bw="1" slack="0"/>
</pin_list>
<bind>
<StgValue><ssdm name=""/></StgValue>
</bind>
</comp>

<comp id="64" class="1001" name="const_64">
<pin_list>
<pin id="65" dir="1" index="0" bw="1" slack="0"/>
</pin_list>
<bind>
<StgValue><ssdm name="_ssdm_op_BitConcatenate.i53.i1.i52"/></StgValue>
</bind>
</comp>

<comp id="66" class="1001" name="const_66">
<pin_list>
<pin id="67" dir="1" index="0" bw="1" slack="0"/>
</pin_list>
<bind>
<StgValue><ssdm name=""/></StgValue>
</bind>
</comp>

<comp id="68" class="1001" name="const_68">
<pin_list>
<pin id="69" dir="1" index="0" bw="1" slack="0"/>
</pin_list>
<bind>
<StgValue><ssdm name=""/></StgValue>
</bind>
</comp>

<comp id="70" class="1001" name="const_70">
<pin_list>
<pin id="71" dir="1" index="0" bw="1" slack="0"/>
</pin_list>
<bind>
<StgValue><ssdm name=""/></StgValue>
</bind>
</comp>

<comp id="72" class="1001" name="const_72">
<pin_list>
<pin id="73" dir="1" index="0" bw="1" slack="0"/>
</pin_list>
<bind>
<StgValue><ssdm name=""/></StgValue>
</bind>
</comp>

<comp id="74" class="1001" name="const_74">
<pin_list>
<pin id="75" dir="1" index="0" bw="1" slack="0"/>
</pin_list>
<bind>
<StgValue><ssdm name=""/></StgValue>
</bind>
</comp>

<comp id="76" class="1001" name="const_76">
<pin_list>
<pin id="77" dir="1" index="0" bw="1" slack="0"/>
</pin_list>
<bind>
<StgValue><ssdm name=""/></StgValue>
</bind>
</comp>

<comp id="78" class="1001" name="const_78">
<pin_list>
<pin id="79" dir="1" index="0" bw="1" slack="0"/>
</pin_list>
<bind>
<StgValue><ssdm name="_ssdm_op_PartSelect.i9.i12.i32.i32"/></StgValue>
</bind>
</comp>

<comp id="80" class="1001" name="const_80">
<pin_list>
<pin id="81" dir="1" index="0" bw="1" slack="0"/>
</pin_list>
<bind>
<StgValue><ssdm name=""/></StgValue>
</bind>
</comp>

<comp id="82" class="1001" name="const_82">
<pin_list>
<pin id="83" dir="1" index="0" bw="1" slack="0"/>
</pin_list>
<bind>
<StgValue><ssdm name=""/></StgValue>
</bind>
</comp>

<comp id="84" class="1001" name="const_84">
<pin_list>
<pin id="85" dir="1" index="0" bw="1" slack="0"/>
</pin_list>
<bind>
<StgValue><ssdm name=""/></StgValue>
</bind>
</comp>

<comp id="86" class="1001" name="const_86">
<pin_list>
<pin id="87" dir="1" index="0" bw="1" slack="0"/>
</pin_list>
<bind>
<StgValue><ssdm name=""/></StgValue>
</bind>
</comp>

<comp id="88" class="1001" name="const_88">
<pin_list>
<pin id="89" dir="1" index="0" bw="1" slack="0"/>
</pin_list>
<bind>
<StgValue><ssdm name=""/></StgValue>
</bind>
</comp>

<comp id="90" class="1001" name="const_90">
<pin_list>
<pin id="91" dir="1" index="0" bw="1" slack="2147483647"/>
</pin_list>
<bind>
<StgValue><ssdm name="_ssdm_op_SpecPipeline"/></StgValue>
</bind>
</comp>

<comp id="92" class="1001" name="const_92">
<pin_list>
<pin id="93" dir="1" index="0" bw="1" slack="2147483647"/>
</pin_list>
<bind>
<StgValue><ssdm name="_ssdm_op_SpecLoopName"/></StgValue>
</bind>
</comp>

<comp id="94" class="1001" name="const_94">
<pin_list>
<pin id="95" dir="1" index="0" bw="1" slack="2147483647"/>
</pin_list>
<bind>
<StgValue><ssdm name="empty_8"/></StgValue>
</bind>
</comp>

<comp id="96" class="1001" name="const_96">
<pin_list>
<pin id="97" dir="1" index="0" bw="1" slack="0"/>
</pin_list>
<bind>
<StgValue><ssdm name="_ssdm_op_BitSelect.i1.i32.i32"/></StgValue>
</bind>
</comp>

<comp id="98" class="1001" name="const_98">
<pin_list>
<pin id="99" dir="1" index="0" bw="1" slack="0"/>
</pin_list>
<bind>
<StgValue><ssdm name=""/></StgValue>
</bind>
</comp>

<comp id="100" class="1001" name="const_100">
<pin_list>
<pin id="101" dir="1" index="0" bw="1" slack="0"/>
</pin_list>
<bind>
<StgValue><ssdm name=""/></StgValue>
</bind>
</comp>

<comp id="102" class="1001" name="const_102">
<pin_list>
<pin id="103" dir="1" index="0" bw="1" slack="0"/>
</pin_list>
<bind>
<StgValue><ssdm name="_ssdm_op_Write.ap_fifo.volatile.i8P0A"/></StgValue>
</bind>
</comp>

<comp id="104" class="1004" name="h_fu_104">
<pin_list>
<pin id="105" dir="0" index="0" bw="1" slack="0"/>
<pin id="106" dir="1" index="1" bw="5" slack="0"/>
</pin_list>
<bind>
<opcode="alloca(26) " fcode="alloca"/>
<opset="h/1 "/>
</bind>
</comp>

<comp id="108" class="1004" name="empty_688_read_fu_108">
<pin_list>
<pin id="109" dir="0" index="0" bw="54" slack="0"/>
<pin id="110" dir="0" index="1" bw="32" slack="0"/>
<pin id="111" dir="0" index="2" bw="4" slack="0"/>
<pin id="112" dir="0" index="3" bw="4" slack="0"/>
<pin id="113" dir="0" index="4" bw="2" slack="0"/>
<pin id="114" dir="0" index="5" bw="1" slack="0"/>
<pin id="115" dir="0" index="6" bw="5" slack="0"/>
<pin id="116" dir="0" index="7" bw="6" slack="0"/>
<pin id="117" dir="1" index="8" bw="54" slack="0"/>
</pin_list>
<bind>
<opcode="read(1150) " fcode="read"/>
<opset="empty_688/1 "/>
</bind>
</comp>

<comp id="126" class="1004" name="write_ln97_write_fu_126">
<pin_list>
<pin id="127" dir="0" index="0" bw="0" slack="0"/>
<pin id="128" dir="0" index="1" bw="8" slack="0"/>
<pin id="129" dir="0" index="2" bw="8" slack="0"/>
<pin id="130" dir="1" index="3" bw="0" slack="2147483647"/>
</pin_list>
<bind>
<opcode="write(1151) " fcode="write"/>
<opset="write_ln97/8 "/>
</bind>
</comp>

<comp id="133" class="1004" name="grp_fu_133">
<pin_list>
<pin id="134" dir="0" index="0" bw="32" slack="0"/>
<pin id="135" dir="1" index="1" bw="64" slack="0"/>
</pin_list>
<bind>
<opcode="fpext(41) " fcode="fpext"/>
<opset="d/2 "/>
</bind>
</comp>

<comp id="136" class="1004" name="store_ln0_store_fu_136">
<pin_list>
<pin id="137" dir="0" index="0" bw="1" slack="0"/>
<pin id="138" dir="0" index="1" bw="5" slack="0"/>
<pin id="139" dir="1" index="2" bw="0" slack="2147483647"/>
</pin_list>
<bind>
<opcode="store(28) " fcode="store"/>
<opset="store_ln0/1 "/>
</bind>
</comp>

<comp id="141" class="1004" name="h_1_load_fu_141">
<pin_list>
<pin id="142" dir="0" index="0" bw="5" slack="0"/>
<pin id="143" dir="1" index="1" bw="5" slack="0"/>
</pin_list>
<bind>
<opcode="load(27) " fcode="load"/>
<opset="h_1/1 "/>
</bind>
</comp>

<comp id="144" class="1004" name="icmp_ln86_fu_144">
<pin_list>
<pin id="145" dir="0" index="0" bw="5" slack="0"/>
<pin id="146" dir="0" index="1" bw="5" slack="0"/>
<pin id="147" dir="1" index="2" bw="1" slack="6"/>
</pin_list>
<bind>
<opcode="icmp(45) " fcode="icmp"/>
<opset="icmp_ln86/1 "/>
</bind>
</comp>

<comp id="150" class="1004" name="add_ln86_fu_150">
<pin_list>
<pin id="151" dir="0" index="0" bw="5" slack="0"/>
<pin id="152" dir="0" index="1" bw="1" slack="0"/>
<pin id="153" dir="1" index="2" bw="5" slack="0"/>
</pin_list>
<bind>
<opcode="add(8) " fcode="add"/>
<opset="add_ln86/1 "/>
</bind>
</comp>

<comp id="156" class="1004" name="tmp_data_V_fu_156">
<pin_list>
<pin id="157" dir="0" index="0" bw="54" slack="0"/>
<pin id="158" dir="1" index="1" bw="32" slack="1"/>
</pin_list>
<bind>
<opcode="extractvalue(56) " fcode="extractvalue"/>
<opset="tmp_data_V/1 "/>
</bind>
</comp>

<comp id="160" class="1004" name="store_ln86_store_fu_160">
<pin_list>
<pin id="161" dir="0" index="0" bw="5" slack="0"/>
<pin id="162" dir="0" index="1" bw="5" slack="0"/>
<pin id="163" dir="1" index="2" bw="0" slack="2147483647"/>
</pin_list>
<bind>
<opcode="store(28) " fcode="store"/>
<opset="store_ln86/1 "/>
</bind>
</comp>

<comp id="165" class="1004" name="bitcast_ln97_fu_165">
<pin_list>
<pin id="166" dir="0" index="0" bw="32" slack="1"/>
<pin id="167" dir="1" index="1" bw="32" slack="0"/>
</pin_list>
<bind>
<opcode="bitcast(44) " fcode="bitcast"/>
<opset="bitcast_ln97/2 "/>
</bind>
</comp>

<comp id="169" class="1004" name="ireg_fu_169">
<pin_list>
<pin id="170" dir="0" index="0" bw="64" slack="0"/>
<pin id="171" dir="1" index="1" bw="64" slack="0"/>
</pin_list>
<bind>
<opcode="bitcast(44) " fcode="bitcast"/>
<opset="ireg/4 "/>
</bind>
</comp>

<comp id="173" class="1004" name="trunc_ln544_fu_173">
<pin_list>
<pin id="174" dir="0" index="0" bw="64" slack="0"/>
<pin id="175" dir="1" index="1" bw="63" slack="1"/>
</pin_list>
<bind>
<opcode="trunc(33) " fcode="trunc"/>
<opset="trunc_ln544/4 "/>
</bind>
</comp>

<comp id="177" class="1004" name="p_Result_s_fu_177">
<pin_list>
<pin id="178" dir="0" index="0" bw="1" slack="0"/>
<pin id="179" dir="0" index="1" bw="64" slack="0"/>
<pin id="180" dir="0" index="2" bw="7" slack="0"/>
<pin id="181" dir="1" index="3" bw="1" slack="1"/>
</pin_list>
<bind>
<opcode="bitselect(1000) " fcode="bitselect"/>
<opset="p_Result_s/4 "/>
</bind>
</comp>

<comp id="185" class="1004" name="exp_tmp_fu_185">
<pin_list>
<pin id="186" dir="0" index="0" bw="11" slack="0"/>
<pin id="187" dir="0" index="1" bw="64" slack="0"/>
<pin id="188" dir="0" index="2" bw="7" slack="0"/>
<pin id="189" dir="0" index="3" bw="7" slack="0"/>
<pin id="190" dir="1" index="4" bw="11" slack="1"/>
</pin_list>
<bind>
<opcode="partselect(1002) " fcode="partselect"/>
<opset="exp_tmp/4 "/>
</bind>
</comp>

<comp id="195" class="1004" name="trunc_ln554_fu_195">
<pin_list>
<pin id="196" dir="0" index="0" bw="64" slack="0"/>
<pin id="197" dir="1" index="1" bw="52" slack="1"/>
</pin_list>
<bind>
<opcode="trunc(33) " fcode="trunc"/>
<opset="trunc_ln554/4 "/>
</bind>
</comp>

<comp id="199" class="1004" name="zext_ln455_fu_199">
<pin_list>
<pin id="200" dir="0" index="0" bw="11" slack="1"/>
<pin id="201" dir="1" index="1" bw="12" slack="0"/>
</pin_list>
<bind>
<opcode="zext(34) " fcode="zext"/>
<opset="zext_ln455/5 "/>
</bind>
</comp>

<comp id="202" class="1004" name="p_Result_1_fu_202">
<pin_list>
<pin id="203" dir="0" index="0" bw="53" slack="0"/>
<pin id="204" dir="0" index="1" bw="1" slack="0"/>
<pin id="205" dir="0" index="2" bw="52" slack="1"/>
<pin id="206" dir="1" index="3" bw="53" slack="0"/>
</pin_list>
<bind>
<opcode="bitconcatenate(1004) " fcode="bitconcatenate"/>
<opset="p_Result_1/5 "/>
</bind>
</comp>

<comp id="209" class="1004" name="zext_ln558_fu_209">
<pin_list>
<pin id="210" dir="0" index="0" bw="53" slack="0"/>
<pin id="211" dir="1" index="1" bw="54" slack="0"/>
</pin_list>
<bind>
<opcode="zext(34) " fcode="zext"/>
<opset="zext_ln558/5 "/>
</bind>
</comp>

<comp id="213" class="1004" name="man_V_1_fu_213">
<pin_list>
<pin id="214" dir="0" index="0" bw="1" slack="0"/>
<pin id="215" dir="0" index="1" bw="53" slack="0"/>
<pin id="216" dir="1" index="2" bw="54" slack="0"/>
</pin_list>
<bind>
<opcode="sub(10) " fcode="sub"/>
<opset="man_V_1/5 "/>
</bind>
</comp>

<comp id="219" class="1004" name="man_V_2_fu_219">
<pin_list>
<pin id="220" dir="0" index="0" bw="1" slack="1"/>
<pin id="221" dir="0" index="1" bw="54" slack="0"/>
<pin id="222" dir="0" index="2" bw="53" slack="0"/>
<pin id="223" dir="1" index="3" bw="54" slack="0"/>
</pin_list>
<bind>
<opcode="select(49) " fcode="select"/>
<opset="man_V_2/5 "/>
</bind>
</comp>

<comp id="226" class="1004" name="icmp_ln560_fu_226">
<pin_list>
<pin id="227" dir="0" index="0" bw="63" slack="1"/>
<pin id="228" dir="0" index="1" bw="1" slack="0"/>
<pin id="229" dir="1" index="2" bw="1" slack="1"/>
</pin_list>
<bind>
<opcode="icmp(45) " fcode="icmp"/>
<opset="icmp_ln560/5 "/>
</bind>
</comp>

<comp id="231" class="1004" name="F2_fu_231">
<pin_list>
<pin id="232" dir="0" index="0" bw="12" slack="0"/>
<pin id="233" dir="0" index="1" bw="11" slack="0"/>
<pin id="234" dir="1" index="2" bw="12" slack="0"/>
</pin_list>
<bind>
<opcode="sub(10) " fcode="sub"/>
<opset="F2/5 "/>
</bind>
</comp>

<comp id="237" class="1004" name="icmp_ln570_fu_237">
<pin_list>
<pin id="238" dir="0" index="0" bw="12" slack="0"/>
<pin id="239" dir="0" index="1" bw="4" slack="0"/>
<pin id="240" dir="1" index="2" bw="1" slack="0"/>
</pin_list>
<bind>
<opcode="icmp(45) " fcode="icmp"/>
<opset="icmp_ln570/5 "/>
</bind>
</comp>

<comp id="243" class="1004" name="add_ln570_fu_243">
<pin_list>
<pin id="244" dir="0" index="0" bw="12" slack="0"/>
<pin id="245" dir="0" index="1" bw="4" slack="0"/>
<pin id="246" dir="1" index="2" bw="12" slack="0"/>
</pin_list>
<bind>
<opcode="add(8) " fcode="add"/>
<opset="add_ln570/5 "/>
</bind>
</comp>

<comp id="249" class="1004" name="sub_ln570_fu_249">
<pin_list>
<pin id="250" dir="0" index="0" bw="4" slack="0"/>
<pin id="251" dir="0" index="1" bw="12" slack="0"/>
<pin id="252" dir="1" index="2" bw="12" slack="0"/>
</pin_list>
<bind>
<opcode="sub(10) " fcode="sub"/>
<opset="sub_ln570/5 "/>
</bind>
</comp>

<comp id="255" class="1004" name="sh_amt_fu_255">
<pin_list>
<pin id="256" dir="0" index="0" bw="1" slack="0"/>
<pin id="257" dir="0" index="1" bw="12" slack="0"/>
<pin id="258" dir="0" index="2" bw="12" slack="0"/>
<pin id="259" dir="1" index="3" bw="12" slack="0"/>
</pin_list>
<bind>
<opcode="select(49) " fcode="select"/>
<opset="sh_amt/5 "/>
</bind>
</comp>

<comp id="263" class="1004" name="icmp_ln571_fu_263">
<pin_list>
<pin id="264" dir="0" index="0" bw="12" slack="0"/>
<pin id="265" dir="0" index="1" bw="4" slack="0"/>
<pin id="266" dir="1" index="2" bw="1" slack="2"/>
</pin_list>
<bind>
<opcode="icmp(45) " fcode="icmp"/>
<opset="icmp_ln571/5 "/>
</bind>
</comp>

<comp id="269" class="1004" name="trunc_ln572_fu_269">
<pin_list>
<pin id="270" dir="0" index="0" bw="54" slack="0"/>
<pin id="271" dir="1" index="1" bw="8" slack="2"/>
</pin_list>
<bind>
<opcode="trunc(33) " fcode="trunc"/>
<opset="trunc_ln572/5 "/>
</bind>
</comp>

<comp id="273" class="1004" name="tmp_4_fu_273">
<pin_list>
<pin id="274" dir="0" index="0" bw="9" slack="0"/>
<pin id="275" dir="0" index="1" bw="12" slack="0"/>
<pin id="276" dir="0" index="2" bw="3" slack="0"/>
<pin id="277" dir="0" index="3" bw="5" slack="0"/>
<pin id="278" dir="1" index="4" bw="9" slack="1"/>
</pin_list>
<bind>
<opcode="partselect(1002) " fcode="partselect"/>
<opset="tmp_4/5 "/>
</bind>
</comp>

<comp id="283" class="1004" name="sext_ln570_fu_283">
<pin_list>
<pin id="284" dir="0" index="0" bw="12" slack="1"/>
<pin id="285" dir="1" index="1" bw="32" slack="0"/>
</pin_list>
<bind>
<opcode="sext(35) " fcode="sext"/>
<opset="sext_ln570/6 "/>
</bind>
</comp>

<comp id="286" class="1004" name="icmp_ln574_fu_286">
<pin_list>
<pin id="287" dir="0" index="0" bw="12" slack="1"/>
<pin id="288" dir="0" index="1" bw="7" slack="0"/>
<pin id="289" dir="1" index="2" bw="1" slack="2"/>
</pin_list>
<bind>
<opcode="icmp(45) " fcode="icmp"/>
<opset="icmp_ln574/6 "/>
</bind>
</comp>

<comp id="291" class="1004" name="zext_ln575_fu_291">
<pin_list>
<pin id="292" dir="0" index="0" bw="12" slack="0"/>
<pin id="293" dir="1" index="1" bw="54" slack="0"/>
</pin_list>
<bind>
<opcode="zext(34) " fcode="zext"/>
<opset="zext_ln575/6 "/>
</bind>
</comp>

<comp id="295" class="1004" name="grp_fu_295">
<pin_list>
<pin id="296" dir="0" index="0" bw="54" slack="1"/>
<pin id="297" dir="0" index="1" bw="32" slack="0"/>
<pin id="298" dir="1" index="2" bw="54" slack="1"/>
</pin_list>
<bind>
<opcode="ashr(22) " fcode="ashr"/>
<opset="ashr_ln575/6 "/>
</bind>
</comp>

<comp id="300" class="1004" name="icmp_ln592_fu_300">
<pin_list>
<pin id="301" dir="0" index="0" bw="9" slack="1"/>
<pin id="302" dir="0" index="1" bw="1" slack="0"/>
<pin id="303" dir="1" index="2" bw="1" slack="1"/>
</pin_list>
<bind>
<opcode="icmp(45) " fcode="icmp"/>
<opset="icmp_ln592/6 "/>
</bind>
</comp>

<comp id="305" class="1004" name="sext_ln570cast_fu_305">
<pin_list>
<pin id="306" dir="0" index="0" bw="12" slack="1"/>
<pin id="307" dir="1" index="1" bw="8" slack="0"/>
</pin_list>
<bind>
<opcode="trunc(33) " fcode="trunc"/>
<opset="sext_ln570cast/7 "/>
</bind>
</comp>

<comp id="308" class="1004" name="shl_ln593_fu_308">
<pin_list>
<pin id="309" dir="0" index="0" bw="8" slack="2"/>
<pin id="310" dir="0" index="1" bw="8" slack="0"/>
<pin id="311" dir="1" index="2" bw="8" slack="0"/>
</pin_list>
<bind>
<opcode="shl(20) " fcode="shl"/>
<opset="shl_ln593/7 "/>
</bind>
</comp>

<comp id="313" class="1004" name="select_ln592_fu_313">
<pin_list>
<pin id="314" dir="0" index="0" bw="1" slack="1"/>
<pin id="315" dir="0" index="1" bw="8" slack="0"/>
<pin id="316" dir="0" index="2" bw="1" slack="0"/>
<pin id="317" dir="1" index="3" bw="8" slack="0"/>
</pin_list>
<bind>
<opcode="select(49) " fcode="select"/>
<opset="select_ln592/7 "/>
</bind>
</comp>

<comp id="320" class="1004" name="xor_ln560_fu_320">
<pin_list>
<pin id="321" dir="0" index="0" bw="1" slack="2"/>
<pin id="322" dir="0" index="1" bw="1" slack="0"/>
<pin id="323" dir="1" index="2" bw="1" slack="0"/>
</pin_list>
<bind>
<opcode="xor(25) " fcode="xor"/>
<opset="xor_ln560/7 "/>
</bind>
</comp>

<comp id="325" class="1004" name="and_ln571_fu_325">
<pin_list>
<pin id="326" dir="0" index="0" bw="1" slack="2"/>
<pin id="327" dir="0" index="1" bw="1" slack="0"/>
<pin id="328" dir="1" index="2" bw="1" slack="0"/>
</pin_list>
<bind>
<opcode="and(23) " fcode="and"/>
<opset="and_ln571/7 "/>
</bind>
</comp>

<comp id="330" class="1004" name="select_ln571_fu_330">
<pin_list>
<pin id="331" dir="0" index="0" bw="1" slack="0"/>
<pin id="332" dir="0" index="1" bw="8" slack="2"/>
<pin id="333" dir="0" index="2" bw="8" slack="0"/>
<pin id="334" dir="1" index="3" bw="8" slack="1"/>
</pin_list>
<bind>
<opcode="select(49) " fcode="select"/>
<opset="select_ln571/7 "/>
</bind>
</comp>

<comp id="337" class="1004" name="or_ln571_fu_337">
<pin_list>
<pin id="338" dir="0" index="0" bw="1" slack="2"/>
<pin id="339" dir="0" index="1" bw="1" slack="2"/>
<pin id="340" dir="1" index="2" bw="1" slack="0"/>
</pin_list>
<bind>
<opcode="or(24) " fcode="or"/>
<opset="or_ln571/7 "/>
</bind>
</comp>

<comp id="341" class="1004" name="xor_ln571_fu_341">
<pin_list>
<pin id="342" dir="0" index="0" bw="1" slack="0"/>
<pin id="343" dir="0" index="1" bw="1" slack="0"/>
<pin id="344" dir="1" index="2" bw="1" slack="0"/>
</pin_list>
<bind>
<opcode="xor(25) " fcode="xor"/>
<opset="xor_ln571/7 "/>
</bind>
</comp>

<comp id="347" class="1004" name="and_ln570_fu_347">
<pin_list>
<pin id="348" dir="0" index="0" bw="1" slack="2"/>
<pin id="349" dir="0" index="1" bw="1" slack="0"/>
<pin id="350" dir="1" index="2" bw="1" slack="1"/>
</pin_list>
<bind>
<opcode="and(23) " fcode="and"/>
<opset="and_ln570/7 "/>
</bind>
</comp>

<comp id="352" class="1004" name="trunc_ln575_fu_352">
<pin_list>
<pin id="353" dir="0" index="0" bw="54" slack="1"/>
<pin id="354" dir="1" index="1" bw="8" slack="0"/>
</pin_list>
<bind>
<opcode="trunc(33) " fcode="trunc"/>
<opset="trunc_ln575/8 "/>
</bind>
</comp>

<comp id="355" class="1004" name="tmp_fu_355">
<pin_list>
<pin id="356" dir="0" index="0" bw="1" slack="0"/>
<pin id="357" dir="0" index="1" bw="32" slack="7"/>
<pin id="358" dir="0" index="2" bw="6" slack="0"/>
<pin id="359" dir="1" index="3" bw="1" slack="0"/>
</pin_list>
<bind>
<opcode="bitselect(1000) " fcode="bitselect"/>
<opset="tmp/8 "/>
</bind>
</comp>

<comp id="362" class="1004" name="select_ln574_1_fu_362">
<pin_list>
<pin id="363" dir="0" index="0" bw="1" slack="0"/>
<pin id="364" dir="0" index="1" bw="1" slack="0"/>
<pin id="365" dir="0" index="2" bw="1" slack="0"/>
<pin id="366" dir="1" index="3" bw="8" slack="0"/>
</pin_list>
<bind>
<opcode="select(49) " fcode="select"/>
<opset="select_ln574_1/8 "/>
</bind>
</comp>

<comp id="370" class="1004" name="select_ln574_fu_370">
<pin_list>
<pin id="371" dir="0" index="0" bw="1" slack="2"/>
<pin id="372" dir="0" index="1" bw="8" slack="0"/>
<pin id="373" dir="0" index="2" bw="8" slack="0"/>
<pin id="374" dir="1" index="3" bw="8" slack="0"/>
</pin_list>
<bind>
<opcode="select(49) " fcode="select"/>
<opset="select_ln574/8 "/>
</bind>
</comp>

<comp id="377" class="1004" name="select_ln570_fu_377">
<pin_list>
<pin id="378" dir="0" index="0" bw="1" slack="1"/>
<pin id="379" dir="0" index="1" bw="8" slack="0"/>
<pin id="380" dir="0" index="2" bw="8" slack="1"/>
<pin id="381" dir="1" index="3" bw="8" slack="0"/>
</pin_list>
<bind>
<opcode="select(49) " fcode="select"/>
<opset="select_ln570/8 "/>
</bind>
</comp>

<comp id="383" class="1004" name="select_ln560_fu_383">
<pin_list>
<pin id="384" dir="0" index="0" bw="1" slack="3"/>
<pin id="385" dir="0" index="1" bw="1" slack="0"/>
<pin id="386" dir="0" index="2" bw="8" slack="0"/>
<pin id="387" dir="1" index="3" bw="8" slack="0"/>
</pin_list>
<bind>
<opcode="select(49) " fcode="select"/>
<opset="select_ln560/8 "/>
</bind>
</comp>

<comp id="391" class="1005" name="h_reg_391">
<pin_list>
<pin id="392" dir="0" index="0" bw="5" slack="0"/>
<pin id="393" dir="1" index="1" bw="5" slack="0"/>
</pin_list>
<bind>
<opset="h "/>
</bind>
</comp>

<comp id="398" class="1005" name="icmp_ln86_reg_398">
<pin_list>
<pin id="399" dir="0" index="0" bw="1" slack="6"/>
<pin id="400" dir="1" index="1" bw="1" slack="2147483647"/>
</pin_list>
<bind>
<opset="icmp_ln86 "/>
</bind>
</comp>

<comp id="402" class="1005" name="tmp_data_V_reg_402">
<pin_list>
<pin id="403" dir="0" index="0" bw="32" slack="1"/>
<pin id="404" dir="1" index="1" bw="32" slack="1"/>
</pin_list>
<bind>
<opset="tmp_data_V "/>
</bind>
</comp>

<comp id="408" class="1005" name="bitcast_ln97_reg_408">
<pin_list>
<pin id="409" dir="0" index="0" bw="32" slack="1"/>
<pin id="410" dir="1" index="1" bw="32" slack="1"/>
</pin_list>
<bind>
<opset="bitcast_ln97 "/>
</bind>
</comp>

<comp id="413" class="1005" name="trunc_ln544_reg_413">
<pin_list>
<pin id="414" dir="0" index="0" bw="63" slack="1"/>
<pin id="415" dir="1" index="1" bw="63" slack="1"/>
</pin_list>
<bind>
<opset="trunc_ln544 "/>
</bind>
</comp>

<comp id="418" class="1005" name="p_Result_s_reg_418">
<pin_list>
<pin id="419" dir="0" index="0" bw="1" slack="1"/>
<pin id="420" dir="1" index="1" bw="1" slack="1"/>
</pin_list>
<bind>
<opset="p_Result_s "/>
</bind>
</comp>

<comp id="423" class="1005" name="exp_tmp_reg_423">
<pin_list>
<pin id="424" dir="0" index="0" bw="11" slack="1"/>
<pin id="425" dir="1" index="1" bw="11" slack="1"/>
</pin_list>
<bind>
<opset="exp_tmp "/>
</bind>
</comp>

<comp id="428" class="1005" name="trunc_ln554_reg_428">
<pin_list>
<pin id="429" dir="0" index="0" bw="52" slack="1"/>
<pin id="430" dir="1" index="1" bw="52" slack="1"/>
</pin_list>
<bind>
<opset="trunc_ln554 "/>
</bind>
</comp>

<comp id="433" class="1005" name="man_V_2_reg_433">
<pin_list>
<pin id="434" dir="0" index="0" bw="54" slack="1"/>
<pin id="435" dir="1" index="1" bw="54" slack="1"/>
</pin_list>
<bind>
<opset="man_V_2 "/>
</bind>
</comp>

<comp id="438" class="1005" name="icmp_ln560_reg_438">
<pin_list>
<pin id="439" dir="0" index="0" bw="1" slack="1"/>
<pin id="440" dir="1" index="1" bw="1" slack="2"/>
</pin_list>
<bind>
<opset="icmp_ln560 "/>
</bind>
</comp>

<comp id="445" class="1005" name="icmp_ln570_reg_445">
<pin_list>
<pin id="446" dir="0" index="0" bw="1" slack="2"/>
<pin id="447" dir="1" index="1" bw="1" slack="2"/>
</pin_list>
<bind>
<opset="icmp_ln570 "/>
</bind>
</comp>

<comp id="450" class="1005" name="sh_amt_reg_450">
<pin_list>
<pin id="451" dir="0" index="0" bw="12" slack="1"/>
<pin id="452" dir="1" index="1" bw="12" slack="1"/>
</pin_list>
<bind>
<opset="sh_amt "/>
</bind>
</comp>

<comp id="456" class="1005" name="icmp_ln571_reg_456">
<pin_list>
<pin id="457" dir="0" index="0" bw="1" slack="2"/>
<pin id="458" dir="1" index="1" bw="1" slack="2"/>
</pin_list>
<bind>
<opset="icmp_ln571 "/>
</bind>
</comp>

<comp id="462" class="1005" name="trunc_ln572_reg_462">
<pin_list>
<pin id="463" dir="0" index="0" bw="8" slack="2"/>
<pin id="464" dir="1" index="1" bw="8" slack="2"/>
</pin_list>
<bind>
<opset="trunc_ln572 "/>
</bind>
</comp>

<comp id="468" class="1005" name="tmp_4_reg_468">
<pin_list>
<pin id="469" dir="0" index="0" bw="9" slack="1"/>
<pin id="470" dir="1" index="1" bw="9" slack="1"/>
</pin_list>
<bind>
<opset="tmp_4 "/>
</bind>
</comp>

<comp id="473" class="1005" name="sext_ln570_reg_473">
<pin_list>
<pin id="474" dir="0" index="0" bw="32" slack="1"/>
<pin id="475" dir="1" index="1" bw="32" slack="1"/>
</pin_list>
<bind>
<opset="sext_ln570 "/>
</bind>
</comp>

<comp id="478" class="1005" name="icmp_ln574_reg_478">
<pin_list>
<pin id="479" dir="0" index="0" bw="1" slack="2"/>
<pin id="480" dir="1" index="1" bw="1" slack="2"/>
</pin_list>
<bind>
<opset="icmp_ln574 "/>
</bind>
</comp>

<comp id="483" class="1005" name="zext_ln575_reg_483">
<pin_list>
<pin id="484" dir="0" index="0" bw="54" slack="1"/>
<pin id="485" dir="1" index="1" bw="54" slack="1"/>
</pin_list>
<bind>
<opset="zext_ln575 "/>
</bind>
</comp>

<comp id="488" class="1005" name="icmp_ln592_reg_488">
<pin_list>
<pin id="489" dir="0" index="0" bw="1" slack="1"/>
<pin id="490" dir="1" index="1" bw="1" slack="1"/>
</pin_list>
<bind>
<opset="icmp_ln592 "/>
</bind>
</comp>

<comp id="493" class="1005" name="ashr_ln575_reg_493">
<pin_list>
<pin id="494" dir="0" index="0" bw="54" slack="1"/>
<pin id="495" dir="1" index="1" bw="54" slack="1"/>
</pin_list>
<bind>
<opset="ashr_ln575 "/>
</bind>
</comp>

<comp id="498" class="1005" name="select_ln571_reg_498">
<pin_list>
<pin id="499" dir="0" index="0" bw="8" slack="1"/>
<pin id="500" dir="1" index="1" bw="8" slack="1"/>
</pin_list>
<bind>
<opset="select_ln571 "/>
</bind>
</comp>

<comp id="503" class="1005" name="and_ln570_reg_503">
<pin_list>
<pin id="504" dir="0" index="0" bw="1" slack="1"/>
<pin id="505" dir="1" index="1" bw="1" slack="1"/>
</pin_list>
<bind>
<opset="and_ln570 "/>
</bind>
</comp>

</comp_list>

<net_list>
<net id="107"><net_src comp="16" pin="0"/><net_sink comp="104" pin=0"/></net>

<net id="118"><net_src comp="52" pin="0"/><net_sink comp="108" pin=0"/></net>

<net id="119"><net_src comp="2" pin="0"/><net_sink comp="108" pin=1"/></net>

<net id="120"><net_src comp="4" pin="0"/><net_sink comp="108" pin=2"/></net>

<net id="121"><net_src comp="6" pin="0"/><net_sink comp="108" pin=3"/></net>

<net id="122"><net_src comp="8" pin="0"/><net_sink comp="108" pin=4"/></net>

<net id="123"><net_src comp="10" pin="0"/><net_sink comp="108" pin=5"/></net>

<net id="124"><net_src comp="12" pin="0"/><net_sink comp="108" pin=6"/></net>

<net id="125"><net_src comp="14" pin="0"/><net_sink comp="108" pin=7"/></net>

<net id="131"><net_src comp="102" pin="0"/><net_sink comp="126" pin=0"/></net>

<net id="132"><net_src comp="0" pin="0"/><net_sink comp="126" pin=1"/></net>

<net id="140"><net_src comp="42" pin="0"/><net_sink comp="136" pin=0"/></net>

<net id="148"><net_src comp="141" pin="1"/><net_sink comp="144" pin=0"/></net>

<net id="149"><net_src comp="44" pin="0"/><net_sink comp="144" pin=1"/></net>

<net id="154"><net_src comp="141" pin="1"/><net_sink comp="150" pin=0"/></net>

<net id="155"><net_src comp="50" pin="0"/><net_sink comp="150" pin=1"/></net>

<net id="159"><net_src comp="108" pin="8"/><net_sink comp="156" pin=0"/></net>

<net id="164"><net_src comp="150" pin="2"/><net_sink comp="160" pin=0"/></net>

<net id="168"><net_src comp="165" pin="1"/><net_sink comp="133" pin=0"/></net>

<net id="172"><net_src comp="133" pin="1"/><net_sink comp="169" pin=0"/></net>

<net id="176"><net_src comp="169" pin="1"/><net_sink comp="173" pin=0"/></net>

<net id="182"><net_src comp="54" pin="0"/><net_sink comp="177" pin=0"/></net>

<net id="183"><net_src comp="169" pin="1"/><net_sink comp="177" pin=1"/></net>

<net id="184"><net_src comp="56" pin="0"/><net_sink comp="177" pin=2"/></net>

<net id="191"><net_src comp="58" pin="0"/><net_sink comp="185" pin=0"/></net>

<net id="192"><net_src comp="169" pin="1"/><net_sink comp="185" pin=1"/></net>

<net id="193"><net_src comp="60" pin="0"/><net_sink comp="185" pin=2"/></net>

<net id="194"><net_src comp="62" pin="0"/><net_sink comp="185" pin=3"/></net>

<net id="198"><net_src comp="169" pin="1"/><net_sink comp="195" pin=0"/></net>

<net id="207"><net_src comp="64" pin="0"/><net_sink comp="202" pin=0"/></net>

<net id="208"><net_src comp="66" pin="0"/><net_sink comp="202" pin=1"/></net>

<net id="212"><net_src comp="202" pin="3"/><net_sink comp="209" pin=0"/></net>

<net id="217"><net_src comp="68" pin="0"/><net_sink comp="213" pin=0"/></net>

<net id="218"><net_src comp="209" pin="1"/><net_sink comp="213" pin=1"/></net>

<net id="224"><net_src comp="213" pin="2"/><net_sink comp="219" pin=1"/></net>

<net id="225"><net_src comp="209" pin="1"/><net_sink comp="219" pin=2"/></net>

<net id="230"><net_src comp="70" pin="0"/><net_sink comp="226" pin=1"/></net>

<net id="235"><net_src comp="72" pin="0"/><net_sink comp="231" pin=0"/></net>

<net id="236"><net_src comp="199" pin="1"/><net_sink comp="231" pin=1"/></net>

<net id="241"><net_src comp="231" pin="2"/><net_sink comp="237" pin=0"/></net>

<net id="242"><net_src comp="74" pin="0"/><net_sink comp="237" pin=1"/></net>

<net id="247"><net_src comp="231" pin="2"/><net_sink comp="243" pin=0"/></net>

<net id="248"><net_src comp="76" pin="0"/><net_sink comp="243" pin=1"/></net>

<net id="253"><net_src comp="74" pin="0"/><net_sink comp="249" pin=0"/></net>

<net id="254"><net_src comp="231" pin="2"/><net_sink comp="249" pin=1"/></net>

<net id="260"><net_src comp="237" pin="2"/><net_sink comp="255" pin=0"/></net>

<net id="261"><net_src comp="243" pin="2"/><net_sink comp="255" pin=1"/></net>

<net id="262"><net_src comp="249" pin="2"/><net_sink comp="255" pin=2"/></net>

<net id="267"><net_src comp="231" pin="2"/><net_sink comp="263" pin=0"/></net>

<net id="268"><net_src comp="74" pin="0"/><net_sink comp="263" pin=1"/></net>

<net id="272"><net_src comp="219" pin="3"/><net_sink comp="269" pin=0"/></net>

<net id="279"><net_src comp="78" pin="0"/><net_sink comp="273" pin=0"/></net>

<net id="280"><net_src comp="255" pin="3"/><net_sink comp="273" pin=1"/></net>

<net id="281"><net_src comp="80" pin="0"/><net_sink comp="273" pin=2"/></net>

<net id="282"><net_src comp="82" pin="0"/><net_sink comp="273" pin=3"/></net>

<net id="290"><net_src comp="84" pin="0"/><net_sink comp="286" pin=1"/></net>

<net id="294"><net_src comp="283" pin="1"/><net_sink comp="291" pin=0"/></net>

<net id="299"><net_src comp="291" pin="1"/><net_sink comp="295" pin=1"/></net>

<net id="304"><net_src comp="86" pin="0"/><net_sink comp="300" pin=1"/></net>

<net id="312"><net_src comp="305" pin="1"/><net_sink comp="308" pin=1"/></net>

<net id="318"><net_src comp="308" pin="2"/><net_sink comp="313" pin=1"/></net>

<net id="319"><net_src comp="88" pin="0"/><net_sink comp="313" pin=2"/></net>

<net id="324"><net_src comp="66" pin="0"/><net_sink comp="320" pin=1"/></net>

<net id="329"><net_src comp="320" pin="2"/><net_sink comp="325" pin=1"/></net>

<net id="335"><net_src comp="325" pin="2"/><net_sink comp="330" pin=0"/></net>

<net id="336"><net_src comp="313" pin="3"/><net_sink comp="330" pin=2"/></net>

<net id="345"><net_src comp="337" pin="2"/><net_sink comp="341" pin=0"/></net>

<net id="346"><net_src comp="66" pin="0"/><net_sink comp="341" pin=1"/></net>

<net id="351"><net_src comp="341" pin="2"/><net_sink comp="347" pin=1"/></net>

<net id="360"><net_src comp="96" pin="0"/><net_sink comp="355" pin=0"/></net>

<net id="361"><net_src comp="98" pin="0"/><net_sink comp="355" pin=2"/></net>

<net id="367"><net_src comp="355" pin="3"/><net_sink comp="362" pin=0"/></net>

<net id="368"><net_src comp="100" pin="0"/><net_sink comp="362" pin=1"/></net>

<net id="369"><net_src comp="88" pin="0"/><net_sink comp="362" pin=2"/></net>

<net id="375"><net_src comp="352" pin="1"/><net_sink comp="370" pin=1"/></net>

<net id="376"><net_src comp="362" pin="3"/><net_sink comp="370" pin=2"/></net>

<net id="382"><net_src comp="370" pin="3"/><net_sink comp="377" pin=1"/></net>

<net id="388"><net_src comp="88" pin="0"/><net_sink comp="383" pin=1"/></net>

<net id="389"><net_src comp="377" pin="3"/><net_sink comp="383" pin=2"/></net>

<net id="390"><net_src comp="383" pin="3"/><net_sink comp="126" pin=2"/></net>

<net id="394"><net_src comp="104" pin="1"/><net_sink comp="391" pin=0"/></net>

<net id="395"><net_src comp="391" pin="1"/><net_sink comp="136" pin=1"/></net>

<net id="396"><net_src comp="391" pin="1"/><net_sink comp="141" pin=0"/></net>

<net id="397"><net_src comp="391" pin="1"/><net_sink comp="160" pin=1"/></net>

<net id="401"><net_src comp="144" pin="2"/><net_sink comp="398" pin=0"/></net>

<net id="405"><net_src comp="156" pin="1"/><net_sink comp="402" pin=0"/></net>

<net id="406"><net_src comp="402" pin="1"/><net_sink comp="165" pin=0"/></net>

<net id="407"><net_src comp="402" pin="1"/><net_sink comp="355" pin=1"/></net>

<net id="411"><net_src comp="165" pin="1"/><net_sink comp="408" pin=0"/></net>

<net id="412"><net_src comp="408" pin="1"/><net_sink comp="133" pin=0"/></net>

<net id="416"><net_src comp="173" pin="1"/><net_sink comp="413" pin=0"/></net>

<net id="417"><net_src comp="413" pin="1"/><net_sink comp="226" pin=0"/></net>

<net id="421"><net_src comp="177" pin="3"/><net_sink comp="418" pin=0"/></net>

<net id="422"><net_src comp="418" pin="1"/><net_sink comp="219" pin=0"/></net>

<net id="426"><net_src comp="185" pin="4"/><net_sink comp="423" pin=0"/></net>

<net id="427"><net_src comp="423" pin="1"/><net_sink comp="199" pin=0"/></net>

<net id="431"><net_src comp="195" pin="1"/><net_sink comp="428" pin=0"/></net>

<net id="432"><net_src comp="428" pin="1"/><net_sink comp="202" pin=2"/></net>

<net id="436"><net_src comp="219" pin="3"/><net_sink comp="433" pin=0"/></net>

<net id="437"><net_src comp="433" pin="1"/><net_sink comp="295" pin=0"/></net>

<net id="441"><net_src comp="226" pin="2"/><net_sink comp="438" pin=0"/></net>

<net id="442"><net_src comp="438" pin="1"/><net_sink comp="320" pin=0"/></net>

<net id="443"><net_src comp="438" pin="1"/><net_sink comp="337" pin=0"/></net>

<net id="444"><net_src comp="438" pin="1"/><net_sink comp="383" pin=0"/></net>

<net id="448"><net_src comp="237" pin="2"/><net_sink comp="445" pin=0"/></net>

<net id="449"><net_src comp="445" pin="1"/><net_sink comp="347" pin=0"/></net>

<net id="453"><net_src comp="255" pin="3"/><net_sink comp="450" pin=0"/></net>

<net id="454"><net_src comp="450" pin="1"/><net_sink comp="283" pin=0"/></net>

<net id="455"><net_src comp="450" pin="1"/><net_sink comp="286" pin=0"/></net>

<net id="459"><net_src comp="263" pin="2"/><net_sink comp="456" pin=0"/></net>

<net id="460"><net_src comp="456" pin="1"/><net_sink comp="325" pin=0"/></net>

<net id="461"><net_src comp="456" pin="1"/><net_sink comp="337" pin=1"/></net>

<net id="465"><net_src comp="269" pin="1"/><net_sink comp="462" pin=0"/></net>

<net id="466"><net_src comp="462" pin="1"/><net_sink comp="308" pin=0"/></net>

<net id="467"><net_src comp="462" pin="1"/><net_sink comp="330" pin=1"/></net>

<net id="471"><net_src comp="273" pin="4"/><net_sink comp="468" pin=0"/></net>

<net id="472"><net_src comp="468" pin="1"/><net_sink comp="300" pin=0"/></net>

<net id="476"><net_src comp="283" pin="1"/><net_sink comp="473" pin=0"/></net>

<net id="477"><net_src comp="473" pin="1"/><net_sink comp="305" pin=0"/></net>

<net id="481"><net_src comp="286" pin="2"/><net_sink comp="478" pin=0"/></net>

<net id="482"><net_src comp="478" pin="1"/><net_sink comp="370" pin=0"/></net>

<net id="486"><net_src comp="291" pin="1"/><net_sink comp="483" pin=0"/></net>

<net id="487"><net_src comp="483" pin="1"/><net_sink comp="295" pin=1"/></net>

<net id="491"><net_src comp="300" pin="2"/><net_sink comp="488" pin=0"/></net>

<net id="492"><net_src comp="488" pin="1"/><net_sink comp="313" pin=0"/></net>

<net id="496"><net_src comp="295" pin="2"/><net_sink comp="493" pin=0"/></net>

<net id="497"><net_src comp="493" pin="1"/><net_sink comp="352" pin=0"/></net>

<net id="501"><net_src comp="330" pin="3"/><net_sink comp="498" pin=0"/></net>

<net id="502"><net_src comp="498" pin="1"/><net_sink comp="377" pin=2"/></net>

<net id="506"><net_src comp="347" pin="2"/><net_sink comp="503" pin=0"/></net>

<net id="507"><net_src comp="503" pin="1"/><net_sink comp="377" pin=0"/></net>

</net_list>

</model> 
---------------- Datapath Model END ------------------

* FSMD analyzer results:
  - Output states:
	Port: features_in_data_V | {8 }
 - Input state : 
	Port: Loop_VITIS_LOOP_86_1_proc1 : input_r_V_data_V | {1 }
	Port: Loop_VITIS_LOOP_86_1_proc1 : input_r_V_keep_V | {1 }
	Port: Loop_VITIS_LOOP_86_1_proc1 : input_r_V_strb_V | {1 }
	Port: Loop_VITIS_LOOP_86_1_proc1 : input_r_V_user_V | {1 }
	Port: Loop_VITIS_LOOP_86_1_proc1 : input_r_V_last_V | {1 }
	Port: Loop_VITIS_LOOP_86_1_proc1 : input_r_V_id_V | {1 }
	Port: Loop_VITIS_LOOP_86_1_proc1 : input_r_V_dest_V | {1 }
  - Chain level:
	State 1
		store_ln0 : 1
		h_1 : 1
		icmp_ln86 : 2
		add_ln86 : 2
		br_ln86 : 3
		store_ln86 : 3
	State 2
		d : 1
	State 3
	State 4
		ireg : 1
		trunc_ln544 : 2
		p_Result_s : 2
		exp_tmp : 2
		trunc_ln554 : 2
	State 5
		zext_ln558 : 1
		man_V_1 : 2
		man_V_2 : 3
		F2 : 1
		icmp_ln570 : 2
		add_ln570 : 2
		sub_ln570 : 2
		sh_amt : 3
		icmp_ln571 : 2
		trunc_ln572 : 4
		tmp_4 : 4
	State 6
		zext_ln575 : 1
		ashr_ln575 : 2
	State 7
		shl_ln593 : 1
		select_ln592 : 2
		select_ln571 : 3
	State 8
		select_ln574_1 : 1
		select_ln574 : 2
		select_ln570 : 3
		select_ln560 : 4
		write_ln97 : 5


============================================================
+ Verbose Summary: Datapath Resource usage 
============================================================

* Functional unit list:
|----------|-------------------------|---------|---------|
| Operation|     Functional Unit     |    FF   |   LUT   |
|----------|-------------------------|---------|---------|
|   ashr   |        grp_fu_295       |   214   |   209   |
|----------|-------------------------|---------|---------|
|          |      man_V_2_fu_219     |    0    |    54   |
|          |      sh_amt_fu_255      |    0    |    12   |
|          |   select_ln592_fu_313   |    0    |    8    |
|  select  |   select_ln571_fu_330   |    0    |    8    |
|          |  select_ln574_1_fu_362  |    0    |    2    |
|          |   select_ln574_fu_370   |    0    |    8    |
|          |   select_ln570_fu_377   |    0    |    8    |
|          |   select_ln560_fu_383   |    0    |    8    |
|----------|-------------------------|---------|---------|
|          |     icmp_ln86_fu_144    |    0    |    9    |
|          |    icmp_ln560_fu_226    |    0    |    28   |
|   icmp   |    icmp_ln570_fu_237    |    0    |    12   |
|          |    icmp_ln571_fu_263    |    0    |    12   |
|          |    icmp_ln574_fu_286    |    0    |    12   |
|          |    icmp_ln592_fu_300    |    0    |    11   |
|----------|-------------------------|---------|---------|
|          |      man_V_1_fu_213     |    0    |    60   |
|    sub   |        F2_fu_231        |    0    |    12   |
|          |     sub_ln570_fu_249    |    0    |    12   |
|----------|-------------------------|---------|---------|
|    add   |     add_ln86_fu_150     |    0    |    13   |
|          |     add_ln570_fu_243    |    0    |    12   |
|----------|-------------------------|---------|---------|
|    shl   |     shl_ln593_fu_308    |    0    |    17   |
|----------|-------------------------|---------|---------|
|    xor   |     xor_ln560_fu_320    |    0    |    2    |
|          |     xor_ln571_fu_341    |    0    |    2    |
|----------|-------------------------|---------|---------|
|    and   |     and_ln571_fu_325    |    0    |    2    |
|          |     and_ln570_fu_347    |    0    |    2    |
|----------|-------------------------|---------|---------|
|    or    |     or_ln571_fu_337     |    0    |    2    |
|----------|-------------------------|---------|---------|
|   read   |  empty_688_read_fu_108  |    0    |    0    |
|----------|-------------------------|---------|---------|
|   write  | write_ln97_write_fu_126 |    0    |    0    |
|----------|-------------------------|---------|---------|
|   fpext  |        grp_fu_133       |    0    |    0    |
|----------|-------------------------|---------|---------|
|extractvalue|    tmp_data_V_fu_156    |    0    |    0    |
|----------|-------------------------|---------|---------|
|          |    trunc_ln544_fu_173   |    0    |    0    |
|          |    trunc_ln554_fu_195   |    0    |    0    |
|   trunc  |    trunc_ln572_fu_269   |    0    |    0    |
|          |  sext_ln570cast_fu_305  |    0    |    0    |
|          |    trunc_ln575_fu_352   |    0    |    0    |
|----------|-------------------------|---------|---------|
| bitselect|    p_Result_s_fu_177    |    0    |    0    |
|          |        tmp_fu_355       |    0    |    0    |
|----------|-------------------------|---------|---------|
|partselect|      exp_tmp_fu_185     |    0    |    0    |
|          |       tmp_4_fu_273      |    0    |    0    |
|----------|-------------------------|---------|---------|
|          |    zext_ln455_fu_199    |    0    |    0    |
|   zext   |    zext_ln558_fu_209    |    0    |    0    |
|          |    zext_ln575_fu_291    |    0    |    0    |
|----------|-------------------------|---------|---------|
|bitconcatenate|    p_Result_1_fu_202    |    0    |    0    |
|----------|-------------------------|---------|---------|
|   sext   |    sext_ln570_fu_283    |    0    |    0    |
|----------|-------------------------|---------|---------|
|   Total  |                         |   214   |   537   |
|----------|-------------------------|---------|---------|

Memories:
N/A

* Register list:
+--------------------+--------+
|                    |   FF   |
+--------------------+--------+
|  and_ln570_reg_503 |    1   |
| ashr_ln575_reg_493 |   54   |
|bitcast_ln97_reg_408|   32   |
|   exp_tmp_reg_423  |   11   |
|      h_reg_391     |    5   |
| icmp_ln560_reg_438 |    1   |
| icmp_ln570_reg_445 |    1   |
| icmp_ln571_reg_456 |    1   |
| icmp_ln574_reg_478 |    1   |
| icmp_ln592_reg_488 |    1   |
|  icmp_ln86_reg_398 |    1   |
|   man_V_2_reg_433  |   54   |
| p_Result_s_reg_418 |    1   |
|select_ln571_reg_498|    8   |
| sext_ln570_reg_473 |   32   |
|   sh_amt_reg_450   |   12   |
|    tmp_4_reg_468   |    9   |
| tmp_data_V_reg_402 |   32   |
| trunc_ln544_reg_413|   63   |
| trunc_ln554_reg_428|   52   |
| trunc_ln572_reg_462|    8   |
| zext_ln575_reg_483 |   54   |
+--------------------+--------+
|        Total       |   434  |
+--------------------+--------+

* Multiplexer (MUX) list: 
|------------|------|------|------|--------||---------||---------|
|    Comp    |  Pin | Size |  BW  | S x BW ||  Delay  ||   LUT   |
|------------|------|------|------|--------||---------||---------|
| grp_fu_133 |  p0  |   2  |  32  |   64   ||    9    |
| grp_fu_295 |  p1  |   2  |  32  |   64   ||    9    |
|------------|------|------|------|--------||---------||---------|
|    Total   |      |      |      |   128  ||  3.176  ||    18   |
|------------|------|------|------|--------||---------||---------|



* Summary:
+-----------+--------+--------+--------+
|           |  Delay |   FF   |   LUT  |
+-----------+--------+--------+--------+
|  Function |    -   |   214  |   537  |
|   Memory  |    -   |    -   |    -   |
|Multiplexer|    3   |    -   |   18   |
|  Register |    -   |   434  |    -   |
+-----------+--------+--------+--------+
|   Total   |    3   |   648  |   555  |
+-----------+--------+--------+--------+
