

================================================================
== Vitis HLS Report for 'myproject'
================================================================
* Date:           Fri Jun 26 18:52:42 2026

* Version:        2022.2 (Build 3670227 on Oct 13 2022)
* Project:        myproject_prj
* Solution:       solution1 (Vivado IP Flow Target)
* Product family: zynq
* Target device:  xc7z020-clg400-1


================================================================
== Performance Estimates
================================================================
+ Timing: 
    * Summary: 
    +--------+---------+----------+------------+
    |  Clock |  Target | Estimated| Uncertainty|
    +--------+---------+----------+------------+
    |ap_clk  |  5.00 ns|  7.898 ns|     0.62 ns|
    +--------+---------+----------+------------+

+ Latency: 
    * Summary: 
    +---------+---------+----------+----------+-----+-----+----------+
    |  Latency (cycles) |  Latency (absolute) |  Interval | Pipeline |
    |   min   |   max   |    min   |    max   | min | max |   Type   |
    +---------+---------+----------+----------+-----+-----+----------+
    |       87|       88|  0.687 us|  0.695 us|   72|   72|  dataflow|
    +---------+---------+----------+----------+-----+-----+----------+

    + Detail: 
        * Instance: 
        N/A

        * Loop: 
        N/A

============================================================
+ Verbose Summary: Synthesis Manager
============================================================
InlineROM: 1
ExposeGlobal: 0
============================================================
+ Verbose Summary: CDFG Model
============================================================
IsTopModel: 0
ResetActiveHigh: 1
IsCombinational: 2
IsDatapathOnly: 0
HasWiredReturn: 1
HasMFsm: 0
HasVarLatency: 1
IsPipeline: 0
IsRtlPipelined: 0
IsInstanceOverlapped: 0
IsDontTouch: 0
HasImplIP: 0
IsGatedGlobalClock: 0


============================================================
+ Verbose Summary: Schedule
============================================================
* Number of FSM states : 16
* Pipeline : 0
* Dataflow Pipeline: 1
  DF-Pipeline-0: Size = 16, States = { 1 2 3 4 5 6 7 8 9 10 11 12 13 14 15 16 }

* FSM state transitions: 
1 --> 2 
2 --> 3 
3 --> 4 
4 --> 5 
5 --> 6 
6 --> 7 
7 --> 8 
8 --> 9 
9 --> 10 
10 --> 11 
11 --> 12 
12 --> 13 
13 --> 14 
14 --> 15 
15 --> 16 
16 --> 

* FSM state operations: 

State 1 <SV = 0> <Delay = 0.00>
ST_1 : Operation 17 [1/1] (0.00ns)   --->   "%layer2_out = alloca i64 1"   --->   Operation 17 'alloca' 'layer2_out' <Predicate = true> <Delay = 0.00> <CoreInst = "FIFO_SRL">   --->   Core 81 'FIFO_SRL' <Latency = 0> <II = 1> <Delay = 3.63> <Storage> <Opcode : 'read' 'write' 'nbread' 'nbwrite'> <Ports = 0> <Width = 256> <Depth = 1> <FIFO>
ST_1 : Operation 18 [1/1] (0.00ns)   --->   "%layer4_out = alloca i64 1"   --->   Operation 18 'alloca' 'layer4_out' <Predicate = true> <Delay = 0.00> <CoreInst = "FIFO_SRL">   --->   Core 81 'FIFO_SRL' <Latency = 0> <II = 1> <Delay = 3.63> <Storage> <Opcode : 'read' 'write' 'nbread' 'nbwrite'> <Ports = 0> <Width = 256> <Depth = 1> <FIFO>
ST_1 : Operation 19 [1/1] (0.00ns)   --->   "%layer5_out = alloca i64 1"   --->   Operation 19 'alloca' 'layer5_out' <Predicate = true> <Delay = 0.00> <CoreInst = "FIFO_SRL">   --->   Core 81 'FIFO_SRL' <Latency = 0> <II = 1> <Delay = 3.63> <Storage> <Opcode : 'read' 'write' 'nbread' 'nbwrite'> <Ports = 0> <Width = 256> <Depth = 1> <FIFO>
ST_1 : Operation 20 [1/1] (0.00ns)   --->   "%layer6_out = alloca i64 1"   --->   Operation 20 'alloca' 'layer6_out' <Predicate = true> <Delay = 0.00> <CoreInst = "FIFO_SRL">   --->   Core 81 'FIFO_SRL' <Latency = 0> <II = 1> <Delay = 3.63> <Storage> <Opcode : 'read' 'write' 'nbread' 'nbwrite'> <Ports = 0> <Width = 128> <Depth = 1> <FIFO>
ST_1 : Operation 21 [1/1] (0.00ns)   --->   "%layer8_out = alloca i64 1"   --->   Operation 21 'alloca' 'layer8_out' <Predicate = true> <Delay = 0.00> <CoreInst = "FIFO_SRL">   --->   Core 81 'FIFO_SRL' <Latency = 0> <II = 1> <Delay = 3.63> <Storage> <Opcode : 'read' 'write' 'nbread' 'nbwrite'> <Ports = 0> <Width = 128> <Depth = 1> <FIFO>
ST_1 : Operation 22 [1/1] (0.00ns)   --->   "%layer9_out = alloca i64 1"   --->   Operation 22 'alloca' 'layer9_out' <Predicate = true> <Delay = 0.00> <CoreInst = "FIFO_SRL">   --->   Core 81 'FIFO_SRL' <Latency = 0> <II = 1> <Delay = 3.63> <Storage> <Opcode : 'read' 'write' 'nbread' 'nbwrite'> <Ports = 0> <Width = 128> <Depth = 1> <FIFO>
ST_1 : Operation 23 [1/1] (0.00ns)   --->   "%layer10_out = alloca i64 1"   --->   Operation 23 'alloca' 'layer10_out' <Predicate = true> <Delay = 0.00> <CoreInst = "FIFO_SRL">   --->   Core 81 'FIFO_SRL' <Latency = 0> <II = 1> <Delay = 3.63> <Storage> <Opcode : 'read' 'write' 'nbread' 'nbwrite'> <Ports = 0> <Width = 8> <Depth = 1> <FIFO>
ST_1 : Operation 24 [2/2] (0.00ns)   --->   "%call_ln41 = call void @dense<array<ap_fixed,18u>,array<ap_fixed<8,2,5,3,0>,32u>,config2>, i144 %internal_input, i256 %layer2_out, i2 %outidx_1, i8 %w2_V" [firmware/myproject.cpp:41]   --->   Operation 24 'call' 'call_ln41' <Predicate = true> <Delay = 0.00> <CoreType = "Generic">   --->   Core 0 '' <Latency = 0> <II = 1> <Delay = 1.00> <Generic> <Opcode : >

State 2 <SV = 1> <Delay = 0.00>
ST_2 : Operation 25 [1/2] (0.00ns)   --->   "%call_ln41 = call void @dense<array<ap_fixed,18u>,array<ap_fixed<8,2,5,3,0>,32u>,config2>, i144 %internal_input, i256 %layer2_out, i2 %outidx_1, i8 %w2_V" [firmware/myproject.cpp:41]   --->   Operation 25 'call' 'call_ln41' <Predicate = true> <Delay = 0.00> <CoreType = "Generic">   --->   Core 0 '' <Latency = 0> <II = 1> <Delay = 1.00> <Generic> <Opcode : >

State 3 <SV = 2> <Delay = 0.00>
ST_3 : Operation 26 [2/2] (0.00ns)   --->   "%call_ln45 = call void @normalize<array<ap_fixed,32u>,array<ap_fixed<8,2,5,3,0>,32u>,config4>, i256 %layer2_out, i256 %layer4_out" [firmware/myproject.cpp:45]   --->   Operation 26 'call' 'call_ln45' <Predicate = true> <Delay = 0.00> <CoreType = "Generic">   --->   Core 0 '' <Latency = 0> <II = 1> <Delay = 1.00> <Generic> <Opcode : >

State 4 <SV = 3> <Delay = 0.00>
ST_4 : Operation 27 [1/2] (0.00ns)   --->   "%call_ln45 = call void @normalize<array<ap_fixed,32u>,array<ap_fixed<8,2,5,3,0>,32u>,config4>, i256 %layer2_out, i256 %layer4_out" [firmware/myproject.cpp:45]   --->   Operation 27 'call' 'call_ln45' <Predicate = true> <Delay = 0.00> <CoreType = "Generic">   --->   Core 0 '' <Latency = 0> <II = 1> <Delay = 1.00> <Generic> <Opcode : >

State 5 <SV = 4> <Delay = 0.00>
ST_5 : Operation 28 [2/2] (0.00ns)   --->   "%call_ln49 = call void @relu<array<ap_fixed,32u>,array<ap_fixed<8,2,5,3,0>,32u>,relu_config5>, i256 %layer4_out, i256 %layer5_out" [firmware/myproject.cpp:49]   --->   Operation 28 'call' 'call_ln49' <Predicate = true> <Delay = 0.00> <CoreType = "Generic">   --->   Core 0 '' <Latency = 0> <II = 1> <Delay = 1.00> <Generic> <Opcode : >

State 6 <SV = 5> <Delay = 0.00>
ST_6 : Operation 29 [1/2] (0.00ns)   --->   "%call_ln49 = call void @relu<array<ap_fixed,32u>,array<ap_fixed<8,2,5,3,0>,32u>,relu_config5>, i256 %layer4_out, i256 %layer5_out" [firmware/myproject.cpp:49]   --->   Operation 29 'call' 'call_ln49' <Predicate = true> <Delay = 0.00> <CoreType = "Generic">   --->   Core 0 '' <Latency = 0> <II = 1> <Delay = 1.00> <Generic> <Opcode : >

State 7 <SV = 6> <Delay = 0.00>
ST_7 : Operation 30 [2/2] (0.00ns)   --->   "%call_ln53 = call void @dense<array<ap_fixed,32u>,array<ap_fixed<8,2,5,3,0>,16u>,config6>, i256 %layer5_out, i128 %layer6_out, i1 %outidx, i8 %w6_V" [firmware/myproject.cpp:53]   --->   Operation 30 'call' 'call_ln53' <Predicate = true> <Delay = 0.00> <CoreType = "Generic">   --->   Core 0 '' <Latency = 0> <II = 1> <Delay = 1.00> <Generic> <Opcode : >

State 8 <SV = 7> <Delay = 0.00>
ST_8 : Operation 31 [1/2] (0.00ns)   --->   "%call_ln53 = call void @dense<array<ap_fixed,32u>,array<ap_fixed<8,2,5,3,0>,16u>,config6>, i256 %layer5_out, i128 %layer6_out, i1 %outidx, i8 %w6_V" [firmware/myproject.cpp:53]   --->   Operation 31 'call' 'call_ln53' <Predicate = true> <Delay = 0.00> <CoreType = "Generic">   --->   Core 0 '' <Latency = 0> <II = 1> <Delay = 1.00> <Generic> <Opcode : >

State 9 <SV = 8> <Delay = 0.00>
ST_9 : Operation 32 [2/2] (0.00ns)   --->   "%call_ln57 = call void @normalize<array<ap_fixed,16u>,array<ap_fixed<8,2,5,3,0>,16u>,config8>, i128 %layer6_out, i128 %layer8_out" [firmware/myproject.cpp:57]   --->   Operation 32 'call' 'call_ln57' <Predicate = true> <Delay = 0.00> <CoreType = "Generic">   --->   Core 0 '' <Latency = 0> <II = 1> <Delay = 1.00> <Generic> <Opcode : >

State 10 <SV = 9> <Delay = 0.00>
ST_10 : Operation 33 [1/2] (0.00ns)   --->   "%call_ln57 = call void @normalize<array<ap_fixed,16u>,array<ap_fixed<8,2,5,3,0>,16u>,config8>, i128 %layer6_out, i128 %layer8_out" [firmware/myproject.cpp:57]   --->   Operation 33 'call' 'call_ln57' <Predicate = true> <Delay = 0.00> <CoreType = "Generic">   --->   Core 0 '' <Latency = 0> <II = 1> <Delay = 1.00> <Generic> <Opcode : >

State 11 <SV = 10> <Delay = 0.00>
ST_11 : Operation 34 [2/2] (0.00ns)   --->   "%call_ln61 = call void @relu<array<ap_fixed,16u>,array<ap_fixed<8,2,5,3,0>,16u>,relu_config9>, i128 %layer8_out, i128 %layer9_out" [firmware/myproject.cpp:61]   --->   Operation 34 'call' 'call_ln61' <Predicate = true> <Delay = 0.00> <CoreType = "Generic">   --->   Core 0 '' <Latency = 0> <II = 1> <Delay = 1.00> <Generic> <Opcode : >

State 12 <SV = 11> <Delay = 0.00>
ST_12 : Operation 35 [1/2] (0.00ns)   --->   "%call_ln61 = call void @relu<array<ap_fixed,16u>,array<ap_fixed<8,2,5,3,0>,16u>,relu_config9>, i128 %layer8_out, i128 %layer9_out" [firmware/myproject.cpp:61]   --->   Operation 35 'call' 'call_ln61' <Predicate = true> <Delay = 0.00> <CoreType = "Generic">   --->   Core 0 '' <Latency = 0> <II = 1> <Delay = 1.00> <Generic> <Opcode : >

State 13 <SV = 12> <Delay = 0.00>
ST_13 : Operation 36 [2/2] (0.00ns)   --->   "%call_ln65 = call void @dense<array<ap_fixed,16u>,array<ap_fixed<8,2,5,3,0>,1u>,config10>, i128 %layer9_out, i8 %layer10_out, i6 %w10_V" [firmware/myproject.cpp:65]   --->   Operation 36 'call' 'call_ln65' <Predicate = true> <Delay = 0.00> <CoreType = "Generic">   --->   Core 0 '' <Latency = 0> <II = 1> <Delay = 1.00> <Generic> <Opcode : >

State 14 <SV = 13> <Delay = 0.00>
ST_14 : Operation 37 [1/2] (0.00ns)   --->   "%call_ln65 = call void @dense<array<ap_fixed,16u>,array<ap_fixed<8,2,5,3,0>,1u>,config10>, i128 %layer9_out, i8 %layer10_out, i6 %w10_V" [firmware/myproject.cpp:65]   --->   Operation 37 'call' 'call_ln65' <Predicate = true> <Delay = 0.00> <CoreType = "Generic">   --->   Core 0 '' <Latency = 0> <II = 1> <Delay = 1.00> <Generic> <Opcode : >

State 15 <SV = 14> <Delay = 0.00>
ST_15 : Operation 38 [2/2] (0.00ns)   --->   "%call_ln67 = call void @sigmoid<array,array<ap_fixed<8,2,5,3,0>,1u>,sigmoid_config11>, i8 %layer10_out, i8 %internal_output, i10 %sigmoid_table" [firmware/myproject.cpp:67]   --->   Operation 38 'call' 'call_ln67' <Predicate = true> <Delay = 0.00> <CoreType = "Generic">   --->   Core 0 '' <Latency = 0> <II = 1> <Delay = 1.00> <Generic> <Opcode : >

State 16 <SV = 15> <Delay = 0.00>
ST_16 : Operation 39 [1/1] (0.00ns)   --->   "%specdataflowpipeline_ln13 = specdataflowpipeline void @_ssdm_op_SpecDataflowPipeline, i32 4294967295, i32 0, void @empty_0" [firmware/myproject.cpp:13]   --->   Operation 39 'specdataflowpipeline' 'specdataflowpipeline_ln13' <Predicate = true> <Delay = 0.00>
ST_16 : Operation 40 [1/1] (0.00ns)   --->   "%specinterface_ln0 = specinterface void @_ssdm_op_SpecInterface, i8 %internal_output, void @empty_2, i32 0, i32 0, void @empty_0, i32 0, i32 0, void @empty_0, void @empty_0, void @empty_0, i32 0, i32 0, i32 0, i32 0, void @empty_0, void @empty_0, i32 4294967295, i32 0"   --->   Operation 40 'specinterface' 'specinterface_ln0' <Predicate = true> <Delay = 0.00>
ST_16 : Operation 41 [1/1] (0.00ns)   --->   "%specinterface_ln0 = specinterface void @_ssdm_op_SpecInterface, i144 %internal_input, void @empty_2, i32 0, i32 0, void @empty_0, i32 0, i32 0, void @empty_0, void @empty_0, void @empty_0, i32 0, i32 0, i32 0, i32 0, void @empty_0, void @empty_0, i32 4294967295, i32 0"   --->   Operation 41 'specinterface' 'specinterface_ln0' <Predicate = true> <Delay = 0.00>
ST_16 : Operation 42 [1/1] (0.00ns)   --->   "%empty = specchannel i32 @_ssdm_op_SpecChannel, void @layer2_out_str, i32 1, void @p_str, void @p_str, i32 1, i32 1, i256 %layer2_out, i256 %layer2_out"   --->   Operation 42 'specchannel' 'empty' <Predicate = true> <Delay = 0.00>
ST_16 : Operation 43 [1/1] (0.00ns)   --->   "%specinterface_ln0 = specinterface void @_ssdm_op_SpecInterface, i256 %layer2_out, void @empty_2, i32 0, i32 0, void @empty_0, i32 0, i32 0, void @empty_0, void @empty_0, void @empty_0, i32 0, i32 0, i32 0, i32 0, void @empty_0, void @empty_0, i32 4294967295, i32 0"   --->   Operation 43 'specinterface' 'specinterface_ln0' <Predicate = true> <Delay = 0.00>
ST_16 : Operation 44 [1/1] (0.00ns)   --->   "%empty_43 = specchannel i32 @_ssdm_op_SpecChannel, void @layer4_out_str, i32 1, void @p_str, void @p_str, i32 1, i32 1, i256 %layer4_out, i256 %layer4_out"   --->   Operation 44 'specchannel' 'empty_43' <Predicate = true> <Delay = 0.00>
ST_16 : Operation 45 [1/1] (0.00ns)   --->   "%specinterface_ln0 = specinterface void @_ssdm_op_SpecInterface, i256 %layer4_out, void @empty_2, i32 0, i32 0, void @empty_0, i32 0, i32 0, void @empty_0, void @empty_0, void @empty_0, i32 0, i32 0, i32 0, i32 0, void @empty_0, void @empty_0, i32 4294967295, i32 0"   --->   Operation 45 'specinterface' 'specinterface_ln0' <Predicate = true> <Delay = 0.00>
ST_16 : Operation 46 [1/1] (0.00ns)   --->   "%empty_44 = specchannel i32 @_ssdm_op_SpecChannel, void @layer5_out_str, i32 1, void @p_str, void @p_str, i32 1, i32 1, i256 %layer5_out, i256 %layer5_out"   --->   Operation 46 'specchannel' 'empty_44' <Predicate = true> <Delay = 0.00>
ST_16 : Operation 47 [1/1] (0.00ns)   --->   "%specinterface_ln0 = specinterface void @_ssdm_op_SpecInterface, i256 %layer5_out, void @empty_2, i32 0, i32 0, void @empty_0, i32 0, i32 0, void @empty_0, void @empty_0, void @empty_0, i32 0, i32 0, i32 0, i32 0, void @empty_0, void @empty_0, i32 4294967295, i32 0"   --->   Operation 47 'specinterface' 'specinterface_ln0' <Predicate = true> <Delay = 0.00>
ST_16 : Operation 48 [1/1] (0.00ns)   --->   "%empty_45 = specchannel i32 @_ssdm_op_SpecChannel, void @layer6_out_str, i32 1, void @p_str, void @p_str, i32 1, i32 1, i128 %layer6_out, i128 %layer6_out"   --->   Operation 48 'specchannel' 'empty_45' <Predicate = true> <Delay = 0.00>
ST_16 : Operation 49 [1/1] (0.00ns)   --->   "%specinterface_ln0 = specinterface void @_ssdm_op_SpecInterface, i128 %layer6_out, void @empty_2, i32 0, i32 0, void @empty_0, i32 0, i32 0, void @empty_0, void @empty_0, void @empty_0, i32 0, i32 0, i32 0, i32 0, void @empty_0, void @empty_0, i32 4294967295, i32 0"   --->   Operation 49 'specinterface' 'specinterface_ln0' <Predicate = true> <Delay = 0.00>
ST_16 : Operation 50 [1/1] (0.00ns)   --->   "%empty_46 = specchannel i32 @_ssdm_op_SpecChannel, void @layer8_out_str, i32 1, void @p_str, void @p_str, i32 1, i32 1, i128 %layer8_out, i128 %layer8_out"   --->   Operation 50 'specchannel' 'empty_46' <Predicate = true> <Delay = 0.00>
ST_16 : Operation 51 [1/1] (0.00ns)   --->   "%specinterface_ln0 = specinterface void @_ssdm_op_SpecInterface, i128 %layer8_out, void @empty_2, i32 0, i32 0, void @empty_0, i32 0, i32 0, void @empty_0, void @empty_0, void @empty_0, i32 0, i32 0, i32 0, i32 0, void @empty_0, void @empty_0, i32 4294967295, i32 0"   --->   Operation 51 'specinterface' 'specinterface_ln0' <Predicate = true> <Delay = 0.00>
ST_16 : Operation 52 [1/1] (0.00ns)   --->   "%empty_47 = specchannel i32 @_ssdm_op_SpecChannel, void @layer9_out_str, i32 1, void @p_str, void @p_str, i32 1, i32 1, i128 %layer9_out, i128 %layer9_out"   --->   Operation 52 'specchannel' 'empty_47' <Predicate = true> <Delay = 0.00>
ST_16 : Operation 53 [1/1] (0.00ns)   --->   "%specinterface_ln0 = specinterface void @_ssdm_op_SpecInterface, i128 %layer9_out, void @empty_2, i32 0, i32 0, void @empty_0, i32 0, i32 0, void @empty_0, void @empty_0, void @empty_0, i32 0, i32 0, i32 0, i32 0, void @empty_0, void @empty_0, i32 4294967295, i32 0"   --->   Operation 53 'specinterface' 'specinterface_ln0' <Predicate = true> <Delay = 0.00>
ST_16 : Operation 54 [1/1] (0.00ns)   --->   "%empty_48 = specchannel i32 @_ssdm_op_SpecChannel, void @layer10_out_str, i32 1, void @p_str, void @p_str, i32 1, i32 1, i8 %layer10_out, i8 %layer10_out"   --->   Operation 54 'specchannel' 'empty_48' <Predicate = true> <Delay = 0.00>
ST_16 : Operation 55 [1/1] (0.00ns)   --->   "%specinterface_ln0 = specinterface void @_ssdm_op_SpecInterface, i8 %layer10_out, void @empty_2, i32 0, i32 0, void @empty_0, i32 0, i32 0, void @empty_0, void @empty_0, void @empty_0, i32 0, i32 0, i32 0, i32 0, void @empty_0, void @empty_0, i32 4294967295, i32 0"   --->   Operation 55 'specinterface' 'specinterface_ln0' <Predicate = true> <Delay = 0.00>
ST_16 : Operation 56 [1/2] (0.00ns)   --->   "%call_ln67 = call void @sigmoid<array,array<ap_fixed<8,2,5,3,0>,1u>,sigmoid_config11>, i8 %layer10_out, i8 %internal_output, i10 %sigmoid_table" [firmware/myproject.cpp:67]   --->   Operation 56 'call' 'call_ln67' <Predicate = true> <Delay = 0.00> <CoreType = "Generic">   --->   Core 0 '' <Latency = 0> <II = 1> <Delay = 1.00> <Generic> <Opcode : >
ST_16 : Operation 57 [1/1] (0.00ns)   --->   "%ret_ln69 = ret" [firmware/myproject.cpp:69]   --->   Operation 57 'ret' 'ret_ln69' <Predicate = true> <Delay = 0.00>


============================================================
+ Verbose Summary: Timing violations
============================================================
Target clock period: 5ns, clock uncertainty: 0.625ns.

 <State 1>: 0ns
The critical path consists of the following:

 <State 2>: 0ns
The critical path consists of the following:

 <State 3>: 0ns
The critical path consists of the following:

 <State 4>: 0ns
The critical path consists of the following:

 <State 5>: 0ns
The critical path consists of the following:

 <State 6>: 0ns
The critical path consists of the following:

 <State 7>: 0ns
The critical path consists of the following:

 <State 8>: 0ns
The critical path consists of the following:

 <State 9>: 0ns
The critical path consists of the following:

 <State 10>: 0ns
The critical path consists of the following:

 <State 11>: 0ns
The critical path consists of the following:

 <State 12>: 0ns
The critical path consists of the following:

 <State 13>: 0ns
The critical path consists of the following:

 <State 14>: 0ns
The critical path consists of the following:

 <State 15>: 0ns
The critical path consists of the following:

 <State 16>: 0ns
The critical path consists of the following:


============================================================
+ Verbose Summary: Binding
============================================================
N/A
* FSMD analyzer results:
  - Output states:
 - Input state : 
  - Chain level:
	State 1
	State 2
	State 3
	State 4
	State 5
	State 6
	State 7
	State 8
	State 9
	State 10
	State 11
	State 12
	State 13
	State 14
	State 15
	State 16


============================================================
+ Verbose Summary: Datapath Resource usage 
============================================================
N/A
