

================================================================
== Vitis HLS Report for 'myproject'
================================================================
* Date:           Fri Jun 26 18:52:42 2026

* Version:        2022.2 (Build 3670227 on Oct 13 2022)
* Project:        myproject_prj
* Solution:       solution1 (Vivado IP Flow Target)
* Product family: zynq
* Target device:  xc7z020-clg400-1


================================================================
== Performance Estimates
================================================================
+ Timing: 
    * Summary: 
    +--------+---------+----------+------------+
    |  Clock |  Target | Estimated| Uncertainty|
    +--------+---------+----------+------------+
    |ap_clk  |  5.00 ns|  7.898 ns|     0.62 ns|
    +--------+---------+----------+------------+

+ Latency: 
    * Summary: 
    +---------+---------+----------+----------+-----+-----+----------+
    |  Latency (cycles) |  Latency (absolute) |  Interval | Pipeline |
    |   min   |   max   |    min   |    max   | min | max |   Type   |
    +---------+---------+----------+----------+-----+-----+----------+
    |       87|       88|  0.687 us|  0.695 us|   72|   72|  dataflow|
    +---------+---------+----------+----------+-----+-----+----------+

    + Detail: 
        * Instance: 
        +--------------------------------------------------------------------------------+---------------------------------------------------------------------+---------+---------+-----------+-----------+-----+-----+------------------------------------------+
        |                                                                                |                                                                     |  Latency (cycles) |   Latency (absolute)  |  Interval |                 Pipeline                 |
        |                                    Instance                                    |                                Module                               |   min   |   max   |    min    |    max    | min | max |                   Type                   |
        +--------------------------------------------------------------------------------+---------------------------------------------------------------------+---------+---------+-----------+-----------+-----+-----+------------------------------------------+
        |grp_dense_array_ap_fixed_18u_array_ap_fixed_8_2_5_3_0_32u_config2_s_fu_94       |dense_array_ap_fixed_18u_array_ap_fixed_8_2_5_3_0_32u_config2_s      |       75|       76|   0.592 us|   0.600 us|   72|   72|  loop rewind stp(delay=0 clock cycles(s))|
        |grp_normalize_array_ap_fixed_32u_array_ap_fixed_8_2_5_3_0_32u_config4_s_fu_105  |normalize_array_ap_fixed_32u_array_ap_fixed_8_2_5_3_0_32u_config4_s  |       12|       12|  60.000 ns|  60.000 ns|   12|   12|                                        no|
        |grp_relu_array_ap_fixed_32u_array_ap_fixed_8_2_5_3_0_32u_relu_config5_s_fu_111  |relu_array_ap_fixed_32u_array_ap_fixed_8_2_5_3_0_32u_relu_config5_s  |        1|        1|   5.000 ns|   5.000 ns|    1|    1|                                        no|
        |grp_dense_array_ap_fixed_32u_array_ap_fixed_8_2_5_3_0_16u_config6_s_fu_117      |dense_array_ap_fixed_32u_array_ap_fixed_8_2_5_3_0_16u_config6_s      |       68|       69|   0.413 us|   0.419 us|   64|   64|  loop rewind stp(delay=0 clock cycles(s))|
        |grp_normalize_array_ap_fixed_16u_array_ap_fixed_8_2_5_3_0_16u_config8_s_fu_127  |normalize_array_ap_fixed_16u_array_ap_fixed_8_2_5_3_0_16u_config8_s  |       13|       13|  65.000 ns|  65.000 ns|   13|   13|                                        no|
        |grp_relu_array_ap_fixed_16u_array_ap_fixed_8_2_5_3_0_16u_relu_config9_s_fu_133  |relu_array_ap_fixed_16u_array_ap_fixed_8_2_5_3_0_16u_relu_config9_s  |        1|        1|   5.000 ns|   5.000 ns|    1|    1|                                        no|
        |grp_dense_array_ap_fixed_16u_array_ap_fixed_8_2_5_3_0_1u_config10_s_fu_139      |dense_array_ap_fixed_16u_array_ap_fixed_8_2_5_3_0_1u_config10_s      |       19|       20|  95.000 ns|   0.100 us|   16|   16|  loop rewind stp(delay=0 clock cycles(s))|
        |grp_sigmoid_array_array_ap_fixed_8_2_5_3_0_1u_sigmoid_config11_s_fu_147         |sigmoid_array_array_ap_fixed_8_2_5_3_0_1u_sigmoid_config11_s         |        3|        3|  15.000 ns|  15.000 ns|    3|    3|                                        no|
        +--------------------------------------------------------------------------------+---------------------------------------------------------------------+---------+---------+-----------+-----------+-----+-----+------------------------------------------+

        * Loop: 
        N/A

============================================================
+ Verbose Summary: Synthesis Manager
============================================================
InlineROM: 1
ExposeGlobal: 0
============================================================
+ Verbose Summary: CDFG Model
============================================================
IsTopModel: 0
ResetActiveHigh: 1
IsCombinational: 2
IsDatapathOnly: 0
HasWiredReturn: 1
HasMFsm: 0
HasVarLatency: 1
IsPipeline: 0
IsRtlPipelined: 0
IsInstanceOverlapped: 0
IsDontTouch: 0
HasImplIP: 0
IsGatedGlobalClock: 0


============================================================
+ Verbose Summary: Schedule
============================================================
* Number of FSM states : 16
* Pipeline : 0
* Dataflow Pipeline: 1
  DF-Pipeline-0: Size = 16, States = { 1 2 3 4 5 6 7 8 9 10 11 12 13 14 15 16 }

* FSM state transitions: 
1 --> 2 
2 --> 3 
3 --> 4 
4 --> 5 
5 --> 6 
6 --> 7 
7 --> 8 
8 --> 9 
9 --> 10 
10 --> 11 
11 --> 12 
12 --> 13 
13 --> 14 
14 --> 15 
15 --> 16 
16 --> 

* FSM state operations: 

State 1 <SV = 0> <Delay = 0.00>
ST_1 : Operation 17 [1/1] (0.00ns)   --->   "%layer2_out = alloca i64 1"   --->   Operation 17 'alloca' 'layer2_out' <Predicate = true> <Delay = 0.00> <CoreInst = "FIFO_SRL">   --->   Core 81 'FIFO_SRL' <Latency = 0> <II = 1> <Delay = 3.63> <Storage> <Opcode : 'read' 'write' 'nbread' 'nbwrite'> <Ports = 0> <Width = 256> <Depth = 1> <FIFO>
ST_1 : Operation 18 [1/1] (0.00ns)   --->   "%layer4_out = alloca i64 1"   --->   Operation 18 'alloca' 'layer4_out' <Predicate = true> <Delay = 0.00> <CoreInst = "FIFO_SRL">   --->   Core 81 'FIFO_SRL' <Latency = 0> <II = 1> <Delay = 3.63> <Storage> <Opcode : 'read' 'write' 'nbread' 'nbwrite'> <Ports = 0> <Width = 256> <Depth = 1> <FIFO>
ST_1 : Operation 19 [1/1] (0.00ns)   --->   "%layer5_out = alloca i64 1"   --->   Operation 19 'alloca' 'layer5_out' <Predicate = true> <Delay = 0.00> <CoreInst = "FIFO_SRL">   --->   Core 81 'FIFO_SRL' <Latency = 0> <II = 1> <Delay = 3.63> <Storage> <Opcode : 'read' 'write' 'nbread' 'nbwrite'> <Ports = 0> <Width = 256> <Depth = 1> <FIFO>
ST_1 : Operation 20 [1/1] (0.00ns)   --->   "%layer6_out = alloca i64 1"   --->   Operation 20 'alloca' 'layer6_out' <Predicate = true> <Delay = 0.00> <CoreInst = "FIFO_SRL">   --->   Core 81 'FIFO_SRL' <Latency = 0> <II = 1> <Delay = 3.63> <Storage> <Opcode : 'read' 'write' 'nbread' 'nbwrite'> <Ports = 0> <Width = 128> <Depth = 1> <FIFO>
ST_1 : Operation 21 [1/1] (0.00ns)   --->   "%layer8_out = alloca i64 1"   --->   Operation 21 'alloca' 'layer8_out' <Predicate = true> <Delay = 0.00> <CoreInst = "FIFO_SRL">   --->   Core 81 'FIFO_SRL' <Latency = 0> <II = 1> <Delay = 3.63> <Storage> <Opcode : 'read' 'write' 'nbread' 'nbwrite'> <Ports = 0> <Width = 128> <Depth = 1> <FIFO>
ST_1 : Operation 22 [1/1] (0.00ns)   --->   "%layer9_out = alloca i64 1"   --->   Operation 22 'alloca' 'layer9_out' <Predicate = true> <Delay = 0.00> <CoreInst = "FIFO_SRL">   --->   Core 81 'FIFO_SRL' <Latency = 0> <II = 1> <Delay = 3.63> <Storage> <Opcode : 'read' 'write' 'nbread' 'nbwrite'> <Ports = 0> <Width = 128> <Depth = 1> <FIFO>
ST_1 : Operation 23 [1/1] (0.00ns)   --->   "%layer10_out = alloca i64 1"   --->   Operation 23 'alloca' 'layer10_out' <Predicate = true> <Delay = 0.00> <CoreInst = "FIFO_SRL">   --->   Core 81 'FIFO_SRL' <Latency = 0> <II = 1> <Delay = 3.63> <Storage> <Opcode : 'read' 'write' 'nbread' 'nbwrite'> <Ports = 0> <Width = 8> <Depth = 1> <FIFO>
ST_1 : Operation 24 [2/2] (0.00ns)   --->   "%call_ln41 = call void @dense<array<ap_fixed,18u>,array<ap_fixed<8,2,5,3,0>,32u>,config2>, i144 %internal_input, i256 %layer2_out, i2 %outidx_1, i8 %w2_V" [firmware/myproject.cpp:41]   --->   Operation 24 'call' 'call_ln41' <Predicate = true> <Delay = 0.00> <CoreType = "Generic">   --->   Core 0 '' <Latency = 0> <II = 1> <Delay = 1.00> <Generic> <Opcode : >

State 2 <SV = 1> <Delay = 0.00>
ST_2 : Operation 25 [1/2] (0.00ns)   --->   "%call_ln41 = call void @dense<array<ap_fixed,18u>,array<ap_fixed<8,2,5,3,0>,32u>,config2>, i144 %internal_input, i256 %layer2_out, i2 %outidx_1, i8 %w2_V" [firmware/myproject.cpp:41]   --->   Operation 25 'call' 'call_ln41' <Predicate = true> <Delay = 0.00> <CoreType = "Generic">   --->   Core 0 '' <Latency = 0> <II = 1> <Delay = 1.00> <Generic> <Opcode : >

State 3 <SV = 2> <Delay = 0.00>
ST_3 : Operation 26 [2/2] (0.00ns)   --->   "%call_ln45 = call void @normalize<array<ap_fixed,32u>,array<ap_fixed<8,2,5,3,0>,32u>,config4>, i256 %layer2_out, i256 %layer4_out" [firmware/myproject.cpp:45]   --->   Operation 26 'call' 'call_ln45' <Predicate = true> <Delay = 0.00> <CoreType = "Generic">   --->   Core 0 '' <Latency = 0> <II = 1> <Delay = 1.00> <Generic> <Opcode : >

State 4 <SV = 3> <Delay = 0.00>
ST_4 : Operation 27 [1/2] (0.00ns)   --->   "%call_ln45 = call void @normalize<array<ap_fixed,32u>,array<ap_fixed<8,2,5,3,0>,32u>,config4>, i256 %layer2_out, i256 %layer4_out" [firmware/myproject.cpp:45]   --->   Operation 27 'call' 'call_ln45' <Predicate = true> <Delay = 0.00> <CoreType = "Generic">   --->   Core 0 '' <Latency = 0> <II = 1> <Delay = 1.00> <Generic> <Opcode : >

State 5 <SV = 4> <Delay = 0.00>
ST_5 : Operation 28 [2/2] (0.00ns)   --->   "%call_ln49 = call void @relu<array<ap_fixed,32u>,array<ap_fixed<8,2,5,3,0>,32u>,relu_config5>, i256 %layer4_out, i256 %layer5_out" [firmware/myproject.cpp:49]   --->   Operation 28 'call' 'call_ln49' <Predicate = true> <Delay = 0.00> <CoreType = "Generic">   --->   Core 0 '' <Latency = 0> <II = 1> <Delay = 1.00> <Generic> <Opcode : >

State 6 <SV = 5> <Delay = 0.00>
ST_6 : Operation 29 [1/2] (0.00ns)   --->   "%call_ln49 = call void @relu<array<ap_fixed,32u>,array<ap_fixed<8,2,5,3,0>,32u>,relu_config5>, i256 %layer4_out, i256 %layer5_out" [firmware/myproject.cpp:49]   --->   Operation 29 'call' 'call_ln49' <Predicate = true> <Delay = 0.00> <CoreType = "Generic">   --->   Core 0 '' <Latency = 0> <II = 1> <Delay = 1.00> <Generic> <Opcode : >

State 7 <SV = 6> <Delay = 0.00>
ST_7 : Operation 30 [2/2] (0.00ns)   --->   "%call_ln53 = call void @dense<array<ap_fixed,32u>,array<ap_fixed<8,2,5,3,0>,16u>,config6>, i256 %layer5_out, i128 %layer6_out, i1 %outidx, i8 %w6_V" [firmware/myproject.cpp:53]   --->   Operation 30 'call' 'call_ln53' <Predicate = true> <Delay = 0.00> <CoreType = "Generic">   --->   Core 0 '' <Latency = 0> <II = 1> <Delay = 1.00> <Generic> <Opcode : >

State 8 <SV = 7> <Delay = 0.00>
ST_8 : Operation 31 [1/2] (0.00ns)   --->   "%call_ln53 = call void @dense<array<ap_fixed,32u>,array<ap_fixed<8,2,5,3,0>,16u>,config6>, i256 %layer5_out, i128 %layer6_out, i1 %outidx, i8 %w6_V" [firmware/myproject.cpp:53]   --->   Operation 31 'call' 'call_ln53' <Predicate = true> <Delay = 0.00> <CoreType = "Generic">   --->   Core 0 '' <Latency = 0> <II = 1> <Delay = 1.00> <Generic> <Opcode : >

State 9 <SV = 8> <Delay = 0.00>
ST_9 : Operation 32 [2/2] (0.00ns)   --->   "%call_ln57 = call void @normalize<array<ap_fixed,16u>,array<ap_fixed<8,2,5,3,0>,16u>,config8>, i128 %layer6_out, i128 %layer8_out" [firmware/myproject.cpp:57]   --->   Operation 32 'call' 'call_ln57' <Predicate = true> <Delay = 0.00> <CoreType = "Generic">   --->   Core 0 '' <Latency = 0> <II = 1> <Delay = 1.00> <Generic> <Opcode : >

State 10 <SV = 9> <Delay = 0.00>
ST_10 : Operation 33 [1/2] (0.00ns)   --->   "%call_ln57 = call void @normalize<array<ap_fixed,16u>,array<ap_fixed<8,2,5,3,0>,16u>,config8>, i128 %layer6_out, i128 %layer8_out" [firmware/myproject.cpp:57]   --->   Operation 33 'call' 'call_ln57' <Predicate = true> <Delay = 0.00> <CoreType = "Generic">   --->   Core 0 '' <Latency = 0> <II = 1> <Delay = 1.00> <Generic> <Opcode : >

State 11 <SV = 10> <Delay = 0.00>
ST_11 : Operation 34 [2/2] (0.00ns)   --->   "%call_ln61 = call void @relu<array<ap_fixed,16u>,array<ap_fixed<8,2,5,3,0>,16u>,relu_config9>, i128 %layer8_out, i128 %layer9_out" [firmware/myproject.cpp:61]   --->   Operation 34 'call' 'call_ln61' <Predicate = true> <Delay = 0.00> <CoreType = "Generic">   --->   Core 0 '' <Latency = 0> <II = 1> <Delay = 1.00> <Generic> <Opcode : >

State 12 <SV = 11> <Delay = 0.00>
ST_12 : Operation 35 [1/2] (0.00ns)   --->   "%call_ln61 = call void @relu<array<ap_fixed,16u>,array<ap_fixed<8,2,5,3,0>,16u>,relu_config9>, i128 %layer8_out, i128 %layer9_out" [firmware/myproject.cpp:61]   --->   Operation 35 'call' 'call_ln61' <Predicate = true> <Delay = 0.00> <CoreType = "Generic">   --->   Core 0 '' <Latency = 0> <II = 1> <Delay = 1.00> <Generic> <Opcode : >

State 13 <SV = 12> <Delay = 0.00>
ST_13 : Operation 36 [2/2] (0.00ns)   --->   "%call_ln65 = call void @dense<array<ap_fixed,16u>,array<ap_fixed<8,2,5,3,0>,1u>,config10>, i128 %layer9_out, i8 %layer10_out, i6 %w10_V" [firmware/myproject.cpp:65]   --->   Operation 36 'call' 'call_ln65' <Predicate = true> <Delay = 0.00> <CoreType = "Generic">   --->   Core 0 '' <Latency = 0> <II = 1> <Delay = 1.00> <Generic> <Opcode : >

State 14 <SV = 13> <Delay = 0.00>
ST_14 : Operation 37 [1/2] (0.00ns)   --->   "%call_ln65 = call void @dense<array<ap_fixed,16u>,array<ap_fixed<8,2,5,3,0>,1u>,config10>, i128 %layer9_out, i8 %layer10_out, i6 %w10_V" [firmware/myproject.cpp:65]   --->   Operation 37 'call' 'call_ln65' <Predicate = true> <Delay = 0.00> <CoreType = "Generic">   --->   Core 0 '' <Latency = 0> <II = 1> <Delay = 1.00> <Generic> <Opcode : >

State 15 <SV = 14> <Delay = 0.00>
ST_15 : Operation 38 [2/2] (0.00ns)   --->   "%call_ln67 = call void @sigmoid<array,array<ap_fixed<8,2,5,3,0>,1u>,sigmoid_config11>, i8 %layer10_out, i8 %internal_output, i10 %sigmoid_table" [firmware/myproject.cpp:67]   --->   Operation 38 'call' 'call_ln67' <Predicate = true> <Delay = 0.00> <CoreType = "Generic">   --->   Core 0 '' <Latency = 0> <II = 1> <Delay = 1.00> <Generic> <Opcode : >

State 16 <SV = 15> <Delay = 0.00>
ST_16 : Operation 39 [1/1] (0.00ns)   --->   "%specdataflowpipeline_ln13 = specdataflowpipeline void @_ssdm_op_SpecDataflowPipeline, i32 4294967295, i32 0, void @empty_0" [firmware/myproject.cpp:13]   --->   Operation 39 'specdataflowpipeline' 'specdataflowpipeline_ln13' <Predicate = true> <Delay = 0.00>
ST_16 : Operation 40 [1/1] (0.00ns)   --->   "%specinterface_ln0 = specinterface void @_ssdm_op_SpecInterface, i8 %internal_output, void @empty_2, i32 0, i32 0, void @empty_0, i32 0, i32 0, void @empty_0, void @empty_0, void @empty_0, i32 0, i32 0, i32 0, i32 0, void @empty_0, void @empty_0, i32 4294967295, i32 0"   --->   Operation 40 'specinterface' 'specinterface_ln0' <Predicate = true> <Delay = 0.00>
ST_16 : Operation 41 [1/1] (0.00ns)   --->   "%specinterface_ln0 = specinterface void @_ssdm_op_SpecInterface, i144 %internal_input, void @empty_2, i32 0, i32 0, void @empty_0, i32 0, i32 0, void @empty_0, void @empty_0, void @empty_0, i32 0, i32 0, i32 0, i32 0, void @empty_0, void @empty_0, i32 4294967295, i32 0"   --->   Operation 41 'specinterface' 'specinterface_ln0' <Predicate = true> <Delay = 0.00>
ST_16 : Operation 42 [1/1] (0.00ns)   --->   "%empty = specchannel i32 @_ssdm_op_SpecChannel, void @layer2_out_str, i32 1, void @p_str, void @p_str, i32 1, i32 1, i256 %layer2_out, i256 %layer2_out"   --->   Operation 42 'specchannel' 'empty' <Predicate = true> <Delay = 0.00>
ST_16 : Operation 43 [1/1] (0.00ns)   --->   "%specinterface_ln0 = specinterface void @_ssdm_op_SpecInterface, i256 %layer2_out, void @empty_2, i32 0, i32 0, void @empty_0, i32 0, i32 0, void @empty_0, void @empty_0, void @empty_0, i32 0, i32 0, i32 0, i32 0, void @empty_0, void @empty_0, i32 4294967295, i32 0"   --->   Operation 43 'specinterface' 'specinterface_ln0' <Predicate = true> <Delay = 0.00>
ST_16 : Operation 44 [1/1] (0.00ns)   --->   "%empty_43 = specchannel i32 @_ssdm_op_SpecChannel, void @layer4_out_str, i32 1, void @p_str, void @p_str, i32 1, i32 1, i256 %layer4_out, i256 %layer4_out"   --->   Operation 44 'specchannel' 'empty_43' <Predicate = true> <Delay = 0.00>
ST_16 : Operation 45 [1/1] (0.00ns)   --->   "%specinterface_ln0 = specinterface void @_ssdm_op_SpecInterface, i256 %layer4_out, void @empty_2, i32 0, i32 0, void @empty_0, i32 0, i32 0, void @empty_0, void @empty_0, void @empty_0, i32 0, i32 0, i32 0, i32 0, void @empty_0, void @empty_0, i32 4294967295, i32 0"   --->   Operation 45 'specinterface' 'specinterface_ln0' <Predicate = true> <Delay = 0.00>
ST_16 : Operation 46 [1/1] (0.00ns)   --->   "%empty_44 = specchannel i32 @_ssdm_op_SpecChannel, void @layer5_out_str, i32 1, void @p_str, void @p_str, i32 1, i32 1, i256 %layer5_out, i256 %layer5_out"   --->   Operation 46 'specchannel' 'empty_44' <Predicate = true> <Delay = 0.00>
ST_16 : Operation 47 [1/1] (0.00ns)   --->   "%specinterface_ln0 = specinterface void @_ssdm_op_SpecInterface, i256 %layer5_out, void @empty_2, i32 0, i32 0, void @empty_0, i32 0, i32 0, void @empty_0, void @empty_0, void @empty_0, i32 0, i32 0, i32 0, i32 0, void @empty_0, void @empty_0, i32 4294967295, i32 0"   --->   Operation 47 'specinterface' 'specinterface_ln0' <Predicate = true> <Delay = 0.00>
ST_16 : Operation 48 [1/1] (0.00ns)   --->   "%empty_45 = specchannel i32 @_ssdm_op_SpecChannel, void @layer6_out_str, i32 1, void @p_str, void @p_str, i32 1, i32 1, i128 %layer6_out, i128 %layer6_out"   --->   Operation 48 'specchannel' 'empty_45' <Predicate = true> <Delay = 0.00>
ST_16 : Operation 49 [1/1] (0.00ns)   --->   "%specinterface_ln0 = specinterface void @_ssdm_op_SpecInterface, i128 %layer6_out, void @empty_2, i32 0, i32 0, void @empty_0, i32 0, i32 0, void @empty_0, void @empty_0, void @empty_0, i32 0, i32 0, i32 0, i32 0, void @empty_0, void @empty_0, i32 4294967295, i32 0"   --->   Operation 49 'specinterface' 'specinterface_ln0' <Predicate = true> <Delay = 0.00>
ST_16 : Operation 50 [1/1] (0.00ns)   --->   "%empty_46 = specchannel i32 @_ssdm_op_SpecChannel, void @layer8_out_str, i32 1, void @p_str, void @p_str, i32 1, i32 1, i128 %layer8_out, i128 %layer8_out"   --->   Operation 50 'specchannel' 'empty_46' <Predicate = true> <Delay = 0.00>
ST_16 : Operation 51 [1/1] (0.00ns)   --->   "%specinterface_ln0 = specinterface void @_ssdm_op_SpecInterface, i128 %layer8_out, void @empty_2, i32 0, i32 0, void @empty_0, i32 0, i32 0, void @empty_0, void @empty_0, void @empty_0, i32 0, i32 0, i32 0, i32 0, void @empty_0, void @empty_0, i32 4294967295, i32 0"   --->   Operation 51 'specinterface' 'specinterface_ln0' <Predicate = true> <Delay = 0.00>
ST_16 : Operation 52 [1/1] (0.00ns)   --->   "%empty_47 = specchannel i32 @_ssdm_op_SpecChannel, void @layer9_out_str, i32 1, void @p_str, void @p_str, i32 1, i32 1, i128 %layer9_out, i128 %layer9_out"   --->   Operation 52 'specchannel' 'empty_47' <Predicate = true> <Delay = 0.00>
ST_16 : Operation 53 [1/1] (0.00ns)   --->   "%specinterface_ln0 = specinterface void @_ssdm_op_SpecInterface, i128 %layer9_out, void @empty_2, i32 0, i32 0, void @empty_0, i32 0, i32 0, void @empty_0, void @empty_0, void @empty_0, i32 0, i32 0, i32 0, i32 0, void @empty_0, void @empty_0, i32 4294967295, i32 0"   --->   Operation 53 'specinterface' 'specinterface_ln0' <Predicate = true> <Delay = 0.00>
ST_16 : Operation 54 [1/1] (0.00ns)   --->   "%empty_48 = specchannel i32 @_ssdm_op_SpecChannel, void @layer10_out_str, i32 1, void @p_str, void @p_str, i32 1, i32 1, i8 %layer10_out, i8 %layer10_out"   --->   Operation 54 'specchannel' 'empty_48' <Predicate = true> <Delay = 0.00>
ST_16 : Operation 55 [1/1] (0.00ns)   --->   "%specinterface_ln0 = specinterface void @_ssdm_op_SpecInterface, i8 %layer10_out, void @empty_2, i32 0, i32 0, void @empty_0, i32 0, i32 0, void @empty_0, void @empty_0, void @empty_0, i32 0, i32 0, i32 0, i32 0, void @empty_0, void @empty_0, i32 4294967295, i32 0"   --->   Operation 55 'specinterface' 'specinterface_ln0' <Predicate = true> <Delay = 0.00>
ST_16 : Operation 56 [1/2] (0.00ns)   --->   "%call_ln67 = call void @sigmoid<array,array<ap_fixed<8,2,5,3,0>,1u>,sigmoid_config11>, i8 %layer10_out, i8 %internal_output, i10 %sigmoid_table" [firmware/myproject.cpp:67]   --->   Operation 56 'call' 'call_ln67' <Predicate = true> <Delay = 0.00> <CoreType = "Generic">   --->   Core 0 '' <Latency = 0> <II = 1> <Delay = 1.00> <Generic> <Opcode : >
ST_16 : Operation 57 [1/1] (0.00ns)   --->   "%ret_ln69 = ret" [firmware/myproject.cpp:69]   --->   Operation 57 'ret' 'ret_ln69' <Predicate = true> <Delay = 0.00>


============================================================
+ Verbose Summary: Binding
============================================================
STG Binding: 
---------------- STG Properties BEGIN ----------------
- Is combinational: 0
- Is one-state seq: 0
- Is datapath-only: 0
- Is pipelined: 0
- Is top level: 0
Port [ Return ] is wired: 1; IO mode=ap_ctrl_hs:ce=0
Port [ internal_input]:  wired=1; compound=1; hidden=0; nouse=0; global=0; static=0; extern=0; dir=0; type=3; pingpong=0; private_global=0; IO mode=ap_fifo:ce=0
Port [ internal_output]:  wired=1; compound=1; hidden=0; nouse=0; global=0; static=0; extern=0; dir=1; type=3; pingpong=0; private_global=0; IO mode=ap_fifo:ce=0
Port [ outidx_1]:  wired=0; compound=1; hidden=1; nouse=1; global=1; static=1; extern=0; dir=0; type=1; pingpong=0; private_global=0; MemPort=[1]; IO mode=ap_memory:ce=0
Port [ w2_V]:  wired=0; compound=1; hidden=1; nouse=1; global=1; static=1; extern=0; dir=0; type=1; pingpong=0; private_global=0; MemPort=[11111111]; IO mode=ap_memory:ce=0
Port [ outidx]:  wired=0; compound=1; hidden=1; nouse=1; global=1; static=1; extern=0; dir=0; type=1; pingpong=0; private_global=0; MemPort=[1]; IO mode=ap_memory:ce=0
Port [ w6_V]:  wired=0; compound=1; hidden=1; nouse=1; global=1; static=1; extern=0; dir=0; type=1; pingpong=0; private_global=0; MemPort=[11111111]; IO mode=ap_memory:ce=0
Port [ w10_V]:  wired=0; compound=1; hidden=1; nouse=1; global=1; static=1; extern=0; dir=0; type=1; pingpong=0; private_global=0; MemPort=[1]; IO mode=ap_memory:ce=0
Port [ sigmoid_table]:  wired=0; compound=1; hidden=1; nouse=1; global=1; static=1; extern=0; dir=0; type=1; pingpong=0; private_global=0; MemPort=[1]; IO mode=ap_memory:ce=0
---------------- STG Properties END ------------------

---------------- Datapath Model BEGIN ----------------

<LifeTime>
<method=bitvector/>
layer2_out                (alloca              ) [ 01111111111111111]
layer4_out                (alloca              ) [ 00111111111111111]
layer5_out                (alloca              ) [ 00111111111111111]
layer6_out                (alloca              ) [ 00111111111111111]
layer8_out                (alloca              ) [ 00111111111111111]
layer9_out                (alloca              ) [ 00111111111111111]
layer10_out               (alloca              ) [ 00111111111111111]
call_ln41                 (call                ) [ 00000000000000000]
call_ln45                 (call                ) [ 00000000000000000]
call_ln49                 (call                ) [ 00000000000000000]
call_ln53                 (call                ) [ 00000000000000000]
call_ln57                 (call                ) [ 00000000000000000]
call_ln61                 (call                ) [ 00000000000000000]
call_ln65                 (call                ) [ 00000000000000000]
specdataflowpipeline_ln13 (specdataflowpipeline) [ 00000000000000000]
specinterface_ln0         (specinterface       ) [ 00000000000000000]
specinterface_ln0         (specinterface       ) [ 00000000000000000]
empty                     (specchannel         ) [ 00000000000000000]
specinterface_ln0         (specinterface       ) [ 00000000000000000]
empty_43                  (specchannel         ) [ 00000000000000000]
specinterface_ln0         (specinterface       ) [ 00000000000000000]
empty_44                  (specchannel         ) [ 00000000000000000]
specinterface_ln0         (specinterface       ) [ 00000000000000000]
empty_45                  (specchannel         ) [ 00000000000000000]
specinterface_ln0         (specinterface       ) [ 00000000000000000]
empty_46                  (specchannel         ) [ 00000000000000000]
specinterface_ln0         (specinterface       ) [ 00000000000000000]
empty_47                  (specchannel         ) [ 00000000000000000]
specinterface_ln0         (specinterface       ) [ 00000000000000000]
empty_48                  (specchannel         ) [ 00000000000000000]
specinterface_ln0         (specinterface       ) [ 00000000000000000]
call_ln67                 (call                ) [ 00000000000000000]
ret_ln69                  (ret                 ) [ 00000000000000000]
</LifeTime>

<model>

<comp_list>
<comp id="0" class="1000" name="internal_input">
<pin_list>
<pin id="1" dir="1" index="0" bw="1" slack="0"/>
</pin_list>
<bind>
<StgValue><ssdm name="internal_input"/></StgValue>
</bind>
</comp>

<comp id="2" class="1000" name="internal_output">
<pin_list>
<pin id="3" dir="1" index="0" bw="1" slack="0"/>
</pin_list>
<bind>
<StgValue><ssdm name="internal_output"/></StgValue>
</bind>
</comp>

<comp id="4" class="1000" name="outidx_1">
<pin_list>
<pin id="5" dir="1" index="0" bw="1" slack="0"/>
</pin_list>
<bind>
<StgValue><ssdm name="outidx_1"/><MemPortTyVec>1 </MemPortTyVec>
</StgValue>
</bind>
</comp>

<comp id="6" class="1000" name="w2_V">
<pin_list>
<pin id="7" dir="1" index="0" bw="1" slack="0"/>
</pin_list>
<bind>
<StgValue><ssdm name="w2_V"/><MemPortTyVec>1 1 1 1 1 1 1 1 </MemPortTyVec>
</StgValue>
</bind>
</comp>

<comp id="8" class="1000" name="outidx">
<pin_list>
<pin id="9" dir="1" index="0" bw="1" slack="0"/>
</pin_list>
<bind>
<StgValue><ssdm name="outidx"/><MemPortTyVec>1 </MemPortTyVec>
</StgValue>
</bind>
</comp>

<comp id="10" class="1000" name="w6_V">
<pin_list>
<pin id="11" dir="1" index="0" bw="1" slack="0"/>
</pin_list>
<bind>
<StgValue><ssdm name="w6_V"/><MemPortTyVec>1 1 1 1 1 1 1 1 </MemPortTyVec>
</StgValue>
</bind>
</comp>

<comp id="12" class="1000" name="w10_V">
<pin_list>
<pin id="13" dir="1" index="0" bw="1" slack="0"/>
</pin_list>
<bind>
<StgValue><ssdm name="w10_V"/><MemPortTyVec>1 </MemPortTyVec>
</StgValue>
</bind>
</comp>

<comp id="14" class="1000" name="sigmoid_table">
<pin_list>
<pin id="15" dir="1" index="0" bw="1" slack="0"/>
</pin_list>
<bind>
<StgValue><ssdm name="sigmoid_table"/><MemPortTyVec>1 </MemPortTyVec>
</StgValue>
</bind>
</comp>

<comp id="16" class="1001" name="const_16">
<pin_list>
<pin id="17" dir="1" index="0" bw="1" slack="0"/>
</pin_list>
<bind>
<StgValue><ssdm name=""/></StgValue>
</bind>
</comp>

<comp id="18" class="1001" name="const_18">
<pin_list>
<pin id="19" dir="1" index="0" bw="1" slack="0"/>
</pin_list>
<bind>
<StgValue><ssdm name="dense<array<ap_fixed,18u>,array<ap_fixed<8,2,5,3,0>,32u>,config2>"/></StgValue>
</bind>
</comp>

<comp id="20" class="1001" name="const_20">
<pin_list>
<pin id="21" dir="1" index="0" bw="1" slack="0"/>
</pin_list>
<bind>
<StgValue><ssdm name="normalize<array<ap_fixed,32u>,array<ap_fixed<8,2,5,3,0>,32u>,config4>"/></StgValue>
</bind>
</comp>

<comp id="22" class="1001" name="const_22">
<pin_list>
<pin id="23" dir="1" index="0" bw="1" slack="0"/>
</pin_list>
<bind>
<StgValue><ssdm name="relu<array<ap_fixed,32u>,array<ap_fixed<8,2,5,3,0>,32u>,relu_config5>"/></StgValue>
</bind>
</comp>

<comp id="24" class="1001" name="const_24">
<pin_list>
<pin id="25" dir="1" index="0" bw="1" slack="0"/>
</pin_list>
<bind>
<StgValue><ssdm name="dense<array<ap_fixed,32u>,array<ap_fixed<8,2,5,3,0>,16u>,config6>"/></StgValue>
</bind>
</comp>

<comp id="26" class="1001" name="const_26">
<pin_list>
<pin id="27" dir="1" index="0" bw="1" slack="0"/>
</pin_list>
<bind>
<StgValue><ssdm name="normalize<array<ap_fixed,16u>,array<ap_fixed<8,2,5,3,0>,16u>,config8>"/></StgValue>
</bind>
</comp>

<comp id="28" class="1001" name="const_28">
<pin_list>
<pin id="29" dir="1" index="0" bw="1" slack="0"/>
</pin_list>
<bind>
<StgValue><ssdm name="relu<array<ap_fixed,16u>,array<ap_fixed<8,2,5,3,0>,16u>,relu_config9>"/></StgValue>
</bind>
</comp>

<comp id="30" class="1001" name="const_30">
<pin_list>
<pin id="31" dir="1" index="0" bw="1" slack="0"/>
</pin_list>
<bind>
<StgValue><ssdm name="dense<array<ap_fixed,16u>,array<ap_fixed<8,2,5,3,0>,1u>,config10>"/></StgValue>
</bind>
</comp>

<comp id="32" class="1001" name="const_32">
<pin_list>
<pin id="33" dir="1" index="0" bw="1" slack="0"/>
</pin_list>
<bind>
<StgValue><ssdm name="sigmoid<array,array<ap_fixed<8,2,5,3,0>,1u>,sigmoid_config11>"/></StgValue>
</bind>
</comp>

<comp id="34" class="1001" name="const_34">
<pin_list>
<pin id="35" dir="1" index="0" bw="1" slack="2147483647"/>
</pin_list>
<bind>
<StgValue><ssdm name="_ssdm_op_SpecDataflowPipeline"/></StgValue>
</bind>
</comp>

<comp id="36" class="1001" name="const_36">
<pin_list>
<pin id="37" dir="1" index="0" bw="1" slack="2147483647"/>
</pin_list>
<bind>
<StgValue><ssdm name=""/></StgValue>
</bind>
</comp>

<comp id="38" class="1001" name="const_38">
<pin_list>
<pin id="39" dir="1" index="0" bw="1" slack="2147483647"/>
</pin_list>
<bind>
<StgValue><ssdm name=""/></StgValue>
</bind>
</comp>

<comp id="40" class="1001" name="const_40">
<pin_list>
<pin id="41" dir="1" index="0" bw="1" slack="2147483647"/>
</pin_list>
<bind>
<StgValue><ssdm name="empty_0"/></StgValue>
</bind>
</comp>

<comp id="42" class="1001" name="const_42">
<pin_list>
<pin id="43" dir="1" index="0" bw="1" slack="2147483647"/>
</pin_list>
<bind>
<StgValue><ssdm name="_ssdm_op_SpecInterface"/></StgValue>
</bind>
</comp>

<comp id="44" class="1001" name="const_44">
<pin_list>
<pin id="45" dir="1" index="0" bw="1" slack="2147483647"/>
</pin_list>
<bind>
<StgValue><ssdm name="empty_2"/></StgValue>
</bind>
</comp>

<comp id="46" class="1001" name="const_46">
<pin_list>
<pin id="47" dir="1" index="0" bw="1" slack="2147483647"/>
</pin_list>
<bind>
<StgValue><ssdm name="_ssdm_op_SpecChannel"/></StgValue>
</bind>
</comp>

<comp id="48" class="1001" name="const_48">
<pin_list>
<pin id="49" dir="1" index="0" bw="1" slack="2147483647"/>
</pin_list>
<bind>
<StgValue><ssdm name="layer2_out_str"/></StgValue>
</bind>
</comp>

<comp id="50" class="1001" name="const_50">
<pin_list>
<pin id="51" dir="1" index="0" bw="1" slack="2147483647"/>
</pin_list>
<bind>
<StgValue><ssdm name=""/></StgValue>
</bind>
</comp>

<comp id="52" class="1001" name="const_52">
<pin_list>
<pin id="53" dir="1" index="0" bw="1" slack="2147483647"/>
</pin_list>
<bind>
<StgValue><ssdm name="p_str"/></StgValue>
</bind>
</comp>

<comp id="54" class="1001" name="const_54">
<pin_list>
<pin id="55" dir="1" index="0" bw="1" slack="2147483647"/>
</pin_list>
<bind>
<StgValue><ssdm name="layer4_out_str"/></StgValue>
</bind>
</comp>

<comp id="56" class="1001" name="const_56">
<pin_list>
<pin id="57" dir="1" index="0" bw="1" slack="2147483647"/>
</pin_list>
<bind>
<StgValue><ssdm name="layer5_out_str"/></StgValue>
</bind>
</comp>

<comp id="58" class="1001" name="const_58">
<pin_list>
<pin id="59" dir="1" index="0" bw="1" slack="2147483647"/>
</pin_list>
<bind>
<StgValue><ssdm name="layer6_out_str"/></StgValue>
</bind>
</comp>

<comp id="60" class="1001" name="const_60">
<pin_list>
<pin id="61" dir="1" index="0" bw="1" slack="2147483647"/>
</pin_list>
<bind>
<StgValue><ssdm name="layer8_out_str"/></StgValue>
</bind>
</comp>

<comp id="62" class="1001" name="const_62">
<pin_list>
<pin id="63" dir="1" index="0" bw="1" slack="2147483647"/>
</pin_list>
<bind>
<StgValue><ssdm name="layer9_out_str"/></StgValue>
</bind>
</comp>

<comp id="64" class="1001" name="const_64">
<pin_list>
<pin id="65" dir="1" index="0" bw="1" slack="2147483647"/>
</pin_list>
<bind>
<StgValue><ssdm name="layer10_out_str"/></StgValue>
</bind>
</comp>

<comp id="66" class="1004" name="layer2_out_fu_66">
<pin_list>
<pin id="67" dir="0" index="0" bw="1" slack="0"/>
<pin id="68" dir="1" index="1" bw="256" slack="0"/>
</pin_list>
<bind>
<opcode="alloca(26) " fcode="alloca"/>
<opset="layer2_out/1 "/>
</bind>
</comp>

<comp id="70" class="1004" name="layer4_out_fu_70">
<pin_list>
<pin id="71" dir="0" index="0" bw="1" slack="0"/>
<pin id="72" dir="1" index="1" bw="256" slack="2"/>
</pin_list>
<bind>
<opcode="alloca(26) " fcode="alloca"/>
<opset="layer4_out/1 "/>
</bind>
</comp>

<comp id="74" class="1004" name="layer5_out_fu_74">
<pin_list>
<pin id="75" dir="0" index="0" bw="1" slack="0"/>
<pin id="76" dir="1" index="1" bw="256" slack="4"/>
</pin_list>
<bind>
<opcode="alloca(26) " fcode="alloca"/>
<opset="layer5_out/1 "/>
</bind>
</comp>

<comp id="78" class="1004" name="layer6_out_fu_78">
<pin_list>
<pin id="79" dir="0" index="0" bw="1" slack="0"/>
<pin id="80" dir="1" index="1" bw="128" slack="6"/>
</pin_list>
<bind>
<opcode="alloca(26) " fcode="alloca"/>
<opset="layer6_out/1 "/>
</bind>
</comp>

<comp id="82" class="1004" name="layer8_out_fu_82">
<pin_list>
<pin id="83" dir="0" index="0" bw="1" slack="0"/>
<pin id="84" dir="1" index="1" bw="128" slack="8"/>
</pin_list>
<bind>
<opcode="alloca(26) " fcode="alloca"/>
<opset="layer8_out/1 "/>
</bind>
</comp>

<comp id="86" class="1004" name="layer9_out_fu_86">
<pin_list>
<pin id="87" dir="0" index="0" bw="1" slack="0"/>
<pin id="88" dir="1" index="1" bw="128" slack="10"/>
</pin_list>
<bind>
<opcode="alloca(26) " fcode="alloca"/>
<opset="layer9_out/1 "/>
</bind>
</comp>

<comp id="90" class="1004" name="layer10_out_fu_90">
<pin_list>
<pin id="91" dir="0" index="0" bw="1" slack="0"/>
<pin id="92" dir="1" index="1" bw="8" slack="12"/>
</pin_list>
<bind>
<opcode="alloca(26) " fcode="alloca"/>
<opset="layer10_out/1 "/>
</bind>
</comp>

<comp id="94" class="1004" name="grp_dense_array_ap_fixed_18u_array_ap_fixed_8_2_5_3_0_32u_config2_s_fu_94">
<pin_list>
<pin id="95" dir="0" index="0" bw="0" slack="0"/>
<pin id="96" dir="0" index="1" bw="144" slack="0"/>
<pin id="97" dir="0" index="2" bw="256" slack="0"/>
<pin id="98" dir="0" index="3" bw="2" slack="0"/>
<pin id="99" dir="0" index="4" bw="8" slack="0"/>
<pin id="100" dir="1" index="5" bw="0" slack="2147483647"/>
</pin_list>
<bind>
<opcode="call(48) " fcode="call"/>
<opset="call_ln41/1 "/>
</bind>
</comp>

<comp id="105" class="1004" name="grp_normalize_array_ap_fixed_32u_array_ap_fixed_8_2_5_3_0_32u_config4_s_fu_105">
<pin_list>
<pin id="106" dir="0" index="0" bw="0" slack="0"/>
<pin id="107" dir="0" index="1" bw="256" slack="2"/>
<pin id="108" dir="0" index="2" bw="256" slack="2"/>
<pin id="109" dir="1" index="3" bw="0" slack="2147483647"/>
</pin_list>
<bind>
<opcode="call(48) " fcode="call"/>
<opset="call_ln45/3 "/>
</bind>
</comp>

<comp id="111" class="1004" name="grp_relu_array_ap_fixed_32u_array_ap_fixed_8_2_5_3_0_32u_relu_config5_s_fu_111">
<pin_list>
<pin id="112" dir="0" index="0" bw="0" slack="0"/>
<pin id="113" dir="0" index="1" bw="256" slack="4"/>
<pin id="114" dir="0" index="2" bw="256" slack="4"/>
<pin id="115" dir="1" index="3" bw="0" slack="2147483647"/>
</pin_list>
<bind>
<opcode="call(48) " fcode="call"/>
<opset="call_ln49/5 "/>
</bind>
</comp>

<comp id="117" class="1004" name="grp_dense_array_ap_fixed_32u_array_ap_fixed_8_2_5_3_0_16u_config6_s_fu_117">
<pin_list>
<pin id="118" dir="0" index="0" bw="0" slack="0"/>
<pin id="119" dir="0" index="1" bw="256" slack="6"/>
<pin id="120" dir="0" index="2" bw="128" slack="6"/>
<pin id="121" dir="0" index="3" bw="1" slack="0"/>
<pin id="122" dir="0" index="4" bw="8" slack="0"/>
<pin id="123" dir="1" index="5" bw="0" slack="2147483647"/>
</pin_list>
<bind>
<opcode="call(48) " fcode="call"/>
<opset="call_ln53/7 "/>
</bind>
</comp>

<comp id="127" class="1004" name="grp_normalize_array_ap_fixed_16u_array_ap_fixed_8_2_5_3_0_16u_config8_s_fu_127">
<pin_list>
<pin id="128" dir="0" index="0" bw="0" slack="0"/>
<pin id="129" dir="0" index="1" bw="128" slack="8"/>
<pin id="130" dir="0" index="2" bw="128" slack="8"/>
<pin id="131" dir="1" index="3" bw="0" slack="2147483647"/>
</pin_list>
<bind>
<opcode="call(48) " fcode="call"/>
<opset="call_ln57/9 "/>
</bind>
</comp>

<comp id="133" class="1004" name="grp_relu_array_ap_fixed_16u_array_ap_fixed_8_2_5_3_0_16u_relu_config9_s_fu_133">
<pin_list>
<pin id="134" dir="0" index="0" bw="0" slack="0"/>
<pin id="135" dir="0" index="1" bw="128" slack="10"/>
<pin id="136" dir="0" index="2" bw="128" slack="10"/>
<pin id="137" dir="1" index="3" bw="0" slack="2147483647"/>
</pin_list>
<bind>
<opcode="call(48) " fcode="call"/>
<opset="call_ln61/11 "/>
</bind>
</comp>

<comp id="139" class="1004" name="grp_dense_array_ap_fixed_16u_array_ap_fixed_8_2_5_3_0_1u_config10_s_fu_139">
<pin_list>
<pin id="140" dir="0" index="0" bw="0" slack="0"/>
<pin id="141" dir="0" index="1" bw="128" slack="12"/>
<pin id="142" dir="0" index="2" bw="8" slack="12"/>
<pin id="143" dir="0" index="3" bw="6" slack="0"/>
<pin id="144" dir="1" index="4" bw="0" slack="2147483647"/>
</pin_list>
<bind>
<opcode="call(48) " fcode="call"/>
<opset="call_ln65/13 "/>
</bind>
</comp>

<comp id="147" class="1004" name="grp_sigmoid_array_array_ap_fixed_8_2_5_3_0_1u_sigmoid_config11_s_fu_147">
<pin_list>
<pin id="148" dir="0" index="0" bw="0" slack="0"/>
<pin id="149" dir="0" index="1" bw="8" slack="14"/>
<pin id="150" dir="0" index="2" bw="8" slack="0"/>
<pin id="151" dir="0" index="3" bw="10" slack="0"/>
<pin id="152" dir="1" index="4" bw="0" slack="2147483647"/>
</pin_list>
<bind>
<opcode="call(48) " fcode="call"/>
<opset="call_ln67/15 "/>
</bind>
</comp>

<comp id="156" class="1005" name="layer2_out_reg_156">
<pin_list>
<pin id="157" dir="0" index="0" bw="256" slack="0"/>
<pin id="158" dir="1" index="1" bw="256" slack="0"/>
</pin_list>
<bind>
<opset="layer2_out "/>
</bind>
</comp>

<comp id="162" class="1005" name="layer4_out_reg_162">
<pin_list>
<pin id="163" dir="0" index="0" bw="256" slack="2"/>
<pin id="164" dir="1" index="1" bw="256" slack="2"/>
</pin_list>
<bind>
<opset="layer4_out "/>
</bind>
</comp>

<comp id="168" class="1005" name="layer5_out_reg_168">
<pin_list>
<pin id="169" dir="0" index="0" bw="256" slack="4"/>
<pin id="170" dir="1" index="1" bw="256" slack="4"/>
</pin_list>
<bind>
<opset="layer5_out "/>
</bind>
</comp>

<comp id="174" class="1005" name="layer6_out_reg_174">
<pin_list>
<pin id="175" dir="0" index="0" bw="128" slack="6"/>
<pin id="176" dir="1" index="1" bw="128" slack="6"/>
</pin_list>
<bind>
<opset="layer6_out "/>
</bind>
</comp>

<comp id="180" class="1005" name="layer8_out_reg_180">
<pin_list>
<pin id="181" dir="0" index="0" bw="128" slack="8"/>
<pin id="182" dir="1" index="1" bw="128" slack="8"/>
</pin_list>
<bind>
<opset="layer8_out "/>
</bind>
</comp>

<comp id="186" class="1005" name="layer9_out_reg_186">
<pin_list>
<pin id="187" dir="0" index="0" bw="128" slack="10"/>
<pin id="188" dir="1" index="1" bw="128" slack="10"/>
</pin_list>
<bind>
<opset="layer9_out "/>
</bind>
</comp>

<comp id="192" class="1005" name="layer10_out_reg_192">
<pin_list>
<pin id="193" dir="0" index="0" bw="8" slack="12"/>
<pin id="194" dir="1" index="1" bw="8" slack="12"/>
</pin_list>
<bind>
<opset="layer10_out "/>
</bind>
</comp>

</comp_list>

<net_list>
<net id="69"><net_src comp="16" pin="0"/><net_sink comp="66" pin=0"/></net>

<net id="73"><net_src comp="16" pin="0"/><net_sink comp="70" pin=0"/></net>

<net id="77"><net_src comp="16" pin="0"/><net_sink comp="74" pin=0"/></net>

<net id="81"><net_src comp="16" pin="0"/><net_sink comp="78" pin=0"/></net>

<net id="85"><net_src comp="16" pin="0"/><net_sink comp="82" pin=0"/></net>

<net id="89"><net_src comp="16" pin="0"/><net_sink comp="86" pin=0"/></net>

<net id="93"><net_src comp="16" pin="0"/><net_sink comp="90" pin=0"/></net>

<net id="101"><net_src comp="18" pin="0"/><net_sink comp="94" pin=0"/></net>

<net id="102"><net_src comp="0" pin="0"/><net_sink comp="94" pin=1"/></net>

<net id="103"><net_src comp="4" pin="0"/><net_sink comp="94" pin=3"/></net>

<net id="104"><net_src comp="6" pin="0"/><net_sink comp="94" pin=4"/></net>

<net id="110"><net_src comp="20" pin="0"/><net_sink comp="105" pin=0"/></net>

<net id="116"><net_src comp="22" pin="0"/><net_sink comp="111" pin=0"/></net>

<net id="124"><net_src comp="24" pin="0"/><net_sink comp="117" pin=0"/></net>

<net id="125"><net_src comp="8" pin="0"/><net_sink comp="117" pin=3"/></net>

<net id="126"><net_src comp="10" pin="0"/><net_sink comp="117" pin=4"/></net>

<net id="132"><net_src comp="26" pin="0"/><net_sink comp="127" pin=0"/></net>

<net id="138"><net_src comp="28" pin="0"/><net_sink comp="133" pin=0"/></net>

<net id="145"><net_src comp="30" pin="0"/><net_sink comp="139" pin=0"/></net>

<net id="146"><net_src comp="12" pin="0"/><net_sink comp="139" pin=3"/></net>

<net id="153"><net_src comp="32" pin="0"/><net_sink comp="147" pin=0"/></net>

<net id="154"><net_src comp="2" pin="0"/><net_sink comp="147" pin=2"/></net>

<net id="155"><net_src comp="14" pin="0"/><net_sink comp="147" pin=3"/></net>

<net id="159"><net_src comp="66" pin="1"/><net_sink comp="156" pin=0"/></net>

<net id="160"><net_src comp="156" pin="1"/><net_sink comp="94" pin=2"/></net>

<net id="161"><net_src comp="156" pin="1"/><net_sink comp="105" pin=1"/></net>

<net id="165"><net_src comp="70" pin="1"/><net_sink comp="162" pin=0"/></net>

<net id="166"><net_src comp="162" pin="1"/><net_sink comp="105" pin=2"/></net>

<net id="167"><net_src comp="162" pin="1"/><net_sink comp="111" pin=1"/></net>

<net id="171"><net_src comp="74" pin="1"/><net_sink comp="168" pin=0"/></net>

<net id="172"><net_src comp="168" pin="1"/><net_sink comp="111" pin=2"/></net>

<net id="173"><net_src comp="168" pin="1"/><net_sink comp="117" pin=1"/></net>

<net id="177"><net_src comp="78" pin="1"/><net_sink comp="174" pin=0"/></net>

<net id="178"><net_src comp="174" pin="1"/><net_sink comp="117" pin=2"/></net>

<net id="179"><net_src comp="174" pin="1"/><net_sink comp="127" pin=1"/></net>

<net id="183"><net_src comp="82" pin="1"/><net_sink comp="180" pin=0"/></net>

<net id="184"><net_src comp="180" pin="1"/><net_sink comp="127" pin=2"/></net>

<net id="185"><net_src comp="180" pin="1"/><net_sink comp="133" pin=1"/></net>

<net id="189"><net_src comp="86" pin="1"/><net_sink comp="186" pin=0"/></net>

<net id="190"><net_src comp="186" pin="1"/><net_sink comp="133" pin=2"/></net>

<net id="191"><net_src comp="186" pin="1"/><net_sink comp="139" pin=1"/></net>

<net id="195"><net_src comp="90" pin="1"/><net_sink comp="192" pin=0"/></net>

<net id="196"><net_src comp="192" pin="1"/><net_sink comp="139" pin=2"/></net>

<net id="197"><net_src comp="192" pin="1"/><net_sink comp="147" pin=1"/></net>

</net_list>

</model> 
---------------- Datapath Model END ------------------

* FSMD analyzer results:
  - Output states:
	Port: internal_output | {15 16 }
 - Input state : 
	Port: myproject : internal_input | {1 2 }
	Port: myproject : outidx_1 | {1 2 }
	Port: myproject : w2_V | {1 2 }
	Port: myproject : outidx | {7 8 }
	Port: myproject : w6_V | {7 8 }
	Port: myproject : w10_V | {13 14 }
	Port: myproject : sigmoid_table | {15 16 }
  - Chain level:
	State 1
		call_ln41 : 1
	State 2
	State 3
	State 4
	State 5
	State 6
	State 7
	State 8
	State 9
	State 10
	State 11
	State 12
	State 13
	State 14
	State 15
	State 16


============================================================
+ Verbose Summary: Datapath Resource usage 
============================================================

* Functional unit list:
|----------|--------------------------------------------------------------------------------|---------|---------|---------|---------|
| Operation|                                 Functional Unit                                |   DSP   |  Delay  |    FF   |   LUT   |
|----------|--------------------------------------------------------------------------------|---------|---------|---------|---------|
|          |    grp_dense_array_ap_fixed_18u_array_ap_fixed_8_2_5_3_0_32u_config2_s_fu_94   |    0    |  28.584 |   1193  |   1600  |
|          | grp_normalize_array_ap_fixed_32u_array_ap_fixed_8_2_5_3_0_32u_config4_s_fu_105 |    0    |  4.9655 |   490   |   777   |
|          | grp_relu_array_ap_fixed_32u_array_ap_fixed_8_2_5_3_0_32u_relu_config5_s_fu_111 |    0    |    0    |   256   |   576   |
|   call   |   grp_dense_array_ap_fixed_32u_array_ap_fixed_8_2_5_3_0_16u_config6_s_fu_117   |    0    |  42.876 |   1143  |   1544  |
|          | grp_normalize_array_ap_fixed_16u_array_ap_fixed_8_2_5_3_0_16u_config8_s_fu_127 |    0    |  5.0848 |   261   |   424   |
|          | grp_relu_array_ap_fixed_16u_array_ap_fixed_8_2_5_3_0_16u_relu_config9_s_fu_133 |    0    |    0    |   128   |   288   |
|          |   grp_dense_array_ap_fixed_16u_array_ap_fixed_8_2_5_3_0_1u_config10_s_fu_139   |    0    |  4.764  |   436   |   170   |
|          |     grp_sigmoid_array_array_ap_fixed_8_2_5_3_0_1u_sigmoid_config11_s_fu_147    |    0    |  1.588  |    24   |    19   |
|----------|--------------------------------------------------------------------------------|---------|---------|---------|---------|
|   Total  |                                                                                |    0    | 87.8623 |   3931  |   5398  |
|----------|--------------------------------------------------------------------------------|---------|---------|---------|---------|

Memories:
N/A

* Register list:
+-------------------+--------+
|                   |   FF   |
+-------------------+--------+
|layer10_out_reg_192|    8   |
| layer2_out_reg_156|   256  |
| layer4_out_reg_162|   256  |
| layer5_out_reg_168|   256  |
| layer6_out_reg_174|   128  |
| layer8_out_reg_180|   128  |
| layer9_out_reg_186|   128  |
+-------------------+--------+
|       Total       |  1160  |
+-------------------+--------+

* Multiplexer (MUX) list: 
|--------|------|------|------|--------|
|  Comp  |  Pin | Size |  BW  | S x BW |
|--------|------|------|------|--------|
|  Total |      |      |      |    0   |
|--------|------|------|------|--------|



* Summary:
+-----------+--------+--------+--------+--------+
|           |   DSP  |  Delay |   FF   |   LUT  |
+-----------+--------+--------+--------+--------+
|  Function |    0   |   87   |  3931  |  5398  |
|   Memory  |    -   |    -   |    -   |    -   |
|Multiplexer|    -   |    -   |    -   |    -   |
|  Register |    -   |    -   |  1160  |    -   |
+-----------+--------+--------+--------+--------+
|   Total   |    0   |   87   |  5091  |  5398  |
+-----------+--------+--------+--------+--------+
