

================================================================
== Vitis HLS Report for 'normalize_array_ap_fixed_32u_array_ap_fixed_8_2_5_3_0_32u_config4_s'
================================================================
* Date:           Fri Jun 26 18:52:41 2026

* Version:        2022.2 (Build 3670227 on Oct 13 2022)
* Project:        myproject_prj
* Solution:       solution1 (Vivado IP Flow Target)
* Product family: zynq
* Target device:  xc7z020-clg400-1


================================================================
== Performance Estimates
================================================================
+ Timing: 
    * Summary: 
    +--------+---------+----------+------------+
    |  Clock |  Target | Estimated| Uncertainty|
    +--------+---------+----------+------------+
    |ap_clk  |  5.00 ns|  4.170 ns|     0.62 ns|
    +--------+---------+----------+------------+

+ Latency: 
    * Summary: 
    +---------+---------+-----------+-----------+-----+-----+---------+
    |  Latency (cycles) |   Latency (absolute)  |  Interval | Pipeline|
    |   min   |   max   |    min    |    max    | min | max |   Type  |
    +---------+---------+-----------+-----------+-----+-----+---------+
    |       12|       12|  60.000 ns|  60.000 ns|   12|   12|       no|
    +---------+---------+-----------+-----------+-----+-----+---------+

    + Detail: 
        * Instance: 
        N/A

        * Loop: 
        N/A

============================================================
+ Verbose Summary: Synthesis Manager
============================================================
InlineROM: 1
ExposeGlobal: 0
============================================================
+ Verbose Summary: CDFG Model
============================================================
IsTopModel: 0
ResetActiveHigh: 1
IsCombinational: 2
IsDatapathOnly: 0
HasWiredReturn: 1
HasMFsm: 0
HasVarLatency: 1
IsPipeline: 0
IsRtlPipelined: 0
IsInstanceOverlapped: 0
IsDontTouch: 0
HasImplIP: 0
IsGatedGlobalClock: 0


============================================================
+ Verbose Summary: Schedule
============================================================
* Number of FSM states : 13
* Pipeline : 0
* Dataflow Pipeline: 0

* FSM state transitions: 
1 --> 2 
2 --> 3 
3 --> 4 
4 --> 5 
5 --> 6 
6 --> 7 
7 --> 8 
8 --> 9 
9 --> 10 
10 --> 11 
11 --> 12 
12 --> 13 
13 --> 

* FSM state operations: 

State 1 <SV = 0> <Delay = 3.91>
ST_1 : Operation 14 [1/1] (2.18ns)   --->   "%layer2_out_read = read i256 @_ssdm_op_Read.ap_fifo.volatile.i256P0A, i256 %layer2_out" [firmware/nnet_utils/nnet_batchnorm_stream.h:28]   --->   Operation 14 'read' 'layer2_out_read' <Predicate = true> <Delay = 2.18> <CoreInst = "FIFO_SRL">   --->   Core 81 'FIFO_SRL' <Latency = 0> <II = 1> <Delay = 3.63> <Storage> <Opcode : 'read' 'write' 'nbread' 'nbwrite'> <Ports = 0> <Width = 256> <Depth = 1> <FIFO>
ST_1 : Operation 15 [1/1] (0.00ns)   --->   "%a_V = trunc i256 %layer2_out_read" [firmware/nnet_utils/nnet_batchnorm_stream.h:28]   --->   Operation 15 'trunc' 'a_V' <Predicate = true> <Delay = 0.00>
ST_1 : Operation 16 [1/1] (0.00ns)   --->   "%a_V_13 = partselect i8 @_ssdm_op_PartSelect.i8.i256.i32.i32, i256 %layer2_out_read, i32 248, i32 255" [firmware/nnet_utils/nnet_batchnorm_stream.h:28]   --->   Operation 16 'partselect' 'a_V_13' <Predicate = true> <Delay = 0.00>
ST_1 : Operation 17 [1/1] (0.00ns)   --->   "%a_V_1 = partselect i8 @_ssdm_op_PartSelect.i8.i256.i32.i32, i256 %layer2_out_read, i32 16, i32 23" [firmware/nnet_utils/nnet_batchnorm_stream.h:28]   --->   Operation 17 'partselect' 'a_V_1' <Predicate = true> <Delay = 0.00>
ST_1 : Operation 18 [1/1] (0.00ns)   --->   "%a_V_2 = partselect i8 @_ssdm_op_PartSelect.i8.i256.i32.i32, i256 %layer2_out_read, i32 32, i32 39" [firmware/nnet_utils/nnet_batchnorm_stream.h:28]   --->   Operation 18 'partselect' 'a_V_2' <Predicate = true> <Delay = 0.00>
ST_1 : Operation 19 [1/1] (0.00ns)   --->   "%a_V_3 = partselect i8 @_ssdm_op_PartSelect.i8.i256.i32.i32, i256 %layer2_out_read, i32 48, i32 55" [firmware/nnet_utils/nnet_batchnorm_stream.h:28]   --->   Operation 19 'partselect' 'a_V_3' <Predicate = true> <Delay = 0.00>
ST_1 : Operation 20 [1/1] (0.00ns)   --->   "%a_V_4 = partselect i8 @_ssdm_op_PartSelect.i8.i256.i32.i32, i256 %layer2_out_read, i32 80, i32 87" [firmware/nnet_utils/nnet_batchnorm_stream.h:28]   --->   Operation 20 'partselect' 'a_V_4' <Predicate = true> <Delay = 0.00>
ST_1 : Operation 21 [1/1] (0.00ns)   --->   "%a_V_5 = partselect i8 @_ssdm_op_PartSelect.i8.i256.i32.i32, i256 %layer2_out_read, i32 112, i32 119" [firmware/nnet_utils/nnet_batchnorm_stream.h:28]   --->   Operation 21 'partselect' 'a_V_5' <Predicate = true> <Delay = 0.00>
ST_1 : Operation 22 [1/1] (0.00ns)   --->   "%a_V_6 = partselect i8 @_ssdm_op_PartSelect.i8.i256.i32.i32, i256 %layer2_out_read, i32 128, i32 135" [firmware/nnet_utils/nnet_batchnorm_stream.h:28]   --->   Operation 22 'partselect' 'a_V_6' <Predicate = true> <Delay = 0.00>
ST_1 : Operation 23 [1/1] (0.00ns)   --->   "%a_V_7 = partselect i8 @_ssdm_op_PartSelect.i8.i256.i32.i32, i256 %layer2_out_read, i32 144, i32 151" [firmware/nnet_utils/nnet_batchnorm_stream.h:28]   --->   Operation 23 'partselect' 'a_V_7' <Predicate = true> <Delay = 0.00>
ST_1 : Operation 24 [1/1] (0.00ns)   --->   "%a_V_8 = partselect i8 @_ssdm_op_PartSelect.i8.i256.i32.i32, i256 %layer2_out_read, i32 152, i32 159" [firmware/nnet_utils/nnet_batchnorm_stream.h:28]   --->   Operation 24 'partselect' 'a_V_8' <Predicate = true> <Delay = 0.00>
ST_1 : Operation 25 [1/1] (0.00ns)   --->   "%a_V_9 = partselect i8 @_ssdm_op_PartSelect.i8.i256.i32.i32, i256 %layer2_out_read, i32 176, i32 183" [firmware/nnet_utils/nnet_batchnorm_stream.h:28]   --->   Operation 25 'partselect' 'a_V_9' <Predicate = true> <Delay = 0.00>
ST_1 : Operation 26 [1/1] (0.00ns)   --->   "%a_V_10 = partselect i8 @_ssdm_op_PartSelect.i8.i256.i32.i32, i256 %layer2_out_read, i32 184, i32 191" [firmware/nnet_utils/nnet_batchnorm_stream.h:28]   --->   Operation 26 'partselect' 'a_V_10' <Predicate = true> <Delay = 0.00>
ST_1 : Operation 27 [1/1] (0.00ns)   --->   "%a_V_11 = partselect i8 @_ssdm_op_PartSelect.i8.i256.i32.i32, i256 %layer2_out_read, i32 192, i32 199" [firmware/nnet_utils/nnet_batchnorm_stream.h:28]   --->   Operation 27 'partselect' 'a_V_11' <Predicate = true> <Delay = 0.00>
ST_1 : Operation 28 [1/1] (0.00ns)   --->   "%a_V_12 = partselect i8 @_ssdm_op_PartSelect.i8.i256.i32.i32, i256 %layer2_out_read, i32 216, i32 223" [firmware/nnet_utils/nnet_batchnorm_stream.h:28]   --->   Operation 28 'partselect' 'a_V_12' <Predicate = true> <Delay = 0.00>
ST_1 : Operation 29 [1/1] (0.00ns)   --->   "%tmp = partselect i8 @_ssdm_op_PartSelect.i8.i256.i32.i32, i256 %layer2_out_read, i32 8, i32 15"   --->   Operation 29 'partselect' 'tmp' <Predicate = true> <Delay = 0.00>
ST_1 : Operation 30 [1/1] (0.00ns)   --->   "%tmp_2 = partselect i8 @_ssdm_op_PartSelect.i8.i256.i32.i32, i256 %layer2_out_read, i32 24, i32 31"   --->   Operation 30 'partselect' 'tmp_2' <Predicate = true> <Delay = 0.00>
ST_1 : Operation 31 [1/1] (0.00ns)   --->   "%tmp_4 = partselect i8 @_ssdm_op_PartSelect.i8.i256.i32.i32, i256 %layer2_out_read, i32 40, i32 47"   --->   Operation 31 'partselect' 'tmp_4' <Predicate = true> <Delay = 0.00>
ST_1 : Operation 32 [1/1] (0.00ns)   --->   "%tmp_6 = partselect i8 @_ssdm_op_PartSelect.i8.i256.i32.i32, i256 %layer2_out_read, i32 56, i32 63"   --->   Operation 32 'partselect' 'tmp_6' <Predicate = true> <Delay = 0.00>
ST_1 : Operation 33 [1/1] (0.00ns)   --->   "%tmp_8 = partselect i8 @_ssdm_op_PartSelect.i8.i256.i32.i32, i256 %layer2_out_read, i32 64, i32 71"   --->   Operation 33 'partselect' 'tmp_8' <Predicate = true> <Delay = 0.00>
ST_1 : Operation 34 [1/1] (0.00ns)   --->   "%tmp_10 = partselect i8 @_ssdm_op_PartSelect.i8.i256.i32.i32, i256 %layer2_out_read, i32 72, i32 79"   --->   Operation 34 'partselect' 'tmp_10' <Predicate = true> <Delay = 0.00>
ST_1 : Operation 35 [1/1] (0.00ns)   --->   "%tmp_13 = partselect i8 @_ssdm_op_PartSelect.i8.i256.i32.i32, i256 %layer2_out_read, i32 88, i32 95"   --->   Operation 35 'partselect' 'tmp_13' <Predicate = true> <Delay = 0.00>
ST_1 : Operation 36 [1/1] (0.00ns)   --->   "%tmp_15 = partselect i8 @_ssdm_op_PartSelect.i8.i256.i32.i32, i256 %layer2_out_read, i32 96, i32 103"   --->   Operation 36 'partselect' 'tmp_15' <Predicate = true> <Delay = 0.00>
ST_1 : Operation 37 [1/1] (0.00ns)   --->   "%tmp_17 = partselect i8 @_ssdm_op_PartSelect.i8.i256.i32.i32, i256 %layer2_out_read, i32 104, i32 111"   --->   Operation 37 'partselect' 'tmp_17' <Predicate = true> <Delay = 0.00>
ST_1 : Operation 38 [1/1] (0.00ns)   --->   "%tmp_19 = partselect i8 @_ssdm_op_PartSelect.i8.i256.i32.i32, i256 %layer2_out_read, i32 120, i32 127"   --->   Operation 38 'partselect' 'tmp_19' <Predicate = true> <Delay = 0.00>
ST_1 : Operation 39 [1/1] (0.00ns)   --->   "%r_V_17 = bitconcatenate i10 @_ssdm_op_BitConcatenate.i10.i8.i2, i8 %tmp_19, i2 0"   --->   Operation 39 'bitconcatenate' 'r_V_17' <Predicate = true> <Delay = 0.00>
ST_1 : Operation 40 [1/1] (0.00ns)   --->   "%sext_ln1270_5 = sext i10 %r_V_17"   --->   Operation 40 'sext' 'sext_ln1270_5' <Predicate = true> <Delay = 0.00>
ST_1 : Operation 41 [1/1] (1.73ns)   --->   "%add_ln1347 = add i11 %sext_ln1270_5, i11 1920"   --->   Operation 41 'add' 'add_ln1347' <Predicate = true> <Delay = 1.73> <CoreInst = "Adder">   --->   Core 1 'Adder' <Latency = 0> <II = 1> <Delay = 1.73> <FuncUnit> <Opcode : 'add' 'sub'> <InPorts = 2> <OutPorts = 1>
ST_1 : Operation 42 [1/1] (0.00ns)   --->   "%trunc_ln818_8 = partselect i5 @_ssdm_op_PartSelect.i5.i11.i32.i32, i11 %add_ln1347, i32 6, i32 10"   --->   Operation 42 'partselect' 'trunc_ln818_8' <Predicate = true> <Delay = 0.00>
ST_1 : Operation 43 [1/1] (0.00ns)   --->   "%tmp_20 = partselect i8 @_ssdm_op_PartSelect.i8.i256.i32.i32, i256 %layer2_out_read, i32 136, i32 143"   --->   Operation 43 'partselect' 'tmp_20' <Predicate = true> <Delay = 0.00>
ST_1 : Operation 44 [1/1] (0.00ns)   --->   "%tmp_23 = partselect i8 @_ssdm_op_PartSelect.i8.i256.i32.i32, i256 %layer2_out_read, i32 160, i32 167"   --->   Operation 44 'partselect' 'tmp_23' <Predicate = true> <Delay = 0.00>
ST_1 : Operation 45 [1/1] (0.00ns)   --->   "%tmp_25 = partselect i8 @_ssdm_op_PartSelect.i8.i256.i32.i32, i256 %layer2_out_read, i32 168, i32 175"   --->   Operation 45 'partselect' 'tmp_25' <Predicate = true> <Delay = 0.00>
ST_1 : Operation 46 [1/1] (0.00ns)   --->   "%tmp_26 = partselect i8 @_ssdm_op_PartSelect.i8.i256.i32.i32, i256 %layer2_out_read, i32 200, i32 207"   --->   Operation 46 'partselect' 'tmp_26' <Predicate = true> <Delay = 0.00>
ST_1 : Operation 47 [1/1] (0.00ns)   --->   "%tmp_27 = partselect i8 @_ssdm_op_PartSelect.i8.i256.i32.i32, i256 %layer2_out_read, i32 208, i32 215"   --->   Operation 47 'partselect' 'tmp_27' <Predicate = true> <Delay = 0.00>
ST_1 : Operation 48 [1/1] (0.00ns)   --->   "%tmp_28 = partselect i8 @_ssdm_op_PartSelect.i8.i256.i32.i32, i256 %layer2_out_read, i32 224, i32 231"   --->   Operation 48 'partselect' 'tmp_28' <Predicate = true> <Delay = 0.00>
ST_1 : Operation 49 [1/1] (0.00ns)   --->   "%tmp_29 = partselect i8 @_ssdm_op_PartSelect.i8.i256.i32.i32, i256 %layer2_out_read, i32 232, i32 239"   --->   Operation 49 'partselect' 'tmp_29' <Predicate = true> <Delay = 0.00>
ST_1 : Operation 50 [1/1] (0.00ns)   --->   "%r_V_32 = bitconcatenate i12 @_ssdm_op_BitConcatenate.i12.i8.i4, i8 %tmp_29, i4 0"   --->   Operation 50 'bitconcatenate' 'r_V_32' <Predicate = true> <Delay = 0.00>
ST_1 : Operation 51 [1/1] (0.00ns)   --->   "%sext_ln1270_11 = sext i12 %r_V_32"   --->   Operation 51 'sext' 'sext_ln1270_11' <Predicate = true> <Delay = 0.00>
ST_1 : Operation 52 [1/1] (1.54ns)   --->   "%add_ln1347_14 = add i13 %sext_ln1270_11, i13 7616"   --->   Operation 52 'add' 'add_ln1347_14' <Predicate = true> <Delay = 1.54> <CoreInst = "Adder">   --->   Core 1 'Adder' <Latency = 0> <II = 1> <Delay = 1.54> <FuncUnit> <Opcode : 'add' 'sub'> <InPorts = 2> <OutPorts = 1>
ST_1 : Operation 53 [1/1] (0.00ns)   --->   "%trunc_ln818_16 = partselect i7 @_ssdm_op_PartSelect.i7.i13.i32.i32, i13 %add_ln1347_14, i32 6, i32 12"   --->   Operation 53 'partselect' 'trunc_ln818_16' <Predicate = true> <Delay = 0.00>
ST_1 : Operation 54 [1/1] (0.00ns)   --->   "%tmp_30 = partselect i8 @_ssdm_op_PartSelect.i8.i256.i32.i32, i256 %layer2_out_read, i32 240, i32 247"   --->   Operation 54 'partselect' 'tmp_30' <Predicate = true> <Delay = 0.00>

State 2 <SV = 1> <Delay = 4.17>
ST_2 : Operation 55 [1/1] (0.00ns)   --->   "%sext_ln1270 = sext i8 %a_V"   --->   Operation 55 'sext' 'sext_ln1270' <Predicate = true> <Delay = 0.00>
ST_2 : Operation 56 [1/1] (4.17ns)   --->   "%r_V_1 = mul i13 %sext_ln1270, i13 13"   --->   Operation 56 'mul' 'r_V_1' <Predicate = true> <Delay = 4.17> <CoreInst = "Multiplier">   --->   Core 3 'Multiplier' <Latency = 0> <II = 1> <Delay = 4.17> <FuncUnit> <Opcode : 'mul'> <InPorts = 2> <OutPorts = 1>
ST_2 : Operation 57 [1/1] (0.00ns)   --->   "%shl_ln1273_2 = bitconcatenate i11 @_ssdm_op_BitConcatenate.i11.i8.i3, i8 %tmp_2, i3 0"   --->   Operation 57 'bitconcatenate' 'shl_ln1273_2' <Predicate = true> <Delay = 0.00>
ST_2 : Operation 58 [1/1] (0.00ns)   --->   "%sext_ln1273_2 = sext i11 %shl_ln1273_2"   --->   Operation 58 'sext' 'sext_ln1273_2' <Predicate = true> <Delay = 0.00>
ST_2 : Operation 59 [1/1] (0.00ns)   --->   "%shl_ln1273_3 = bitconcatenate i9 @_ssdm_op_BitConcatenate.i9.i8.i1, i8 %tmp_2, i1 0"   --->   Operation 59 'bitconcatenate' 'shl_ln1273_3' <Predicate = true> <Delay = 0.00>
ST_2 : Operation 60 [1/1] (0.00ns)   --->   "%sext_ln1273_3 = sext i9 %shl_ln1273_3"   --->   Operation 60 'sext' 'sext_ln1273_3' <Predicate = true> <Delay = 0.00>
ST_2 : Operation 61 [1/1] (1.63ns)   --->   "%r_V_5 = sub i12 %sext_ln1273_2, i12 %sext_ln1273_3"   --->   Operation 61 'sub' 'r_V_5' <Predicate = true> <Delay = 1.63> <CoreInst = "Adder">   --->   Core 1 'Adder' <Latency = 0> <II = 1> <Delay = 1.63> <FuncUnit> <Opcode : 'add' 'sub'> <InPorts = 2> <OutPorts = 1>
ST_2 : Operation 62 [1/1] (1.54ns)   --->   "%ret_V_2 = add i12 %r_V_5, i12 3712"   --->   Operation 62 'add' 'ret_V_2' <Predicate = true> <Delay = 1.54> <CoreInst = "Adder">   --->   Core 1 'Adder' <Latency = 0> <II = 1> <Delay = 1.54> <FuncUnit> <Opcode : 'add' 'sub'> <InPorts = 2> <OutPorts = 1>
ST_2 : Operation 63 [1/1] (0.00ns)   --->   "%shl_ln1273_4 = bitconcatenate i12 @_ssdm_op_BitConcatenate.i12.i8.i4, i8 %tmp_4, i4 0"   --->   Operation 63 'bitconcatenate' 'shl_ln1273_4' <Predicate = true> <Delay = 0.00>
ST_2 : Operation 64 [1/1] (0.00ns)   --->   "%sext_ln1273_4 = sext i12 %shl_ln1273_4"   --->   Operation 64 'sext' 'sext_ln1273_4' <Predicate = true> <Delay = 0.00>
ST_2 : Operation 65 [1/1] (0.00ns)   --->   "%shl_ln1273_5 = bitconcatenate i10 @_ssdm_op_BitConcatenate.i10.i8.i2, i8 %tmp_4, i2 0"   --->   Operation 65 'bitconcatenate' 'shl_ln1273_5' <Predicate = true> <Delay = 0.00>
ST_2 : Operation 66 [1/1] (0.00ns)   --->   "%sext_ln1273_5 = sext i10 %shl_ln1273_5"   --->   Operation 66 'sext' 'sext_ln1273_5' <Predicate = true> <Delay = 0.00>
ST_2 : Operation 67 [1/1] (0.00ns) (grouped into TernaryAdder)   --->   "%r_V_7 = sub i13 %sext_ln1273_4, i13 %sext_ln1273_5"   --->   Operation 67 'sub' 'r_V_7' <Predicate = true> <Delay = 0.00> <CoreInst = "TAddSub">   --->   Core 10 'TAddSub' <Latency = 0> <II = 1> <Delay = 1.92> <IPBlock> <Opcode : 'add' 'sub'> <InPorts = 3> <OutPorts = 1> <Sync> <CReg>
ST_2 : Operation 68 [1/1] (3.81ns) (root node of TernaryAdder)   --->   "%ret_V_4 = add i13 %r_V_7, i13 7232"   --->   Operation 68 'add' 'ret_V_4' <Predicate = true> <Delay = 3.81> <CoreInst = "TAddSub">   --->   Core 10 'TAddSub' <Latency = 0> <II = 1> <Delay = 1.92> <IPBlock> <Opcode : 'add' 'sub'> <InPorts = 3> <OutPorts = 1> <Sync> <CReg>
ST_2 : Operation 69 [1/1] (0.00ns)   --->   "%trunc_ln818_3 = partselect i7 @_ssdm_op_PartSelect.i7.i13.i32.i32, i13 %ret_V_4, i32 6, i32 12"   --->   Operation 69 'partselect' 'trunc_ln818_3' <Predicate = true> <Delay = 0.00>
ST_2 : Operation 70 [1/1] (0.00ns)   --->   "%shl_ln1273_6 = bitconcatenate i11 @_ssdm_op_BitConcatenate.i11.i8.i3, i8 %tmp_6, i3 0"   --->   Operation 70 'bitconcatenate' 'shl_ln1273_6' <Predicate = true> <Delay = 0.00>
ST_2 : Operation 71 [1/1] (0.00ns)   --->   "%sext_ln1273_6 = sext i11 %shl_ln1273_6"   --->   Operation 71 'sext' 'sext_ln1273_6' <Predicate = true> <Delay = 0.00>
ST_2 : Operation 72 [1/1] (0.00ns)   --->   "%shl_ln1273_7 = bitconcatenate i9 @_ssdm_op_BitConcatenate.i9.i8.i1, i8 %tmp_6, i1 0"   --->   Operation 72 'bitconcatenate' 'shl_ln1273_7' <Predicate = true> <Delay = 0.00>
ST_2 : Operation 73 [1/1] (0.00ns)   --->   "%sext_ln1273_7 = sext i9 %shl_ln1273_7"   --->   Operation 73 'sext' 'sext_ln1273_7' <Predicate = true> <Delay = 0.00>
ST_2 : Operation 74 [1/1] (0.00ns) (grouped into TernaryAdder)   --->   "%r_V_9 = sub i12 %sext_ln1273_6, i12 %sext_ln1273_7"   --->   Operation 74 'sub' 'r_V_9' <Predicate = true> <Delay = 0.00> <CoreInst = "TAddSub">   --->   Core 10 'TAddSub' <Latency = 0> <II = 1> <Delay = 1.92> <IPBlock> <Opcode : 'add' 'sub'> <InPorts = 3> <OutPorts = 1> <Sync> <CReg>
ST_2 : Operation 75 [1/1] (3.78ns) (root node of TernaryAdder)   --->   "%ret_V_6 = add i12 %r_V_9, i12 3648"   --->   Operation 75 'add' 'ret_V_6' <Predicate = true> <Delay = 3.78> <CoreInst = "TAddSub">   --->   Core 10 'TAddSub' <Latency = 0> <II = 1> <Delay = 1.92> <IPBlock> <Opcode : 'add' 'sub'> <InPorts = 3> <OutPorts = 1> <Sync> <CReg>
ST_2 : Operation 76 [1/1] (0.00ns)   --->   "%trunc_ln818_5 = partselect i6 @_ssdm_op_PartSelect.i6.i12.i32.i32, i12 %ret_V_6, i32 6, i32 11"   --->   Operation 76 'partselect' 'trunc_ln818_5' <Predicate = true> <Delay = 0.00>
ST_2 : Operation 77 [1/1] (0.00ns)   --->   "%shl_ln1273_16 = bitconcatenate i12 @_ssdm_op_BitConcatenate.i12.i8.i4, i8 %tmp_17, i4 0"   --->   Operation 77 'bitconcatenate' 'shl_ln1273_16' <Predicate = true> <Delay = 0.00>
ST_2 : Operation 78 [1/1] (0.00ns)   --->   "%sext_ln1273_17 = sext i12 %shl_ln1273_16"   --->   Operation 78 'sext' 'sext_ln1273_17' <Predicate = true> <Delay = 0.00>
ST_2 : Operation 79 [1/1] (0.00ns)   --->   "%shl_ln1273_17 = bitconcatenate i10 @_ssdm_op_BitConcatenate.i10.i8.i2, i8 %tmp_17, i2 0"   --->   Operation 79 'bitconcatenate' 'shl_ln1273_17' <Predicate = true> <Delay = 0.00>
ST_2 : Operation 80 [1/1] (0.00ns)   --->   "%sext_ln1273_18 = sext i10 %shl_ln1273_17"   --->   Operation 80 'sext' 'sext_ln1273_18' <Predicate = true> <Delay = 0.00>
ST_2 : Operation 81 [1/1] (0.00ns) (grouped into TernaryAdder)   --->   "%r_V_15 = sub i13 %sext_ln1273_17, i13 %sext_ln1273_18"   --->   Operation 81 'sub' 'r_V_15' <Predicate = true> <Delay = 0.00> <CoreInst = "TAddSub">   --->   Core 10 'TAddSub' <Latency = 0> <II = 1> <Delay = 1.92> <IPBlock> <Opcode : 'add' 'sub'> <InPorts = 3> <OutPorts = 1> <Sync> <CReg>
ST_2 : Operation 82 [1/1] (3.81ns) (root node of TernaryAdder)   --->   "%ret_V_12 = add i13 %r_V_15, i13 320"   --->   Operation 82 'add' 'ret_V_12' <Predicate = true> <Delay = 3.81> <CoreInst = "TAddSub">   --->   Core 10 'TAddSub' <Latency = 0> <II = 1> <Delay = 1.92> <IPBlock> <Opcode : 'add' 'sub'> <InPorts = 3> <OutPorts = 1> <Sync> <CReg>
ST_2 : Operation 83 [1/1] (0.00ns)   --->   "%trunc_ln818_6 = partselect i7 @_ssdm_op_PartSelect.i7.i13.i32.i32, i13 %ret_V_12, i32 6, i32 12"   --->   Operation 83 'partselect' 'trunc_ln818_6' <Predicate = true> <Delay = 0.00>
ST_2 : Operation 84 [1/1] (0.00ns)   --->   "%shl_ln1273_18 = bitconcatenate i11 @_ssdm_op_BitConcatenate.i11.i8.i3, i8 %tmp_20, i3 0"   --->   Operation 84 'bitconcatenate' 'shl_ln1273_18' <Predicate = true> <Delay = 0.00>
ST_2 : Operation 85 [1/1] (0.00ns)   --->   "%sext_ln1273_19 = sext i11 %shl_ln1273_18"   --->   Operation 85 'sext' 'sext_ln1273_19' <Predicate = true> <Delay = 0.00>
ST_2 : Operation 86 [1/1] (0.00ns)   --->   "%shl_ln1273_19 = bitconcatenate i9 @_ssdm_op_BitConcatenate.i9.i8.i1, i8 %tmp_20, i1 0"   --->   Operation 86 'bitconcatenate' 'shl_ln1273_19' <Predicate = true> <Delay = 0.00>
ST_2 : Operation 87 [1/1] (0.00ns)   --->   "%sext_ln1347_1 = sext i9 %shl_ln1273_19"   --->   Operation 87 'sext' 'sext_ln1347_1' <Predicate = true> <Delay = 0.00>
ST_2 : Operation 88 [1/1] (1.82ns)   --->   "%add_ln1347_18 = add i10 %sext_ln1347_1, i10 768"   --->   Operation 88 'add' 'add_ln1347_18' <Predicate = true> <Delay = 1.82> <CoreInst = "Adder">   --->   Core 1 'Adder' <Latency = 0> <II = 1> <Delay = 1.82> <FuncUnit> <Opcode : 'add' 'sub'> <InPorts = 2> <OutPorts = 1>
ST_2 : Operation 89 [1/1] (0.00ns)   --->   "%sext_ln1347_2 = sext i10 %add_ln1347_18"   --->   Operation 89 'sext' 'sext_ln1347_2' <Predicate = true> <Delay = 0.00>
ST_2 : Operation 90 [1/1] (1.63ns)   --->   "%ret_V_15 = add i12 %sext_ln1347_2, i12 %sext_ln1273_19"   --->   Operation 90 'add' 'ret_V_15' <Predicate = true> <Delay = 1.63> <CoreInst = "Adder">   --->   Core 1 'Adder' <Latency = 0> <II = 1> <Delay = 1.63> <FuncUnit> <Opcode : 'add' 'sub'> <InPorts = 2> <OutPorts = 1>
ST_2 : Operation 91 [1/1] (0.00ns)   --->   "%trunc_ln818_s = partselect i6 @_ssdm_op_PartSelect.i6.i12.i32.i32, i12 %ret_V_15, i32 6, i32 11"   --->   Operation 91 'partselect' 'trunc_ln818_s' <Predicate = true> <Delay = 0.00>
ST_2 : Operation 92 [1/1] (0.00ns)   --->   "%sext_ln1270_7 = sext i8 %a_V_7"   --->   Operation 92 'sext' 'sext_ln1270_7' <Predicate = true> <Delay = 0.00>
ST_2 : Operation 93 [1/1] (0.00ns)   --->   "%shl_ln1273_20 = bitconcatenate i11 @_ssdm_op_BitConcatenate.i11.i8.i3, i8 %a_V_7, i3 0"   --->   Operation 93 'bitconcatenate' 'shl_ln1273_20' <Predicate = true> <Delay = 0.00>
ST_2 : Operation 94 [1/1] (0.00ns)   --->   "%sext_ln1273_20 = sext i11 %shl_ln1273_20"   --->   Operation 94 'sext' 'sext_ln1273_20' <Predicate = true> <Delay = 0.00>
ST_2 : Operation 95 [1/1] (1.82ns)   --->   "%add_ln1347_20 = add i9 %sext_ln1270_7, i9 320"   --->   Operation 95 'add' 'add_ln1347_20' <Predicate = true> <Delay = 1.82> <CoreInst = "Adder">   --->   Core 1 'Adder' <Latency = 0> <II = 1> <Delay = 1.82> <FuncUnit> <Opcode : 'add' 'sub'> <InPorts = 2> <OutPorts = 1>
ST_2 : Operation 96 [1/1] (0.00ns)   --->   "%zext_ln1347 = zext i9 %add_ln1347_20"   --->   Operation 96 'zext' 'zext_ln1347' <Predicate = true> <Delay = 0.00>
ST_2 : Operation 97 [1/1] (1.63ns)   --->   "%ret_V_16 = add i12 %zext_ln1347, i12 %sext_ln1273_20"   --->   Operation 97 'add' 'ret_V_16' <Predicate = true> <Delay = 1.63> <CoreInst = "Adder">   --->   Core 1 'Adder' <Latency = 0> <II = 1> <Delay = 1.63> <FuncUnit> <Opcode : 'add' 'sub'> <InPorts = 2> <OutPorts = 1>
ST_2 : Operation 98 [1/1] (0.00ns)   --->   "%trunc_ln818_10 = partselect i6 @_ssdm_op_PartSelect.i6.i12.i32.i32, i12 %ret_V_16, i32 6, i32 11"   --->   Operation 98 'partselect' 'trunc_ln818_10' <Predicate = true> <Delay = 0.00>
ST_2 : Operation 99 [1/1] (0.00ns)   --->   "%shl_ln1273_21 = bitconcatenate i12 @_ssdm_op_BitConcatenate.i12.i8.i4, i8 %tmp_23, i4 0"   --->   Operation 99 'bitconcatenate' 'shl_ln1273_21' <Predicate = true> <Delay = 0.00>
ST_2 : Operation 100 [1/1] (0.00ns)   --->   "%sext_ln1273_21 = sext i12 %shl_ln1273_21"   --->   Operation 100 'sext' 'sext_ln1273_21' <Predicate = true> <Delay = 0.00>
ST_2 : Operation 101 [1/1] (0.00ns)   --->   "%shl_ln1273_22 = bitconcatenate i9 @_ssdm_op_BitConcatenate.i9.i8.i1, i8 %tmp_23, i1 0"   --->   Operation 101 'bitconcatenate' 'shl_ln1273_22' <Predicate = true> <Delay = 0.00>
ST_2 : Operation 102 [1/1] (0.00ns)   --->   "%sext_ln1273_22 = sext i9 %shl_ln1273_22"   --->   Operation 102 'sext' 'sext_ln1273_22' <Predicate = true> <Delay = 0.00>
ST_2 : Operation 103 [1/1] (0.00ns) (grouped into TernaryAdder)   --->   "%r_V_22 = sub i13 %sext_ln1273_21, i13 %sext_ln1273_22"   --->   Operation 103 'sub' 'r_V_22' <Predicate = true> <Delay = 0.00> <CoreInst = "TAddSub">   --->   Core 10 'TAddSub' <Latency = 0> <II = 1> <Delay = 1.92> <IPBlock> <Opcode : 'add' 'sub'> <InPorts = 3> <OutPorts = 1> <Sync> <CReg>
ST_2 : Operation 104 [1/1] (3.81ns) (root node of TernaryAdder)   --->   "%ret_V_18 = add i13 %r_V_22, i13 256"   --->   Operation 104 'add' 'ret_V_18' <Predicate = true> <Delay = 3.81> <CoreInst = "TAddSub">   --->   Core 10 'TAddSub' <Latency = 0> <II = 1> <Delay = 1.92> <IPBlock> <Opcode : 'add' 'sub'> <InPorts = 3> <OutPorts = 1> <Sync> <CReg>
ST_2 : Operation 105 [1/1] (0.00ns)   --->   "%trunc_ln818_11 = partselect i7 @_ssdm_op_PartSelect.i7.i13.i32.i32, i13 %ret_V_18, i32 6, i32 12"   --->   Operation 105 'partselect' 'trunc_ln818_11' <Predicate = true> <Delay = 0.00>
ST_2 : Operation 106 [1/1] (0.00ns)   --->   "%sext_ln1270_8 = sext i8 %a_V_9"   --->   Operation 106 'sext' 'sext_ln1270_8' <Predicate = true> <Delay = 0.00>
ST_2 : Operation 107 [1/1] (0.00ns)   --->   "%shl_ln1273_25 = bitconcatenate i12 @_ssdm_op_BitConcatenate.i12.i8.i4, i8 %a_V_9, i4 0"   --->   Operation 107 'bitconcatenate' 'shl_ln1273_25' <Predicate = true> <Delay = 0.00>
ST_2 : Operation 108 [1/1] (0.00ns)   --->   "%sext_ln1273_25 = sext i12 %shl_ln1273_25"   --->   Operation 108 'sext' 'sext_ln1273_25' <Predicate = true> <Delay = 0.00>
ST_2 : Operation 109 [1/1] (1.63ns)   --->   "%add_ln1347_25 = add i11 %sext_ln1270_8, i11 1344"   --->   Operation 109 'add' 'add_ln1347_25' <Predicate = true> <Delay = 1.63> <CoreInst = "Adder">   --->   Core 1 'Adder' <Latency = 0> <II = 1> <Delay = 1.63> <FuncUnit> <Opcode : 'add' 'sub'> <InPorts = 2> <OutPorts = 1>
ST_2 : Operation 110 [1/1] (0.00ns)   --->   "%sext_ln1347_4 = sext i11 %add_ln1347_25"   --->   Operation 110 'sext' 'sext_ln1347_4' <Predicate = true> <Delay = 0.00>
ST_2 : Operation 111 [1/1] (1.54ns)   --->   "%ret_V_20 = add i13 %sext_ln1347_4, i13 %sext_ln1273_25"   --->   Operation 111 'add' 'ret_V_20' <Predicate = true> <Delay = 1.54> <CoreInst = "Adder">   --->   Core 1 'Adder' <Latency = 0> <II = 1> <Delay = 1.54> <FuncUnit> <Opcode : 'add' 'sub'> <InPorts = 2> <OutPorts = 1>
ST_2 : Operation 112 [1/1] (0.00ns)   --->   "%trunc_ln818_12 = partselect i7 @_ssdm_op_PartSelect.i7.i13.i32.i32, i13 %ret_V_20, i32 6, i32 12"   --->   Operation 112 'partselect' 'trunc_ln818_12' <Predicate = true> <Delay = 0.00>
ST_2 : Operation 113 [1/1] (0.00ns)   --->   "%shl_ln1273_26 = bitconcatenate i12 @_ssdm_op_BitConcatenate.i12.i8.i4, i8 %tmp_26, i4 0"   --->   Operation 113 'bitconcatenate' 'shl_ln1273_26' <Predicate = true> <Delay = 0.00>
ST_2 : Operation 114 [1/1] (0.00ns)   --->   "%sext_ln1273_26 = sext i12 %shl_ln1273_26"   --->   Operation 114 'sext' 'sext_ln1273_26' <Predicate = true> <Delay = 0.00>
ST_2 : Operation 115 [1/1] (0.00ns)   --->   "%shl_ln1273_27 = bitconcatenate i10 @_ssdm_op_BitConcatenate.i10.i8.i2, i8 %tmp_26, i2 0"   --->   Operation 115 'bitconcatenate' 'shl_ln1273_27' <Predicate = true> <Delay = 0.00>
ST_2 : Operation 116 [1/1] (0.00ns)   --->   "%sext_ln1273_27 = sext i10 %shl_ln1273_27"   --->   Operation 116 'sext' 'sext_ln1273_27' <Predicate = true> <Delay = 0.00>
ST_2 : Operation 117 [1/1] (0.00ns) (grouped into TernaryAdder)   --->   "%r_V_28 = sub i13 %sext_ln1273_26, i13 %sext_ln1273_27"   --->   Operation 117 'sub' 'r_V_28' <Predicate = true> <Delay = 0.00> <CoreInst = "TAddSub">   --->   Core 10 'TAddSub' <Latency = 0> <II = 1> <Delay = 1.92> <IPBlock> <Opcode : 'add' 'sub'> <InPorts = 3> <OutPorts = 1> <Sync> <CReg>
ST_2 : Operation 118 [1/1] (3.81ns) (root node of TernaryAdder)   --->   "%ret_V_23 = add i13 %r_V_28, i13 7552"   --->   Operation 118 'add' 'ret_V_23' <Predicate = true> <Delay = 3.81> <CoreInst = "TAddSub">   --->   Core 10 'TAddSub' <Latency = 0> <II = 1> <Delay = 1.92> <IPBlock> <Opcode : 'add' 'sub'> <InPorts = 3> <OutPorts = 1> <Sync> <CReg>
ST_2 : Operation 119 [1/1] (0.00ns)   --->   "%trunc_ln818_14 = partselect i7 @_ssdm_op_PartSelect.i7.i13.i32.i32, i13 %ret_V_23, i32 6, i32 12"   --->   Operation 119 'partselect' 'trunc_ln818_14' <Predicate = true> <Delay = 0.00>
ST_2 : Operation 120 [1/1] (0.00ns)   --->   "%tmp_1 = bitselect i1 @_ssdm_op_BitSelect.i1.i12.i32, i12 %r_V_5, i32 6" [firmware/nnet_utils/nnet_batchnorm_stream.h:46]   --->   Operation 120 'bitselect' 'tmp_1' <Predicate = true> <Delay = 0.00>
ST_2 : Operation 121 [1/1] (0.00ns)   --->   "%tmp_s = partselect i5 @_ssdm_op_PartSelect.i5.i12.i32.i32, i12 %ret_V_2, i32 7, i32 11" [firmware/nnet_utils/nnet_batchnorm_stream.h:46]   --->   Operation 121 'partselect' 'tmp_s' <Predicate = true> <Delay = 0.00>

State 3 <SV = 2> <Delay = 4.17>
ST_3 : Operation 122 [1/1] (1.67ns)   --->   "%ret_V = add i13 %r_V_1, i13 6656"   --->   Operation 122 'add' 'ret_V' <Predicate = true> <Delay = 1.67> <CoreInst = "Adder">   --->   Core 1 'Adder' <Latency = 0> <II = 1> <Delay = 1.67> <FuncUnit> <Opcode : 'add' 'sub'> <InPorts = 2> <OutPorts = 1>
ST_3 : Operation 123 [1/1] (0.00ns)   --->   "%trunc_ln = partselect i7 @_ssdm_op_PartSelect.i7.i13.i32.i32, i13 %ret_V, i32 6, i32 12"   --->   Operation 123 'partselect' 'trunc_ln' <Predicate = true> <Delay = 0.00>
ST_3 : Operation 124 [1/1] (0.00ns)   --->   "%sext_ln1270_1 = sext i8 %a_V_1"   --->   Operation 124 'sext' 'sext_ln1270_1' <Predicate = true> <Delay = 0.00>
ST_3 : Operation 125 [1/1] (4.17ns)   --->   "%r_V_4 = mul i14 %sext_ln1270_1, i14 26"   --->   Operation 125 'mul' 'r_V_4' <Predicate = true> <Delay = 4.17> <CoreInst = "Multiplier">   --->   Core 3 'Multiplier' <Latency = 0> <II = 1> <Delay = 4.17> <FuncUnit> <Opcode : 'mul'> <InPorts = 2> <OutPorts = 1>
ST_3 : Operation 126 [1/1] (0.00ns)   --->   "%trunc_ln818_1 = partselect i8 @_ssdm_op_PartSelect.i8.i14.i32.i32, i14 %r_V_4, i32 6, i32 13"   --->   Operation 126 'partselect' 'trunc_ln818_1' <Predicate = true> <Delay = 0.00>

State 4 <SV = 3> <Delay = 4.17>
ST_4 : Operation 127 [1/1] (0.00ns)   --->   "%sext_ln1270_2 = sext i8 %a_V_2"   --->   Operation 127 'sext' 'sext_ln1270_2' <Predicate = true> <Delay = 0.00>
ST_4 : Operation 128 [1/1] (4.17ns)   --->   "%mul_ln1270 = mul i13 %sext_ln1270_2, i13 23"   --->   Operation 128 'mul' 'mul_ln1270' <Predicate = true> <Delay = 4.17> <CoreInst = "Multiplier">   --->   Core 3 'Multiplier' <Latency = 0> <II = 1> <Delay = 4.17> <FuncUnit> <Opcode : 'mul'> <InPorts = 2> <OutPorts = 1>

State 5 <SV = 4> <Delay = 4.17>
ST_5 : Operation 129 [1/1] (1.67ns)   --->   "%ret_V_3 = add i13 %mul_ln1270, i13 7232"   --->   Operation 129 'add' 'ret_V_3' <Predicate = true> <Delay = 1.67> <CoreInst = "Adder">   --->   Core 1 'Adder' <Latency = 0> <II = 1> <Delay = 1.67> <FuncUnit> <Opcode : 'add' 'sub'> <InPorts = 2> <OutPorts = 1>
ST_5 : Operation 130 [1/1] (0.00ns)   --->   "%trunc_ln818_2 = partselect i7 @_ssdm_op_PartSelect.i7.i13.i32.i32, i13 %ret_V_3, i32 6, i32 12"   --->   Operation 130 'partselect' 'trunc_ln818_2' <Predicate = true> <Delay = 0.00>
ST_5 : Operation 131 [1/1] (0.00ns)   --->   "%sext_ln1347 = sext i8 %a_V_3"   --->   Operation 131 'sext' 'sext_ln1347' <Predicate = true> <Delay = 0.00>
ST_5 : Operation 132 [1/1] (4.17ns)   --->   "%mul_ln1347 = mul i12 %sext_ln1347, i12 13"   --->   Operation 132 'mul' 'mul_ln1347' <Predicate = true> <Delay = 4.17> <CoreInst = "Multiplier">   --->   Core 3 'Multiplier' <Latency = 0> <II = 1> <Delay = 4.17> <FuncUnit> <Opcode : 'mul'> <InPorts = 2> <OutPorts = 1>

State 6 <SV = 5> <Delay = 4.17>
ST_6 : Operation 133 [1/1] (1.54ns)   --->   "%ret_V_5 = add i12 %mul_ln1347, i12 128"   --->   Operation 133 'add' 'ret_V_5' <Predicate = true> <Delay = 1.54> <CoreInst = "Adder">   --->   Core 1 'Adder' <Latency = 0> <II = 1> <Delay = 1.54> <FuncUnit> <Opcode : 'add' 'sub'> <InPorts = 2> <OutPorts = 1>
ST_6 : Operation 134 [1/1] (0.00ns)   --->   "%trunc_ln818_4 = partselect i6 @_ssdm_op_PartSelect.i6.i12.i32.i32, i12 %ret_V_5, i32 6, i32 11"   --->   Operation 134 'partselect' 'trunc_ln818_4' <Predicate = true> <Delay = 0.00>
ST_6 : Operation 135 [1/1] (0.00ns)   --->   "%sext_ln1270_4 = sext i8 %a_V_5"   --->   Operation 135 'sext' 'sext_ln1270_4' <Predicate = true> <Delay = 0.00>
ST_6 : Operation 136 [1/1] (4.17ns)   --->   "%mul_ln1270_1 = mul i13 %sext_ln1270_4, i13 27"   --->   Operation 136 'mul' 'mul_ln1270_1' <Predicate = true> <Delay = 4.17> <CoreInst = "Multiplier">   --->   Core 3 'Multiplier' <Latency = 0> <II = 1> <Delay = 4.17> <FuncUnit> <Opcode : 'mul'> <InPorts = 2> <OutPorts = 1>

State 7 <SV = 6> <Delay = 4.17>
ST_7 : Operation 137 [1/1] (1.67ns)   --->   "%ret_V_13 = add i13 %mul_ln1270_1, i13 7808"   --->   Operation 137 'add' 'ret_V_13' <Predicate = true> <Delay = 1.67> <CoreInst = "Adder">   --->   Core 1 'Adder' <Latency = 0> <II = 1> <Delay = 1.67> <FuncUnit> <Opcode : 'add' 'sub'> <InPorts = 2> <OutPorts = 1>
ST_7 : Operation 138 [1/1] (0.00ns)   --->   "%trunc_ln818_7 = partselect i7 @_ssdm_op_PartSelect.i7.i13.i32.i32, i13 %ret_V_13, i32 6, i32 12"   --->   Operation 138 'partselect' 'trunc_ln818_7' <Predicate = true> <Delay = 0.00>
ST_7 : Operation 139 [1/1] (0.00ns)   --->   "%sext_ln1270_6 = sext i8 %a_V_6"   --->   Operation 139 'sext' 'sext_ln1270_6' <Predicate = true> <Delay = 0.00>
ST_7 : Operation 140 [1/1] (4.17ns)   --->   "%r_V_19 = mul i13 %sext_ln1270_6, i13 13"   --->   Operation 140 'mul' 'r_V_19' <Predicate = true> <Delay = 4.17> <CoreInst = "Multiplier">   --->   Core 3 'Multiplier' <Latency = 0> <II = 1> <Delay = 4.17> <FuncUnit> <Opcode : 'mul'> <InPorts = 2> <OutPorts = 1>

State 8 <SV = 7> <Delay = 4.17>
ST_8 : Operation 141 [1/1] (1.67ns)   --->   "%ret_V_14 = add i13 %r_V_19, i13 7104"   --->   Operation 141 'add' 'ret_V_14' <Predicate = true> <Delay = 1.67> <CoreInst = "Adder">   --->   Core 1 'Adder' <Latency = 0> <II = 1> <Delay = 1.67> <FuncUnit> <Opcode : 'add' 'sub'> <InPorts = 2> <OutPorts = 1>
ST_8 : Operation 142 [1/1] (0.00ns)   --->   "%trunc_ln818_9 = partselect i7 @_ssdm_op_PartSelect.i7.i13.i32.i32, i13 %ret_V_14, i32 6, i32 12"   --->   Operation 142 'partselect' 'trunc_ln818_9' <Predicate = true> <Delay = 0.00>
ST_8 : Operation 143 [1/1] (0.00ns)   --->   "%sext_ln1347_3 = sext i8 %a_V_8"   --->   Operation 143 'sext' 'sext_ln1347_3' <Predicate = true> <Delay = 0.00>
ST_8 : Operation 144 [1/1] (4.17ns)   --->   "%mul_ln1347_1 = mul i14 %sext_ln1347_3, i14 39"   --->   Operation 144 'mul' 'mul_ln1347_1' <Predicate = true> <Delay = 4.17> <CoreInst = "Multiplier">   --->   Core 3 'Multiplier' <Latency = 0> <II = 1> <Delay = 4.17> <FuncUnit> <Opcode : 'mul'> <InPorts = 2> <OutPorts = 1>

State 9 <SV = 8> <Delay = 4.17>
ST_9 : Operation 145 [1/1] (1.81ns)   --->   "%ret_V_17 = add i14 %mul_ln1347_1, i14 128"   --->   Operation 145 'add' 'ret_V_17' <Predicate = true> <Delay = 1.81> <CoreInst = "Adder">   --->   Core 1 'Adder' <Latency = 0> <II = 1> <Delay = 1.81> <FuncUnit> <Opcode : 'add' 'sub'> <InPorts = 2> <OutPorts = 1>
ST_9 : Operation 146 [1/1] (0.00ns)   --->   "%sext_ln1347_5 = sext i8 %a_V_10"   --->   Operation 146 'sext' 'sext_ln1347_5' <Predicate = true> <Delay = 0.00>
ST_9 : Operation 147 [1/1] (4.17ns)   --->   "%mul_ln1347_2 = mul i14 %sext_ln1347_5, i14 41"   --->   Operation 147 'mul' 'mul_ln1347_2' <Predicate = true> <Delay = 4.17> <CoreInst = "Multiplier">   --->   Core 3 'Multiplier' <Latency = 0> <II = 1> <Delay = 4.17> <FuncUnit> <Opcode : 'mul'> <InPorts = 2> <OutPorts = 1>
ST_9 : Operation 148 [1/1] (0.00ns)   --->   "%trunc_ln46_7 = partselect i8 @_ssdm_op_PartSelect.i8.i14.i32.i32, i14 %ret_V_17, i32 6, i32 13" [firmware/nnet_utils/nnet_batchnorm_stream.h:46]   --->   Operation 148 'partselect' 'trunc_ln46_7' <Predicate = true> <Delay = 0.00>

State 10 <SV = 9> <Delay = 4.17>
ST_10 : Operation 149 [1/1] (1.81ns)   --->   "%ret_V_21 = add i14 %mul_ln1347_2, i14 13440"   --->   Operation 149 'add' 'ret_V_21' <Predicate = true> <Delay = 1.81> <CoreInst = "Adder">   --->   Core 1 'Adder' <Latency = 0> <II = 1> <Delay = 1.81> <FuncUnit> <Opcode : 'add' 'sub'> <InPorts = 2> <OutPorts = 1>
ST_10 : Operation 150 [1/1] (0.00ns)   --->   "%sext_ln1270_9 = sext i8 %a_V_11"   --->   Operation 150 'sext' 'sext_ln1270_9' <Predicate = true> <Delay = 0.00>
ST_10 : Operation 151 [1/1] (4.17ns)   --->   "%r_V_27 = mul i13 %sext_ln1270_9, i13 13"   --->   Operation 151 'mul' 'r_V_27' <Predicate = true> <Delay = 4.17> <CoreInst = "Multiplier">   --->   Core 3 'Multiplier' <Latency = 0> <II = 1> <Delay = 4.17> <FuncUnit> <Opcode : 'mul'> <InPorts = 2> <OutPorts = 1>
ST_10 : Operation 152 [1/1] (0.00ns)   --->   "%trunc_ln46_9 = partselect i8 @_ssdm_op_PartSelect.i8.i14.i32.i32, i14 %ret_V_21, i32 6, i32 13" [firmware/nnet_utils/nnet_batchnorm_stream.h:46]   --->   Operation 152 'partselect' 'trunc_ln46_9' <Predicate = true> <Delay = 0.00>

State 11 <SV = 10> <Delay = 4.17>
ST_11 : Operation 153 [1/1] (1.67ns)   --->   "%ret_V_22 = add i13 %r_V_27, i13 7552"   --->   Operation 153 'add' 'ret_V_22' <Predicate = true> <Delay = 1.67> <CoreInst = "Adder">   --->   Core 1 'Adder' <Latency = 0> <II = 1> <Delay = 1.67> <FuncUnit> <Opcode : 'add' 'sub'> <InPorts = 2> <OutPorts = 1>
ST_11 : Operation 154 [1/1] (0.00ns)   --->   "%trunc_ln818_13 = partselect i7 @_ssdm_op_PartSelect.i7.i13.i32.i32, i13 %ret_V_22, i32 6, i32 12"   --->   Operation 154 'partselect' 'trunc_ln818_13' <Predicate = true> <Delay = 0.00>
ST_11 : Operation 155 [1/1] (0.00ns)   --->   "%sext_ln1270_10 = sext i8 %a_V_12"   --->   Operation 155 'sext' 'sext_ln1270_10' <Predicate = true> <Delay = 0.00>
ST_11 : Operation 156 [1/1] (4.17ns)   --->   "%mul_ln1270_2 = mul i13 %sext_ln1270_10, i13 23"   --->   Operation 156 'mul' 'mul_ln1270_2' <Predicate = true> <Delay = 4.17> <CoreInst = "Multiplier">   --->   Core 3 'Multiplier' <Latency = 0> <II = 1> <Delay = 4.17> <FuncUnit> <Opcode : 'mul'> <InPorts = 2> <OutPorts = 1>

State 12 <SV = 11> <Delay = 4.17>
ST_12 : Operation 157 [1/1] (0.00ns)   --->   "%shl_ln = bitconcatenate i13 @_ssdm_op_BitConcatenate.i13.i8.i5, i8 %tmp, i5 0"   --->   Operation 157 'bitconcatenate' 'shl_ln' <Predicate = true> <Delay = 0.00>
ST_12 : Operation 158 [1/1] (0.00ns)   --->   "%sext_ln1273 = sext i13 %shl_ln"   --->   Operation 158 'sext' 'sext_ln1273' <Predicate = true> <Delay = 0.00>
ST_12 : Operation 159 [1/1] (0.00ns)   --->   "%shl_ln1273_1 = bitconcatenate i9 @_ssdm_op_BitConcatenate.i9.i8.i1, i8 %tmp, i1 0"   --->   Operation 159 'bitconcatenate' 'shl_ln1273_1' <Predicate = true> <Delay = 0.00>
ST_12 : Operation 160 [1/1] (0.00ns)   --->   "%sext_ln1273_1 = sext i9 %shl_ln1273_1"   --->   Operation 160 'sext' 'sext_ln1273_1' <Predicate = true> <Delay = 0.00>
ST_12 : Operation 161 [1/1] (0.00ns) (grouped into TernaryAdder)   --->   "%r_V_2 = sub i14 %sext_ln1273, i14 %sext_ln1273_1"   --->   Operation 161 'sub' 'r_V_2' <Predicate = true> <Delay = 0.00> <CoreInst = "TAddSub">   --->   Core 10 'TAddSub' <Latency = 0> <II = 1> <Delay = 1.92> <IPBlock> <Opcode : 'add' 'sub'> <InPorts = 3> <OutPorts = 1> <Sync> <CReg>
ST_12 : Operation 162 [1/1] (3.84ns) (root node of TernaryAdder)   --->   "%ret_V_1 = add i14 %r_V_2, i14 15296"   --->   Operation 162 'add' 'ret_V_1' <Predicate = true> <Delay = 3.84> <CoreInst = "TAddSub">   --->   Core 10 'TAddSub' <Latency = 0> <II = 1> <Delay = 1.92> <IPBlock> <Opcode : 'add' 'sub'> <InPorts = 3> <OutPorts = 1> <Sync> <CReg>
ST_12 : Operation 163 [1/1] (0.00ns)   --->   "%shl_ln1273_8 = bitconcatenate i11 @_ssdm_op_BitConcatenate.i11.i8.i3, i8 %tmp_8, i3 0"   --->   Operation 163 'bitconcatenate' 'shl_ln1273_8' <Predicate = true> <Delay = 0.00>
ST_12 : Operation 164 [1/1] (0.00ns)   --->   "%sext_ln1273_8 = sext i11 %shl_ln1273_8"   --->   Operation 164 'sext' 'sext_ln1273_8' <Predicate = true> <Delay = 0.00>
ST_12 : Operation 165 [1/1] (0.00ns)   --->   "%shl_ln1273_9 = bitconcatenate i9 @_ssdm_op_BitConcatenate.i9.i8.i1, i8 %tmp_8, i1 0"   --->   Operation 165 'bitconcatenate' 'shl_ln1273_9' <Predicate = true> <Delay = 0.00>
ST_12 : Operation 166 [1/1] (0.00ns)   --->   "%sext_ln1273_9 = sext i9 %shl_ln1273_9"   --->   Operation 166 'sext' 'sext_ln1273_9' <Predicate = true> <Delay = 0.00>
ST_12 : Operation 167 [1/1] (1.63ns)   --->   "%r_V_10 = add i12 %sext_ln1273_8, i12 %sext_ln1273_9"   --->   Operation 167 'add' 'r_V_10' <Predicate = true> <Delay = 1.63> <CoreInst = "Adder">   --->   Core 1 'Adder' <Latency = 0> <II = 1> <Delay = 1.63> <FuncUnit> <Opcode : 'add' 'sub'> <InPorts = 2> <OutPorts = 1>
ST_12 : Operation 168 [1/1] (0.00ns)   --->   "%sext_ln813 = sext i12 %r_V_10"   --->   Operation 168 'sext' 'sext_ln813' <Predicate = true> <Delay = 0.00>
ST_12 : Operation 169 [1/1] (1.67ns)   --->   "%ret_V_7 = add i14 %sext_ln813, i14 13184"   --->   Operation 169 'add' 'ret_V_7' <Predicate = true> <Delay = 1.67> <CoreInst = "Adder">   --->   Core 1 'Adder' <Latency = 0> <II = 1> <Delay = 1.67> <FuncUnit> <Opcode : 'add' 'sub'> <InPorts = 2> <OutPorts = 1>
ST_12 : Operation 170 [1/1] (0.00ns)   --->   "%shl_ln1273_s = bitconcatenate i11 @_ssdm_op_BitConcatenate.i11.i8.i3, i8 %tmp_10, i3 0"   --->   Operation 170 'bitconcatenate' 'shl_ln1273_s' <Predicate = true> <Delay = 0.00>
ST_12 : Operation 171 [1/1] (0.00ns)   --->   "%sext_ln1273_10 = sext i11 %shl_ln1273_s"   --->   Operation 171 'sext' 'sext_ln1273_10' <Predicate = true> <Delay = 0.00>
ST_12 : Operation 172 [1/1] (0.00ns)   --->   "%shl_ln1273_10 = bitconcatenate i9 @_ssdm_op_BitConcatenate.i9.i8.i1, i8 %tmp_10, i1 0"   --->   Operation 172 'bitconcatenate' 'shl_ln1273_10' <Predicate = true> <Delay = 0.00>
ST_12 : Operation 173 [1/1] (0.00ns)   --->   "%sext_ln1273_11 = sext i9 %shl_ln1273_10"   --->   Operation 173 'sext' 'sext_ln1273_11' <Predicate = true> <Delay = 0.00>
ST_12 : Operation 174 [1/1] (1.63ns)   --->   "%r_V_11 = add i12 %sext_ln1273_10, i12 %sext_ln1273_11"   --->   Operation 174 'add' 'r_V_11' <Predicate = true> <Delay = 1.63> <CoreInst = "Adder">   --->   Core 1 'Adder' <Latency = 0> <II = 1> <Delay = 1.63> <FuncUnit> <Opcode : 'add' 'sub'> <InPorts = 2> <OutPorts = 1>
ST_12 : Operation 175 [1/1] (0.00ns)   --->   "%sext_ln813_1 = sext i12 %r_V_11"   --->   Operation 175 'sext' 'sext_ln813_1' <Predicate = true> <Delay = 0.00>
ST_12 : Operation 176 [1/1] (1.67ns)   --->   "%ret_V_8 = add i14 %sext_ln813_1, i14 12352"   --->   Operation 176 'add' 'ret_V_8' <Predicate = true> <Delay = 1.67> <CoreInst = "Adder">   --->   Core 1 'Adder' <Latency = 0> <II = 1> <Delay = 1.67> <FuncUnit> <Opcode : 'add' 'sub'> <InPorts = 2> <OutPorts = 1>
ST_12 : Operation 177 [1/1] (0.00ns)   --->   "%sext_ln1270_3 = sext i8 %a_V_4"   --->   Operation 177 'sext' 'sext_ln1270_3' <Predicate = true> <Delay = 0.00>
ST_12 : Operation 178 [1/1] (0.00ns)   --->   "%shl_ln1273_11 = bitconcatenate i13 @_ssdm_op_BitConcatenate.i13.i8.i5, i8 %a_V_4, i5 0"   --->   Operation 178 'bitconcatenate' 'shl_ln1273_11' <Predicate = true> <Delay = 0.00>
ST_12 : Operation 179 [1/1] (0.00ns)   --->   "%sext_ln1273_12 = sext i13 %shl_ln1273_11"   --->   Operation 179 'sext' 'sext_ln1273_12' <Predicate = true> <Delay = 0.00>
ST_12 : Operation 180 [1/1] (0.00ns) (grouped into TernaryAdder)   --->   "%add_ln1347_10 = add i14 %sext_ln1273_12, i14 %sext_ln1270_3"   --->   Operation 180 'add' 'add_ln1347_10' <Predicate = true> <Delay = 0.00> <CoreInst = "TAddSub">   --->   Core 10 'TAddSub' <Latency = 0> <II = 1> <Delay = 1.92> <IPBlock> <Opcode : 'add' 'sub'> <InPorts = 3> <OutPorts = 1> <Sync> <CReg>
ST_12 : Operation 181 [1/1] (3.84ns) (root node of TernaryAdder)   --->   "%ret_V_9 = add i14 %add_ln1347_10, i14 13696"   --->   Operation 181 'add' 'ret_V_9' <Predicate = true> <Delay = 3.84> <CoreInst = "TAddSub">   --->   Core 10 'TAddSub' <Latency = 0> <II = 1> <Delay = 1.92> <IPBlock> <Opcode : 'add' 'sub'> <InPorts = 3> <OutPorts = 1> <Sync> <CReg>
ST_12 : Operation 182 [1/1] (0.00ns)   --->   "%shl_ln1273_12 = bitconcatenate i13 @_ssdm_op_BitConcatenate.i13.i8.i5, i8 %tmp_13, i5 0"   --->   Operation 182 'bitconcatenate' 'shl_ln1273_12' <Predicate = true> <Delay = 0.00>
ST_12 : Operation 183 [1/1] (0.00ns)   --->   "%sext_ln1273_13 = sext i13 %shl_ln1273_12"   --->   Operation 183 'sext' 'sext_ln1273_13' <Predicate = true> <Delay = 0.00>
ST_12 : Operation 184 [1/1] (0.00ns)   --->   "%shl_ln1273_13 = bitconcatenate i11 @_ssdm_op_BitConcatenate.i11.i8.i3, i8 %tmp_13, i3 0"   --->   Operation 184 'bitconcatenate' 'shl_ln1273_13' <Predicate = true> <Delay = 0.00>
ST_12 : Operation 185 [1/1] (0.00ns)   --->   "%sext_ln1273_14 = sext i11 %shl_ln1273_13"   --->   Operation 185 'sext' 'sext_ln1273_14' <Predicate = true> <Delay = 0.00>
ST_12 : Operation 186 [1/1] (0.00ns) (grouped into TernaryAdder)   --->   "%r_V_13 = sub i14 %sext_ln1273_13, i14 %sext_ln1273_14"   --->   Operation 186 'sub' 'r_V_13' <Predicate = true> <Delay = 0.00> <CoreInst = "TAddSub">   --->   Core 10 'TAddSub' <Latency = 0> <II = 1> <Delay = 1.92> <IPBlock> <Opcode : 'add' 'sub'> <InPorts = 3> <OutPorts = 1> <Sync> <CReg>
ST_12 : Operation 187 [1/1] (3.84ns) (root node of TernaryAdder)   --->   "%ret_V_10 = add i14 %r_V_13, i14 15232"   --->   Operation 187 'add' 'ret_V_10' <Predicate = true> <Delay = 3.84> <CoreInst = "TAddSub">   --->   Core 10 'TAddSub' <Latency = 0> <II = 1> <Delay = 1.92> <IPBlock> <Opcode : 'add' 'sub'> <InPorts = 3> <OutPorts = 1> <Sync> <CReg>
ST_12 : Operation 188 [1/1] (0.00ns)   --->   "%shl_ln1273_14 = bitconcatenate i13 @_ssdm_op_BitConcatenate.i13.i8.i5, i8 %tmp_15, i5 0"   --->   Operation 188 'bitconcatenate' 'shl_ln1273_14' <Predicate = true> <Delay = 0.00>
ST_12 : Operation 189 [1/1] (0.00ns)   --->   "%sext_ln1273_15 = sext i13 %shl_ln1273_14"   --->   Operation 189 'sext' 'sext_ln1273_15' <Predicate = true> <Delay = 0.00>
ST_12 : Operation 190 [1/1] (0.00ns)   --->   "%shl_ln1273_15 = bitconcatenate i11 @_ssdm_op_BitConcatenate.i11.i8.i3, i8 %tmp_15, i3 0"   --->   Operation 190 'bitconcatenate' 'shl_ln1273_15' <Predicate = true> <Delay = 0.00>
ST_12 : Operation 191 [1/1] (0.00ns)   --->   "%sext_ln1273_16 = sext i11 %shl_ln1273_15"   --->   Operation 191 'sext' 'sext_ln1273_16' <Predicate = true> <Delay = 0.00>
ST_12 : Operation 192 [1/1] (0.00ns) (grouped into TernaryAdder)   --->   "%r_V_14 = sub i14 %sext_ln1273_15, i14 %sext_ln1273_16"   --->   Operation 192 'sub' 'r_V_14' <Predicate = true> <Delay = 0.00> <CoreInst = "TAddSub">   --->   Core 10 'TAddSub' <Latency = 0> <II = 1> <Delay = 1.92> <IPBlock> <Opcode : 'add' 'sub'> <InPorts = 3> <OutPorts = 1> <Sync> <CReg>
ST_12 : Operation 193 [1/1] (3.84ns) (root node of TernaryAdder)   --->   "%ret_V_11 = add i14 %r_V_14, i14 14656"   --->   Operation 193 'add' 'ret_V_11' <Predicate = true> <Delay = 3.84> <CoreInst = "TAddSub">   --->   Core 10 'TAddSub' <Latency = 0> <II = 1> <Delay = 1.92> <IPBlock> <Opcode : 'add' 'sub'> <InPorts = 3> <OutPorts = 1> <Sync> <CReg>
ST_12 : Operation 194 [1/1] (0.00ns)   --->   "%shl_ln1273_23 = bitconcatenate i13 @_ssdm_op_BitConcatenate.i13.i8.i5, i8 %tmp_25, i5 0"   --->   Operation 194 'bitconcatenate' 'shl_ln1273_23' <Predicate = true> <Delay = 0.00>
ST_12 : Operation 195 [1/1] (0.00ns)   --->   "%sext_ln1273_23 = sext i13 %shl_ln1273_23"   --->   Operation 195 'sext' 'sext_ln1273_23' <Predicate = true> <Delay = 0.00>
ST_12 : Operation 196 [1/1] (0.00ns)   --->   "%shl_ln1273_24 = bitconcatenate i9 @_ssdm_op_BitConcatenate.i9.i8.i1, i8 %tmp_25, i1 0"   --->   Operation 196 'bitconcatenate' 'shl_ln1273_24' <Predicate = true> <Delay = 0.00>
ST_12 : Operation 197 [1/1] (0.00ns)   --->   "%sext_ln1273_24 = sext i9 %shl_ln1273_24"   --->   Operation 197 'sext' 'sext_ln1273_24' <Predicate = true> <Delay = 0.00>
ST_12 : Operation 198 [1/1] (0.00ns) (grouped into TernaryAdder)   --->   "%r_V_23 = sub i14 %sext_ln1273_23, i14 %sext_ln1273_24"   --->   Operation 198 'sub' 'r_V_23' <Predicate = true> <Delay = 0.00> <CoreInst = "TAddSub">   --->   Core 10 'TAddSub' <Latency = 0> <II = 1> <Delay = 1.92> <IPBlock> <Opcode : 'add' 'sub'> <InPorts = 3> <OutPorts = 1> <Sync> <CReg>
ST_12 : Operation 199 [1/1] (3.84ns) (root node of TernaryAdder)   --->   "%ret_V_19 = add i14 %r_V_23, i14 15040"   --->   Operation 199 'add' 'ret_V_19' <Predicate = true> <Delay = 3.84> <CoreInst = "TAddSub">   --->   Core 10 'TAddSub' <Latency = 0> <II = 1> <Delay = 1.92> <IPBlock> <Opcode : 'add' 'sub'> <InPorts = 3> <OutPorts = 1> <Sync> <CReg>
ST_12 : Operation 200 [1/1] (0.00ns)   --->   "%shl_ln1273_28 = bitconcatenate i13 @_ssdm_op_BitConcatenate.i13.i8.i5, i8 %tmp_27, i5 0"   --->   Operation 200 'bitconcatenate' 'shl_ln1273_28' <Predicate = true> <Delay = 0.00>
ST_12 : Operation 201 [1/1] (0.00ns)   --->   "%sext_ln1273_28 = sext i13 %shl_ln1273_28"   --->   Operation 201 'sext' 'sext_ln1273_28' <Predicate = true> <Delay = 0.00>
ST_12 : Operation 202 [1/1] (0.00ns)   --->   "%shl_ln1273_29 = bitconcatenate i11 @_ssdm_op_BitConcatenate.i11.i8.i3, i8 %tmp_27, i3 0"   --->   Operation 202 'bitconcatenate' 'shl_ln1273_29' <Predicate = true> <Delay = 0.00>
ST_12 : Operation 203 [1/1] (0.00ns)   --->   "%sext_ln1273_29 = sext i11 %shl_ln1273_29"   --->   Operation 203 'sext' 'sext_ln1273_29' <Predicate = true> <Delay = 0.00>
ST_12 : Operation 204 [1/1] (0.00ns) (grouped into TernaryAdder)   --->   "%r_V_29 = sub i14 %sext_ln1273_28, i14 %sext_ln1273_29"   --->   Operation 204 'sub' 'r_V_29' <Predicate = true> <Delay = 0.00> <CoreInst = "TAddSub">   --->   Core 10 'TAddSub' <Latency = 0> <II = 1> <Delay = 1.92> <IPBlock> <Opcode : 'add' 'sub'> <InPorts = 3> <OutPorts = 1> <Sync> <CReg>
ST_12 : Operation 205 [1/1] (3.84ns) (root node of TernaryAdder)   --->   "%ret_V_24 = add i14 %r_V_29, i14 256"   --->   Operation 205 'add' 'ret_V_24' <Predicate = true> <Delay = 3.84> <CoreInst = "TAddSub">   --->   Core 10 'TAddSub' <Latency = 0> <II = 1> <Delay = 1.92> <IPBlock> <Opcode : 'add' 'sub'> <InPorts = 3> <OutPorts = 1> <Sync> <CReg>
ST_12 : Operation 206 [1/1] (1.67ns)   --->   "%ret_V_25 = add i13 %mul_ln1270_2, i13 7296"   --->   Operation 206 'add' 'ret_V_25' <Predicate = true> <Delay = 1.67> <CoreInst = "Adder">   --->   Core 1 'Adder' <Latency = 0> <II = 1> <Delay = 1.67> <FuncUnit> <Opcode : 'add' 'sub'> <InPorts = 2> <OutPorts = 1>
ST_12 : Operation 207 [1/1] (0.00ns)   --->   "%trunc_ln818_15 = partselect i7 @_ssdm_op_PartSelect.i7.i13.i32.i32, i13 %ret_V_25, i32 6, i32 12"   --->   Operation 207 'partselect' 'trunc_ln818_15' <Predicate = true> <Delay = 0.00>
ST_12 : Operation 208 [1/1] (0.00ns)   --->   "%shl_ln1273_30 = bitconcatenate i13 @_ssdm_op_BitConcatenate.i13.i8.i5, i8 %tmp_28, i5 0"   --->   Operation 208 'bitconcatenate' 'shl_ln1273_30' <Predicate = true> <Delay = 0.00>
ST_12 : Operation 209 [1/1] (0.00ns)   --->   "%sext_ln1273_30 = sext i13 %shl_ln1273_30"   --->   Operation 209 'sext' 'sext_ln1273_30' <Predicate = true> <Delay = 0.00>
ST_12 : Operation 210 [1/1] (0.00ns)   --->   "%shl_ln1273_31 = bitconcatenate i10 @_ssdm_op_BitConcatenate.i10.i8.i2, i8 %tmp_28, i2 0"   --->   Operation 210 'bitconcatenate' 'shl_ln1273_31' <Predicate = true> <Delay = 0.00>
ST_12 : Operation 211 [1/1] (0.00ns)   --->   "%sext_ln1273_31 = sext i10 %shl_ln1273_31"   --->   Operation 211 'sext' 'sext_ln1273_31' <Predicate = true> <Delay = 0.00>
ST_12 : Operation 212 [1/1] (0.00ns) (grouped into TernaryAdder)   --->   "%r_V_31 = sub i14 %sext_ln1273_30, i14 %sext_ln1273_31"   --->   Operation 212 'sub' 'r_V_31' <Predicate = true> <Delay = 0.00> <CoreInst = "TAddSub">   --->   Core 10 'TAddSub' <Latency = 0> <II = 1> <Delay = 1.92> <IPBlock> <Opcode : 'add' 'sub'> <InPorts = 3> <OutPorts = 1> <Sync> <CReg>
ST_12 : Operation 213 [1/1] (3.84ns) (root node of TernaryAdder)   --->   "%ret_V_26 = add i14 %r_V_31, i14 13888"   --->   Operation 213 'add' 'ret_V_26' <Predicate = true> <Delay = 3.84> <CoreInst = "TAddSub">   --->   Core 10 'TAddSub' <Latency = 0> <II = 1> <Delay = 1.92> <IPBlock> <Opcode : 'add' 'sub'> <InPorts = 3> <OutPorts = 1> <Sync> <CReg>
ST_12 : Operation 214 [1/1] (0.00ns)   --->   "%shl_ln1273_32 = bitconcatenate i13 @_ssdm_op_BitConcatenate.i13.i8.i5, i8 %tmp_30, i5 0"   --->   Operation 214 'bitconcatenate' 'shl_ln1273_32' <Predicate = true> <Delay = 0.00>
ST_12 : Operation 215 [1/1] (0.00ns)   --->   "%sext_ln1273_32 = sext i13 %shl_ln1273_32"   --->   Operation 215 'sext' 'sext_ln1273_32' <Predicate = true> <Delay = 0.00>
ST_12 : Operation 216 [1/1] (0.00ns)   --->   "%shl_ln1273_33 = bitconcatenate i10 @_ssdm_op_BitConcatenate.i10.i8.i2, i8 %tmp_30, i2 0"   --->   Operation 216 'bitconcatenate' 'shl_ln1273_33' <Predicate = true> <Delay = 0.00>
ST_12 : Operation 217 [1/1] (0.00ns)   --->   "%sext_ln1273_33 = sext i10 %shl_ln1273_33"   --->   Operation 217 'sext' 'sext_ln1273_33' <Predicate = true> <Delay = 0.00>
ST_12 : Operation 218 [1/1] (0.00ns) (grouped into TernaryAdder)   --->   "%r_V_33 = sub i14 %sext_ln1273_32, i14 %sext_ln1273_33"   --->   Operation 218 'sub' 'r_V_33' <Predicate = true> <Delay = 0.00> <CoreInst = "TAddSub">   --->   Core 10 'TAddSub' <Latency = 0> <II = 1> <Delay = 1.92> <IPBlock> <Opcode : 'add' 'sub'> <InPorts = 3> <OutPorts = 1> <Sync> <CReg>
ST_12 : Operation 219 [1/1] (3.84ns) (root node of TernaryAdder)   --->   "%ret_V_27 = add i14 %r_V_33, i14 12672"   --->   Operation 219 'add' 'ret_V_27' <Predicate = true> <Delay = 3.84> <CoreInst = "TAddSub">   --->   Core 10 'TAddSub' <Latency = 0> <II = 1> <Delay = 1.92> <IPBlock> <Opcode : 'add' 'sub'> <InPorts = 3> <OutPorts = 1> <Sync> <CReg>
ST_12 : Operation 220 [1/1] (0.00ns)   --->   "%sext_ln1347_6 = sext i8 %a_V_13"   --->   Operation 220 'sext' 'sext_ln1347_6' <Predicate = true> <Delay = 0.00>
ST_12 : Operation 221 [1/1] (4.17ns)   --->   "%mul_ln1347_3 = mul i14 %sext_ln1347_6, i14 54"   --->   Operation 221 'mul' 'mul_ln1347_3' <Predicate = true> <Delay = 4.17> <CoreInst = "Multiplier">   --->   Core 3 'Multiplier' <Latency = 0> <II = 1> <Delay = 4.17> <FuncUnit> <Opcode : 'mul'> <InPorts = 2> <OutPorts = 1>
ST_12 : Operation 222 [1/1] (0.00ns)   --->   "%trunc_ln46_2 = partselect i8 @_ssdm_op_PartSelect.i8.i14.i32.i32, i14 %ret_V_7, i32 6, i32 13" [firmware/nnet_utils/nnet_batchnorm_stream.h:46]   --->   Operation 222 'partselect' 'trunc_ln46_2' <Predicate = true> <Delay = 0.00>
ST_12 : Operation 223 [1/1] (0.00ns)   --->   "%trunc_ln46_3 = partselect i8 @_ssdm_op_PartSelect.i8.i14.i32.i32, i14 %ret_V_8, i32 6, i32 13" [firmware/nnet_utils/nnet_batchnorm_stream.h:46]   --->   Operation 223 'partselect' 'trunc_ln46_3' <Predicate = true> <Delay = 0.00>
ST_12 : Operation 224 [1/1] (0.00ns)   --->   "%trunc_ln46_4 = partselect i8 @_ssdm_op_PartSelect.i8.i14.i32.i32, i14 %ret_V_9, i32 6, i32 13" [firmware/nnet_utils/nnet_batchnorm_stream.h:46]   --->   Operation 224 'partselect' 'trunc_ln46_4' <Predicate = true> <Delay = 0.00>
ST_12 : Operation 225 [1/1] (0.00ns)   --->   "%trunc_ln46_5 = partselect i8 @_ssdm_op_PartSelect.i8.i14.i32.i32, i14 %ret_V_10, i32 6, i32 13" [firmware/nnet_utils/nnet_batchnorm_stream.h:46]   --->   Operation 225 'partselect' 'trunc_ln46_5' <Predicate = true> <Delay = 0.00>
ST_12 : Operation 226 [1/1] (0.00ns)   --->   "%trunc_ln46_6 = partselect i8 @_ssdm_op_PartSelect.i8.i14.i32.i32, i14 %ret_V_11, i32 6, i32 13" [firmware/nnet_utils/nnet_batchnorm_stream.h:46]   --->   Operation 226 'partselect' 'trunc_ln46_6' <Predicate = true> <Delay = 0.00>
ST_12 : Operation 227 [1/1] (0.00ns)   --->   "%trunc_ln46_8 = partselect i8 @_ssdm_op_PartSelect.i8.i14.i32.i32, i14 %ret_V_19, i32 6, i32 13" [firmware/nnet_utils/nnet_batchnorm_stream.h:46]   --->   Operation 227 'partselect' 'trunc_ln46_8' <Predicate = true> <Delay = 0.00>
ST_12 : Operation 228 [1/1] (0.00ns)   --->   "%trunc_ln46_s = partselect i8 @_ssdm_op_PartSelect.i8.i14.i32.i32, i14 %ret_V_24, i32 6, i32 13" [firmware/nnet_utils/nnet_batchnorm_stream.h:46]   --->   Operation 228 'partselect' 'trunc_ln46_s' <Predicate = true> <Delay = 0.00>
ST_12 : Operation 229 [1/1] (0.00ns)   --->   "%trunc_ln46_1 = partselect i8 @_ssdm_op_PartSelect.i8.i14.i32.i32, i14 %ret_V_26, i32 6, i32 13" [firmware/nnet_utils/nnet_batchnorm_stream.h:46]   --->   Operation 229 'partselect' 'trunc_ln46_1' <Predicate = true> <Delay = 0.00>
ST_12 : Operation 230 [1/1] (0.00ns)   --->   "%trunc_ln46_10 = partselect i8 @_ssdm_op_PartSelect.i8.i14.i32.i32, i14 %ret_V_27, i32 6, i32 13" [firmware/nnet_utils/nnet_batchnorm_stream.h:46]   --->   Operation 230 'partselect' 'trunc_ln46_10' <Predicate = true> <Delay = 0.00>
ST_12 : Operation 231 [1/1] (0.00ns)   --->   "%tmp_31 = partselect i8 @_ssdm_op_PartSelect.i8.i14.i32.i32, i14 %ret_V_1, i32 6, i32 13" [firmware/nnet_utils/nnet_batchnorm_stream.h:46]   --->   Operation 231 'partselect' 'tmp_31' <Predicate = true> <Delay = 0.00>

State 13 <SV = 12> <Delay = 3.99>
ST_13 : Operation 232 [1/1] (0.00ns)   --->   "%specinterface_ln0 = specinterface void @_ssdm_op_SpecInterface, i256 %layer4_out, void @empty_2, i32 0, i32 0, void @empty_0, i32 0, i32 0, void @empty_0, void @empty_0, void @empty_0, i32 0, i32 0, i32 0, i32 0, void @empty_0, void @empty_0, i32 4294967295, i32 0"   --->   Operation 232 'specinterface' 'specinterface_ln0' <Predicate = true> <Delay = 0.00>
ST_13 : Operation 233 [1/1] (0.00ns)   --->   "%specinterface_ln0 = specinterface void @_ssdm_op_SpecInterface, i256 %layer2_out, void @empty_2, i32 0, i32 0, void @empty_0, i32 0, i32 0, void @empty_0, void @empty_0, void @empty_0, i32 0, i32 0, i32 0, i32 0, void @empty_0, void @empty_0, i32 4294967295, i32 0"   --->   Operation 233 'specinterface' 'specinterface_ln0' <Predicate = true> <Delay = 0.00>
ST_13 : Operation 234 [1/1] (0.00ns)   --->   "%specresourcelimit_ln22 = specresourcelimit void @_ssdm_op_SpecResourceLimit, i64 1, void @empty_5, void @empty_0, void @empty_0, void @empty_0" [firmware/nnet_utils/nnet_batchnorm_stream.h:22]   --->   Operation 234 'specresourcelimit' 'specresourcelimit_ln22' <Predicate = true> <Delay = 0.00>
ST_13 : Operation 235 [1/1] (0.00ns)   --->   "%sext_ln818 = sext i7 %trunc_ln"   --->   Operation 235 'sext' 'sext_ln818' <Predicate = true> <Delay = 0.00>
ST_13 : Operation 236 [1/1] (1.81ns)   --->   "%ret_V_28 = add i14 %mul_ln1347_3, i14 15424"   --->   Operation 236 'add' 'ret_V_28' <Predicate = true> <Delay = 1.81> <CoreInst = "Adder">   --->   Core 1 'Adder' <Latency = 0> <II = 1> <Delay = 1.81> <FuncUnit> <Opcode : 'add' 'sub'> <InPorts = 2> <OutPorts = 1>
ST_13 : Operation 237 [1/1] (0.00ns)   --->   "%trunc_ln46_11 = partselect i8 @_ssdm_op_PartSelect.i8.i14.i32.i32, i14 %ret_V_28, i32 6, i32 13" [firmware/nnet_utils/nnet_batchnorm_stream.h:46]   --->   Operation 237 'partselect' 'trunc_ln46_11' <Predicate = true> <Delay = 0.00>
ST_13 : Operation 238 [1/1] (0.00ns)   --->   "%tmp_32 = bitconcatenate i22 @_ssdm_op_BitConcatenate.i22.i5.i1.i8.i8, i5 %tmp_s, i1 %tmp_1, i8 %trunc_ln818_1, i8 %tmp_31" [firmware/nnet_utils/nnet_batchnorm_stream.h:46]   --->   Operation 238 'bitconcatenate' 'tmp_32' <Predicate = true> <Delay = 0.00>
ST_13 : Operation 239 [1/1] (0.00ns)   --->   "%sext_ln46 = sext i22 %tmp_32" [firmware/nnet_utils/nnet_batchnorm_stream.h:46]   --->   Operation 239 'sext' 'sext_ln46' <Predicate = true> <Delay = 0.00>
ST_13 : Operation 240 [1/1] (0.00ns)   --->   "%tmp_33 = bitconcatenate i31 @_ssdm_op_BitConcatenate.i31.i7.i24, i7 %trunc_ln818_2, i24 %sext_ln46" [firmware/nnet_utils/nnet_batchnorm_stream.h:46]   --->   Operation 240 'bitconcatenate' 'tmp_33' <Predicate = true> <Delay = 0.00>
ST_13 : Operation 241 [1/1] (0.00ns)   --->   "%sext_ln46_1 = sext i31 %tmp_33" [firmware/nnet_utils/nnet_batchnorm_stream.h:46]   --->   Operation 241 'sext' 'sext_ln46_1' <Predicate = true> <Delay = 0.00>
ST_13 : Operation 242 [1/1] (0.00ns)   --->   "%tmp_34 = bitconcatenate i39 @_ssdm_op_BitConcatenate.i39.i7.i32, i7 %trunc_ln818_3, i32 %sext_ln46_1" [firmware/nnet_utils/nnet_batchnorm_stream.h:46]   --->   Operation 242 'bitconcatenate' 'tmp_34' <Predicate = true> <Delay = 0.00>
ST_13 : Operation 243 [1/1] (0.00ns)   --->   "%sext_ln46_2 = sext i39 %tmp_34" [firmware/nnet_utils/nnet_batchnorm_stream.h:46]   --->   Operation 243 'sext' 'sext_ln46_2' <Predicate = true> <Delay = 0.00>
ST_13 : Operation 244 [1/1] (0.00ns)   --->   "%tmp_35 = bitconcatenate i46 @_ssdm_op_BitConcatenate.i46.i6.i40, i6 %trunc_ln818_4, i40 %sext_ln46_2" [firmware/nnet_utils/nnet_batchnorm_stream.h:46]   --->   Operation 244 'bitconcatenate' 'tmp_35' <Predicate = true> <Delay = 0.00>
ST_13 : Operation 245 [1/1] (0.00ns)   --->   "%sext_ln46_3 = sext i46 %tmp_35" [firmware/nnet_utils/nnet_batchnorm_stream.h:46]   --->   Operation 245 'sext' 'sext_ln46_3' <Predicate = true> <Delay = 0.00>
ST_13 : Operation 246 [1/1] (0.00ns)   --->   "%tmp_36 = bitconcatenate i54 @_ssdm_op_BitConcatenate.i54.i6.i48, i6 %trunc_ln818_5, i48 %sext_ln46_3" [firmware/nnet_utils/nnet_batchnorm_stream.h:46]   --->   Operation 246 'bitconcatenate' 'tmp_36' <Predicate = true> <Delay = 0.00>
ST_13 : Operation 247 [1/1] (0.00ns)   --->   "%sext_ln46_4 = sext i54 %tmp_36" [firmware/nnet_utils/nnet_batchnorm_stream.h:46]   --->   Operation 247 'sext' 'sext_ln46_4' <Predicate = true> <Delay = 0.00>
ST_13 : Operation 248 [1/1] (0.00ns)   --->   "%tmp_37 = bitconcatenate i103 @_ssdm_op_BitConcatenate.i103.i7.i8.i8.i8.i8.i8.i56, i7 %trunc_ln818_6, i8 %trunc_ln46_6, i8 %trunc_ln46_5, i8 %trunc_ln46_4, i8 %trunc_ln46_3, i8 %trunc_ln46_2, i56 %sext_ln46_4" [firmware/nnet_utils/nnet_batchnorm_stream.h:46]   --->   Operation 248 'bitconcatenate' 'tmp_37' <Predicate = true> <Delay = 0.00>
ST_13 : Operation 249 [1/1] (0.00ns)   --->   "%sext_ln46_5 = sext i103 %tmp_37" [firmware/nnet_utils/nnet_batchnorm_stream.h:46]   --->   Operation 249 'sext' 'sext_ln46_5' <Predicate = true> <Delay = 0.00>
ST_13 : Operation 250 [1/1] (0.00ns)   --->   "%tmp_38 = bitconcatenate i111 @_ssdm_op_BitConcatenate.i111.i7.i104, i7 %trunc_ln818_7, i104 %sext_ln46_5" [firmware/nnet_utils/nnet_batchnorm_stream.h:46]   --->   Operation 250 'bitconcatenate' 'tmp_38' <Predicate = true> <Delay = 0.00>
ST_13 : Operation 251 [1/1] (0.00ns)   --->   "%sext_ln46_6 = sext i111 %tmp_38" [firmware/nnet_utils/nnet_batchnorm_stream.h:46]   --->   Operation 251 'sext' 'sext_ln46_6' <Predicate = true> <Delay = 0.00>
ST_13 : Operation 252 [1/1] (0.00ns)   --->   "%tmp_39 = bitconcatenate i117 @_ssdm_op_BitConcatenate.i117.i5.i112, i5 %trunc_ln818_8, i112 %sext_ln46_6" [firmware/nnet_utils/nnet_batchnorm_stream.h:46]   --->   Operation 252 'bitconcatenate' 'tmp_39' <Predicate = true> <Delay = 0.00>
ST_13 : Operation 253 [1/1] (0.00ns)   --->   "%sext_ln46_7 = sext i117 %tmp_39" [firmware/nnet_utils/nnet_batchnorm_stream.h:46]   --->   Operation 253 'sext' 'sext_ln46_7' <Predicate = true> <Delay = 0.00>
ST_13 : Operation 254 [1/1] (0.00ns)   --->   "%tmp_40 = bitconcatenate i127 @_ssdm_op_BitConcatenate.i127.i7.i120, i7 %trunc_ln818_9, i120 %sext_ln46_7" [firmware/nnet_utils/nnet_batchnorm_stream.h:46]   --->   Operation 254 'bitconcatenate' 'tmp_40' <Predicate = true> <Delay = 0.00>
ST_13 : Operation 255 [1/1] (0.00ns)   --->   "%sext_ln46_8 = sext i127 %tmp_40" [firmware/nnet_utils/nnet_batchnorm_stream.h:46]   --->   Operation 255 'sext' 'sext_ln46_8' <Predicate = true> <Delay = 0.00>
ST_13 : Operation 256 [1/1] (0.00ns)   --->   "%tmp_41 = bitconcatenate i134 @_ssdm_op_BitConcatenate.i134.i6.i128, i6 %trunc_ln818_s, i128 %sext_ln46_8" [firmware/nnet_utils/nnet_batchnorm_stream.h:46]   --->   Operation 256 'bitconcatenate' 'tmp_41' <Predicate = true> <Delay = 0.00>
ST_13 : Operation 257 [1/1] (0.00ns)   --->   "%sext_ln46_9 = sext i134 %tmp_41" [firmware/nnet_utils/nnet_batchnorm_stream.h:46]   --->   Operation 257 'sext' 'sext_ln46_9' <Predicate = true> <Delay = 0.00>
ST_13 : Operation 258 [1/1] (0.00ns)   --->   "%tmp_42 = bitconcatenate i142 @_ssdm_op_BitConcatenate.i142.i6.i136, i6 %trunc_ln818_10, i136 %sext_ln46_9" [firmware/nnet_utils/nnet_batchnorm_stream.h:46]   --->   Operation 258 'bitconcatenate' 'tmp_42' <Predicate = true> <Delay = 0.00>
ST_13 : Operation 259 [1/1] (0.00ns)   --->   "%sext_ln46_10 = sext i142 %tmp_42" [firmware/nnet_utils/nnet_batchnorm_stream.h:46]   --->   Operation 259 'sext' 'sext_ln46_10' <Predicate = true> <Delay = 0.00>
ST_13 : Operation 260 [1/1] (0.00ns)   --->   "%tmp_43 = bitconcatenate i159 @_ssdm_op_BitConcatenate.i159.i7.i8.i144, i7 %trunc_ln818_11, i8 %trunc_ln46_7, i144 %sext_ln46_10" [firmware/nnet_utils/nnet_batchnorm_stream.h:46]   --->   Operation 260 'bitconcatenate' 'tmp_43' <Predicate = true> <Delay = 0.00>
ST_13 : Operation 261 [1/1] (0.00ns)   --->   "%sext_ln46_11 = sext i159 %tmp_43" [firmware/nnet_utils/nnet_batchnorm_stream.h:46]   --->   Operation 261 'sext' 'sext_ln46_11' <Predicate = true> <Delay = 0.00>
ST_13 : Operation 262 [1/1] (0.00ns)   --->   "%tmp_44 = bitconcatenate i175 @_ssdm_op_BitConcatenate.i175.i7.i8.i160, i7 %trunc_ln818_12, i8 %trunc_ln46_8, i160 %sext_ln46_11" [firmware/nnet_utils/nnet_batchnorm_stream.h:46]   --->   Operation 262 'bitconcatenate' 'tmp_44' <Predicate = true> <Delay = 0.00>
ST_13 : Operation 263 [1/1] (0.00ns)   --->   "%sext_ln46_12 = sext i175 %tmp_44" [firmware/nnet_utils/nnet_batchnorm_stream.h:46]   --->   Operation 263 'sext' 'sext_ln46_12' <Predicate = true> <Delay = 0.00>
ST_13 : Operation 264 [1/1] (0.00ns)   --->   "%tmp_45 = bitconcatenate i191 @_ssdm_op_BitConcatenate.i191.i7.i8.i176, i7 %trunc_ln818_13, i8 %trunc_ln46_9, i176 %sext_ln46_12" [firmware/nnet_utils/nnet_batchnorm_stream.h:46]   --->   Operation 264 'bitconcatenate' 'tmp_45' <Predicate = true> <Delay = 0.00>
ST_13 : Operation 265 [1/1] (0.00ns)   --->   "%sext_ln46_13 = sext i191 %tmp_45" [firmware/nnet_utils/nnet_batchnorm_stream.h:46]   --->   Operation 265 'sext' 'sext_ln46_13' <Predicate = true> <Delay = 0.00>
ST_13 : Operation 266 [1/1] (0.00ns)   --->   "%tmp_46 = bitconcatenate i199 @_ssdm_op_BitConcatenate.i199.i7.i192, i7 %trunc_ln818_14, i192 %sext_ln46_13" [firmware/nnet_utils/nnet_batchnorm_stream.h:46]   --->   Operation 266 'bitconcatenate' 'tmp_46' <Predicate = true> <Delay = 0.00>
ST_13 : Operation 267 [1/1] (0.00ns)   --->   "%sext_ln46_14 = sext i199 %tmp_46" [firmware/nnet_utils/nnet_batchnorm_stream.h:46]   --->   Operation 267 'sext' 'sext_ln46_14' <Predicate = true> <Delay = 0.00>
ST_13 : Operation 268 [1/1] (0.00ns)   --->   "%tmp_47 = bitconcatenate i215 @_ssdm_op_BitConcatenate.i215.i7.i8.i200, i7 %trunc_ln818_15, i8 %trunc_ln46_s, i200 %sext_ln46_14" [firmware/nnet_utils/nnet_batchnorm_stream.h:46]   --->   Operation 268 'bitconcatenate' 'tmp_47' <Predicate = true> <Delay = 0.00>
ST_13 : Operation 269 [1/1] (0.00ns)   --->   "%sext_ln46_15 = sext i215 %tmp_47" [firmware/nnet_utils/nnet_batchnorm_stream.h:46]   --->   Operation 269 'sext' 'sext_ln46_15' <Predicate = true> <Delay = 0.00>
ST_13 : Operation 270 [1/1] (0.00ns)   --->   "%tmp_48 = bitconcatenate i231 @_ssdm_op_BitConcatenate.i231.i7.i8.i216, i7 %trunc_ln818_16, i8 %trunc_ln46_1, i216 %sext_ln46_15" [firmware/nnet_utils/nnet_batchnorm_stream.h:46]   --->   Operation 270 'bitconcatenate' 'tmp_48' <Predicate = true> <Delay = 0.00>
ST_13 : Operation 271 [1/1] (0.00ns)   --->   "%sext_ln46_16 = sext i231 %tmp_48" [firmware/nnet_utils/nnet_batchnorm_stream.h:46]   --->   Operation 271 'sext' 'sext_ln46_16' <Predicate = true> <Delay = 0.00>
ST_13 : Operation 272 [1/1] (0.00ns)   --->   "%p_0 = bitconcatenate i256 @_ssdm_op_BitConcatenate.i256.i8.i8.i232.i8, i8 %trunc_ln46_11, i8 %trunc_ln46_10, i232 %sext_ln46_16, i8 %sext_ln818" [firmware/nnet_utils/nnet_batchnorm_stream.h:46]   --->   Operation 272 'bitconcatenate' 'p_0' <Predicate = true> <Delay = 0.00>
ST_13 : Operation 273 [1/1] (2.18ns)   --->   "%write_ln46 = write void @_ssdm_op_Write.ap_fifo.volatile.i256P0A, i256 %layer4_out, i256 %p_0" [firmware/nnet_utils/nnet_batchnorm_stream.h:46]   --->   Operation 273 'write' 'write_ln46' <Predicate = true> <Delay = 2.18> <CoreInst = "FIFO_SRL">   --->   Core 81 'FIFO_SRL' <Latency = 0> <II = 1> <Delay = 3.63> <Storage> <Opcode : 'read' 'write' 'nbread' 'nbwrite'> <Ports = 0> <Width = 256> <Depth = 1> <FIFO>
ST_13 : Operation 274 [1/1] (0.00ns)   --->   "%ret_ln48 = ret" [firmware/nnet_utils/nnet_batchnorm_stream.h:48]   --->   Operation 274 'ret' 'ret_ln48' <Predicate = true> <Delay = 0.00>


============================================================
+ Verbose Summary: Timing violations
============================================================
Target clock period: 5ns, clock uncertainty: 0.625ns.

 <State 1>: 3.92ns
The critical path consists of the following:
	fifo read operation ('layer2_out_read', firmware/nnet_utils/nnet_batchnorm_stream.h:28) on port 'layer2_out' (firmware/nnet_utils/nnet_batchnorm_stream.h:28) [6]  (2.19 ns)
	'add' operation ('add_ln1347') [117]  (1.73 ns)

 <State 2>: 4.17ns
The critical path consists of the following:
	'mul' operation ('r.V') [22]  (4.17 ns)

 <State 3>: 4.17ns
The critical path consists of the following:
	'mul' operation ('r.V') [34]  (4.17 ns)

 <State 4>: 4.17ns
The critical path consists of the following:
	'mul' operation ('mul_ln1270') [44]  (4.17 ns)

 <State 5>: 4.17ns
The critical path consists of the following:
	'mul' operation ('mul_ln1347') [56]  (4.17 ns)

 <State 6>: 4.17ns
The critical path consists of the following:
	'mul' operation ('mul_ln1270_1') [111]  (4.17 ns)

 <State 7>: 4.17ns
The critical path consists of the following:
	'mul' operation ('r.V') [120]  (4.17 ns)

 <State 8>: 4.17ns
The critical path consists of the following:
	'mul' operation ('mul_ln1347_1') [140]  (4.17 ns)

 <State 9>: 4.17ns
The critical path consists of the following:
	'mul' operation ('mul_ln1347_2') [165]  (4.17 ns)

 <State 10>: 4.17ns
The critical path consists of the following:
	'mul' operation ('r.V') [168]  (4.17 ns)

 <State 11>: 4.17ns
The critical path consists of the following:
	'mul' operation ('mul_ln1270_2') [187]  (4.17 ns)

 <State 12>: 4.17ns
The critical path consists of the following:
	'mul' operation ('mul_ln1347_3') [210]  (4.17 ns)

 <State 13>: 4ns
The critical path consists of the following:
	'add' operation ('ret.V') [211]  (1.81 ns)
	fifo write operation ('write_ln46', firmware/nnet_utils/nnet_batchnorm_stream.h:46) on port 'layer4_out' (firmware/nnet_utils/nnet_batchnorm_stream.h:46) [262]  (2.19 ns)


============================================================
+ Verbose Summary: Binding
============================================================
N/A
* FSMD analyzer results:
  - Output states:
 - Input state : 
  - Chain level:
	State 1
	State 2
	State 3
	State 4
	State 5
	State 6
	State 7
	State 8
	State 9
	State 10
	State 11
	State 12
	State 13


============================================================
+ Verbose Summary: Datapath Resource usage 
============================================================
N/A
