

================================================================
== Vitis HLS Report for 'relu_array_ap_fixed_32u_array_ap_fixed_8_2_5_3_0_32u_relu_config5_s'
================================================================
* Date:           Fri Jun 26 18:52:41 2026

* Version:        2022.2 (Build 3670227 on Oct 13 2022)
* Project:        myproject_prj
* Solution:       solution1 (Vivado IP Flow Target)
* Product family: zynq
* Target device:  xc7z020-clg400-1


================================================================
== Performance Estimates
================================================================
+ Timing: 
    * Summary: 
    +--------+---------+----------+------------+
    |  Clock |  Target | Estimated| Uncertainty|
    +--------+---------+----------+------------+
    |ap_clk  |  5.00 ns|  3.739 ns|     0.62 ns|
    +--------+---------+----------+------------+

+ Latency: 
    * Summary: 
    +---------+---------+----------+----------+-----+-----+---------+
    |  Latency (cycles) |  Latency (absolute) |  Interval | Pipeline|
    |   min   |   max   |    min   |    max   | min | max |   Type  |
    +---------+---------+----------+----------+-----+-----+---------+
    |        1|        1|  5.000 ns|  5.000 ns|    1|    1|       no|
    +---------+---------+----------+----------+-----+-----+---------+

    + Detail: 
        * Instance: 
        N/A

        * Loop: 
        N/A

============================================================
+ Verbose Summary: Synthesis Manager
============================================================
InlineROM: 1
ExposeGlobal: 0
============================================================
+ Verbose Summary: CDFG Model
============================================================
IsTopModel: 0
ResetActiveHigh: 1
IsCombinational: 2
IsDatapathOnly: 0
HasWiredReturn: 1
HasMFsm: 0
HasVarLatency: 1
IsPipeline: 0
IsRtlPipelined: 0
IsInstanceOverlapped: 0
IsDontTouch: 0
HasImplIP: 0
IsGatedGlobalClock: 0


============================================================
+ Verbose Summary: Schedule
============================================================
* Number of FSM states : 2
* Pipeline : 0
* Dataflow Pipeline: 0

* FSM state transitions: 
1 --> 2 
2 --> 

* FSM state operations: 

State 1 <SV = 0> <Delay = 3.73>
ST_1 : Operation 3 [1/1] (2.18ns)   --->   "%layer4_out_read = read i256 @_ssdm_op_Read.ap_fifo.volatile.i256P0A, i256 %layer4_out" [firmware/nnet_utils/nnet_activation_stream.h:44]   --->   Operation 3 'read' 'layer4_out_read' <Predicate = true> <Delay = 2.18> <CoreInst = "FIFO_SRL">   --->   Core 81 'FIFO_SRL' <Latency = 0> <II = 1> <Delay = 3.63> <Storage> <Opcode : 'read' 'write' 'nbread' 'nbwrite'> <Ports = 0> <Width = 256> <Depth = 1> <FIFO>
ST_1 : Operation 4 [1/1] (0.00ns)   --->   "%in_data_data = trunc i256 %layer4_out_read" [firmware/nnet_utils/nnet_activation_stream.h:44]   --->   Operation 4 'trunc' 'in_data_data' <Predicate = true> <Delay = 0.00>
ST_1 : Operation 5 [1/1] (0.00ns)   --->   "%trunc_ln44_1 = trunc i256 %layer4_out_read" [firmware/nnet_utils/nnet_activation_stream.h:44]   --->   Operation 5 'trunc' 'trunc_ln44_1' <Predicate = true> <Delay = 0.00>
ST_1 : Operation 6 [1/1] (0.00ns)   --->   "%trunc_ln44_2 = partselect i8 @_ssdm_op_PartSelect.i8.i256.i32.i32, i256 %layer4_out_read, i32 240, i32 247" [firmware/nnet_utils/nnet_activation_stream.h:44]   --->   Operation 6 'partselect' 'trunc_ln44_2' <Predicate = true> <Delay = 0.00>
ST_1 : Operation 7 [1/1] (0.00ns)   --->   "%trunc_ln44_3 = partselect i8 @_ssdm_op_PartSelect.i8.i256.i32.i32, i256 %layer4_out_read, i32 248, i32 255" [firmware/nnet_utils/nnet_activation_stream.h:44]   --->   Operation 7 'partselect' 'trunc_ln44_3' <Predicate = true> <Delay = 0.00>
ST_1 : Operation 8 [1/1] (0.00ns)   --->   "%in_data_data_8 = partselect i8 @_ssdm_op_PartSelect.i8.i256.i32.i32, i256 %layer4_out_read, i32 8, i32 15" [firmware/nnet_utils/nnet_activation_stream.h:44]   --->   Operation 8 'partselect' 'in_data_data_8' <Predicate = true> <Delay = 0.00>
ST_1 : Operation 9 [1/1] (0.00ns)   --->   "%trunc_ln44_s = partselect i7 @_ssdm_op_PartSelect.i7.i256.i32.i32, i256 %layer4_out_read, i32 8, i32 14" [firmware/nnet_utils/nnet_activation_stream.h:44]   --->   Operation 9 'partselect' 'trunc_ln44_s' <Predicate = true> <Delay = 0.00>
ST_1 : Operation 10 [1/1] (0.00ns)   --->   "%in_data_data_9 = partselect i8 @_ssdm_op_PartSelect.i8.i256.i32.i32, i256 %layer4_out_read, i32 16, i32 23" [firmware/nnet_utils/nnet_activation_stream.h:44]   --->   Operation 10 'partselect' 'in_data_data_9' <Predicate = true> <Delay = 0.00>
ST_1 : Operation 11 [1/1] (0.00ns)   --->   "%trunc_ln44_4 = partselect i7 @_ssdm_op_PartSelect.i7.i256.i32.i32, i256 %layer4_out_read, i32 16, i32 22" [firmware/nnet_utils/nnet_activation_stream.h:44]   --->   Operation 11 'partselect' 'trunc_ln44_4' <Predicate = true> <Delay = 0.00>
ST_1 : Operation 12 [1/1] (0.00ns)   --->   "%in_data_data_10 = partselect i8 @_ssdm_op_PartSelect.i8.i256.i32.i32, i256 %layer4_out_read, i32 24, i32 31" [firmware/nnet_utils/nnet_activation_stream.h:44]   --->   Operation 12 'partselect' 'in_data_data_10' <Predicate = true> <Delay = 0.00>
ST_1 : Operation 13 [1/1] (0.00ns)   --->   "%trunc_ln44_5 = partselect i7 @_ssdm_op_PartSelect.i7.i256.i32.i32, i256 %layer4_out_read, i32 24, i32 30" [firmware/nnet_utils/nnet_activation_stream.h:44]   --->   Operation 13 'partselect' 'trunc_ln44_5' <Predicate = true> <Delay = 0.00>
ST_1 : Operation 14 [1/1] (0.00ns)   --->   "%in_data_data_11 = partselect i8 @_ssdm_op_PartSelect.i8.i256.i32.i32, i256 %layer4_out_read, i32 32, i32 39" [firmware/nnet_utils/nnet_activation_stream.h:44]   --->   Operation 14 'partselect' 'in_data_data_11' <Predicate = true> <Delay = 0.00>
ST_1 : Operation 15 [1/1] (0.00ns)   --->   "%trunc_ln44_6 = partselect i7 @_ssdm_op_PartSelect.i7.i256.i32.i32, i256 %layer4_out_read, i32 32, i32 38" [firmware/nnet_utils/nnet_activation_stream.h:44]   --->   Operation 15 'partselect' 'trunc_ln44_6' <Predicate = true> <Delay = 0.00>
ST_1 : Operation 16 [1/1] (0.00ns)   --->   "%in_data_data_12 = partselect i8 @_ssdm_op_PartSelect.i8.i256.i32.i32, i256 %layer4_out_read, i32 40, i32 47" [firmware/nnet_utils/nnet_activation_stream.h:44]   --->   Operation 16 'partselect' 'in_data_data_12' <Predicate = true> <Delay = 0.00>
ST_1 : Operation 17 [1/1] (0.00ns)   --->   "%trunc_ln44_7 = partselect i7 @_ssdm_op_PartSelect.i7.i256.i32.i32, i256 %layer4_out_read, i32 40, i32 46" [firmware/nnet_utils/nnet_activation_stream.h:44]   --->   Operation 17 'partselect' 'trunc_ln44_7' <Predicate = true> <Delay = 0.00>
ST_1 : Operation 18 [1/1] (0.00ns)   --->   "%in_data_data_13 = partselect i8 @_ssdm_op_PartSelect.i8.i256.i32.i32, i256 %layer4_out_read, i32 48, i32 55" [firmware/nnet_utils/nnet_activation_stream.h:44]   --->   Operation 18 'partselect' 'in_data_data_13' <Predicate = true> <Delay = 0.00>
ST_1 : Operation 19 [1/1] (0.00ns)   --->   "%trunc_ln44_8 = partselect i7 @_ssdm_op_PartSelect.i7.i256.i32.i32, i256 %layer4_out_read, i32 48, i32 54" [firmware/nnet_utils/nnet_activation_stream.h:44]   --->   Operation 19 'partselect' 'trunc_ln44_8' <Predicate = true> <Delay = 0.00>
ST_1 : Operation 20 [1/1] (0.00ns)   --->   "%in_data_data_14 = partselect i8 @_ssdm_op_PartSelect.i8.i256.i32.i32, i256 %layer4_out_read, i32 56, i32 63" [firmware/nnet_utils/nnet_activation_stream.h:44]   --->   Operation 20 'partselect' 'in_data_data_14' <Predicate = true> <Delay = 0.00>
ST_1 : Operation 21 [1/1] (0.00ns)   --->   "%trunc_ln44_9 = partselect i7 @_ssdm_op_PartSelect.i7.i256.i32.i32, i256 %layer4_out_read, i32 56, i32 62" [firmware/nnet_utils/nnet_activation_stream.h:44]   --->   Operation 21 'partselect' 'trunc_ln44_9' <Predicate = true> <Delay = 0.00>
ST_1 : Operation 22 [1/1] (0.00ns)   --->   "%tmp = partselect i8 @_ssdm_op_PartSelect.i8.i256.i32.i32, i256 %layer4_out_read, i32 64, i32 71" [firmware/nnet_utils/nnet_activation_stream.h:44]   --->   Operation 22 'partselect' 'tmp' <Predicate = true> <Delay = 0.00>
ST_1 : Operation 23 [1/1] (0.00ns)   --->   "%trunc_ln44_10 = partselect i7 @_ssdm_op_PartSelect.i7.i256.i32.i32, i256 %layer4_out_read, i32 64, i32 70" [firmware/nnet_utils/nnet_activation_stream.h:44]   --->   Operation 23 'partselect' 'trunc_ln44_10' <Predicate = true> <Delay = 0.00>
ST_1 : Operation 24 [1/1] (0.00ns)   --->   "%tmp_1 = partselect i8 @_ssdm_op_PartSelect.i8.i256.i32.i32, i256 %layer4_out_read, i32 72, i32 79" [firmware/nnet_utils/nnet_activation_stream.h:44]   --->   Operation 24 'partselect' 'tmp_1' <Predicate = true> <Delay = 0.00>
ST_1 : Operation 25 [1/1] (0.00ns)   --->   "%trunc_ln44_11 = partselect i7 @_ssdm_op_PartSelect.i7.i256.i32.i32, i256 %layer4_out_read, i32 72, i32 78" [firmware/nnet_utils/nnet_activation_stream.h:44]   --->   Operation 25 'partselect' 'trunc_ln44_11' <Predicate = true> <Delay = 0.00>
ST_1 : Operation 26 [1/1] (0.00ns)   --->   "%tmp_2 = partselect i8 @_ssdm_op_PartSelect.i8.i256.i32.i32, i256 %layer4_out_read, i32 80, i32 87" [firmware/nnet_utils/nnet_activation_stream.h:44]   --->   Operation 26 'partselect' 'tmp_2' <Predicate = true> <Delay = 0.00>
ST_1 : Operation 27 [1/1] (0.00ns)   --->   "%trunc_ln44_12 = partselect i7 @_ssdm_op_PartSelect.i7.i256.i32.i32, i256 %layer4_out_read, i32 80, i32 86" [firmware/nnet_utils/nnet_activation_stream.h:44]   --->   Operation 27 'partselect' 'trunc_ln44_12' <Predicate = true> <Delay = 0.00>
ST_1 : Operation 28 [1/1] (0.00ns)   --->   "%tmp_3 = partselect i8 @_ssdm_op_PartSelect.i8.i256.i32.i32, i256 %layer4_out_read, i32 88, i32 95" [firmware/nnet_utils/nnet_activation_stream.h:44]   --->   Operation 28 'partselect' 'tmp_3' <Predicate = true> <Delay = 0.00>
ST_1 : Operation 29 [1/1] (0.00ns)   --->   "%trunc_ln44_13 = partselect i7 @_ssdm_op_PartSelect.i7.i256.i32.i32, i256 %layer4_out_read, i32 88, i32 94" [firmware/nnet_utils/nnet_activation_stream.h:44]   --->   Operation 29 'partselect' 'trunc_ln44_13' <Predicate = true> <Delay = 0.00>
ST_1 : Operation 30 [1/1] (0.00ns)   --->   "%tmp_4 = partselect i8 @_ssdm_op_PartSelect.i8.i256.i32.i32, i256 %layer4_out_read, i32 96, i32 103" [firmware/nnet_utils/nnet_activation_stream.h:44]   --->   Operation 30 'partselect' 'tmp_4' <Predicate = true> <Delay = 0.00>
ST_1 : Operation 31 [1/1] (0.00ns)   --->   "%trunc_ln44_14 = partselect i7 @_ssdm_op_PartSelect.i7.i256.i32.i32, i256 %layer4_out_read, i32 96, i32 102" [firmware/nnet_utils/nnet_activation_stream.h:44]   --->   Operation 31 'partselect' 'trunc_ln44_14' <Predicate = true> <Delay = 0.00>
ST_1 : Operation 32 [1/1] (0.00ns)   --->   "%tmp_5 = partselect i8 @_ssdm_op_PartSelect.i8.i256.i32.i32, i256 %layer4_out_read, i32 104, i32 111" [firmware/nnet_utils/nnet_activation_stream.h:44]   --->   Operation 32 'partselect' 'tmp_5' <Predicate = true> <Delay = 0.00>
ST_1 : Operation 33 [1/1] (0.00ns)   --->   "%trunc_ln44_15 = partselect i7 @_ssdm_op_PartSelect.i7.i256.i32.i32, i256 %layer4_out_read, i32 104, i32 110" [firmware/nnet_utils/nnet_activation_stream.h:44]   --->   Operation 33 'partselect' 'trunc_ln44_15' <Predicate = true> <Delay = 0.00>
ST_1 : Operation 34 [1/1] (0.00ns)   --->   "%tmp_6 = partselect i8 @_ssdm_op_PartSelect.i8.i256.i32.i32, i256 %layer4_out_read, i32 112, i32 119" [firmware/nnet_utils/nnet_activation_stream.h:44]   --->   Operation 34 'partselect' 'tmp_6' <Predicate = true> <Delay = 0.00>
ST_1 : Operation 35 [1/1] (0.00ns)   --->   "%trunc_ln44_16 = partselect i7 @_ssdm_op_PartSelect.i7.i256.i32.i32, i256 %layer4_out_read, i32 112, i32 118" [firmware/nnet_utils/nnet_activation_stream.h:44]   --->   Operation 35 'partselect' 'trunc_ln44_16' <Predicate = true> <Delay = 0.00>
ST_1 : Operation 36 [1/1] (0.00ns)   --->   "%tmp_7 = partselect i8 @_ssdm_op_PartSelect.i8.i256.i32.i32, i256 %layer4_out_read, i32 120, i32 127" [firmware/nnet_utils/nnet_activation_stream.h:44]   --->   Operation 36 'partselect' 'tmp_7' <Predicate = true> <Delay = 0.00>
ST_1 : Operation 37 [1/1] (0.00ns)   --->   "%trunc_ln44_17 = partselect i7 @_ssdm_op_PartSelect.i7.i256.i32.i32, i256 %layer4_out_read, i32 120, i32 126" [firmware/nnet_utils/nnet_activation_stream.h:44]   --->   Operation 37 'partselect' 'trunc_ln44_17' <Predicate = true> <Delay = 0.00>
ST_1 : Operation 38 [1/1] (0.00ns)   --->   "%tmp_8 = partselect i8 @_ssdm_op_PartSelect.i8.i256.i32.i32, i256 %layer4_out_read, i32 128, i32 135" [firmware/nnet_utils/nnet_activation_stream.h:44]   --->   Operation 38 'partselect' 'tmp_8' <Predicate = true> <Delay = 0.00>
ST_1 : Operation 39 [1/1] (0.00ns)   --->   "%trunc_ln44_18 = partselect i7 @_ssdm_op_PartSelect.i7.i256.i32.i32, i256 %layer4_out_read, i32 128, i32 134" [firmware/nnet_utils/nnet_activation_stream.h:44]   --->   Operation 39 'partselect' 'trunc_ln44_18' <Predicate = true> <Delay = 0.00>
ST_1 : Operation 40 [1/1] (0.00ns)   --->   "%tmp_9 = partselect i8 @_ssdm_op_PartSelect.i8.i256.i32.i32, i256 %layer4_out_read, i32 136, i32 143" [firmware/nnet_utils/nnet_activation_stream.h:44]   --->   Operation 40 'partselect' 'tmp_9' <Predicate = true> <Delay = 0.00>
ST_1 : Operation 41 [1/1] (0.00ns)   --->   "%trunc_ln44_19 = partselect i7 @_ssdm_op_PartSelect.i7.i256.i32.i32, i256 %layer4_out_read, i32 136, i32 142" [firmware/nnet_utils/nnet_activation_stream.h:44]   --->   Operation 41 'partselect' 'trunc_ln44_19' <Predicate = true> <Delay = 0.00>
ST_1 : Operation 42 [1/1] (0.00ns)   --->   "%tmp_s = partselect i8 @_ssdm_op_PartSelect.i8.i256.i32.i32, i256 %layer4_out_read, i32 144, i32 151" [firmware/nnet_utils/nnet_activation_stream.h:44]   --->   Operation 42 'partselect' 'tmp_s' <Predicate = true> <Delay = 0.00>
ST_1 : Operation 43 [1/1] (0.00ns)   --->   "%trunc_ln44_20 = partselect i7 @_ssdm_op_PartSelect.i7.i256.i32.i32, i256 %layer4_out_read, i32 144, i32 150" [firmware/nnet_utils/nnet_activation_stream.h:44]   --->   Operation 43 'partselect' 'trunc_ln44_20' <Predicate = true> <Delay = 0.00>
ST_1 : Operation 44 [1/1] (0.00ns)   --->   "%tmp_10 = partselect i8 @_ssdm_op_PartSelect.i8.i256.i32.i32, i256 %layer4_out_read, i32 152, i32 159" [firmware/nnet_utils/nnet_activation_stream.h:44]   --->   Operation 44 'partselect' 'tmp_10' <Predicate = true> <Delay = 0.00>
ST_1 : Operation 45 [1/1] (0.00ns)   --->   "%trunc_ln44_21 = partselect i7 @_ssdm_op_PartSelect.i7.i256.i32.i32, i256 %layer4_out_read, i32 152, i32 158" [firmware/nnet_utils/nnet_activation_stream.h:44]   --->   Operation 45 'partselect' 'trunc_ln44_21' <Predicate = true> <Delay = 0.00>
ST_1 : Operation 46 [1/1] (0.00ns)   --->   "%tmp_11 = partselect i8 @_ssdm_op_PartSelect.i8.i256.i32.i32, i256 %layer4_out_read, i32 160, i32 167" [firmware/nnet_utils/nnet_activation_stream.h:44]   --->   Operation 46 'partselect' 'tmp_11' <Predicate = true> <Delay = 0.00>
ST_1 : Operation 47 [1/1] (0.00ns)   --->   "%trunc_ln44_22 = partselect i7 @_ssdm_op_PartSelect.i7.i256.i32.i32, i256 %layer4_out_read, i32 160, i32 166" [firmware/nnet_utils/nnet_activation_stream.h:44]   --->   Operation 47 'partselect' 'trunc_ln44_22' <Predicate = true> <Delay = 0.00>
ST_1 : Operation 48 [1/1] (0.00ns)   --->   "%tmp_12 = partselect i8 @_ssdm_op_PartSelect.i8.i256.i32.i32, i256 %layer4_out_read, i32 168, i32 175" [firmware/nnet_utils/nnet_activation_stream.h:44]   --->   Operation 48 'partselect' 'tmp_12' <Predicate = true> <Delay = 0.00>
ST_1 : Operation 49 [1/1] (0.00ns)   --->   "%trunc_ln44_23 = partselect i7 @_ssdm_op_PartSelect.i7.i256.i32.i32, i256 %layer4_out_read, i32 168, i32 174" [firmware/nnet_utils/nnet_activation_stream.h:44]   --->   Operation 49 'partselect' 'trunc_ln44_23' <Predicate = true> <Delay = 0.00>
ST_1 : Operation 50 [1/1] (0.00ns)   --->   "%tmp_13 = partselect i8 @_ssdm_op_PartSelect.i8.i256.i32.i32, i256 %layer4_out_read, i32 176, i32 183" [firmware/nnet_utils/nnet_activation_stream.h:44]   --->   Operation 50 'partselect' 'tmp_13' <Predicate = true> <Delay = 0.00>
ST_1 : Operation 51 [1/1] (0.00ns)   --->   "%trunc_ln44_24 = partselect i7 @_ssdm_op_PartSelect.i7.i256.i32.i32, i256 %layer4_out_read, i32 176, i32 182" [firmware/nnet_utils/nnet_activation_stream.h:44]   --->   Operation 51 'partselect' 'trunc_ln44_24' <Predicate = true> <Delay = 0.00>
ST_1 : Operation 52 [1/1] (0.00ns)   --->   "%tmp_14 = partselect i8 @_ssdm_op_PartSelect.i8.i256.i32.i32, i256 %layer4_out_read, i32 184, i32 191" [firmware/nnet_utils/nnet_activation_stream.h:44]   --->   Operation 52 'partselect' 'tmp_14' <Predicate = true> <Delay = 0.00>
ST_1 : Operation 53 [1/1] (0.00ns)   --->   "%trunc_ln44_25 = partselect i7 @_ssdm_op_PartSelect.i7.i256.i32.i32, i256 %layer4_out_read, i32 184, i32 190" [firmware/nnet_utils/nnet_activation_stream.h:44]   --->   Operation 53 'partselect' 'trunc_ln44_25' <Predicate = true> <Delay = 0.00>
ST_1 : Operation 54 [1/1] (0.00ns)   --->   "%tmp_15 = partselect i8 @_ssdm_op_PartSelect.i8.i256.i32.i32, i256 %layer4_out_read, i32 192, i32 199" [firmware/nnet_utils/nnet_activation_stream.h:44]   --->   Operation 54 'partselect' 'tmp_15' <Predicate = true> <Delay = 0.00>
ST_1 : Operation 55 [1/1] (0.00ns)   --->   "%trunc_ln44_26 = partselect i7 @_ssdm_op_PartSelect.i7.i256.i32.i32, i256 %layer4_out_read, i32 192, i32 198" [firmware/nnet_utils/nnet_activation_stream.h:44]   --->   Operation 55 'partselect' 'trunc_ln44_26' <Predicate = true> <Delay = 0.00>
ST_1 : Operation 56 [1/1] (0.00ns)   --->   "%tmp_16 = partselect i8 @_ssdm_op_PartSelect.i8.i256.i32.i32, i256 %layer4_out_read, i32 200, i32 207" [firmware/nnet_utils/nnet_activation_stream.h:44]   --->   Operation 56 'partselect' 'tmp_16' <Predicate = true> <Delay = 0.00>
ST_1 : Operation 57 [1/1] (0.00ns)   --->   "%trunc_ln44_27 = partselect i7 @_ssdm_op_PartSelect.i7.i256.i32.i32, i256 %layer4_out_read, i32 200, i32 206" [firmware/nnet_utils/nnet_activation_stream.h:44]   --->   Operation 57 'partselect' 'trunc_ln44_27' <Predicate = true> <Delay = 0.00>
ST_1 : Operation 58 [1/1] (0.00ns)   --->   "%tmp_17 = partselect i8 @_ssdm_op_PartSelect.i8.i256.i32.i32, i256 %layer4_out_read, i32 208, i32 215" [firmware/nnet_utils/nnet_activation_stream.h:44]   --->   Operation 58 'partselect' 'tmp_17' <Predicate = true> <Delay = 0.00>
ST_1 : Operation 59 [1/1] (0.00ns)   --->   "%trunc_ln44_28 = partselect i7 @_ssdm_op_PartSelect.i7.i256.i32.i32, i256 %layer4_out_read, i32 208, i32 214" [firmware/nnet_utils/nnet_activation_stream.h:44]   --->   Operation 59 'partselect' 'trunc_ln44_28' <Predicate = true> <Delay = 0.00>
ST_1 : Operation 60 [1/1] (0.00ns)   --->   "%tmp_18 = partselect i8 @_ssdm_op_PartSelect.i8.i256.i32.i32, i256 %layer4_out_read, i32 216, i32 223" [firmware/nnet_utils/nnet_activation_stream.h:44]   --->   Operation 60 'partselect' 'tmp_18' <Predicate = true> <Delay = 0.00>
ST_1 : Operation 61 [1/1] (0.00ns)   --->   "%trunc_ln44_29 = partselect i7 @_ssdm_op_PartSelect.i7.i256.i32.i32, i256 %layer4_out_read, i32 216, i32 222" [firmware/nnet_utils/nnet_activation_stream.h:44]   --->   Operation 61 'partselect' 'trunc_ln44_29' <Predicate = true> <Delay = 0.00>
ST_1 : Operation 62 [1/1] (0.00ns)   --->   "%tmp_19 = partselect i8 @_ssdm_op_PartSelect.i8.i256.i32.i32, i256 %layer4_out_read, i32 224, i32 231" [firmware/nnet_utils/nnet_activation_stream.h:44]   --->   Operation 62 'partselect' 'tmp_19' <Predicate = true> <Delay = 0.00>
ST_1 : Operation 63 [1/1] (0.00ns)   --->   "%trunc_ln44_30 = partselect i7 @_ssdm_op_PartSelect.i7.i256.i32.i32, i256 %layer4_out_read, i32 224, i32 230" [firmware/nnet_utils/nnet_activation_stream.h:44]   --->   Operation 63 'partselect' 'trunc_ln44_30' <Predicate = true> <Delay = 0.00>
ST_1 : Operation 64 [1/1] (0.00ns)   --->   "%tmp_20 = partselect i8 @_ssdm_op_PartSelect.i8.i256.i32.i32, i256 %layer4_out_read, i32 232, i32 239" [firmware/nnet_utils/nnet_activation_stream.h:44]   --->   Operation 64 'partselect' 'tmp_20' <Predicate = true> <Delay = 0.00>
ST_1 : Operation 65 [1/1] (0.00ns)   --->   "%trunc_ln44_31 = partselect i7 @_ssdm_op_PartSelect.i7.i256.i32.i32, i256 %layer4_out_read, i32 232, i32 238" [firmware/nnet_utils/nnet_activation_stream.h:44]   --->   Operation 65 'partselect' 'trunc_ln44_31' <Predicate = true> <Delay = 0.00>
ST_1 : Operation 66 [1/1] (0.00ns)   --->   "%trunc_ln44_32 = partselect i7 @_ssdm_op_PartSelect.i7.i256.i32.i32, i256 %layer4_out_read, i32 240, i32 246" [firmware/nnet_utils/nnet_activation_stream.h:44]   --->   Operation 66 'partselect' 'trunc_ln44_32' <Predicate = true> <Delay = 0.00>
ST_1 : Operation 67 [1/1] (0.00ns)   --->   "%trunc_ln = partselect i7 @_ssdm_op_PartSelect.i7.i256.i32.i32, i256 %layer4_out_read, i32 248, i32 254"   --->   Operation 67 'partselect' 'trunc_ln' <Predicate = true> <Delay = 0.00>
ST_1 : Operation 68 [1/1] (1.55ns)   --->   "%icmp_ln1649 = icmp_sgt  i8 %in_data_data, i8 0"   --->   Operation 68 'icmp' 'icmp_ln1649' <Predicate = true> <Delay = 1.55> <CoreInst = "Cmp">   --->   Core 9 'Cmp' <Latency = 0> <II = 1> <Delay = 1.55> <FuncUnit> <Opcode : 'icmp'> <InPorts = 2> <OutPorts = 1>
ST_1 : Operation 69 [1/1] (1.55ns)   --->   "%icmp_ln1649_1 = icmp_sgt  i8 %in_data_data_8, i8 0"   --->   Operation 69 'icmp' 'icmp_ln1649_1' <Predicate = true> <Delay = 1.55> <CoreInst = "Cmp">   --->   Core 9 'Cmp' <Latency = 0> <II = 1> <Delay = 1.55> <FuncUnit> <Opcode : 'icmp'> <InPorts = 2> <OutPorts = 1>
ST_1 : Operation 70 [1/1] (1.55ns)   --->   "%icmp_ln1649_2 = icmp_sgt  i8 %in_data_data_9, i8 0"   --->   Operation 70 'icmp' 'icmp_ln1649_2' <Predicate = true> <Delay = 1.55> <CoreInst = "Cmp">   --->   Core 9 'Cmp' <Latency = 0> <II = 1> <Delay = 1.55> <FuncUnit> <Opcode : 'icmp'> <InPorts = 2> <OutPorts = 1>
ST_1 : Operation 71 [1/1] (1.55ns)   --->   "%icmp_ln1649_3 = icmp_sgt  i8 %in_data_data_10, i8 0"   --->   Operation 71 'icmp' 'icmp_ln1649_3' <Predicate = true> <Delay = 1.55> <CoreInst = "Cmp">   --->   Core 9 'Cmp' <Latency = 0> <II = 1> <Delay = 1.55> <FuncUnit> <Opcode : 'icmp'> <InPorts = 2> <OutPorts = 1>
ST_1 : Operation 72 [1/1] (1.55ns)   --->   "%icmp_ln1649_4 = icmp_sgt  i8 %in_data_data_11, i8 0"   --->   Operation 72 'icmp' 'icmp_ln1649_4' <Predicate = true> <Delay = 1.55> <CoreInst = "Cmp">   --->   Core 9 'Cmp' <Latency = 0> <II = 1> <Delay = 1.55> <FuncUnit> <Opcode : 'icmp'> <InPorts = 2> <OutPorts = 1>
ST_1 : Operation 73 [1/1] (1.55ns)   --->   "%icmp_ln1649_5 = icmp_sgt  i8 %in_data_data_12, i8 0"   --->   Operation 73 'icmp' 'icmp_ln1649_5' <Predicate = true> <Delay = 1.55> <CoreInst = "Cmp">   --->   Core 9 'Cmp' <Latency = 0> <II = 1> <Delay = 1.55> <FuncUnit> <Opcode : 'icmp'> <InPorts = 2> <OutPorts = 1>
ST_1 : Operation 74 [1/1] (1.55ns)   --->   "%icmp_ln1649_6 = icmp_sgt  i8 %in_data_data_13, i8 0"   --->   Operation 74 'icmp' 'icmp_ln1649_6' <Predicate = true> <Delay = 1.55> <CoreInst = "Cmp">   --->   Core 9 'Cmp' <Latency = 0> <II = 1> <Delay = 1.55> <FuncUnit> <Opcode : 'icmp'> <InPorts = 2> <OutPorts = 1>
ST_1 : Operation 75 [1/1] (1.55ns)   --->   "%icmp_ln1649_7 = icmp_sgt  i8 %in_data_data_14, i8 0"   --->   Operation 75 'icmp' 'icmp_ln1649_7' <Predicate = true> <Delay = 1.55> <CoreInst = "Cmp">   --->   Core 9 'Cmp' <Latency = 0> <II = 1> <Delay = 1.55> <FuncUnit> <Opcode : 'icmp'> <InPorts = 2> <OutPorts = 1>
ST_1 : Operation 76 [1/1] (1.55ns)   --->   "%icmp_ln1649_8 = icmp_sgt  i8 %tmp, i8 0"   --->   Operation 76 'icmp' 'icmp_ln1649_8' <Predicate = true> <Delay = 1.55> <CoreInst = "Cmp">   --->   Core 9 'Cmp' <Latency = 0> <II = 1> <Delay = 1.55> <FuncUnit> <Opcode : 'icmp'> <InPorts = 2> <OutPorts = 1>
ST_1 : Operation 77 [1/1] (1.55ns)   --->   "%icmp_ln1649_9 = icmp_sgt  i8 %tmp_1, i8 0"   --->   Operation 77 'icmp' 'icmp_ln1649_9' <Predicate = true> <Delay = 1.55> <CoreInst = "Cmp">   --->   Core 9 'Cmp' <Latency = 0> <II = 1> <Delay = 1.55> <FuncUnit> <Opcode : 'icmp'> <InPorts = 2> <OutPorts = 1>
ST_1 : Operation 78 [1/1] (1.55ns)   --->   "%icmp_ln1649_10 = icmp_sgt  i8 %tmp_2, i8 0"   --->   Operation 78 'icmp' 'icmp_ln1649_10' <Predicate = true> <Delay = 1.55> <CoreInst = "Cmp">   --->   Core 9 'Cmp' <Latency = 0> <II = 1> <Delay = 1.55> <FuncUnit> <Opcode : 'icmp'> <InPorts = 2> <OutPorts = 1>
ST_1 : Operation 79 [1/1] (1.55ns)   --->   "%icmp_ln1649_11 = icmp_sgt  i8 %tmp_3, i8 0"   --->   Operation 79 'icmp' 'icmp_ln1649_11' <Predicate = true> <Delay = 1.55> <CoreInst = "Cmp">   --->   Core 9 'Cmp' <Latency = 0> <II = 1> <Delay = 1.55> <FuncUnit> <Opcode : 'icmp'> <InPorts = 2> <OutPorts = 1>
ST_1 : Operation 80 [1/1] (1.55ns)   --->   "%icmp_ln1649_12 = icmp_sgt  i8 %tmp_4, i8 0"   --->   Operation 80 'icmp' 'icmp_ln1649_12' <Predicate = true> <Delay = 1.55> <CoreInst = "Cmp">   --->   Core 9 'Cmp' <Latency = 0> <II = 1> <Delay = 1.55> <FuncUnit> <Opcode : 'icmp'> <InPorts = 2> <OutPorts = 1>
ST_1 : Operation 81 [1/1] (1.55ns)   --->   "%icmp_ln1649_13 = icmp_sgt  i8 %tmp_5, i8 0"   --->   Operation 81 'icmp' 'icmp_ln1649_13' <Predicate = true> <Delay = 1.55> <CoreInst = "Cmp">   --->   Core 9 'Cmp' <Latency = 0> <II = 1> <Delay = 1.55> <FuncUnit> <Opcode : 'icmp'> <InPorts = 2> <OutPorts = 1>
ST_1 : Operation 82 [1/1] (1.55ns)   --->   "%icmp_ln1649_14 = icmp_sgt  i8 %tmp_6, i8 0"   --->   Operation 82 'icmp' 'icmp_ln1649_14' <Predicate = true> <Delay = 1.55> <CoreInst = "Cmp">   --->   Core 9 'Cmp' <Latency = 0> <II = 1> <Delay = 1.55> <FuncUnit> <Opcode : 'icmp'> <InPorts = 2> <OutPorts = 1>
ST_1 : Operation 83 [1/1] (1.55ns)   --->   "%icmp_ln1649_15 = icmp_sgt  i8 %tmp_7, i8 0"   --->   Operation 83 'icmp' 'icmp_ln1649_15' <Predicate = true> <Delay = 1.55> <CoreInst = "Cmp">   --->   Core 9 'Cmp' <Latency = 0> <II = 1> <Delay = 1.55> <FuncUnit> <Opcode : 'icmp'> <InPorts = 2> <OutPorts = 1>
ST_1 : Operation 84 [1/1] (1.55ns)   --->   "%icmp_ln1649_16 = icmp_sgt  i8 %tmp_8, i8 0"   --->   Operation 84 'icmp' 'icmp_ln1649_16' <Predicate = true> <Delay = 1.55> <CoreInst = "Cmp">   --->   Core 9 'Cmp' <Latency = 0> <II = 1> <Delay = 1.55> <FuncUnit> <Opcode : 'icmp'> <InPorts = 2> <OutPorts = 1>
ST_1 : Operation 85 [1/1] (1.55ns)   --->   "%icmp_ln1649_17 = icmp_sgt  i8 %tmp_9, i8 0"   --->   Operation 85 'icmp' 'icmp_ln1649_17' <Predicate = true> <Delay = 1.55> <CoreInst = "Cmp">   --->   Core 9 'Cmp' <Latency = 0> <II = 1> <Delay = 1.55> <FuncUnit> <Opcode : 'icmp'> <InPorts = 2> <OutPorts = 1>
ST_1 : Operation 86 [1/1] (1.55ns)   --->   "%icmp_ln1649_18 = icmp_sgt  i8 %tmp_s, i8 0"   --->   Operation 86 'icmp' 'icmp_ln1649_18' <Predicate = true> <Delay = 1.55> <CoreInst = "Cmp">   --->   Core 9 'Cmp' <Latency = 0> <II = 1> <Delay = 1.55> <FuncUnit> <Opcode : 'icmp'> <InPorts = 2> <OutPorts = 1>
ST_1 : Operation 87 [1/1] (1.55ns)   --->   "%icmp_ln1649_19 = icmp_sgt  i8 %tmp_10, i8 0"   --->   Operation 87 'icmp' 'icmp_ln1649_19' <Predicate = true> <Delay = 1.55> <CoreInst = "Cmp">   --->   Core 9 'Cmp' <Latency = 0> <II = 1> <Delay = 1.55> <FuncUnit> <Opcode : 'icmp'> <InPorts = 2> <OutPorts = 1>
ST_1 : Operation 88 [1/1] (1.55ns)   --->   "%icmp_ln1649_20 = icmp_sgt  i8 %tmp_11, i8 0"   --->   Operation 88 'icmp' 'icmp_ln1649_20' <Predicate = true> <Delay = 1.55> <CoreInst = "Cmp">   --->   Core 9 'Cmp' <Latency = 0> <II = 1> <Delay = 1.55> <FuncUnit> <Opcode : 'icmp'> <InPorts = 2> <OutPorts = 1>
ST_1 : Operation 89 [1/1] (1.55ns)   --->   "%icmp_ln1649_21 = icmp_sgt  i8 %tmp_12, i8 0"   --->   Operation 89 'icmp' 'icmp_ln1649_21' <Predicate = true> <Delay = 1.55> <CoreInst = "Cmp">   --->   Core 9 'Cmp' <Latency = 0> <II = 1> <Delay = 1.55> <FuncUnit> <Opcode : 'icmp'> <InPorts = 2> <OutPorts = 1>
ST_1 : Operation 90 [1/1] (1.55ns)   --->   "%icmp_ln1649_22 = icmp_sgt  i8 %tmp_13, i8 0"   --->   Operation 90 'icmp' 'icmp_ln1649_22' <Predicate = true> <Delay = 1.55> <CoreInst = "Cmp">   --->   Core 9 'Cmp' <Latency = 0> <II = 1> <Delay = 1.55> <FuncUnit> <Opcode : 'icmp'> <InPorts = 2> <OutPorts = 1>
ST_1 : Operation 91 [1/1] (1.55ns)   --->   "%icmp_ln1649_23 = icmp_sgt  i8 %tmp_14, i8 0"   --->   Operation 91 'icmp' 'icmp_ln1649_23' <Predicate = true> <Delay = 1.55> <CoreInst = "Cmp">   --->   Core 9 'Cmp' <Latency = 0> <II = 1> <Delay = 1.55> <FuncUnit> <Opcode : 'icmp'> <InPorts = 2> <OutPorts = 1>
ST_1 : Operation 92 [1/1] (1.55ns)   --->   "%icmp_ln1649_24 = icmp_sgt  i8 %tmp_15, i8 0"   --->   Operation 92 'icmp' 'icmp_ln1649_24' <Predicate = true> <Delay = 1.55> <CoreInst = "Cmp">   --->   Core 9 'Cmp' <Latency = 0> <II = 1> <Delay = 1.55> <FuncUnit> <Opcode : 'icmp'> <InPorts = 2> <OutPorts = 1>
ST_1 : Operation 93 [1/1] (1.55ns)   --->   "%icmp_ln1649_25 = icmp_sgt  i8 %tmp_16, i8 0"   --->   Operation 93 'icmp' 'icmp_ln1649_25' <Predicate = true> <Delay = 1.55> <CoreInst = "Cmp">   --->   Core 9 'Cmp' <Latency = 0> <II = 1> <Delay = 1.55> <FuncUnit> <Opcode : 'icmp'> <InPorts = 2> <OutPorts = 1>
ST_1 : Operation 94 [1/1] (1.55ns)   --->   "%icmp_ln1649_26 = icmp_sgt  i8 %tmp_17, i8 0"   --->   Operation 94 'icmp' 'icmp_ln1649_26' <Predicate = true> <Delay = 1.55> <CoreInst = "Cmp">   --->   Core 9 'Cmp' <Latency = 0> <II = 1> <Delay = 1.55> <FuncUnit> <Opcode : 'icmp'> <InPorts = 2> <OutPorts = 1>
ST_1 : Operation 95 [1/1] (1.55ns)   --->   "%icmp_ln1649_27 = icmp_sgt  i8 %tmp_18, i8 0"   --->   Operation 95 'icmp' 'icmp_ln1649_27' <Predicate = true> <Delay = 1.55> <CoreInst = "Cmp">   --->   Core 9 'Cmp' <Latency = 0> <II = 1> <Delay = 1.55> <FuncUnit> <Opcode : 'icmp'> <InPorts = 2> <OutPorts = 1>
ST_1 : Operation 96 [1/1] (1.55ns)   --->   "%icmp_ln1649_28 = icmp_sgt  i8 %tmp_19, i8 0"   --->   Operation 96 'icmp' 'icmp_ln1649_28' <Predicate = true> <Delay = 1.55> <CoreInst = "Cmp">   --->   Core 9 'Cmp' <Latency = 0> <II = 1> <Delay = 1.55> <FuncUnit> <Opcode : 'icmp'> <InPorts = 2> <OutPorts = 1>
ST_1 : Operation 97 [1/1] (1.55ns)   --->   "%icmp_ln1649_29 = icmp_sgt  i8 %tmp_20, i8 0"   --->   Operation 97 'icmp' 'icmp_ln1649_29' <Predicate = true> <Delay = 1.55> <CoreInst = "Cmp">   --->   Core 9 'Cmp' <Latency = 0> <II = 1> <Delay = 1.55> <FuncUnit> <Opcode : 'icmp'> <InPorts = 2> <OutPorts = 1>
ST_1 : Operation 98 [1/1] (1.55ns)   --->   "%icmp_ln1649_30 = icmp_sgt  i8 %trunc_ln44_2, i8 0"   --->   Operation 98 'icmp' 'icmp_ln1649_30' <Predicate = true> <Delay = 1.55> <CoreInst = "Cmp">   --->   Core 9 'Cmp' <Latency = 0> <II = 1> <Delay = 1.55> <FuncUnit> <Opcode : 'icmp'> <InPorts = 2> <OutPorts = 1>
ST_1 : Operation 99 [1/1] (1.55ns)   --->   "%icmp_ln1649_31 = icmp_sgt  i8 %trunc_ln44_3, i8 0"   --->   Operation 99 'icmp' 'icmp_ln1649_31' <Predicate = true> <Delay = 1.55> <CoreInst = "Cmp">   --->   Core 9 'Cmp' <Latency = 0> <II = 1> <Delay = 1.55> <FuncUnit> <Opcode : 'icmp'> <InPorts = 2> <OutPorts = 1>

State 2 <SV = 1> <Delay = 3.18>
ST_2 : Operation 100 [1/1] (0.00ns)   --->   "%specinterface_ln0 = specinterface void @_ssdm_op_SpecInterface, i256 %layer5_out, void @empty_2, i32 0, i32 0, void @empty_0, i32 0, i32 0, void @empty_0, void @empty_0, void @empty_0, i32 0, i32 0, i32 0, i32 0, void @empty_0, void @empty_0, i32 4294967295, i32 0"   --->   Operation 100 'specinterface' 'specinterface_ln0' <Predicate = true> <Delay = 0.00>
ST_2 : Operation 101 [1/1] (0.00ns)   --->   "%specinterface_ln0 = specinterface void @_ssdm_op_SpecInterface, i256 %layer4_out, void @empty_2, i32 0, i32 0, void @empty_0, i32 0, i32 0, void @empty_0, void @empty_0, void @empty_0, i32 0, i32 0, i32 0, i32 0, void @empty_0, void @empty_0, i32 4294967295, i32 0"   --->   Operation 101 'specinterface' 'specinterface_ln0' <Predicate = true> <Delay = 0.00>
ST_2 : Operation 102 [1/1] (0.99ns)   --->   "%select_ln51 = select i1 %icmp_ln1649, i7 %trunc_ln44_1, i7 0" [firmware/nnet_utils/nnet_activation_stream.h:51]   --->   Operation 102 'select' 'select_ln51' <Predicate = true> <Delay = 0.99> <CoreInst = "Sel">   --->   Core 73 'Sel' <Latency = 0> <II = 1> <Delay = 0.99> <FuncUnit> <Opcode : 'select'> <InPorts = 3> <OutPorts = 1>
ST_2 : Operation 103 [1/1] (0.00ns)   --->   "%zext_ln1649 = zext i7 %select_ln51"   --->   Operation 103 'zext' 'zext_ln1649' <Predicate = true> <Delay = 0.00>
ST_2 : Operation 104 [1/1] (0.99ns)   --->   "%select_ln51_1 = select i1 %icmp_ln1649_1, i7 %trunc_ln44_s, i7 0" [firmware/nnet_utils/nnet_activation_stream.h:51]   --->   Operation 104 'select' 'select_ln51_1' <Predicate = true> <Delay = 0.99> <CoreInst = "Sel">   --->   Core 73 'Sel' <Latency = 0> <II = 1> <Delay = 0.99> <FuncUnit> <Opcode : 'select'> <InPorts = 3> <OutPorts = 1>
ST_2 : Operation 105 [1/1] (0.00ns)   --->   "%zext_ln1649_1 = zext i7 %select_ln51_1"   --->   Operation 105 'zext' 'zext_ln1649_1' <Predicate = true> <Delay = 0.00>
ST_2 : Operation 106 [1/1] (0.99ns)   --->   "%select_ln51_2 = select i1 %icmp_ln1649_2, i7 %trunc_ln44_4, i7 0" [firmware/nnet_utils/nnet_activation_stream.h:51]   --->   Operation 106 'select' 'select_ln51_2' <Predicate = true> <Delay = 0.99> <CoreInst = "Sel">   --->   Core 73 'Sel' <Latency = 0> <II = 1> <Delay = 0.99> <FuncUnit> <Opcode : 'select'> <InPorts = 3> <OutPorts = 1>
ST_2 : Operation 107 [1/1] (0.00ns)   --->   "%zext_ln1649_2 = zext i7 %select_ln51_2"   --->   Operation 107 'zext' 'zext_ln1649_2' <Predicate = true> <Delay = 0.00>
ST_2 : Operation 108 [1/1] (0.99ns)   --->   "%select_ln51_3 = select i1 %icmp_ln1649_3, i7 %trunc_ln44_5, i7 0" [firmware/nnet_utils/nnet_activation_stream.h:51]   --->   Operation 108 'select' 'select_ln51_3' <Predicate = true> <Delay = 0.99> <CoreInst = "Sel">   --->   Core 73 'Sel' <Latency = 0> <II = 1> <Delay = 0.99> <FuncUnit> <Opcode : 'select'> <InPorts = 3> <OutPorts = 1>
ST_2 : Operation 109 [1/1] (0.00ns)   --->   "%zext_ln1649_3 = zext i7 %select_ln51_3"   --->   Operation 109 'zext' 'zext_ln1649_3' <Predicate = true> <Delay = 0.00>
ST_2 : Operation 110 [1/1] (0.99ns)   --->   "%select_ln51_4 = select i1 %icmp_ln1649_4, i7 %trunc_ln44_6, i7 0" [firmware/nnet_utils/nnet_activation_stream.h:51]   --->   Operation 110 'select' 'select_ln51_4' <Predicate = true> <Delay = 0.99> <CoreInst = "Sel">   --->   Core 73 'Sel' <Latency = 0> <II = 1> <Delay = 0.99> <FuncUnit> <Opcode : 'select'> <InPorts = 3> <OutPorts = 1>
ST_2 : Operation 111 [1/1] (0.00ns)   --->   "%zext_ln1649_4 = zext i7 %select_ln51_4"   --->   Operation 111 'zext' 'zext_ln1649_4' <Predicate = true> <Delay = 0.00>
ST_2 : Operation 112 [1/1] (0.99ns)   --->   "%select_ln51_5 = select i1 %icmp_ln1649_5, i7 %trunc_ln44_7, i7 0" [firmware/nnet_utils/nnet_activation_stream.h:51]   --->   Operation 112 'select' 'select_ln51_5' <Predicate = true> <Delay = 0.99> <CoreInst = "Sel">   --->   Core 73 'Sel' <Latency = 0> <II = 1> <Delay = 0.99> <FuncUnit> <Opcode : 'select'> <InPorts = 3> <OutPorts = 1>
ST_2 : Operation 113 [1/1] (0.00ns)   --->   "%zext_ln1649_5 = zext i7 %select_ln51_5"   --->   Operation 113 'zext' 'zext_ln1649_5' <Predicate = true> <Delay = 0.00>
ST_2 : Operation 114 [1/1] (0.99ns)   --->   "%select_ln51_6 = select i1 %icmp_ln1649_6, i7 %trunc_ln44_8, i7 0" [firmware/nnet_utils/nnet_activation_stream.h:51]   --->   Operation 114 'select' 'select_ln51_6' <Predicate = true> <Delay = 0.99> <CoreInst = "Sel">   --->   Core 73 'Sel' <Latency = 0> <II = 1> <Delay = 0.99> <FuncUnit> <Opcode : 'select'> <InPorts = 3> <OutPorts = 1>
ST_2 : Operation 115 [1/1] (0.00ns)   --->   "%zext_ln1649_6 = zext i7 %select_ln51_6"   --->   Operation 115 'zext' 'zext_ln1649_6' <Predicate = true> <Delay = 0.00>
ST_2 : Operation 116 [1/1] (0.99ns)   --->   "%select_ln51_7 = select i1 %icmp_ln1649_7, i7 %trunc_ln44_9, i7 0" [firmware/nnet_utils/nnet_activation_stream.h:51]   --->   Operation 116 'select' 'select_ln51_7' <Predicate = true> <Delay = 0.99> <CoreInst = "Sel">   --->   Core 73 'Sel' <Latency = 0> <II = 1> <Delay = 0.99> <FuncUnit> <Opcode : 'select'> <InPorts = 3> <OutPorts = 1>
ST_2 : Operation 117 [1/1] (0.00ns)   --->   "%zext_ln1649_7 = zext i7 %select_ln51_7"   --->   Operation 117 'zext' 'zext_ln1649_7' <Predicate = true> <Delay = 0.00>
ST_2 : Operation 118 [1/1] (0.99ns)   --->   "%select_ln51_8 = select i1 %icmp_ln1649_8, i7 %trunc_ln44_10, i7 0" [firmware/nnet_utils/nnet_activation_stream.h:51]   --->   Operation 118 'select' 'select_ln51_8' <Predicate = true> <Delay = 0.99> <CoreInst = "Sel">   --->   Core 73 'Sel' <Latency = 0> <II = 1> <Delay = 0.99> <FuncUnit> <Opcode : 'select'> <InPorts = 3> <OutPorts = 1>
ST_2 : Operation 119 [1/1] (0.00ns)   --->   "%zext_ln1649_8 = zext i7 %select_ln51_8"   --->   Operation 119 'zext' 'zext_ln1649_8' <Predicate = true> <Delay = 0.00>
ST_2 : Operation 120 [1/1] (0.99ns)   --->   "%select_ln51_9 = select i1 %icmp_ln1649_9, i7 %trunc_ln44_11, i7 0" [firmware/nnet_utils/nnet_activation_stream.h:51]   --->   Operation 120 'select' 'select_ln51_9' <Predicate = true> <Delay = 0.99> <CoreInst = "Sel">   --->   Core 73 'Sel' <Latency = 0> <II = 1> <Delay = 0.99> <FuncUnit> <Opcode : 'select'> <InPorts = 3> <OutPorts = 1>
ST_2 : Operation 121 [1/1] (0.00ns)   --->   "%zext_ln1649_9 = zext i7 %select_ln51_9"   --->   Operation 121 'zext' 'zext_ln1649_9' <Predicate = true> <Delay = 0.00>
ST_2 : Operation 122 [1/1] (0.99ns)   --->   "%select_ln51_10 = select i1 %icmp_ln1649_10, i7 %trunc_ln44_12, i7 0" [firmware/nnet_utils/nnet_activation_stream.h:51]   --->   Operation 122 'select' 'select_ln51_10' <Predicate = true> <Delay = 0.99> <CoreInst = "Sel">   --->   Core 73 'Sel' <Latency = 0> <II = 1> <Delay = 0.99> <FuncUnit> <Opcode : 'select'> <InPorts = 3> <OutPorts = 1>
ST_2 : Operation 123 [1/1] (0.00ns)   --->   "%zext_ln1649_10 = zext i7 %select_ln51_10"   --->   Operation 123 'zext' 'zext_ln1649_10' <Predicate = true> <Delay = 0.00>
ST_2 : Operation 124 [1/1] (0.99ns)   --->   "%select_ln51_11 = select i1 %icmp_ln1649_11, i7 %trunc_ln44_13, i7 0" [firmware/nnet_utils/nnet_activation_stream.h:51]   --->   Operation 124 'select' 'select_ln51_11' <Predicate = true> <Delay = 0.99> <CoreInst = "Sel">   --->   Core 73 'Sel' <Latency = 0> <II = 1> <Delay = 0.99> <FuncUnit> <Opcode : 'select'> <InPorts = 3> <OutPorts = 1>
ST_2 : Operation 125 [1/1] (0.00ns)   --->   "%zext_ln1649_11 = zext i7 %select_ln51_11"   --->   Operation 125 'zext' 'zext_ln1649_11' <Predicate = true> <Delay = 0.00>
ST_2 : Operation 126 [1/1] (0.99ns)   --->   "%select_ln51_12 = select i1 %icmp_ln1649_12, i7 %trunc_ln44_14, i7 0" [firmware/nnet_utils/nnet_activation_stream.h:51]   --->   Operation 126 'select' 'select_ln51_12' <Predicate = true> <Delay = 0.99> <CoreInst = "Sel">   --->   Core 73 'Sel' <Latency = 0> <II = 1> <Delay = 0.99> <FuncUnit> <Opcode : 'select'> <InPorts = 3> <OutPorts = 1>
ST_2 : Operation 127 [1/1] (0.00ns)   --->   "%zext_ln1649_12 = zext i7 %select_ln51_12"   --->   Operation 127 'zext' 'zext_ln1649_12' <Predicate = true> <Delay = 0.00>
ST_2 : Operation 128 [1/1] (0.99ns)   --->   "%select_ln51_13 = select i1 %icmp_ln1649_13, i7 %trunc_ln44_15, i7 0" [firmware/nnet_utils/nnet_activation_stream.h:51]   --->   Operation 128 'select' 'select_ln51_13' <Predicate = true> <Delay = 0.99> <CoreInst = "Sel">   --->   Core 73 'Sel' <Latency = 0> <II = 1> <Delay = 0.99> <FuncUnit> <Opcode : 'select'> <InPorts = 3> <OutPorts = 1>
ST_2 : Operation 129 [1/1] (0.00ns)   --->   "%zext_ln1649_13 = zext i7 %select_ln51_13"   --->   Operation 129 'zext' 'zext_ln1649_13' <Predicate = true> <Delay = 0.00>
ST_2 : Operation 130 [1/1] (0.99ns)   --->   "%select_ln51_14 = select i1 %icmp_ln1649_14, i7 %trunc_ln44_16, i7 0" [firmware/nnet_utils/nnet_activation_stream.h:51]   --->   Operation 130 'select' 'select_ln51_14' <Predicate = true> <Delay = 0.99> <CoreInst = "Sel">   --->   Core 73 'Sel' <Latency = 0> <II = 1> <Delay = 0.99> <FuncUnit> <Opcode : 'select'> <InPorts = 3> <OutPorts = 1>
ST_2 : Operation 131 [1/1] (0.00ns)   --->   "%zext_ln1649_14 = zext i7 %select_ln51_14"   --->   Operation 131 'zext' 'zext_ln1649_14' <Predicate = true> <Delay = 0.00>
ST_2 : Operation 132 [1/1] (0.99ns)   --->   "%select_ln51_15 = select i1 %icmp_ln1649_15, i7 %trunc_ln44_17, i7 0" [firmware/nnet_utils/nnet_activation_stream.h:51]   --->   Operation 132 'select' 'select_ln51_15' <Predicate = true> <Delay = 0.99> <CoreInst = "Sel">   --->   Core 73 'Sel' <Latency = 0> <II = 1> <Delay = 0.99> <FuncUnit> <Opcode : 'select'> <InPorts = 3> <OutPorts = 1>
ST_2 : Operation 133 [1/1] (0.00ns)   --->   "%zext_ln1649_15 = zext i7 %select_ln51_15"   --->   Operation 133 'zext' 'zext_ln1649_15' <Predicate = true> <Delay = 0.00>
ST_2 : Operation 134 [1/1] (0.99ns)   --->   "%select_ln51_16 = select i1 %icmp_ln1649_16, i7 %trunc_ln44_18, i7 0" [firmware/nnet_utils/nnet_activation_stream.h:51]   --->   Operation 134 'select' 'select_ln51_16' <Predicate = true> <Delay = 0.99> <CoreInst = "Sel">   --->   Core 73 'Sel' <Latency = 0> <II = 1> <Delay = 0.99> <FuncUnit> <Opcode : 'select'> <InPorts = 3> <OutPorts = 1>
ST_2 : Operation 135 [1/1] (0.00ns)   --->   "%zext_ln1649_16 = zext i7 %select_ln51_16"   --->   Operation 135 'zext' 'zext_ln1649_16' <Predicate = true> <Delay = 0.00>
ST_2 : Operation 136 [1/1] (0.99ns)   --->   "%select_ln51_17 = select i1 %icmp_ln1649_17, i7 %trunc_ln44_19, i7 0" [firmware/nnet_utils/nnet_activation_stream.h:51]   --->   Operation 136 'select' 'select_ln51_17' <Predicate = true> <Delay = 0.99> <CoreInst = "Sel">   --->   Core 73 'Sel' <Latency = 0> <II = 1> <Delay = 0.99> <FuncUnit> <Opcode : 'select'> <InPorts = 3> <OutPorts = 1>
ST_2 : Operation 137 [1/1] (0.00ns)   --->   "%zext_ln1649_17 = zext i7 %select_ln51_17"   --->   Operation 137 'zext' 'zext_ln1649_17' <Predicate = true> <Delay = 0.00>
ST_2 : Operation 138 [1/1] (0.99ns)   --->   "%select_ln51_18 = select i1 %icmp_ln1649_18, i7 %trunc_ln44_20, i7 0" [firmware/nnet_utils/nnet_activation_stream.h:51]   --->   Operation 138 'select' 'select_ln51_18' <Predicate = true> <Delay = 0.99> <CoreInst = "Sel">   --->   Core 73 'Sel' <Latency = 0> <II = 1> <Delay = 0.99> <FuncUnit> <Opcode : 'select'> <InPorts = 3> <OutPorts = 1>
ST_2 : Operation 139 [1/1] (0.00ns)   --->   "%zext_ln1649_18 = zext i7 %select_ln51_18"   --->   Operation 139 'zext' 'zext_ln1649_18' <Predicate = true> <Delay = 0.00>
ST_2 : Operation 140 [1/1] (0.99ns)   --->   "%select_ln51_19 = select i1 %icmp_ln1649_19, i7 %trunc_ln44_21, i7 0" [firmware/nnet_utils/nnet_activation_stream.h:51]   --->   Operation 140 'select' 'select_ln51_19' <Predicate = true> <Delay = 0.99> <CoreInst = "Sel">   --->   Core 73 'Sel' <Latency = 0> <II = 1> <Delay = 0.99> <FuncUnit> <Opcode : 'select'> <InPorts = 3> <OutPorts = 1>
ST_2 : Operation 141 [1/1] (0.00ns)   --->   "%zext_ln1649_19 = zext i7 %select_ln51_19"   --->   Operation 141 'zext' 'zext_ln1649_19' <Predicate = true> <Delay = 0.00>
ST_2 : Operation 142 [1/1] (0.99ns)   --->   "%select_ln51_20 = select i1 %icmp_ln1649_20, i7 %trunc_ln44_22, i7 0" [firmware/nnet_utils/nnet_activation_stream.h:51]   --->   Operation 142 'select' 'select_ln51_20' <Predicate = true> <Delay = 0.99> <CoreInst = "Sel">   --->   Core 73 'Sel' <Latency = 0> <II = 1> <Delay = 0.99> <FuncUnit> <Opcode : 'select'> <InPorts = 3> <OutPorts = 1>
ST_2 : Operation 143 [1/1] (0.00ns)   --->   "%zext_ln1649_20 = zext i7 %select_ln51_20"   --->   Operation 143 'zext' 'zext_ln1649_20' <Predicate = true> <Delay = 0.00>
ST_2 : Operation 144 [1/1] (0.99ns)   --->   "%select_ln51_21 = select i1 %icmp_ln1649_21, i7 %trunc_ln44_23, i7 0" [firmware/nnet_utils/nnet_activation_stream.h:51]   --->   Operation 144 'select' 'select_ln51_21' <Predicate = true> <Delay = 0.99> <CoreInst = "Sel">   --->   Core 73 'Sel' <Latency = 0> <II = 1> <Delay = 0.99> <FuncUnit> <Opcode : 'select'> <InPorts = 3> <OutPorts = 1>
ST_2 : Operation 145 [1/1] (0.00ns)   --->   "%zext_ln1649_21 = zext i7 %select_ln51_21"   --->   Operation 145 'zext' 'zext_ln1649_21' <Predicate = true> <Delay = 0.00>
ST_2 : Operation 146 [1/1] (0.99ns)   --->   "%select_ln51_22 = select i1 %icmp_ln1649_22, i7 %trunc_ln44_24, i7 0" [firmware/nnet_utils/nnet_activation_stream.h:51]   --->   Operation 146 'select' 'select_ln51_22' <Predicate = true> <Delay = 0.99> <CoreInst = "Sel">   --->   Core 73 'Sel' <Latency = 0> <II = 1> <Delay = 0.99> <FuncUnit> <Opcode : 'select'> <InPorts = 3> <OutPorts = 1>
ST_2 : Operation 147 [1/1] (0.00ns)   --->   "%zext_ln1649_22 = zext i7 %select_ln51_22"   --->   Operation 147 'zext' 'zext_ln1649_22' <Predicate = true> <Delay = 0.00>
ST_2 : Operation 148 [1/1] (0.99ns)   --->   "%select_ln51_23 = select i1 %icmp_ln1649_23, i7 %trunc_ln44_25, i7 0" [firmware/nnet_utils/nnet_activation_stream.h:51]   --->   Operation 148 'select' 'select_ln51_23' <Predicate = true> <Delay = 0.99> <CoreInst = "Sel">   --->   Core 73 'Sel' <Latency = 0> <II = 1> <Delay = 0.99> <FuncUnit> <Opcode : 'select'> <InPorts = 3> <OutPorts = 1>
ST_2 : Operation 149 [1/1] (0.00ns)   --->   "%zext_ln1649_23 = zext i7 %select_ln51_23"   --->   Operation 149 'zext' 'zext_ln1649_23' <Predicate = true> <Delay = 0.00>
ST_2 : Operation 150 [1/1] (0.99ns)   --->   "%select_ln51_24 = select i1 %icmp_ln1649_24, i7 %trunc_ln44_26, i7 0" [firmware/nnet_utils/nnet_activation_stream.h:51]   --->   Operation 150 'select' 'select_ln51_24' <Predicate = true> <Delay = 0.99> <CoreInst = "Sel">   --->   Core 73 'Sel' <Latency = 0> <II = 1> <Delay = 0.99> <FuncUnit> <Opcode : 'select'> <InPorts = 3> <OutPorts = 1>
ST_2 : Operation 151 [1/1] (0.00ns)   --->   "%zext_ln1649_24 = zext i7 %select_ln51_24"   --->   Operation 151 'zext' 'zext_ln1649_24' <Predicate = true> <Delay = 0.00>
ST_2 : Operation 152 [1/1] (0.99ns)   --->   "%select_ln51_25 = select i1 %icmp_ln1649_25, i7 %trunc_ln44_27, i7 0" [firmware/nnet_utils/nnet_activation_stream.h:51]   --->   Operation 152 'select' 'select_ln51_25' <Predicate = true> <Delay = 0.99> <CoreInst = "Sel">   --->   Core 73 'Sel' <Latency = 0> <II = 1> <Delay = 0.99> <FuncUnit> <Opcode : 'select'> <InPorts = 3> <OutPorts = 1>
ST_2 : Operation 153 [1/1] (0.00ns)   --->   "%zext_ln1649_25 = zext i7 %select_ln51_25"   --->   Operation 153 'zext' 'zext_ln1649_25' <Predicate = true> <Delay = 0.00>
ST_2 : Operation 154 [1/1] (0.99ns)   --->   "%select_ln51_26 = select i1 %icmp_ln1649_26, i7 %trunc_ln44_28, i7 0" [firmware/nnet_utils/nnet_activation_stream.h:51]   --->   Operation 154 'select' 'select_ln51_26' <Predicate = true> <Delay = 0.99> <CoreInst = "Sel">   --->   Core 73 'Sel' <Latency = 0> <II = 1> <Delay = 0.99> <FuncUnit> <Opcode : 'select'> <InPorts = 3> <OutPorts = 1>
ST_2 : Operation 155 [1/1] (0.00ns)   --->   "%zext_ln1649_26 = zext i7 %select_ln51_26"   --->   Operation 155 'zext' 'zext_ln1649_26' <Predicate = true> <Delay = 0.00>
ST_2 : Operation 156 [1/1] (0.99ns)   --->   "%select_ln51_27 = select i1 %icmp_ln1649_27, i7 %trunc_ln44_29, i7 0" [firmware/nnet_utils/nnet_activation_stream.h:51]   --->   Operation 156 'select' 'select_ln51_27' <Predicate = true> <Delay = 0.99> <CoreInst = "Sel">   --->   Core 73 'Sel' <Latency = 0> <II = 1> <Delay = 0.99> <FuncUnit> <Opcode : 'select'> <InPorts = 3> <OutPorts = 1>
ST_2 : Operation 157 [1/1] (0.00ns)   --->   "%zext_ln1649_27 = zext i7 %select_ln51_27"   --->   Operation 157 'zext' 'zext_ln1649_27' <Predicate = true> <Delay = 0.00>
ST_2 : Operation 158 [1/1] (0.99ns)   --->   "%select_ln51_28 = select i1 %icmp_ln1649_28, i7 %trunc_ln44_30, i7 0" [firmware/nnet_utils/nnet_activation_stream.h:51]   --->   Operation 158 'select' 'select_ln51_28' <Predicate = true> <Delay = 0.99> <CoreInst = "Sel">   --->   Core 73 'Sel' <Latency = 0> <II = 1> <Delay = 0.99> <FuncUnit> <Opcode : 'select'> <InPorts = 3> <OutPorts = 1>
ST_2 : Operation 159 [1/1] (0.00ns)   --->   "%zext_ln1649_28 = zext i7 %select_ln51_28"   --->   Operation 159 'zext' 'zext_ln1649_28' <Predicate = true> <Delay = 0.00>
ST_2 : Operation 160 [1/1] (0.99ns)   --->   "%select_ln51_29 = select i1 %icmp_ln1649_29, i7 %trunc_ln44_31, i7 0" [firmware/nnet_utils/nnet_activation_stream.h:51]   --->   Operation 160 'select' 'select_ln51_29' <Predicate = true> <Delay = 0.99> <CoreInst = "Sel">   --->   Core 73 'Sel' <Latency = 0> <II = 1> <Delay = 0.99> <FuncUnit> <Opcode : 'select'> <InPorts = 3> <OutPorts = 1>
ST_2 : Operation 161 [1/1] (0.00ns)   --->   "%zext_ln1649_29 = zext i7 %select_ln51_29"   --->   Operation 161 'zext' 'zext_ln1649_29' <Predicate = true> <Delay = 0.00>
ST_2 : Operation 162 [1/1] (0.99ns)   --->   "%select_ln51_30 = select i1 %icmp_ln1649_30, i7 %trunc_ln44_32, i7 0" [firmware/nnet_utils/nnet_activation_stream.h:51]   --->   Operation 162 'select' 'select_ln51_30' <Predicate = true> <Delay = 0.99> <CoreInst = "Sel">   --->   Core 73 'Sel' <Latency = 0> <II = 1> <Delay = 0.99> <FuncUnit> <Opcode : 'select'> <InPorts = 3> <OutPorts = 1>
ST_2 : Operation 163 [1/1] (0.00ns)   --->   "%zext_ln1649_30 = zext i7 %select_ln51_30"   --->   Operation 163 'zext' 'zext_ln1649_30' <Predicate = true> <Delay = 0.00>
ST_2 : Operation 164 [1/1] (0.99ns)   --->   "%select_ln51_31 = select i1 %icmp_ln1649_31, i7 %trunc_ln, i7 0" [firmware/nnet_utils/nnet_activation_stream.h:51]   --->   Operation 164 'select' 'select_ln51_31' <Predicate = true> <Delay = 0.99> <CoreInst = "Sel">   --->   Core 73 'Sel' <Latency = 0> <II = 1> <Delay = 0.99> <FuncUnit> <Opcode : 'select'> <InPorts = 3> <OutPorts = 1>
ST_2 : Operation 165 [1/1] (0.00ns)   --->   "%or_ln57_s = bitconcatenate i255 @_ssdm_op_BitConcatenate.i255.i7.i8.i8.i8.i8.i8.i8.i8.i8.i8.i8.i8.i8.i8.i8.i8.i8.i8.i8.i8.i8.i8.i8.i8.i8.i8.i8.i8.i8.i8.i8.i8, i7 %select_ln51_31, i8 %zext_ln1649_30, i8 %zext_ln1649_29, i8 %zext_ln1649_28, i8 %zext_ln1649_27, i8 %zext_ln1649_26, i8 %zext_ln1649_25, i8 %zext_ln1649_24, i8 %zext_ln1649_23, i8 %zext_ln1649_22, i8 %zext_ln1649_21, i8 %zext_ln1649_20, i8 %zext_ln1649_19, i8 %zext_ln1649_18, i8 %zext_ln1649_17, i8 %zext_ln1649_16, i8 %zext_ln1649_15, i8 %zext_ln1649_14, i8 %zext_ln1649_13, i8 %zext_ln1649_12, i8 %zext_ln1649_11, i8 %zext_ln1649_10, i8 %zext_ln1649_9, i8 %zext_ln1649_8, i8 %zext_ln1649_7, i8 %zext_ln1649_6, i8 %zext_ln1649_5, i8 %zext_ln1649_4, i8 %zext_ln1649_3, i8 %zext_ln1649_2, i8 %zext_ln1649_1, i8 %zext_ln1649" [firmware/nnet_utils/nnet_activation_stream.h:57]   --->   Operation 165 'bitconcatenate' 'or_ln57_s' <Predicate = true> <Delay = 0.00>
ST_2 : Operation 166 [1/1] (0.00ns)   --->   "%zext_ln57 = zext i255 %or_ln57_s" [firmware/nnet_utils/nnet_activation_stream.h:57]   --->   Operation 166 'zext' 'zext_ln57' <Predicate = true> <Delay = 0.00>
ST_2 : Operation 167 [1/1] (2.18ns)   --->   "%write_ln57 = write void @_ssdm_op_Write.ap_fifo.volatile.i256P0A, i256 %layer5_out, i256 %zext_ln57" [firmware/nnet_utils/nnet_activation_stream.h:57]   --->   Operation 167 'write' 'write_ln57' <Predicate = true> <Delay = 2.18> <CoreInst = "FIFO_SRL">   --->   Core 81 'FIFO_SRL' <Latency = 0> <II = 1> <Delay = 3.63> <Storage> <Opcode : 'read' 'write' 'nbread' 'nbwrite'> <Ports = 0> <Width = 256> <Depth = 1> <FIFO>
ST_2 : Operation 168 [1/1] (0.00ns)   --->   "%ret_ln59 = ret" [firmware/nnet_utils/nnet_activation_stream.h:59]   --->   Operation 168 'ret' 'ret_ln59' <Predicate = true> <Delay = 0.00>


============================================================
+ Verbose Summary: Timing violations
============================================================
Target clock period: 5ns, clock uncertainty: 0.625ns.

 <State 1>: 3.74ns
The critical path consists of the following:
	fifo read operation ('layer4_out_read', firmware/nnet_utils/nnet_activation_stream.h:44) on port 'layer4_out' (firmware/nnet_utils/nnet_activation_stream.h:44) [5]  (2.19 ns)
	'icmp' operation ('icmp_ln1649') [70]  (1.55 ns)

 <State 2>: 3.18ns
The critical path consists of the following:
	'select' operation ('select_ln51', firmware/nnet_utils/nnet_activation_stream.h:51) [71]  (0.993 ns)
	fifo write operation ('write_ln57', firmware/nnet_utils/nnet_activation_stream.h:57) on port 'layer5_out' (firmware/nnet_utils/nnet_activation_stream.h:57) [167]  (2.19 ns)


============================================================
+ Verbose Summary: Binding
============================================================
N/A
* FSMD analyzer results:
  - Output states:
 - Input state : 
  - Chain level:
	State 1
	State 2


============================================================
+ Verbose Summary: Datapath Resource usage 
============================================================
N/A
