

================================================================
== Vitis HLS Report for 'relu_array_ap_fixed_16u_array_ap_fixed_8_2_5_3_0_16u_relu_config9_s'
================================================================
* Date:           Fri Jun 26 18:52:41 2026

* Version:        2022.2 (Build 3670227 on Oct 13 2022)
* Project:        myproject_prj
* Solution:       solution1 (Vivado IP Flow Target)
* Product family: zynq
* Target device:  xc7z020-clg400-1


================================================================
== Performance Estimates
================================================================
+ Timing: 
    * Summary: 
    +--------+---------+----------+------------+
    |  Clock |  Target | Estimated| Uncertainty|
    +--------+---------+----------+------------+
    |ap_clk  |  5.00 ns|  3.739 ns|     0.62 ns|
    +--------+---------+----------+------------+

+ Latency: 
    * Summary: 
    +---------+---------+----------+----------+-----+-----+---------+
    |  Latency (cycles) |  Latency (absolute) |  Interval | Pipeline|
    |   min   |   max   |    min   |    max   | min | max |   Type  |
    +---------+---------+----------+----------+-----+-----+---------+
    |        1|        1|  5.000 ns|  5.000 ns|    1|    1|       no|
    +---------+---------+----------+----------+-----+-----+---------+

    + Detail: 
        * Instance: 
        N/A

        * Loop: 
        N/A

============================================================
+ Verbose Summary: Synthesis Manager
============================================================
InlineROM: 1
ExposeGlobal: 0
============================================================
+ Verbose Summary: CDFG Model
============================================================
IsTopModel: 0
ResetActiveHigh: 1
IsCombinational: 2
IsDatapathOnly: 0
HasWiredReturn: 1
HasMFsm: 0
HasVarLatency: 1
IsPipeline: 0
IsRtlPipelined: 0
IsInstanceOverlapped: 0
IsDontTouch: 0
HasImplIP: 0
IsGatedGlobalClock: 0


============================================================
+ Verbose Summary: Schedule
============================================================
* Number of FSM states : 2
* Pipeline : 0
* Dataflow Pipeline: 0

* FSM state transitions: 
1 --> 2 
2 --> 

* FSM state operations: 

State 1 <SV = 0> <Delay = 3.73>
ST_1 : Operation 3 [1/1] (2.18ns)   --->   "%layer8_out_read = read i128 @_ssdm_op_Read.ap_fifo.volatile.i128P0A, i128 %layer8_out" [firmware/nnet_utils/nnet_activation_stream.h:44]   --->   Operation 3 'read' 'layer8_out_read' <Predicate = true> <Delay = 2.18> <CoreInst = "FIFO_SRL">   --->   Core 81 'FIFO_SRL' <Latency = 0> <II = 1> <Delay = 3.63> <Storage> <Opcode : 'read' 'write' 'nbread' 'nbwrite'> <Ports = 0> <Width = 128> <Depth = 1> <FIFO>
ST_1 : Operation 4 [1/1] (0.00ns)   --->   "%in_data_data = trunc i128 %layer8_out_read" [firmware/nnet_utils/nnet_activation_stream.h:44]   --->   Operation 4 'trunc' 'in_data_data' <Predicate = true> <Delay = 0.00>
ST_1 : Operation 5 [1/1] (0.00ns)   --->   "%trunc_ln44_2 = trunc i128 %layer8_out_read" [firmware/nnet_utils/nnet_activation_stream.h:44]   --->   Operation 5 'trunc' 'trunc_ln44_2' <Predicate = true> <Delay = 0.00>
ST_1 : Operation 6 [1/1] (0.00ns)   --->   "%trunc_ln44_33 = partselect i8 @_ssdm_op_PartSelect.i8.i128.i32.i32, i128 %layer8_out_read, i32 112, i32 119" [firmware/nnet_utils/nnet_activation_stream.h:44]   --->   Operation 6 'partselect' 'trunc_ln44_33' <Predicate = true> <Delay = 0.00>
ST_1 : Operation 7 [1/1] (0.00ns)   --->   "%trunc_ln44_34 = partselect i8 @_ssdm_op_PartSelect.i8.i128.i32.i32, i128 %layer8_out_read, i32 120, i32 127" [firmware/nnet_utils/nnet_activation_stream.h:44]   --->   Operation 7 'partselect' 'trunc_ln44_34' <Predicate = true> <Delay = 0.00>
ST_1 : Operation 8 [1/1] (0.00ns)   --->   "%in_data_data_22 = partselect i8 @_ssdm_op_PartSelect.i8.i128.i32.i32, i128 %layer8_out_read, i32 8, i32 15" [firmware/nnet_utils/nnet_activation_stream.h:44]   --->   Operation 8 'partselect' 'in_data_data_22' <Predicate = true> <Delay = 0.00>
ST_1 : Operation 9 [1/1] (0.00ns)   --->   "%trunc_ln44_s = partselect i7 @_ssdm_op_PartSelect.i7.i128.i32.i32, i128 %layer8_out_read, i32 8, i32 14" [firmware/nnet_utils/nnet_activation_stream.h:44]   --->   Operation 9 'partselect' 'trunc_ln44_s' <Predicate = true> <Delay = 0.00>
ST_1 : Operation 10 [1/1] (0.00ns)   --->   "%in_data_data_23 = partselect i8 @_ssdm_op_PartSelect.i8.i128.i32.i32, i128 %layer8_out_read, i32 16, i32 23" [firmware/nnet_utils/nnet_activation_stream.h:44]   --->   Operation 10 'partselect' 'in_data_data_23' <Predicate = true> <Delay = 0.00>
ST_1 : Operation 11 [1/1] (0.00ns)   --->   "%trunc_ln44_35 = partselect i7 @_ssdm_op_PartSelect.i7.i128.i32.i32, i128 %layer8_out_read, i32 16, i32 22" [firmware/nnet_utils/nnet_activation_stream.h:44]   --->   Operation 11 'partselect' 'trunc_ln44_35' <Predicate = true> <Delay = 0.00>
ST_1 : Operation 12 [1/1] (0.00ns)   --->   "%in_data_data_24 = partselect i8 @_ssdm_op_PartSelect.i8.i128.i32.i32, i128 %layer8_out_read, i32 24, i32 31" [firmware/nnet_utils/nnet_activation_stream.h:44]   --->   Operation 12 'partselect' 'in_data_data_24' <Predicate = true> <Delay = 0.00>
ST_1 : Operation 13 [1/1] (0.00ns)   --->   "%trunc_ln44_36 = partselect i7 @_ssdm_op_PartSelect.i7.i128.i32.i32, i128 %layer8_out_read, i32 24, i32 30" [firmware/nnet_utils/nnet_activation_stream.h:44]   --->   Operation 13 'partselect' 'trunc_ln44_36' <Predicate = true> <Delay = 0.00>
ST_1 : Operation 14 [1/1] (0.00ns)   --->   "%in_data_data_25 = partselect i8 @_ssdm_op_PartSelect.i8.i128.i32.i32, i128 %layer8_out_read, i32 32, i32 39" [firmware/nnet_utils/nnet_activation_stream.h:44]   --->   Operation 14 'partselect' 'in_data_data_25' <Predicate = true> <Delay = 0.00>
ST_1 : Operation 15 [1/1] (0.00ns)   --->   "%trunc_ln44_37 = partselect i7 @_ssdm_op_PartSelect.i7.i128.i32.i32, i128 %layer8_out_read, i32 32, i32 38" [firmware/nnet_utils/nnet_activation_stream.h:44]   --->   Operation 15 'partselect' 'trunc_ln44_37' <Predicate = true> <Delay = 0.00>
ST_1 : Operation 16 [1/1] (0.00ns)   --->   "%in_data_data_26 = partselect i8 @_ssdm_op_PartSelect.i8.i128.i32.i32, i128 %layer8_out_read, i32 40, i32 47" [firmware/nnet_utils/nnet_activation_stream.h:44]   --->   Operation 16 'partselect' 'in_data_data_26' <Predicate = true> <Delay = 0.00>
ST_1 : Operation 17 [1/1] (0.00ns)   --->   "%trunc_ln44_38 = partselect i7 @_ssdm_op_PartSelect.i7.i128.i32.i32, i128 %layer8_out_read, i32 40, i32 46" [firmware/nnet_utils/nnet_activation_stream.h:44]   --->   Operation 17 'partselect' 'trunc_ln44_38' <Predicate = true> <Delay = 0.00>
ST_1 : Operation 18 [1/1] (0.00ns)   --->   "%in_data_data_27 = partselect i8 @_ssdm_op_PartSelect.i8.i128.i32.i32, i128 %layer8_out_read, i32 48, i32 55" [firmware/nnet_utils/nnet_activation_stream.h:44]   --->   Operation 18 'partselect' 'in_data_data_27' <Predicate = true> <Delay = 0.00>
ST_1 : Operation 19 [1/1] (0.00ns)   --->   "%trunc_ln44_39 = partselect i7 @_ssdm_op_PartSelect.i7.i128.i32.i32, i128 %layer8_out_read, i32 48, i32 54" [firmware/nnet_utils/nnet_activation_stream.h:44]   --->   Operation 19 'partselect' 'trunc_ln44_39' <Predicate = true> <Delay = 0.00>
ST_1 : Operation 20 [1/1] (0.00ns)   --->   "%in_data_data_28 = partselect i8 @_ssdm_op_PartSelect.i8.i128.i32.i32, i128 %layer8_out_read, i32 56, i32 63" [firmware/nnet_utils/nnet_activation_stream.h:44]   --->   Operation 20 'partselect' 'in_data_data_28' <Predicate = true> <Delay = 0.00>
ST_1 : Operation 21 [1/1] (0.00ns)   --->   "%trunc_ln44_40 = partselect i7 @_ssdm_op_PartSelect.i7.i128.i32.i32, i128 %layer8_out_read, i32 56, i32 62" [firmware/nnet_utils/nnet_activation_stream.h:44]   --->   Operation 21 'partselect' 'trunc_ln44_40' <Predicate = true> <Delay = 0.00>
ST_1 : Operation 22 [1/1] (0.00ns)   --->   "%tmp = partselect i8 @_ssdm_op_PartSelect.i8.i128.i32.i32, i128 %layer8_out_read, i32 64, i32 71" [firmware/nnet_utils/nnet_activation_stream.h:44]   --->   Operation 22 'partselect' 'tmp' <Predicate = true> <Delay = 0.00>
ST_1 : Operation 23 [1/1] (0.00ns)   --->   "%trunc_ln44_41 = partselect i7 @_ssdm_op_PartSelect.i7.i128.i32.i32, i128 %layer8_out_read, i32 64, i32 70" [firmware/nnet_utils/nnet_activation_stream.h:44]   --->   Operation 23 'partselect' 'trunc_ln44_41' <Predicate = true> <Delay = 0.00>
ST_1 : Operation 24 [1/1] (0.00ns)   --->   "%tmp_s = partselect i8 @_ssdm_op_PartSelect.i8.i128.i32.i32, i128 %layer8_out_read, i32 72, i32 79" [firmware/nnet_utils/nnet_activation_stream.h:44]   --->   Operation 24 'partselect' 'tmp_s' <Predicate = true> <Delay = 0.00>
ST_1 : Operation 25 [1/1] (0.00ns)   --->   "%trunc_ln44_42 = partselect i7 @_ssdm_op_PartSelect.i7.i128.i32.i32, i128 %layer8_out_read, i32 72, i32 78" [firmware/nnet_utils/nnet_activation_stream.h:44]   --->   Operation 25 'partselect' 'trunc_ln44_42' <Predicate = true> <Delay = 0.00>
ST_1 : Operation 26 [1/1] (0.00ns)   --->   "%tmp_21 = partselect i8 @_ssdm_op_PartSelect.i8.i128.i32.i32, i128 %layer8_out_read, i32 80, i32 87" [firmware/nnet_utils/nnet_activation_stream.h:44]   --->   Operation 26 'partselect' 'tmp_21' <Predicate = true> <Delay = 0.00>
ST_1 : Operation 27 [1/1] (0.00ns)   --->   "%trunc_ln44_43 = partselect i7 @_ssdm_op_PartSelect.i7.i128.i32.i32, i128 %layer8_out_read, i32 80, i32 86" [firmware/nnet_utils/nnet_activation_stream.h:44]   --->   Operation 27 'partselect' 'trunc_ln44_43' <Predicate = true> <Delay = 0.00>
ST_1 : Operation 28 [1/1] (0.00ns)   --->   "%tmp_22 = partselect i8 @_ssdm_op_PartSelect.i8.i128.i32.i32, i128 %layer8_out_read, i32 88, i32 95" [firmware/nnet_utils/nnet_activation_stream.h:44]   --->   Operation 28 'partselect' 'tmp_22' <Predicate = true> <Delay = 0.00>
ST_1 : Operation 29 [1/1] (0.00ns)   --->   "%trunc_ln44_44 = partselect i7 @_ssdm_op_PartSelect.i7.i128.i32.i32, i128 %layer8_out_read, i32 88, i32 94" [firmware/nnet_utils/nnet_activation_stream.h:44]   --->   Operation 29 'partselect' 'trunc_ln44_44' <Predicate = true> <Delay = 0.00>
ST_1 : Operation 30 [1/1] (0.00ns)   --->   "%tmp_23 = partselect i8 @_ssdm_op_PartSelect.i8.i128.i32.i32, i128 %layer8_out_read, i32 96, i32 103" [firmware/nnet_utils/nnet_activation_stream.h:44]   --->   Operation 30 'partselect' 'tmp_23' <Predicate = true> <Delay = 0.00>
ST_1 : Operation 31 [1/1] (0.00ns)   --->   "%trunc_ln44_45 = partselect i7 @_ssdm_op_PartSelect.i7.i128.i32.i32, i128 %layer8_out_read, i32 96, i32 102" [firmware/nnet_utils/nnet_activation_stream.h:44]   --->   Operation 31 'partselect' 'trunc_ln44_45' <Predicate = true> <Delay = 0.00>
ST_1 : Operation 32 [1/1] (0.00ns)   --->   "%tmp_24 = partselect i8 @_ssdm_op_PartSelect.i8.i128.i32.i32, i128 %layer8_out_read, i32 104, i32 111" [firmware/nnet_utils/nnet_activation_stream.h:44]   --->   Operation 32 'partselect' 'tmp_24' <Predicate = true> <Delay = 0.00>
ST_1 : Operation 33 [1/1] (0.00ns)   --->   "%trunc_ln44_46 = partselect i7 @_ssdm_op_PartSelect.i7.i128.i32.i32, i128 %layer8_out_read, i32 104, i32 110" [firmware/nnet_utils/nnet_activation_stream.h:44]   --->   Operation 33 'partselect' 'trunc_ln44_46' <Predicate = true> <Delay = 0.00>
ST_1 : Operation 34 [1/1] (0.00ns)   --->   "%trunc_ln44_47 = partselect i7 @_ssdm_op_PartSelect.i7.i128.i32.i32, i128 %layer8_out_read, i32 112, i32 118" [firmware/nnet_utils/nnet_activation_stream.h:44]   --->   Operation 34 'partselect' 'trunc_ln44_47' <Predicate = true> <Delay = 0.00>
ST_1 : Operation 35 [1/1] (0.00ns)   --->   "%trunc_ln = partselect i7 @_ssdm_op_PartSelect.i7.i128.i32.i32, i128 %layer8_out_read, i32 120, i32 126"   --->   Operation 35 'partselect' 'trunc_ln' <Predicate = true> <Delay = 0.00>
ST_1 : Operation 36 [1/1] (1.55ns)   --->   "%icmp_ln1649 = icmp_sgt  i8 %in_data_data, i8 0"   --->   Operation 36 'icmp' 'icmp_ln1649' <Predicate = true> <Delay = 1.55> <CoreInst = "Cmp">   --->   Core 9 'Cmp' <Latency = 0> <II = 1> <Delay = 1.55> <FuncUnit> <Opcode : 'icmp'> <InPorts = 2> <OutPorts = 1>
ST_1 : Operation 37 [1/1] (1.55ns)   --->   "%icmp_ln1649_32 = icmp_sgt  i8 %in_data_data_22, i8 0"   --->   Operation 37 'icmp' 'icmp_ln1649_32' <Predicate = true> <Delay = 1.55> <CoreInst = "Cmp">   --->   Core 9 'Cmp' <Latency = 0> <II = 1> <Delay = 1.55> <FuncUnit> <Opcode : 'icmp'> <InPorts = 2> <OutPorts = 1>
ST_1 : Operation 38 [1/1] (1.55ns)   --->   "%icmp_ln1649_33 = icmp_sgt  i8 %in_data_data_23, i8 0"   --->   Operation 38 'icmp' 'icmp_ln1649_33' <Predicate = true> <Delay = 1.55> <CoreInst = "Cmp">   --->   Core 9 'Cmp' <Latency = 0> <II = 1> <Delay = 1.55> <FuncUnit> <Opcode : 'icmp'> <InPorts = 2> <OutPorts = 1>
ST_1 : Operation 39 [1/1] (1.55ns)   --->   "%icmp_ln1649_34 = icmp_sgt  i8 %in_data_data_24, i8 0"   --->   Operation 39 'icmp' 'icmp_ln1649_34' <Predicate = true> <Delay = 1.55> <CoreInst = "Cmp">   --->   Core 9 'Cmp' <Latency = 0> <II = 1> <Delay = 1.55> <FuncUnit> <Opcode : 'icmp'> <InPorts = 2> <OutPorts = 1>
ST_1 : Operation 40 [1/1] (1.55ns)   --->   "%icmp_ln1649_35 = icmp_sgt  i8 %in_data_data_25, i8 0"   --->   Operation 40 'icmp' 'icmp_ln1649_35' <Predicate = true> <Delay = 1.55> <CoreInst = "Cmp">   --->   Core 9 'Cmp' <Latency = 0> <II = 1> <Delay = 1.55> <FuncUnit> <Opcode : 'icmp'> <InPorts = 2> <OutPorts = 1>
ST_1 : Operation 41 [1/1] (1.55ns)   --->   "%icmp_ln1649_36 = icmp_sgt  i8 %in_data_data_26, i8 0"   --->   Operation 41 'icmp' 'icmp_ln1649_36' <Predicate = true> <Delay = 1.55> <CoreInst = "Cmp">   --->   Core 9 'Cmp' <Latency = 0> <II = 1> <Delay = 1.55> <FuncUnit> <Opcode : 'icmp'> <InPorts = 2> <OutPorts = 1>
ST_1 : Operation 42 [1/1] (1.55ns)   --->   "%icmp_ln1649_37 = icmp_sgt  i8 %in_data_data_27, i8 0"   --->   Operation 42 'icmp' 'icmp_ln1649_37' <Predicate = true> <Delay = 1.55> <CoreInst = "Cmp">   --->   Core 9 'Cmp' <Latency = 0> <II = 1> <Delay = 1.55> <FuncUnit> <Opcode : 'icmp'> <InPorts = 2> <OutPorts = 1>
ST_1 : Operation 43 [1/1] (1.55ns)   --->   "%icmp_ln1649_38 = icmp_sgt  i8 %in_data_data_28, i8 0"   --->   Operation 43 'icmp' 'icmp_ln1649_38' <Predicate = true> <Delay = 1.55> <CoreInst = "Cmp">   --->   Core 9 'Cmp' <Latency = 0> <II = 1> <Delay = 1.55> <FuncUnit> <Opcode : 'icmp'> <InPorts = 2> <OutPorts = 1>
ST_1 : Operation 44 [1/1] (1.55ns)   --->   "%icmp_ln1649_39 = icmp_sgt  i8 %tmp, i8 0"   --->   Operation 44 'icmp' 'icmp_ln1649_39' <Predicate = true> <Delay = 1.55> <CoreInst = "Cmp">   --->   Core 9 'Cmp' <Latency = 0> <II = 1> <Delay = 1.55> <FuncUnit> <Opcode : 'icmp'> <InPorts = 2> <OutPorts = 1>
ST_1 : Operation 45 [1/1] (1.55ns)   --->   "%icmp_ln1649_40 = icmp_sgt  i8 %tmp_s, i8 0"   --->   Operation 45 'icmp' 'icmp_ln1649_40' <Predicate = true> <Delay = 1.55> <CoreInst = "Cmp">   --->   Core 9 'Cmp' <Latency = 0> <II = 1> <Delay = 1.55> <FuncUnit> <Opcode : 'icmp'> <InPorts = 2> <OutPorts = 1>
ST_1 : Operation 46 [1/1] (1.55ns)   --->   "%icmp_ln1649_41 = icmp_sgt  i8 %tmp_21, i8 0"   --->   Operation 46 'icmp' 'icmp_ln1649_41' <Predicate = true> <Delay = 1.55> <CoreInst = "Cmp">   --->   Core 9 'Cmp' <Latency = 0> <II = 1> <Delay = 1.55> <FuncUnit> <Opcode : 'icmp'> <InPorts = 2> <OutPorts = 1>
ST_1 : Operation 47 [1/1] (1.55ns)   --->   "%icmp_ln1649_42 = icmp_sgt  i8 %tmp_22, i8 0"   --->   Operation 47 'icmp' 'icmp_ln1649_42' <Predicate = true> <Delay = 1.55> <CoreInst = "Cmp">   --->   Core 9 'Cmp' <Latency = 0> <II = 1> <Delay = 1.55> <FuncUnit> <Opcode : 'icmp'> <InPorts = 2> <OutPorts = 1>
ST_1 : Operation 48 [1/1] (1.55ns)   --->   "%icmp_ln1649_43 = icmp_sgt  i8 %tmp_23, i8 0"   --->   Operation 48 'icmp' 'icmp_ln1649_43' <Predicate = true> <Delay = 1.55> <CoreInst = "Cmp">   --->   Core 9 'Cmp' <Latency = 0> <II = 1> <Delay = 1.55> <FuncUnit> <Opcode : 'icmp'> <InPorts = 2> <OutPorts = 1>
ST_1 : Operation 49 [1/1] (1.55ns)   --->   "%icmp_ln1649_44 = icmp_sgt  i8 %tmp_24, i8 0"   --->   Operation 49 'icmp' 'icmp_ln1649_44' <Predicate = true> <Delay = 1.55> <CoreInst = "Cmp">   --->   Core 9 'Cmp' <Latency = 0> <II = 1> <Delay = 1.55> <FuncUnit> <Opcode : 'icmp'> <InPorts = 2> <OutPorts = 1>
ST_1 : Operation 50 [1/1] (1.55ns)   --->   "%icmp_ln1649_45 = icmp_sgt  i8 %trunc_ln44_33, i8 0"   --->   Operation 50 'icmp' 'icmp_ln1649_45' <Predicate = true> <Delay = 1.55> <CoreInst = "Cmp">   --->   Core 9 'Cmp' <Latency = 0> <II = 1> <Delay = 1.55> <FuncUnit> <Opcode : 'icmp'> <InPorts = 2> <OutPorts = 1>
ST_1 : Operation 51 [1/1] (1.55ns)   --->   "%icmp_ln1649_46 = icmp_sgt  i8 %trunc_ln44_34, i8 0"   --->   Operation 51 'icmp' 'icmp_ln1649_46' <Predicate = true> <Delay = 1.55> <CoreInst = "Cmp">   --->   Core 9 'Cmp' <Latency = 0> <II = 1> <Delay = 1.55> <FuncUnit> <Opcode : 'icmp'> <InPorts = 2> <OutPorts = 1>

State 2 <SV = 1> <Delay = 3.18>
ST_2 : Operation 52 [1/1] (0.00ns)   --->   "%specinterface_ln0 = specinterface void @_ssdm_op_SpecInterface, i128 %layer9_out, void @empty_2, i32 0, i32 0, void @empty_0, i32 0, i32 0, void @empty_0, void @empty_0, void @empty_0, i32 0, i32 0, i32 0, i32 0, void @empty_0, void @empty_0, i32 4294967295, i32 0"   --->   Operation 52 'specinterface' 'specinterface_ln0' <Predicate = true> <Delay = 0.00>
ST_2 : Operation 53 [1/1] (0.00ns)   --->   "%specinterface_ln0 = specinterface void @_ssdm_op_SpecInterface, i128 %layer8_out, void @empty_2, i32 0, i32 0, void @empty_0, i32 0, i32 0, void @empty_0, void @empty_0, void @empty_0, i32 0, i32 0, i32 0, i32 0, void @empty_0, void @empty_0, i32 4294967295, i32 0"   --->   Operation 53 'specinterface' 'specinterface_ln0' <Predicate = true> <Delay = 0.00>
ST_2 : Operation 54 [1/1] (0.99ns)   --->   "%select_ln51 = select i1 %icmp_ln1649, i7 %trunc_ln44_2, i7 0" [firmware/nnet_utils/nnet_activation_stream.h:51]   --->   Operation 54 'select' 'select_ln51' <Predicate = true> <Delay = 0.99> <CoreInst = "Sel">   --->   Core 73 'Sel' <Latency = 0> <II = 1> <Delay = 0.99> <FuncUnit> <Opcode : 'select'> <InPorts = 3> <OutPorts = 1>
ST_2 : Operation 55 [1/1] (0.00ns)   --->   "%zext_ln1649 = zext i7 %select_ln51"   --->   Operation 55 'zext' 'zext_ln1649' <Predicate = true> <Delay = 0.00>
ST_2 : Operation 56 [1/1] (0.99ns)   --->   "%select_ln51_32 = select i1 %icmp_ln1649_32, i7 %trunc_ln44_s, i7 0" [firmware/nnet_utils/nnet_activation_stream.h:51]   --->   Operation 56 'select' 'select_ln51_32' <Predicate = true> <Delay = 0.99> <CoreInst = "Sel">   --->   Core 73 'Sel' <Latency = 0> <II = 1> <Delay = 0.99> <FuncUnit> <Opcode : 'select'> <InPorts = 3> <OutPorts = 1>
ST_2 : Operation 57 [1/1] (0.00ns)   --->   "%zext_ln1649_31 = zext i7 %select_ln51_32"   --->   Operation 57 'zext' 'zext_ln1649_31' <Predicate = true> <Delay = 0.00>
ST_2 : Operation 58 [1/1] (0.99ns)   --->   "%select_ln51_33 = select i1 %icmp_ln1649_33, i7 %trunc_ln44_35, i7 0" [firmware/nnet_utils/nnet_activation_stream.h:51]   --->   Operation 58 'select' 'select_ln51_33' <Predicate = true> <Delay = 0.99> <CoreInst = "Sel">   --->   Core 73 'Sel' <Latency = 0> <II = 1> <Delay = 0.99> <FuncUnit> <Opcode : 'select'> <InPorts = 3> <OutPorts = 1>
ST_2 : Operation 59 [1/1] (0.00ns)   --->   "%zext_ln1649_32 = zext i7 %select_ln51_33"   --->   Operation 59 'zext' 'zext_ln1649_32' <Predicate = true> <Delay = 0.00>
ST_2 : Operation 60 [1/1] (0.99ns)   --->   "%select_ln51_34 = select i1 %icmp_ln1649_34, i7 %trunc_ln44_36, i7 0" [firmware/nnet_utils/nnet_activation_stream.h:51]   --->   Operation 60 'select' 'select_ln51_34' <Predicate = true> <Delay = 0.99> <CoreInst = "Sel">   --->   Core 73 'Sel' <Latency = 0> <II = 1> <Delay = 0.99> <FuncUnit> <Opcode : 'select'> <InPorts = 3> <OutPorts = 1>
ST_2 : Operation 61 [1/1] (0.00ns)   --->   "%zext_ln1649_33 = zext i7 %select_ln51_34"   --->   Operation 61 'zext' 'zext_ln1649_33' <Predicate = true> <Delay = 0.00>
ST_2 : Operation 62 [1/1] (0.99ns)   --->   "%select_ln51_35 = select i1 %icmp_ln1649_35, i7 %trunc_ln44_37, i7 0" [firmware/nnet_utils/nnet_activation_stream.h:51]   --->   Operation 62 'select' 'select_ln51_35' <Predicate = true> <Delay = 0.99> <CoreInst = "Sel">   --->   Core 73 'Sel' <Latency = 0> <II = 1> <Delay = 0.99> <FuncUnit> <Opcode : 'select'> <InPorts = 3> <OutPorts = 1>
ST_2 : Operation 63 [1/1] (0.00ns)   --->   "%zext_ln1649_34 = zext i7 %select_ln51_35"   --->   Operation 63 'zext' 'zext_ln1649_34' <Predicate = true> <Delay = 0.00>
ST_2 : Operation 64 [1/1] (0.99ns)   --->   "%select_ln51_36 = select i1 %icmp_ln1649_36, i7 %trunc_ln44_38, i7 0" [firmware/nnet_utils/nnet_activation_stream.h:51]   --->   Operation 64 'select' 'select_ln51_36' <Predicate = true> <Delay = 0.99> <CoreInst = "Sel">   --->   Core 73 'Sel' <Latency = 0> <II = 1> <Delay = 0.99> <FuncUnit> <Opcode : 'select'> <InPorts = 3> <OutPorts = 1>
ST_2 : Operation 65 [1/1] (0.00ns)   --->   "%zext_ln1649_35 = zext i7 %select_ln51_36"   --->   Operation 65 'zext' 'zext_ln1649_35' <Predicate = true> <Delay = 0.00>
ST_2 : Operation 66 [1/1] (0.99ns)   --->   "%select_ln51_37 = select i1 %icmp_ln1649_37, i7 %trunc_ln44_39, i7 0" [firmware/nnet_utils/nnet_activation_stream.h:51]   --->   Operation 66 'select' 'select_ln51_37' <Predicate = true> <Delay = 0.99> <CoreInst = "Sel">   --->   Core 73 'Sel' <Latency = 0> <II = 1> <Delay = 0.99> <FuncUnit> <Opcode : 'select'> <InPorts = 3> <OutPorts = 1>
ST_2 : Operation 67 [1/1] (0.00ns)   --->   "%zext_ln1649_36 = zext i7 %select_ln51_37"   --->   Operation 67 'zext' 'zext_ln1649_36' <Predicate = true> <Delay = 0.00>
ST_2 : Operation 68 [1/1] (0.99ns)   --->   "%select_ln51_38 = select i1 %icmp_ln1649_38, i7 %trunc_ln44_40, i7 0" [firmware/nnet_utils/nnet_activation_stream.h:51]   --->   Operation 68 'select' 'select_ln51_38' <Predicate = true> <Delay = 0.99> <CoreInst = "Sel">   --->   Core 73 'Sel' <Latency = 0> <II = 1> <Delay = 0.99> <FuncUnit> <Opcode : 'select'> <InPorts = 3> <OutPorts = 1>
ST_2 : Operation 69 [1/1] (0.00ns)   --->   "%zext_ln1649_37 = zext i7 %select_ln51_38"   --->   Operation 69 'zext' 'zext_ln1649_37' <Predicate = true> <Delay = 0.00>
ST_2 : Operation 70 [1/1] (0.99ns)   --->   "%select_ln51_39 = select i1 %icmp_ln1649_39, i7 %trunc_ln44_41, i7 0" [firmware/nnet_utils/nnet_activation_stream.h:51]   --->   Operation 70 'select' 'select_ln51_39' <Predicate = true> <Delay = 0.99> <CoreInst = "Sel">   --->   Core 73 'Sel' <Latency = 0> <II = 1> <Delay = 0.99> <FuncUnit> <Opcode : 'select'> <InPorts = 3> <OutPorts = 1>
ST_2 : Operation 71 [1/1] (0.00ns)   --->   "%zext_ln1649_38 = zext i7 %select_ln51_39"   --->   Operation 71 'zext' 'zext_ln1649_38' <Predicate = true> <Delay = 0.00>
ST_2 : Operation 72 [1/1] (0.99ns)   --->   "%select_ln51_40 = select i1 %icmp_ln1649_40, i7 %trunc_ln44_42, i7 0" [firmware/nnet_utils/nnet_activation_stream.h:51]   --->   Operation 72 'select' 'select_ln51_40' <Predicate = true> <Delay = 0.99> <CoreInst = "Sel">   --->   Core 73 'Sel' <Latency = 0> <II = 1> <Delay = 0.99> <FuncUnit> <Opcode : 'select'> <InPorts = 3> <OutPorts = 1>
ST_2 : Operation 73 [1/1] (0.00ns)   --->   "%zext_ln1649_39 = zext i7 %select_ln51_40"   --->   Operation 73 'zext' 'zext_ln1649_39' <Predicate = true> <Delay = 0.00>
ST_2 : Operation 74 [1/1] (0.99ns)   --->   "%select_ln51_41 = select i1 %icmp_ln1649_41, i7 %trunc_ln44_43, i7 0" [firmware/nnet_utils/nnet_activation_stream.h:51]   --->   Operation 74 'select' 'select_ln51_41' <Predicate = true> <Delay = 0.99> <CoreInst = "Sel">   --->   Core 73 'Sel' <Latency = 0> <II = 1> <Delay = 0.99> <FuncUnit> <Opcode : 'select'> <InPorts = 3> <OutPorts = 1>
ST_2 : Operation 75 [1/1] (0.00ns)   --->   "%zext_ln1649_40 = zext i7 %select_ln51_41"   --->   Operation 75 'zext' 'zext_ln1649_40' <Predicate = true> <Delay = 0.00>
ST_2 : Operation 76 [1/1] (0.99ns)   --->   "%select_ln51_42 = select i1 %icmp_ln1649_42, i7 %trunc_ln44_44, i7 0" [firmware/nnet_utils/nnet_activation_stream.h:51]   --->   Operation 76 'select' 'select_ln51_42' <Predicate = true> <Delay = 0.99> <CoreInst = "Sel">   --->   Core 73 'Sel' <Latency = 0> <II = 1> <Delay = 0.99> <FuncUnit> <Opcode : 'select'> <InPorts = 3> <OutPorts = 1>
ST_2 : Operation 77 [1/1] (0.00ns)   --->   "%zext_ln1649_41 = zext i7 %select_ln51_42"   --->   Operation 77 'zext' 'zext_ln1649_41' <Predicate = true> <Delay = 0.00>
ST_2 : Operation 78 [1/1] (0.99ns)   --->   "%select_ln51_43 = select i1 %icmp_ln1649_43, i7 %trunc_ln44_45, i7 0" [firmware/nnet_utils/nnet_activation_stream.h:51]   --->   Operation 78 'select' 'select_ln51_43' <Predicate = true> <Delay = 0.99> <CoreInst = "Sel">   --->   Core 73 'Sel' <Latency = 0> <II = 1> <Delay = 0.99> <FuncUnit> <Opcode : 'select'> <InPorts = 3> <OutPorts = 1>
ST_2 : Operation 79 [1/1] (0.00ns)   --->   "%zext_ln1649_42 = zext i7 %select_ln51_43"   --->   Operation 79 'zext' 'zext_ln1649_42' <Predicate = true> <Delay = 0.00>
ST_2 : Operation 80 [1/1] (0.99ns)   --->   "%select_ln51_44 = select i1 %icmp_ln1649_44, i7 %trunc_ln44_46, i7 0" [firmware/nnet_utils/nnet_activation_stream.h:51]   --->   Operation 80 'select' 'select_ln51_44' <Predicate = true> <Delay = 0.99> <CoreInst = "Sel">   --->   Core 73 'Sel' <Latency = 0> <II = 1> <Delay = 0.99> <FuncUnit> <Opcode : 'select'> <InPorts = 3> <OutPorts = 1>
ST_2 : Operation 81 [1/1] (0.00ns)   --->   "%zext_ln1649_43 = zext i7 %select_ln51_44"   --->   Operation 81 'zext' 'zext_ln1649_43' <Predicate = true> <Delay = 0.00>
ST_2 : Operation 82 [1/1] (0.99ns)   --->   "%select_ln51_45 = select i1 %icmp_ln1649_45, i7 %trunc_ln44_47, i7 0" [firmware/nnet_utils/nnet_activation_stream.h:51]   --->   Operation 82 'select' 'select_ln51_45' <Predicate = true> <Delay = 0.99> <CoreInst = "Sel">   --->   Core 73 'Sel' <Latency = 0> <II = 1> <Delay = 0.99> <FuncUnit> <Opcode : 'select'> <InPorts = 3> <OutPorts = 1>
ST_2 : Operation 83 [1/1] (0.00ns)   --->   "%zext_ln1649_44 = zext i7 %select_ln51_45"   --->   Operation 83 'zext' 'zext_ln1649_44' <Predicate = true> <Delay = 0.00>
ST_2 : Operation 84 [1/1] (0.99ns)   --->   "%select_ln51_46 = select i1 %icmp_ln1649_46, i7 %trunc_ln, i7 0" [firmware/nnet_utils/nnet_activation_stream.h:51]   --->   Operation 84 'select' 'select_ln51_46' <Predicate = true> <Delay = 0.99> <CoreInst = "Sel">   --->   Core 73 'Sel' <Latency = 0> <II = 1> <Delay = 0.99> <FuncUnit> <Opcode : 'select'> <InPorts = 3> <OutPorts = 1>
ST_2 : Operation 85 [1/1] (0.00ns)   --->   "%or_ln57_s = bitconcatenate i127 @_ssdm_op_BitConcatenate.i127.i7.i8.i8.i8.i8.i8.i8.i8.i8.i8.i8.i8.i8.i8.i8.i8, i7 %select_ln51_46, i8 %zext_ln1649_44, i8 %zext_ln1649_43, i8 %zext_ln1649_42, i8 %zext_ln1649_41, i8 %zext_ln1649_40, i8 %zext_ln1649_39, i8 %zext_ln1649_38, i8 %zext_ln1649_37, i8 %zext_ln1649_36, i8 %zext_ln1649_35, i8 %zext_ln1649_34, i8 %zext_ln1649_33, i8 %zext_ln1649_32, i8 %zext_ln1649_31, i8 %zext_ln1649" [firmware/nnet_utils/nnet_activation_stream.h:57]   --->   Operation 85 'bitconcatenate' 'or_ln57_s' <Predicate = true> <Delay = 0.00>
ST_2 : Operation 86 [1/1] (0.00ns)   --->   "%zext_ln57 = zext i127 %or_ln57_s" [firmware/nnet_utils/nnet_activation_stream.h:57]   --->   Operation 86 'zext' 'zext_ln57' <Predicate = true> <Delay = 0.00>
ST_2 : Operation 87 [1/1] (2.18ns)   --->   "%write_ln57 = write void @_ssdm_op_Write.ap_fifo.volatile.i128P0A, i128 %layer9_out, i128 %zext_ln57" [firmware/nnet_utils/nnet_activation_stream.h:57]   --->   Operation 87 'write' 'write_ln57' <Predicate = true> <Delay = 2.18> <CoreInst = "FIFO_SRL">   --->   Core 81 'FIFO_SRL' <Latency = 0> <II = 1> <Delay = 3.63> <Storage> <Opcode : 'read' 'write' 'nbread' 'nbwrite'> <Ports = 0> <Width = 128> <Depth = 1> <FIFO>
ST_2 : Operation 88 [1/1] (0.00ns)   --->   "%ret_ln59 = ret" [firmware/nnet_utils/nnet_activation_stream.h:59]   --->   Operation 88 'ret' 'ret_ln59' <Predicate = true> <Delay = 0.00>


============================================================
+ Verbose Summary: Timing violations
============================================================
Target clock period: 5ns, clock uncertainty: 0.625ns.

 <State 1>: 3.74ns
The critical path consists of the following:
	fifo read operation ('layer8_out_read', firmware/nnet_utils/nnet_activation_stream.h:44) on port 'layer8_out' (firmware/nnet_utils/nnet_activation_stream.h:44) [5]  (2.19 ns)
	'icmp' operation ('icmp_ln1649') [38]  (1.55 ns)

 <State 2>: 3.18ns
The critical path consists of the following:
	'select' operation ('select_ln51', firmware/nnet_utils/nnet_activation_stream.h:51) [39]  (0.993 ns)
	fifo write operation ('write_ln57', firmware/nnet_utils/nnet_activation_stream.h:57) on port 'layer9_out' (firmware/nnet_utils/nnet_activation_stream.h:57) [87]  (2.19 ns)


============================================================
+ Verbose Summary: Binding
============================================================
N/A
* FSMD analyzer results:
  - Output states:
 - Input state : 
  - Chain level:
	State 1
	State 2


============================================================
+ Verbose Summary: Datapath Resource usage 
============================================================
N/A
