

================================================================
== Vitis HLS Report for 'sigmoid_array_array_ap_fixed_8_2_5_3_0_1u_sigmoid_config11_s'
================================================================
* Date:           Fri Jun 26 18:52:45 2026

* Version:        2022.2 (Build 3670227 on Oct 13 2022)
* Project:        myproject_prj
* Solution:       solution1 (Vivado IP Flow Target)
* Product family: zynq
* Target device:  xc7z020-clg400-1


================================================================
== Performance Estimates
================================================================
+ Timing: 
    * Summary: 
    +--------+---------+----------+------------+
    |  Clock |  Target | Estimated| Uncertainty|
    +--------+---------+----------+------------+
    |ap_clk  |  5.00 ns|  4.244 ns|     0.62 ns|
    +--------+---------+----------+------------+

+ Latency: 
    * Summary: 
    +---------+---------+-----------+-----------+-----+-----+---------+
    |  Latency (cycles) |   Latency (absolute)  |  Interval | Pipeline|
    |   min   |   max   |    min    |    max    | min | max |   Type  |
    +---------+---------+-----------+-----------+-----+-----+---------+
    |        3|        3|  15.000 ns|  15.000 ns|    3|    3|       no|
    +---------+---------+-----------+-----------+-----+-----+---------+

    + Detail: 
        * Instance: 
        N/A

        * Loop: 
        N/A



================================================================
== Utilization Estimates
================================================================
* Summary: 
+-----------------+---------+-----+--------+-------+-----+
|       Name      | BRAM_18K| DSP |   FF   |  LUT  | URAM|
+-----------------+---------+-----+--------+-------+-----+
|DSP              |        -|    -|       -|      -|    -|
|Expression       |        -|    -|       0|     13|    -|
|FIFO             |        -|    -|       -|      -|    -|
|Instance         |        -|    -|       -|      -|    -|
|Memory           |        1|    -|       0|      0|    -|
|Multiplexer      |        -|    -|       -|     52|    -|
|Register         |        -|    -|      19|      -|    -|
+-----------------+---------+-----+--------+-------+-----+
|Total            |        1|    0|      19|     65|    0|
+-----------------+---------+-----+--------+-------+-----+
|Available        |      280|  220|  106400|  53200|    0|
+-----------------+---------+-----+--------+-------+-----+
|Utilization (%)  |       ~0|    0|      ~0|     ~0|    0|
+-----------------+---------+-----+--------+-------+-----+

+ Detail: 
    * Instance: 
    N/A

    * DSP: 
    N/A

    * Memory: 
    +-----------------+----------------------------------------------------------------------------------+---------+---+----+-----+------+-----+------+-------------+
    |      Memory     |                                      Module                                      | BRAM_18K| FF| LUT| URAM| Words| Bits| Banks| W*Bits*Banks|
    +-----------------+----------------------------------------------------------------------------------+---------+---+----+-----+------+-----+------+-------------+
    |sigmoid_table_U  |sigmoid_array_array_ap_fixed_8_2_5_3_0_1u_sigmoid_config11_s_sigmoid_table_ROg8j  |        1|  0|   0|    0|  1024|   10|     1|        10240|
    +-----------------+----------------------------------------------------------------------------------+---------+---+----+-----+------+-----+------+-------------+
    |Total            |                                                                                  |        1|  0|   0|    0|  1024|   10|     1|        10240|
    +-----------------+----------------------------------------------------------------------------------+---------+---+----+-----+------+-----+------+-------------+

    * FIFO: 
    N/A

    * Expression: 
    +-----------------+----------+----+---+----+------------+------------+
    |  Variable Name  | Operation| DSP| FF| LUT| Bitwidth P0| Bitwidth P1|
    +-----------------+----------+----+---+----+------------+------------+
    |ap_block_state1  |        or|   0|  0|   2|           1|           1|
    |index_fu_59_p2   |       xor|   0|  0|  11|          10|          11|
    +-----------------+----------+----+---+----+------------+------------+
    |Total            |          |   0|  0|  13|          11|          12|
    +-----------------+----------+----+---+----+------------+------------+

    * Multiplexer: 
    +-----------------------+----+-----------+-----+-----------+
    |          Name         | LUT| Input Size| Bits| Total Bits|
    +-----------------------+----+-----------+-----+-----------+
    |ap_NS_fsm              |  25|          5|    1|          5|
    |ap_done                |   9|          2|    1|          2|
    |internal_output_blk_n  |   9|          2|    1|          2|
    |layer10_out_blk_n      |   9|          2|    1|          2|
    +-----------------------+----+-----------+-----+-----------+
    |Total                  |  52|         11|    4|         11|
    +-----------------------+----+-----------+-----+-----------+

    * Register: 
    +---------------------+---+----+-----+-----------+
    |         Name        | FF| LUT| Bits| Const Bits|
    +---------------------+---+----+-----+-----------+
    |ap_CS_fsm            |  4|   0|    4|          0|
    |ap_done_reg          |  1|   0|    1|          0|
    |in_data_data_reg_84  |  8|   0|    8|          0|
    |tmp_reg_94           |  6|   0|    6|          0|
    +---------------------+---+----+-----+-----------+
    |Total                | 19|   0|   19|          0|
    +---------------------+---+----+-----+-----------+



================================================================
== Interface
================================================================
* Summary: 
+--------------------------------+-----+-----+------------+---------------------------------------------------------------+--------------+
|            RTL Ports           | Dir | Bits|  Protocol  |                         Source Object                         |    C Type    |
+--------------------------------+-----+-----+------------+---------------------------------------------------------------+--------------+
|ap_clk                          |   in|    1|  ap_ctrl_hs|  sigmoid<array,array<ap_fixed<8,2,5,3,0>,1u>,sigmoid_config11>|  return value|
|ap_rst                          |   in|    1|  ap_ctrl_hs|  sigmoid<array,array<ap_fixed<8,2,5,3,0>,1u>,sigmoid_config11>|  return value|
|ap_start                        |   in|    1|  ap_ctrl_hs|  sigmoid<array,array<ap_fixed<8,2,5,3,0>,1u>,sigmoid_config11>|  return value|
|ap_done                         |  out|    1|  ap_ctrl_hs|  sigmoid<array,array<ap_fixed<8,2,5,3,0>,1u>,sigmoid_config11>|  return value|
|ap_continue                     |   in|    1|  ap_ctrl_hs|  sigmoid<array,array<ap_fixed<8,2,5,3,0>,1u>,sigmoid_config11>|  return value|
|ap_idle                         |  out|    1|  ap_ctrl_hs|  sigmoid<array,array<ap_fixed<8,2,5,3,0>,1u>,sigmoid_config11>|  return value|
|ap_ready                        |  out|    1|  ap_ctrl_hs|  sigmoid<array,array<ap_fixed<8,2,5,3,0>,1u>,sigmoid_config11>|  return value|
|layer10_out_dout                |   in|    8|     ap_fifo|                                                    layer10_out|       pointer|
|layer10_out_num_data_valid      |   in|    2|     ap_fifo|                                                    layer10_out|       pointer|
|layer10_out_fifo_cap            |   in|    2|     ap_fifo|                                                    layer10_out|       pointer|
|layer10_out_empty_n             |   in|    1|     ap_fifo|                                                    layer10_out|       pointer|
|layer10_out_read                |  out|    1|     ap_fifo|                                                    layer10_out|       pointer|
|internal_output_din             |  out|    8|     ap_fifo|                                                internal_output|       pointer|
|internal_output_num_data_valid  |   in|    2|     ap_fifo|                                                internal_output|       pointer|
|internal_output_fifo_cap        |   in|    2|     ap_fifo|                                                internal_output|       pointer|
|internal_output_full_n          |   in|    1|     ap_fifo|                                                internal_output|       pointer|
|internal_output_write           |  out|    1|     ap_fifo|                                                internal_output|       pointer|
+--------------------------------+-----+-----+------------+---------------------------------------------------------------+--------------+

============================================================
+ Verbose Summary: Synthesis Manager
============================================================
InlineROM: 1
ExposeGlobal: 0
============================================================
+ Verbose Summary: CDFG Model
============================================================
IsTopModel: 0
ResetActiveHigh: 1
IsCombinational: 2
IsDatapathOnly: 0
HasWiredReturn: 1
HasMFsm: 0
HasVarLatency: 1
IsPipeline: 0
IsRtlPipelined: 0
IsInstanceOverlapped: 0
IsDontTouch: 0
HasImplIP: 0
IsGatedGlobalClock: 0


============================================================
+ Verbose Summary: Schedule
============================================================
* Number of FSM states : 4
* Pipeline : 0
* Dataflow Pipeline: 0

* FSM state transitions: 
1 --> 2 
2 --> 3 
3 --> 4 
4 --> 

* FSM state operations: 

State 1 <SV = 0> <Delay = 2.18>
ST_1 : Operation 5 [1/1] (2.18ns)   --->   "%in_data_data = read i8 @_ssdm_op_Read.ap_fifo.volatile.i8P0A, i8 %layer10_out" [firmware/nnet_utils/nnet_activation_stream.h:83]   --->   Operation 5 'read' 'in_data_data' <Predicate = true> <Delay = 2.18> <CoreInst = "FIFO_SRL">   --->   Core 81 'FIFO_SRL' <Latency = 0> <II = 1> <Delay = 3.63> <Storage> <Opcode : 'read' 'write' 'nbread' 'nbwrite'> <Ports = 0> <Width = 8> <Depth = 1> <FIFO>

State 2 <SV = 1> <Delay = 4.24>
ST_2 : Operation 6 [1/1] (0.00ns)   --->   "%sext_ln90 = sext i8 %in_data_data" [firmware/nnet_utils/nnet_activation_stream.h:90]   --->   Operation 6 'sext' 'sext_ln90' <Predicate = true> <Delay = 0.00>
ST_2 : Operation 7 [1/1] (0.99ns)   --->   "%index = xor i10 %sext_ln90, i10 512" [firmware/nnet_utils/nnet_activation_stream.h:91]   --->   Operation 7 'xor' 'index' <Predicate = true> <Delay = 0.99> <CoreInst = "LogicGate">   --->   Core 74 'LogicGate' <Latency = 0> <II = 1> <Delay = 0.99> <FuncUnit> <Opcode : 'and' 'or' 'xor'> <InPorts = 2> <OutPorts = 1>
ST_2 : Operation 8 [1/1] (0.00ns)   --->   "%zext_ln96 = zext i10 %index" [firmware/nnet_utils/nnet_activation_stream.h:96]   --->   Operation 8 'zext' 'zext_ln96' <Predicate = true> <Delay = 0.00>
ST_2 : Operation 9 [1/1] (0.00ns)   --->   "%sigmoid_table_addr = getelementptr i10 %sigmoid_table, i64 0, i64 %zext_ln96"   --->   Operation 9 'getelementptr' 'sigmoid_table_addr' <Predicate = true> <Delay = 0.00>
ST_2 : Operation 10 [2/2] (3.25ns)   --->   "%sigmoid_table_load = load i10 %sigmoid_table_addr"   --->   Operation 10 'load' 'sigmoid_table_load' <Predicate = true> <Delay = 3.25> <CoreInst = "ROM">   --->   Core 95 'ROM' <Latency = 1> <II = 1> <Delay = 3.25> <Storage> <Opcode : 'load'> <Ports = 0> <Width = 10> <Depth = 1024> <ROM>

State 3 <SV = 2> <Delay = 3.25>
ST_3 : Operation 11 [1/2] (3.25ns)   --->   "%sigmoid_table_load = load i10 %sigmoid_table_addr"   --->   Operation 11 'load' 'sigmoid_table_load' <Predicate = true> <Delay = 3.25> <CoreInst = "ROM">   --->   Core 95 'ROM' <Latency = 1> <II = 1> <Delay = 3.25> <Storage> <Opcode : 'load'> <Ports = 0> <Width = 10> <Depth = 1024> <ROM>
ST_3 : Operation 12 [1/1] (0.00ns)   --->   "%tmp = partselect i6 @_ssdm_op_PartSelect.i6.i10.i32.i32, i10 %sigmoid_table_load, i32 4, i32 9"   --->   Operation 12 'partselect' 'tmp' <Predicate = true> <Delay = 0.00>

State 4 <SV = 3> <Delay = 2.18>
ST_4 : Operation 13 [1/1] (0.00ns)   --->   "%specinterface_ln0 = specinterface void @_ssdm_op_SpecInterface, i8 %layer10_out, void @empty_2, i32 0, i32 0, void @empty_0, i32 0, i32 0, void @empty_0, void @empty_0, void @empty_0, i32 0, i32 0, i32 0, i32 0, void @empty_0, void @empty_0, i32 4294967295, i32 0"   --->   Operation 13 'specinterface' 'specinterface_ln0' <Predicate = true> <Delay = 0.00>
ST_4 : Operation 14 [1/1] (0.00ns)   --->   "%specinterface_ln0 = specinterface void @_ssdm_op_SpecInterface, i8 %internal_output, void @empty_2, i32 0, i32 0, void @empty_0, i32 0, i32 0, void @empty_0, void @empty_0, void @empty_0, i32 0, i32 0, i32 0, i32 0, void @empty_0, void @empty_0, i32 4294967295, i32 0"   --->   Operation 14 'specinterface' 'specinterface_ln0' <Predicate = true> <Delay = 0.00>
ST_4 : Operation 15 [1/1] (0.00ns)   --->   "%zext_ln818 = zext i6 %tmp"   --->   Operation 15 'zext' 'zext_ln818' <Predicate = true> <Delay = 0.00>
ST_4 : Operation 16 [1/1] (2.18ns)   --->   "%write_ln99 = write void @_ssdm_op_Write.ap_fifo.volatile.i8P0A, i8 %internal_output, i8 %zext_ln818" [firmware/nnet_utils/nnet_activation_stream.h:99]   --->   Operation 16 'write' 'write_ln99' <Predicate = true> <Delay = 2.18> <CoreInst = "FIFO_SRL">   --->   Core 81 'FIFO_SRL' <Latency = 0> <II = 1> <Delay = 3.63> <Storage> <Opcode : 'read' 'write' 'nbread' 'nbwrite'> <Ports = 0> <Width = 8> <Depth = 2> <FIFO>
ST_4 : Operation 17 [1/1] (0.00ns)   --->   "%ret_ln101 = ret" [firmware/nnet_utils/nnet_activation_stream.h:101]   --->   Operation 17 'ret' 'ret_ln101' <Predicate = true> <Delay = 0.00>


============================================================
+ Verbose Summary: Binding
============================================================
STG Binding: 
---------------- STG Properties BEGIN ----------------
- Is combinational: 0
- Is one-state seq: 0
- Is datapath-only: 0
- Is pipelined: 0
- Is top level: 0
Port [ Return ] is wired: 1; IO mode=ap_ctrl_hs:ce=0
Port [ layer10_out]:  wired=1; compound=1; hidden=0; nouse=0; global=0; static=0; extern=0; dir=0; type=3; pingpong=0; private_global=0; IO mode=ap_fifo:ce=0
Port [ internal_output]:  wired=1; compound=1; hidden=0; nouse=0; global=0; static=0; extern=0; dir=1; type=3; pingpong=0; private_global=0; IO mode=ap_fifo:ce=0
Port [ sigmoid_table]:  wired=0; compound=1; hidden=1; nouse=0; global=1; static=1; extern=0; dir=0; type=1; pingpong=0; private_global=1; MemPort=[1]; IO mode=ap_memory:ce=0
---------------- STG Properties END ------------------

---------------- Datapath Model BEGIN ----------------

<LifeTime>
<method=bitvector/>
in_data_data       (read         ) [ 00100]
sext_ln90          (sext         ) [ 00000]
index              (xor          ) [ 00000]
zext_ln96          (zext         ) [ 00000]
sigmoid_table_addr (getelementptr) [ 00010]
sigmoid_table_load (load         ) [ 00000]
tmp                (partselect   ) [ 00001]
specinterface_ln0  (specinterface) [ 00000]
specinterface_ln0  (specinterface) [ 00000]
zext_ln818         (zext         ) [ 00000]
write_ln99         (write        ) [ 00000]
ret_ln101          (ret          ) [ 00000]
</LifeTime>

<model>

<comp_list>
<comp id="0" class="1000" name="layer10_out">
<pin_list>
<pin id="1" dir="1" index="0" bw="1" slack="0"/>
</pin_list>
<bind>
<StgValue><ssdm name="layer10_out"/></StgValue>
</bind>
</comp>

<comp id="2" class="1000" name="internal_output">
<pin_list>
<pin id="3" dir="1" index="0" bw="1" slack="0"/>
</pin_list>
<bind>
<StgValue><ssdm name="internal_output"/></StgValue>
</bind>
</comp>

<comp id="4" class="1000" name="sigmoid_table">
<pin_list>
<pin id="5" dir="1" index="0" bw="1" slack="0"/>
</pin_list>
<bind>
<StgValue><ssdm name="sigmoid_table"/><MemPortTyVec>1 </MemPortTyVec>
</StgValue>
</bind>
</comp>

<comp id="6" class="1001" name="const_6">
<pin_list>
<pin id="7" dir="1" index="0" bw="1" slack="0"/>
</pin_list>
<bind>
<StgValue><ssdm name="_ssdm_op_Read.ap_fifo.volatile.i8P0A"/></StgValue>
</bind>
</comp>

<comp id="8" class="1001" name="const_8">
<pin_list>
<pin id="9" dir="1" index="0" bw="1" slack="0"/>
</pin_list>
<bind>
<StgValue><ssdm name=""/></StgValue>
</bind>
</comp>

<comp id="10" class="1001" name="const_10">
<pin_list>
<pin id="11" dir="1" index="0" bw="1" slack="0"/>
</pin_list>
<bind>
<StgValue><ssdm name=""/></StgValue>
</bind>
</comp>

<comp id="12" class="1001" name="const_12">
<pin_list>
<pin id="13" dir="1" index="0" bw="1" slack="0"/>
</pin_list>
<bind>
<StgValue><ssdm name="_ssdm_op_PartSelect.i6.i10.i32.i32"/></StgValue>
</bind>
</comp>

<comp id="14" class="1001" name="const_14">
<pin_list>
<pin id="15" dir="1" index="0" bw="1" slack="0"/>
</pin_list>
<bind>
<StgValue><ssdm name=""/></StgValue>
</bind>
</comp>

<comp id="16" class="1001" name="const_16">
<pin_list>
<pin id="17" dir="1" index="0" bw="1" slack="0"/>
</pin_list>
<bind>
<StgValue><ssdm name=""/></StgValue>
</bind>
</comp>

<comp id="18" class="1001" name="const_18">
<pin_list>
<pin id="19" dir="1" index="0" bw="1" slack="2147483647"/>
</pin_list>
<bind>
<StgValue><ssdm name="_ssdm_op_SpecInterface"/></StgValue>
</bind>
</comp>

<comp id="20" class="1001" name="const_20">
<pin_list>
<pin id="21" dir="1" index="0" bw="1" slack="2147483647"/>
</pin_list>
<bind>
<StgValue><ssdm name="empty_2"/></StgValue>
</bind>
</comp>

<comp id="22" class="1001" name="const_22">
<pin_list>
<pin id="23" dir="1" index="0" bw="1" slack="2147483647"/>
</pin_list>
<bind>
<StgValue><ssdm name=""/></StgValue>
</bind>
</comp>

<comp id="24" class="1001" name="const_24">
<pin_list>
<pin id="25" dir="1" index="0" bw="1" slack="2147483647"/>
</pin_list>
<bind>
<StgValue><ssdm name="empty_0"/></StgValue>
</bind>
</comp>

<comp id="26" class="1001" name="const_26">
<pin_list>
<pin id="27" dir="1" index="0" bw="1" slack="2147483647"/>
</pin_list>
<bind>
<StgValue><ssdm name=""/></StgValue>
</bind>
</comp>

<comp id="28" class="1001" name="const_28">
<pin_list>
<pin id="29" dir="1" index="0" bw="1" slack="0"/>
</pin_list>
<bind>
<StgValue><ssdm name="_ssdm_op_Write.ap_fifo.volatile.i8P0A"/></StgValue>
</bind>
</comp>

<comp id="30" class="1004" name="in_data_data_read_fu_30">
<pin_list>
<pin id="31" dir="0" index="0" bw="8" slack="0"/>
<pin id="32" dir="0" index="1" bw="8" slack="0"/>
<pin id="33" dir="1" index="2" bw="8" slack="1"/>
</pin_list>
<bind>
<opcode="read(1150) " fcode="read"/>
<opset="in_data_data/1 "/>
</bind>
</comp>

<comp id="36" class="1004" name="write_ln99_write_fu_36">
<pin_list>
<pin id="37" dir="0" index="0" bw="0" slack="0"/>
<pin id="38" dir="0" index="1" bw="8" slack="0"/>
<pin id="39" dir="0" index="2" bw="6" slack="0"/>
<pin id="40" dir="1" index="3" bw="0" slack="2147483647"/>
</pin_list>
<bind>
<opcode="write(1151) " fcode="write"/>
<opset="write_ln99/4 "/>
</bind>
</comp>

<comp id="43" class="1004" name="sigmoid_table_addr_gep_fu_43">
<pin_list>
<pin id="44" dir="0" index="0" bw="10" slack="0"/>
<pin id="45" dir="0" index="1" bw="1" slack="0"/>
<pin id="46" dir="0" index="2" bw="10" slack="0"/>
<pin id="47" dir="1" index="3" bw="10" slack="0"/>
</pin_list>
<bind>
<opcode="getelementptr(29) " fcode="getelementptr"/>
<opset="sigmoid_table_addr/2 "/>
</bind>
</comp>

<comp id="50" class="1004" name="grp_access_fu_50">
<pin_list>
<pin id="51" dir="0" index="0" bw="10" slack="0"/>
<pin id="52" dir="0" index="1" bw="10" slack="2147483647"/>
<pin id="53" dir="0" index="2" bw="0" slack="2147483647"/>
<pin id="54" dir="1" index="3" bw="10" slack="0"/>
</pin_list>
<bind>
<opcode="load(27) " fcode="load"/>
<opset="sigmoid_table_load/2 "/>
</bind>
</comp>

<comp id="56" class="1004" name="sext_ln90_fu_56">
<pin_list>
<pin id="57" dir="0" index="0" bw="8" slack="1"/>
<pin id="58" dir="1" index="1" bw="10" slack="0"/>
</pin_list>
<bind>
<opcode="sext(35) " fcode="sext"/>
<opset="sext_ln90/2 "/>
</bind>
</comp>

<comp id="59" class="1004" name="index_fu_59">
<pin_list>
<pin id="60" dir="0" index="0" bw="10" slack="0"/>
<pin id="61" dir="0" index="1" bw="10" slack="0"/>
<pin id="62" dir="1" index="2" bw="10" slack="0"/>
</pin_list>
<bind>
<opcode="xor(25) " fcode="xor"/>
<opset="index/2 "/>
</bind>
</comp>

<comp id="65" class="1004" name="zext_ln96_fu_65">
<pin_list>
<pin id="66" dir="0" index="0" bw="10" slack="0"/>
<pin id="67" dir="1" index="1" bw="64" slack="0"/>
</pin_list>
<bind>
<opcode="zext(34) " fcode="zext"/>
<opset="zext_ln96/2 "/>
</bind>
</comp>

<comp id="70" class="1004" name="tmp_fu_70">
<pin_list>
<pin id="71" dir="0" index="0" bw="6" slack="0"/>
<pin id="72" dir="0" index="1" bw="10" slack="0"/>
<pin id="73" dir="0" index="2" bw="4" slack="0"/>
<pin id="74" dir="0" index="3" bw="5" slack="0"/>
<pin id="75" dir="1" index="4" bw="6" slack="1"/>
</pin_list>
<bind>
<opcode="partselect(1002) " fcode="partselect"/>
<opset="tmp/3 "/>
</bind>
</comp>

<comp id="80" class="1004" name="zext_ln818_fu_80">
<pin_list>
<pin id="81" dir="0" index="0" bw="6" slack="1"/>
<pin id="82" dir="1" index="1" bw="8" slack="0"/>
</pin_list>
<bind>
<opcode="zext(34) " fcode="zext"/>
<opset="zext_ln818/4 "/>
</bind>
</comp>

<comp id="84" class="1005" name="in_data_data_reg_84">
<pin_list>
<pin id="85" dir="0" index="0" bw="8" slack="1"/>
<pin id="86" dir="1" index="1" bw="8" slack="1"/>
</pin_list>
<bind>
<opset="in_data_data "/>
</bind>
</comp>

<comp id="89" class="1005" name="sigmoid_table_addr_reg_89">
<pin_list>
<pin id="90" dir="0" index="0" bw="10" slack="1"/>
<pin id="91" dir="1" index="1" bw="10" slack="1"/>
</pin_list>
<bind>
<opset="sigmoid_table_addr "/>
</bind>
</comp>

<comp id="94" class="1005" name="tmp_reg_94">
<pin_list>
<pin id="95" dir="0" index="0" bw="6" slack="1"/>
<pin id="96" dir="1" index="1" bw="6" slack="1"/>
</pin_list>
<bind>
<opset="tmp "/>
</bind>
</comp>

</comp_list>

<net_list>
<net id="34"><net_src comp="6" pin="0"/><net_sink comp="30" pin=0"/></net>

<net id="35"><net_src comp="0" pin="0"/><net_sink comp="30" pin=1"/></net>

<net id="41"><net_src comp="28" pin="0"/><net_sink comp="36" pin=0"/></net>

<net id="42"><net_src comp="2" pin="0"/><net_sink comp="36" pin=1"/></net>

<net id="48"><net_src comp="4" pin="0"/><net_sink comp="43" pin=0"/></net>

<net id="49"><net_src comp="10" pin="0"/><net_sink comp="43" pin=1"/></net>

<net id="55"><net_src comp="43" pin="3"/><net_sink comp="50" pin=0"/></net>

<net id="63"><net_src comp="56" pin="1"/><net_sink comp="59" pin=0"/></net>

<net id="64"><net_src comp="8" pin="0"/><net_sink comp="59" pin=1"/></net>

<net id="68"><net_src comp="59" pin="2"/><net_sink comp="65" pin=0"/></net>

<net id="69"><net_src comp="65" pin="1"/><net_sink comp="43" pin=2"/></net>

<net id="76"><net_src comp="12" pin="0"/><net_sink comp="70" pin=0"/></net>

<net id="77"><net_src comp="50" pin="3"/><net_sink comp="70" pin=1"/></net>

<net id="78"><net_src comp="14" pin="0"/><net_sink comp="70" pin=2"/></net>

<net id="79"><net_src comp="16" pin="0"/><net_sink comp="70" pin=3"/></net>

<net id="83"><net_src comp="80" pin="1"/><net_sink comp="36" pin=2"/></net>

<net id="87"><net_src comp="30" pin="2"/><net_sink comp="84" pin=0"/></net>

<net id="88"><net_src comp="84" pin="1"/><net_sink comp="56" pin=0"/></net>

<net id="92"><net_src comp="43" pin="3"/><net_sink comp="89" pin=0"/></net>

<net id="93"><net_src comp="89" pin="1"/><net_sink comp="50" pin=0"/></net>

<net id="97"><net_src comp="70" pin="4"/><net_sink comp="94" pin=0"/></net>

<net id="98"><net_src comp="94" pin="1"/><net_sink comp="80" pin=0"/></net>

</net_list>

</model> 
---------------- Datapath Model END ------------------

* FSMD analyzer results:
  - Output states:
	Port: internal_output | {4 }
	Port: sigmoid_table | {}
 - Input state : 
	Port: sigmoid<array,array<ap_fixed<8,2,5,3,0>,1u>,sigmoid_config11> : layer10_out | {1 }
	Port: sigmoid<array,array<ap_fixed<8,2,5,3,0>,1u>,sigmoid_config11> : internal_output | {}
	Port: sigmoid<array,array<ap_fixed<8,2,5,3,0>,1u>,sigmoid_config11> : sigmoid_table | {2 3 }
  - Chain level:
	State 1
	State 2
		index : 1
		zext_ln96 : 1
		sigmoid_table_addr : 2
		sigmoid_table_load : 3
	State 3
		tmp : 1
	State 4
		write_ln99 : 1


============================================================
+ Verbose Summary: Datapath Resource usage 
============================================================

* Functional unit list:
|----------|-------------------------|---------|---------|
| Operation|     Functional Unit     |    FF   |   LUT   |
|----------|-------------------------|---------|---------|
|    xor   |       index_fu_59       |    0    |    10   |
|----------|-------------------------|---------|---------|
|   read   | in_data_data_read_fu_30 |    0    |    0    |
|----------|-------------------------|---------|---------|
|   write  |  write_ln99_write_fu_36 |    0    |    0    |
|----------|-------------------------|---------|---------|
|   sext   |     sext_ln90_fu_56     |    0    |    0    |
|----------|-------------------------|---------|---------|
|   zext   |     zext_ln96_fu_65     |    0    |    0    |
|          |     zext_ln818_fu_80    |    0    |    0    |
|----------|-------------------------|---------|---------|
|partselect|        tmp_fu_70        |    0    |    0    |
|----------|-------------------------|---------|---------|
|   Total  |                         |    0    |    10   |
|----------|-------------------------|---------|---------|

Memories:
N/A

* Register list:
+-------------------------+--------+
|                         |   FF   |
+-------------------------+--------+
|   in_data_data_reg_84   |    8   |
|sigmoid_table_addr_reg_89|   10   |
|        tmp_reg_94       |    6   |
+-------------------------+--------+
|          Total          |   24   |
+-------------------------+--------+

* Multiplexer (MUX) list: 
|------------------|------|------|------|--------||---------||---------|
|       Comp       |  Pin | Size |  BW  | S x BW ||  Delay  ||   LUT   |
|------------------|------|------|------|--------||---------||---------|
| grp_access_fu_50 |  p0  |   2  |  10  |   20   ||    9    |
|------------------|------|------|------|--------||---------||---------|
|       Total      |      |      |      |   20   ||  1.588  ||    9    |
|------------------|------|------|------|--------||---------||---------|



* Summary:
+-----------+--------+--------+--------+
|           |  Delay |   FF   |   LUT  |
+-----------+--------+--------+--------+
|  Function |    -   |    0   |   10   |
|   Memory  |    -   |    -   |    -   |
|Multiplexer|    1   |    -   |    9   |
|  Register |    -   |   24   |    -   |
+-----------+--------+--------+--------+
|   Total   |    1   |   24   |   19   |
+-----------+--------+--------+--------+
