

================================================================
== Vitis HLS Report for 'sigmoid_array_array_ap_fixed_8_2_5_3_0_1u_sigmoid_config11_s'
================================================================
* Date:           Fri Jun 26 18:52:42 2026

* Version:        2022.2 (Build 3670227 on Oct 13 2022)
* Project:        myproject_prj
* Solution:       solution1 (Vivado IP Flow Target)
* Product family: zynq
* Target device:  xc7z020-clg400-1


================================================================
== Performance Estimates
================================================================
+ Timing: 
    * Summary: 
    +--------+---------+----------+------------+
    |  Clock |  Target | Estimated| Uncertainty|
    +--------+---------+----------+------------+
    |ap_clk  |  5.00 ns|  4.244 ns|     0.62 ns|
    +--------+---------+----------+------------+

+ Latency: 
    * Summary: 
    +---------+---------+-----------+-----------+-----+-----+---------+
    |  Latency (cycles) |   Latency (absolute)  |  Interval | Pipeline|
    |   min   |   max   |    min    |    max    | min | max |   Type  |
    +---------+---------+-----------+-----------+-----+-----+---------+
    |        3|        3|  15.000 ns|  15.000 ns|    3|    3|       no|
    +---------+---------+-----------+-----------+-----+-----+---------+

    + Detail: 
        * Instance: 
        N/A

        * Loop: 
        N/A

============================================================
+ Verbose Summary: Synthesis Manager
============================================================
InlineROM: 1
ExposeGlobal: 0
============================================================
+ Verbose Summary: CDFG Model
============================================================
IsTopModel: 0
ResetActiveHigh: 1
IsCombinational: 2
IsDatapathOnly: 0
HasWiredReturn: 1
HasMFsm: 0
HasVarLatency: 1
IsPipeline: 0
IsRtlPipelined: 0
IsInstanceOverlapped: 0
IsDontTouch: 0
HasImplIP: 0
IsGatedGlobalClock: 0


============================================================
+ Verbose Summary: Schedule
============================================================
* Number of FSM states : 4
* Pipeline : 0
* Dataflow Pipeline: 0

* FSM state transitions: 
1 --> 2 
2 --> 3 
3 --> 4 
4 --> 

* FSM state operations: 

State 1 <SV = 0> <Delay = 2.18>
ST_1 : Operation 5 [1/1] (2.18ns)   --->   "%in_data_data = read i8 @_ssdm_op_Read.ap_fifo.volatile.i8P0A, i8 %layer10_out" [firmware/nnet_utils/nnet_activation_stream.h:83]   --->   Operation 5 'read' 'in_data_data' <Predicate = true> <Delay = 2.18> <CoreInst = "FIFO_SRL">   --->   Core 81 'FIFO_SRL' <Latency = 0> <II = 1> <Delay = 3.63> <Storage> <Opcode : 'read' 'write' 'nbread' 'nbwrite'> <Ports = 0> <Width = 8> <Depth = 1> <FIFO>

State 2 <SV = 1> <Delay = 4.24>
ST_2 : Operation 6 [1/1] (0.00ns)   --->   "%sext_ln90 = sext i8 %in_data_data" [firmware/nnet_utils/nnet_activation_stream.h:90]   --->   Operation 6 'sext' 'sext_ln90' <Predicate = true> <Delay = 0.00>
ST_2 : Operation 7 [1/1] (0.99ns)   --->   "%index = xor i10 %sext_ln90, i10 512" [firmware/nnet_utils/nnet_activation_stream.h:91]   --->   Operation 7 'xor' 'index' <Predicate = true> <Delay = 0.99> <CoreInst = "LogicGate">   --->   Core 74 'LogicGate' <Latency = 0> <II = 1> <Delay = 0.99> <FuncUnit> <Opcode : 'and' 'or' 'xor'> <InPorts = 2> <OutPorts = 1>
ST_2 : Operation 8 [1/1] (0.00ns)   --->   "%zext_ln96 = zext i10 %index" [firmware/nnet_utils/nnet_activation_stream.h:96]   --->   Operation 8 'zext' 'zext_ln96' <Predicate = true> <Delay = 0.00>
ST_2 : Operation 9 [1/1] (0.00ns)   --->   "%sigmoid_table_addr = getelementptr i10 %sigmoid_table, i64 0, i64 %zext_ln96"   --->   Operation 9 'getelementptr' 'sigmoid_table_addr' <Predicate = true> <Delay = 0.00>
ST_2 : Operation 10 [2/2] (3.25ns)   --->   "%sigmoid_table_load = load i10 %sigmoid_table_addr"   --->   Operation 10 'load' 'sigmoid_table_load' <Predicate = true> <Delay = 3.25> <CoreInst = "ROM">   --->   Core 95 'ROM' <Latency = 1> <II = 1> <Delay = 3.25> <Storage> <Opcode : 'load'> <Ports = 0> <Width = 10> <Depth = 1024> <ROM>

State 3 <SV = 2> <Delay = 3.25>
ST_3 : Operation 11 [1/2] (3.25ns)   --->   "%sigmoid_table_load = load i10 %sigmoid_table_addr"   --->   Operation 11 'load' 'sigmoid_table_load' <Predicate = true> <Delay = 3.25> <CoreInst = "ROM">   --->   Core 95 'ROM' <Latency = 1> <II = 1> <Delay = 3.25> <Storage> <Opcode : 'load'> <Ports = 0> <Width = 10> <Depth = 1024> <ROM>
ST_3 : Operation 12 [1/1] (0.00ns)   --->   "%tmp = partselect i6 @_ssdm_op_PartSelect.i6.i10.i32.i32, i10 %sigmoid_table_load, i32 4, i32 9"   --->   Operation 12 'partselect' 'tmp' <Predicate = true> <Delay = 0.00>

State 4 <SV = 3> <Delay = 2.18>
ST_4 : Operation 13 [1/1] (0.00ns)   --->   "%specinterface_ln0 = specinterface void @_ssdm_op_SpecInterface, i8 %layer10_out, void @empty_2, i32 0, i32 0, void @empty_0, i32 0, i32 0, void @empty_0, void @empty_0, void @empty_0, i32 0, i32 0, i32 0, i32 0, void @empty_0, void @empty_0, i32 4294967295, i32 0"   --->   Operation 13 'specinterface' 'specinterface_ln0' <Predicate = true> <Delay = 0.00>
ST_4 : Operation 14 [1/1] (0.00ns)   --->   "%specinterface_ln0 = specinterface void @_ssdm_op_SpecInterface, i8 %internal_output, void @empty_2, i32 0, i32 0, void @empty_0, i32 0, i32 0, void @empty_0, void @empty_0, void @empty_0, i32 0, i32 0, i32 0, i32 0, void @empty_0, void @empty_0, i32 4294967295, i32 0"   --->   Operation 14 'specinterface' 'specinterface_ln0' <Predicate = true> <Delay = 0.00>
ST_4 : Operation 15 [1/1] (0.00ns)   --->   "%zext_ln818 = zext i6 %tmp"   --->   Operation 15 'zext' 'zext_ln818' <Predicate = true> <Delay = 0.00>
ST_4 : Operation 16 [1/1] (2.18ns)   --->   "%write_ln99 = write void @_ssdm_op_Write.ap_fifo.volatile.i8P0A, i8 %internal_output, i8 %zext_ln818" [firmware/nnet_utils/nnet_activation_stream.h:99]   --->   Operation 16 'write' 'write_ln99' <Predicate = true> <Delay = 2.18> <CoreInst = "FIFO_SRL">   --->   Core 81 'FIFO_SRL' <Latency = 0> <II = 1> <Delay = 3.63> <Storage> <Opcode : 'read' 'write' 'nbread' 'nbwrite'> <Ports = 0> <Width = 8> <Depth = 2> <FIFO>
ST_4 : Operation 17 [1/1] (0.00ns)   --->   "%ret_ln101 = ret" [firmware/nnet_utils/nnet_activation_stream.h:101]   --->   Operation 17 'ret' 'ret_ln101' <Predicate = true> <Delay = 0.00>


============================================================
+ Verbose Summary: Timing violations
============================================================
Target clock period: 5ns, clock uncertainty: 0.625ns.

 <State 1>: 2.19ns
The critical path consists of the following:
	fifo read operation ('in_data.data', firmware/nnet_utils/nnet_activation_stream.h:83) on port 'layer10_out' (firmware/nnet_utils/nnet_activation_stream.h:83) [6]  (2.19 ns)

 <State 2>: 4.24ns
The critical path consists of the following:
	'xor' operation ('index', firmware/nnet_utils/nnet_activation_stream.h:91) [8]  (0.99 ns)
	'getelementptr' operation ('sigmoid_table_addr') [10]  (0 ns)
	'load' operation ('sigmoid_table_load') on array 'sigmoid_table' [11]  (3.25 ns)

 <State 3>: 3.25ns
The critical path consists of the following:
	'load' operation ('sigmoid_table_load') on array 'sigmoid_table' [11]  (3.25 ns)

 <State 4>: 2.19ns
The critical path consists of the following:
	fifo write operation ('write_ln99', firmware/nnet_utils/nnet_activation_stream.h:99) on port 'internal_output' (firmware/nnet_utils/nnet_activation_stream.h:99) [14]  (2.19 ns)


============================================================
+ Verbose Summary: Binding
============================================================
N/A
* FSMD analyzer results:
  - Output states:
 - Input state : 
  - Chain level:
	State 1
	State 2
	State 3
	State 4


============================================================
+ Verbose Summary: Datapath Resource usage 
============================================================
N/A
