

================================================================
== Vitis HLS Report for 'Block_inference_for_cond_i_exit13_proc3'
================================================================
* Date:           Fri Jun 26 18:52:45 2026

* Version:        2022.2 (Build 3670227 on Oct 13 2022)
* Project:        myproject_prj
* Solution:       solution1 (Vivado IP Flow Target)
* Product family: zynq
* Target device:  xc7z020-clg400-1


================================================================
== Performance Estimates
================================================================
+ Timing: 
    * Summary: 
    +--------+---------+----------+------------+
    |  Clock |  Target | Estimated| Uncertainty|
    +--------+---------+----------+------------+
    |ap_clk  |  5.00 ns|  4.212 ns|     0.62 ns|
    +--------+---------+----------+------------+

+ Latency: 
    * Summary: 
    +---------+---------+-----------+-----------+-----+-----+---------+
    |  Latency (cycles) |   Latency (absolute)  |  Interval | Pipeline|
    |   min   |   max   |    min    |    max    | min | max |   Type  |
    +---------+---------+-----------+-----------+-----+-----+---------+
    |       10|       10|  50.000 ns|  50.000 ns|   10|   10|       no|
    +---------+---------+-----------+-----------+-----+-----+---------+

    + Detail: 
        * Instance: 
        N/A

        * Loop: 
        N/A



================================================================
== Utilization Estimates
================================================================
* Summary: 
+-----------------+---------+-----+--------+-------+-----+
|       Name      | BRAM_18K| DSP |   FF   |  LUT  | URAM|
+-----------------+---------+-----+--------+-------+-----+
|DSP              |        -|    -|       -|      -|    -|
|Expression       |        -|    -|       0|    505|    -|
|FIFO             |        -|    -|       -|      -|    -|
|Instance         |        -|    -|     280|    242|    -|
|Memory           |        -|    -|       -|      -|    -|
|Multiplexer      |        -|    -|       -|     92|    -|
|Register         |        -|    -|     480|      -|    -|
+-----------------+---------+-----+--------+-------+-----+
|Total            |        0|    0|     760|    839|    0|
+-----------------+---------+-----+--------+-------+-----+
|Available        |      280|  220|  106400|  53200|    0|
+-----------------+---------+-----+--------+-------+-----+
|Utilization (%)  |        0|    0|      ~0|      1|    0|
+-----------------+---------+-----+--------+-------+-----+

+ Detail: 
    * Instance: 
    +---------------------------------+-----------------------------+---------+----+-----+-----+-----+
    |             Instance            |            Module           | BRAM_18K| DSP|  FF | LUT | URAM|
    +---------------------------------+-----------------------------+---------+----+-----+-----+-----+
    |dcmp_64ns_64ns_1_4_no_dsp_1_U98  |dcmp_64ns_64ns_1_4_no_dsp_1  |        0|   0|    0|    0|    0|
    |lshr_64ns_32ns_64_2_1_U99        |lshr_64ns_32ns_64_2_1        |        0|   0|  140|  121|    0|
    |shl_64ns_32ns_64_2_1_U100        |shl_64ns_32ns_64_2_1         |        0|   0|  140|  121|    0|
    +---------------------------------+-----------------------------+---------+----+-----+-----+-----+
    |Total                            |                             |        0|   0|  280|  242|    0|
    +---------------------------------+-----------------------------+---------+----+-----+-----+-----+

    * DSP: 
    N/A

    * Memory: 
    N/A

    * FIFO: 
    N/A

    * Expression: 
    +-------------------------+----------+----+---+----+------------+------------+
    |      Variable Name      | Operation| DSP| FF| LUT| Bitwidth P0| Bitwidth P1|
    +-------------------------+----------+----+---+----+------------+------------+
    |add_ln1054_fu_252_p2     |         +|   0|  0|  15|           8|           7|
    |add_ln1063_fu_219_p2     |         +|   0|  0|  39|          32|           7|
    |add_ln1076_fu_365_p2     |         +|   0|  0|  11|          11|          11|
    |lsb_index_fu_178_p2      |         +|   0|  0|  39|          32|           7|
    |m_3_fu_318_p2            |         +|   0|  0|  71|          64|          64|
    |sub_ln1049_fu_155_p2     |         -|   0|  0|  39|           4|          32|
    |sub_ln1052_fu_193_p2     |         -|   0|  0|  11|           3|           3|
    |sub_ln1064_fu_224_p2     |         -|   0|  0|  39|           6|          32|
    |sub_ln1070_fu_360_p2     |         -|   0|  0|  11|           2|          11|
    |tmp_V_fu_114_p2          |         -|   0|  0|  15|           1|           8|
    |a_fu_234_p2              |       and|   0|  0|   2|           1|           1|
    |and_ln1054_fu_264_p2     |       and|   0|  0|   2|           1|           1|
    |empty_689_fu_410_p2      |       and|   0|  0|   2|           1|           1|
    |p_Result_5_fu_208_p2     |       and|   0|  0|   8|           8|           8|
    |sel_tmp1_fu_416_p2       |       and|   0|  0|   2|           1|           1|
    |icmp_ln1040_fu_173_p2    |      icmp|   0|  0|  11|           8|           1|
    |icmp_ln1051_fu_229_p2    |      icmp|   0|  0|  17|          31|           1|
    |icmp_ln1052_fu_213_p2    |      icmp|   0|  0|  11|           8|           1|
    |icmp_ln1063_fu_287_p2    |      icmp|   0|  0|  18|          32|           1|
    |notlhs_fu_401_p2         |      icmp|   0|  0|  11|          11|           2|
    |notrhs_fu_370_p2         |      icmp|   0|  0|  24|          52|           1|
    |lshr_ln1052_fu_202_p2    |      lshr|   0|  0|  17|           2|           8|
    |ap_block_state1          |        or|   0|  0|   2|           1|           1|
    |empty_fu_406_p2          |        or|   0|  0|   2|           1|           1|
    |or_ln1054_fu_270_p2      |        or|   0|  0|   2|           1|           1|
    |m_2_fu_310_p3            |    select|   0|  0|  64|           1|          64|
    |select_ln1048_fu_342_p3  |    select|   0|  0|  10|           1|          10|
    |tmp_V_2_fu_120_p3        |    select|   0|  0|   8|           1|           8|
    |xor_ln1054_fu_246_p2     |       xor|   0|  0|   2|           1|           2|
    +-------------------------+----------+----+---+----+------------+------------+
    |Total                    |          |   0|  0| 505|         326|         296|
    +-------------------------+----------+----+---+----+------------+------------+

    * Multiplexer: 
    +-----------------------+----+-----------+-----+-----------+
    |          Name         | LUT| Input Size| Bits| Total Bits|
    +-----------------------+----+-----------+-----+-----------+
    |ap_NS_fsm              |  65|         12|    1|         12|
    |ap_done                |   9|          2|    1|          2|
    |internal_output_blk_n  |   9|          2|    1|          2|
    |result                 |   9|          2|    1|          2|
    +-----------------------+----+-----------+-----+-----------+
    |Total                  |  92|         18|    4|         18|
    +-----------------------+----+-----------+-----+-----------+

    * Register: 
    +-----------------------+----+----+-----+-----------+
    |          Name         | FF | LUT| Bits| Const Bits|
    +-----------------------+----+----+-----+-----------+
    |add_ln1063_reg_493     |  32|   0|   32|          0|
    |add_ln1076_reg_554     |  11|   0|   11|          0|
    |ap_CS_fsm              |  11|   0|   11|          0|
    |ap_done_reg            |   1|   0|    1|          0|
    |icmp_ln1040_reg_472    |   1|   0|    1|          0|
    |icmp_ln1052_reg_488    |   1|   0|    1|          0|
    |icmp_ln1063_reg_514    |   1|   0|    1|          0|
    |lsb_index_reg_477      |  32|   0|   32|          0|
    |lshr_ln1063_reg_529    |  64|   0|   64|          0|
    |m_4_reg_539            |  63|   0|   63|          0|
    |notlhs_reg_570         |   1|   0|    1|          0|
    |notrhs_reg_560         |   1|   0|    1|          0|
    |or_ln_reg_503          |   1|   0|    2|          1|
    |out_data_data_reg_426  |   8|   0|    8|          0|
    |p_Result_8_reg_432     |   1|   0|    1|          0|
    |result_preg            |   1|   0|   32|         31|
    |select_ln1048_reg_544  |   1|   0|   11|         10|
    |shl_ln1064_reg_534     |  64|   0|   64|          0|
    |sub_ln1049_reg_450     |  32|   0|   32|          0|
    |sub_ln1064_reg_498     |  32|   0|   32|          0|
    |tmp_46_reg_549         |  52|   0|   52|          0|
    |tmp_6_reg_483          |  31|   0|   31|          0|
    |tmp_V_2_reg_443        |   8|   0|    8|          0|
    |tmp_V_reg_438          |   8|   0|    8|          0|
    |trunc_ln1048_reg_467   |  11|   0|   11|          0|
    |trunc_ln1049_reg_457   |   8|   0|    8|          0|
    |trunc_ln1052_reg_462   |   3|   0|    3|          0|
    +-----------------------+----+----+-----+-----------+
    |Total                  | 480|   0|  522|         42|
    +-----------------------+----+----+-----+-----------+



================================================================
== Interface
================================================================
* Summary: 
+--------------------------------+-----+-----+------------+-----------------------------------------+--------------+
|            RTL Ports           | Dir | Bits|  Protocol  |              Source Object              |    C Type    |
+--------------------------------+-----+-----+------------+-----------------------------------------+--------------+
|ap_clk                          |   in|    1|  ap_ctrl_hs|  Block_inference_for.cond.i.exit13_proc3|  return value|
|ap_rst                          |   in|    1|  ap_ctrl_hs|  Block_inference_for.cond.i.exit13_proc3|  return value|
|ap_start                        |   in|    1|  ap_ctrl_hs|  Block_inference_for.cond.i.exit13_proc3|  return value|
|ap_done                         |  out|    1|  ap_ctrl_hs|  Block_inference_for.cond.i.exit13_proc3|  return value|
|ap_continue                     |   in|    1|  ap_ctrl_hs|  Block_inference_for.cond.i.exit13_proc3|  return value|
|ap_idle                         |  out|    1|  ap_ctrl_hs|  Block_inference_for.cond.i.exit13_proc3|  return value|
|ap_ready                        |  out|    1|  ap_ctrl_hs|  Block_inference_for.cond.i.exit13_proc3|  return value|
|internal_output_dout            |   in|    8|     ap_fifo|                          internal_output|       pointer|
|internal_output_num_data_valid  |   in|    2|     ap_fifo|                          internal_output|       pointer|
|internal_output_fifo_cap        |   in|    2|     ap_fifo|                          internal_output|       pointer|
|internal_output_empty_n         |   in|    1|     ap_fifo|                          internal_output|       pointer|
|internal_output_read            |  out|    1|     ap_fifo|                          internal_output|       pointer|
|result                          |  out|   32|      ap_vld|                                   result|       pointer|
|result_ap_vld                   |  out|    1|      ap_vld|                                   result|       pointer|
+--------------------------------+-----+-----+------------+-----------------------------------------+--------------+

