

================================================================
== Vitis HLS Report for 'dense_array_ap_fixed_18u_array_ap_fixed_8_2_5_3_0_32u_config2_s'
================================================================
* Date:           Fri Jun 26 18:52:43 2026

* Version:        2022.2 (Build 3670227 on Oct 13 2022)
* Project:        myproject_prj
* Solution:       solution1 (Vivado IP Flow Target)
* Product family: zynq
* Target device:  xc7z020-clg400-1


================================================================
== Performance Estimates
================================================================
+ Timing: 
    * Summary: 
    +--------+---------+----------+------------+
    |  Clock |  Target | Estimated| Uncertainty|
    +--------+---------+----------+------------+
    |ap_clk  |  5.00 ns|  7.898 ns|     0.62 ns|
    +--------+---------+----------+------------+

+ Latency: 
    * Summary: 
    +---------+---------+----------+----------+-----+-----+------------------------------------------+
    |  Latency (cycles) |  Latency (absolute) |  Interval |                 Pipeline                 |
    |   min   |   max   |    min   |    max   | min | max |                   Type                   |
    +---------+---------+----------+----------+-----+-----+------------------------------------------+
    |       75|       76|  0.592 us|  0.600 us|   72|   72|  loop rewind stp(delay=0 clock cycles(s))|
    +---------+---------+----------+----------+-----+-----+------------------------------------------+

    + Detail: 
        * Instance: 
        N/A

        * Loop: 
        +-------------+---------+---------+----------+-----------+-----------+------+----------+
        |             |  Latency (cycles) | Iteration|  Initiation Interval  | Trip |          |
        |  Loop Name  |   min   |   max   |  Latency |  achieved |   target  | Count| Pipelined|
        +-------------+---------+---------+----------+-----------+-----------+------+----------+
        |- ReuseLoop  |       75|       75|         5|          1|          1|    72|       yes|
        +-------------+---------+---------+----------+-----------+-----------+------+----------+



================================================================
== Utilization Estimates
================================================================
* Summary: 
+-----------------+---------+-----+--------+-------+-----+
|       Name      | BRAM_18K| DSP |   FF   |  LUT  | URAM|
+-----------------+---------+-----+--------+-------+-----+
|DSP              |        -|    -|       -|      -|    -|
|Expression       |        -|    -|       0|    869|    -|
|FIFO             |        -|    -|       -|      -|    -|
|Instance         |        -|    0|       0|    575|    -|
|Memory           |        4|    -|       2|      3|    -|
|Multiplexer      |        -|    -|       -|   1116|    -|
|Register         |        -|    -|    1036|     32|    -|
+-----------------+---------+-----+--------+-------+-----+
|Total            |        4|    0|    1038|   2595|    0|
+-----------------+---------+-----+--------+-------+-----+
|Available        |      280|  220|  106400|  53200|    0|
+-----------------+---------+-----+--------+-------+-----+
|Utilization (%)  |        1|    0|      ~0|      4|    0|
+-----------------+---------+-----+--------+-------+-----+

+ Detail: 
    * Instance: 
    +----------------------+------------------+---------+----+---+----+-----+
    |       Instance       |      Module      | BRAM_18K| DSP| FF| LUT| URAM|
    +----------------------+------------------+---------+----+---+----+-----+
    |mul_8s_8s_13_1_1_U23  |mul_8s_8s_13_1_1  |        0|   0|  0|  41|    0|
    |mul_8s_8s_13_1_1_U24  |mul_8s_8s_13_1_1  |        0|   0|  0|  41|    0|
    |mul_8s_8s_13_1_1_U25  |mul_8s_8s_13_1_1  |        0|   0|  0|  41|    0|
    |mul_8s_8s_13_1_1_U26  |mul_8s_8s_13_1_1  |        0|   0|  0|  41|    0|
    |mul_8s_8s_13_1_1_U27  |mul_8s_8s_13_1_1  |        0|   0|  0|  41|    0|
    |mul_8s_8s_13_1_1_U28  |mul_8s_8s_13_1_1  |        0|   0|  0|  41|    0|
    |mul_8s_8s_13_1_1_U29  |mul_8s_8s_13_1_1  |        0|   0|  0|  41|    0|
    |mul_8s_8s_13_1_1_U30  |mul_8s_8s_13_1_1  |        0|   0|  0|  41|    0|
    |mux_185_8_1_1_U22     |mux_185_8_1_1     |        0|   0|  0|  87|    0|
    |mux_42_8_1_1_U31      |mux_42_8_1_1      |        0|   0|  0|  20|    0|
    |mux_42_8_1_1_U32      |mux_42_8_1_1      |        0|   0|  0|  20|    0|
    |mux_42_8_1_1_U33      |mux_42_8_1_1      |        0|   0|  0|  20|    0|
    |mux_42_8_1_1_U34      |mux_42_8_1_1      |        0|   0|  0|  20|    0|
    |mux_42_8_1_1_U35      |mux_42_8_1_1      |        0|   0|  0|  20|    0|
    |mux_42_8_1_1_U36      |mux_42_8_1_1      |        0|   0|  0|  20|    0|
    |mux_42_8_1_1_U37      |mux_42_8_1_1      |        0|   0|  0|  20|    0|
    |mux_42_8_1_1_U38      |mux_42_8_1_1      |        0|   0|  0|  20|    0|
    +----------------------+------------------+---------+----+---+----+-----+
    |Total                 |                  |        0|   0|  0| 575|    0|
    +----------------------+------------------+---------+----+---+----+-----+

    * DSP: 
    N/A

    * Memory: 
    +------------+----------------------------------------------------------------------------------+---------+---+----+-----+------+-----+------+-------------+
    |   Memory   |                                      Module                                      | BRAM_18K| FF| LUT| URAM| Words| Bits| Banks| W*Bits*Banks|
    +------------+----------------------------------------------------------------------------------+---------+---+----+-----+------+-----+------+-------------+
    |outidx_1_U  |dense_array_ap_fixed_18u_array_ap_fixed_8_2_5_3_0_32u_config2_s_outidx_1_ROM_bkb  |        0|  2|   3|    0|    72|    2|     1|          144|
    |w2_V_U      |dense_array_ap_fixed_18u_array_ap_fixed_8_2_5_3_0_32u_config2_s_w2_V_ROM_AUTOcud  |        4|  0|   0|    0|   576|    8|     1|         4608|
    +------------+----------------------------------------------------------------------------------+---------+---+----+-----+------+-----+------+-------------+
    |Total       |                                                                                  |        4|  2|   3|    0|   648|   10|     2|         4752|
    +------------+----------------------------------------------------------------------------------+---------+---+----+-----+------+-----+------+-------------+

    * FIFO: 
    N/A

    * Expression: 
    +----------------------------------+----------+----+---+----+------------+------------+
    |           Variable Name          | Operation| DSP| FF| LUT| Bitwidth P0| Bitwidth P1|
    +----------------------------------+----------+----+---+----+------------+------------+
    |acc_V_100_fu_2205_p2              |         +|   0|  0|  15|           8|           8|
    |acc_V_87_fu_1823_p2               |         +|   0|  0|  15|           8|           8|
    |acc_V_88_fu_1881_p2               |         +|   0|  0|  15|           8|           8|
    |acc_V_90_fu_1933_p2               |         +|   0|  0|  15|           8|           8|
    |acc_V_92_fu_1985_p2               |         +|   0|  0|  15|           8|           8|
    |acc_V_94_fu_2043_p2               |         +|   0|  0|  15|           8|           8|
    |acc_V_96_fu_2101_p2               |         +|   0|  0|  15|           8|           8|
    |acc_V_98_fu_2153_p2               |         +|   0|  0|  15|           8|           8|
    |empty_52_fu_1469_p2               |         +|   0|  0|  15|           8|           7|
    |empty_53_fu_1480_p2               |         +|   0|  0|  15|           8|           8|
    |empty_54_fu_1491_p2               |         +|   0|  0|  14|           9|           8|
    |empty_55_fu_1502_p2               |         +|   0|  0|  14|           9|           9|
    |empty_56_fu_1513_p2               |         +|   0|  0|  14|           9|           9|
    |empty_57_fu_1524_p2               |         +|   0|  0|  15|           8|           8|
    |empty_58_fu_1539_p2               |         +|   0|  0|  13|          10|           9|
    |in_index_2_fu_1604_p2             |         +|   0|  0|  13|           5|           1|
    |ir_fu_1550_p2                     |         +|   0|  0|  14|           7|           1|
    |sub_ln1420_10_fu_1979_p2          |         -|   0|  0|  14|           1|           9|
    |sub_ln1420_11_fu_2031_p2          |         -|   0|  0|  14|           1|           9|
    |sub_ln1420_12_fu_2095_p2          |         -|   0|  0|  14|           1|           9|
    |sub_ln1420_13_fu_2147_p2          |         -|   0|  0|  14|           1|           9|
    |sub_ln1420_14_fu_2199_p2          |         -|   0|  0|  14|           1|           9|
    |sub_ln1420_8_fu_1875_p2           |         -|   0|  0|  14|           1|           9|
    |sub_ln1420_9_fu_1927_p2           |         -|   0|  0|  14|           1|           9|
    |sub_ln1420_fu_1796_p2             |         -|   0|  0|  14|           1|           9|
    |ap_block_state2_pp0_stage0_iter0  |       and|   0|  0|   2|           1|           1|
    |ap_block_state6_pp0_stage0_iter4  |       and|   0|  0|   2|           1|           1|
    |ap_condition_491                  |       and|   0|  0|   2|           1|           1|
    |ap_condition_79                   |       and|   0|  0|   2|           1|           1|
    |icmp_ln124_fu_1556_p2             |      icmp|   0|  0|  10|           7|           7|
    |icmp_ln141_fu_1610_p2             |      icmp|   0|  0|   9|           5|           5|
    |icmp_ln1420_10_fu_2333_p2         |      icmp|   0|  0|  11|           9|           9|
    |icmp_ln1420_11_fu_2365_p2         |      icmp|   0|  0|  11|           9|           9|
    |icmp_ln1420_12_fu_2397_p2         |      icmp|   0|  0|  11|           9|           9|
    |icmp_ln1420_13_fu_2429_p2         |      icmp|   0|  0|  11|           9|           9|
    |icmp_ln1420_14_fu_2461_p2         |      icmp|   0|  0|  11|           9|           9|
    |icmp_ln1420_8_fu_2269_p2          |      icmp|   0|  0|  11|           9|           9|
    |icmp_ln1420_9_fu_2301_p2          |      icmp|   0|  0|  11|           9|           9|
    |icmp_ln1420_fu_2237_p2            |      icmp|   0|  0|  11|           9|           9|
    |icmp_ln808_1_fu_1807_p2           |      icmp|   0|  0|   8|           2|           3|
    |icmp_ln808_2_fu_1812_p2           |      icmp|   0|  0|   8|           2|           1|
    |icmp_ln808_fu_1802_p2             |      icmp|   0|  0|   8|           2|           2|
    |ap_block_pp0_stage0_01001         |        or|   0|  0|   2|           1|           1|
    |ap_block_state1                   |        or|   0|  0|   2|           1|           1|
    |or_ln808_10_fu_2037_p2            |        or|   0|  0|   2|           1|           1|
    |or_ln808_11_fu_2375_p2            |        or|   0|  0|   2|           1|           1|
    |or_ln808_12_fu_2402_p2            |        or|   0|  0|   2|           1|           1|
    |or_ln808_13_fu_2407_p2            |        or|   0|  0|   2|           1|           1|
    |or_ln808_14_fu_2434_p2            |        or|   0|  0|   2|           1|           1|
    |or_ln808_15_fu_2439_p2            |        or|   0|  0|   2|           1|           1|
    |or_ln808_16_fu_2466_p2            |        or|   0|  0|   2|           1|           1|
    |or_ln808_17_fu_2471_p2            |        or|   0|  0|   2|           1|           1|
    |or_ln808_1_fu_1817_p2             |        or|   0|  0|   2|           1|           1|
    |or_ln808_2_fu_2247_p2             |        or|   0|  0|   2|           1|           1|
    |or_ln808_3_fu_2274_p2             |        or|   0|  0|   2|           1|           1|
    |or_ln808_4_fu_2279_p2             |        or|   0|  0|   2|           1|           1|
    |or_ln808_5_fu_2306_p2             |        or|   0|  0|   2|           1|           1|
    |or_ln808_6_fu_2311_p2             |        or|   0|  0|   2|           1|           1|
    |or_ln808_7_fu_2338_p2             |        or|   0|  0|   2|           1|           1|
    |or_ln808_8_fu_2343_p2             |        or|   0|  0|   2|           1|           1|
    |or_ln808_9_fu_2370_p2             |        or|   0|  0|   2|           1|           1|
    |or_ln808_fu_2242_p2               |        or|   0|  0|   2|           1|           1|
    |or_ln813_1_fu_2072_p2             |        or|   0|  0|   2|           1|           1|
    |or_ln813_fu_1852_p2               |        or|   0|  0|   2|           1|           1|
    |acc_V_101_fu_2260_p3              |    select|   0|  0|   8|           1|           8|
    |acc_V_102_fu_1844_p3              |    select|   0|  0|   8|           1|           8|
    |acc_V_103_fu_1836_p3              |    select|   0|  0|   8|           1|           8|
    |acc_V_104_fu_1828_p3              |    select|   0|  0|   8|           1|           8|
    |acc_V_105_fu_2292_p3              |    select|   0|  0|   8|           1|           8|
    |acc_V_106_fu_1902_p3              |    select|   0|  0|   8|           1|           8|
    |acc_V_107_fu_1894_p3              |    select|   0|  0|   8|           1|           8|
    |acc_V_108_fu_1886_p3              |    select|   0|  0|   8|           1|           8|
    |acc_V_109_fu_2324_p3              |    select|   0|  0|   8|           1|           8|
    |acc_V_110_fu_1954_p3              |    select|   0|  0|   8|           1|           8|
    |acc_V_111_fu_1946_p3              |    select|   0|  0|   8|           1|           8|
    |acc_V_112_fu_1938_p3              |    select|   0|  0|   8|           1|           8|
    |acc_V_113_fu_2356_p3              |    select|   0|  0|   8|           1|           8|
    |acc_V_114_fu_2006_p3              |    select|   0|  0|   8|           1|           8|
    |acc_V_115_fu_1998_p3              |    select|   0|  0|   8|           1|           8|
    |acc_V_116_fu_1990_p3              |    select|   0|  0|   8|           1|           8|
    |acc_V_117_fu_2388_p3              |    select|   0|  0|   8|           1|           8|
    |acc_V_118_fu_2064_p3              |    select|   0|  0|   8|           1|           8|
    |acc_V_119_fu_2056_p3              |    select|   0|  0|   8|           1|           8|
    |acc_V_120_fu_2048_p3              |    select|   0|  0|   8|           1|           8|
    |acc_V_121_fu_2420_p3              |    select|   0|  0|   8|           1|           8|
    |acc_V_122_fu_2122_p3              |    select|   0|  0|   8|           1|           8|
    |acc_V_123_fu_2114_p3              |    select|   0|  0|   8|           1|           8|
    |acc_V_124_fu_2106_p3              |    select|   0|  0|   8|           1|           8|
    |acc_V_125_fu_2452_p3              |    select|   0|  0|   8|           1|           8|
    |acc_V_126_fu_2174_p3              |    select|   0|  0|   8|           1|           8|
    |acc_V_127_fu_2166_p3              |    select|   0|  0|   8|           1|           8|
    |acc_V_128_fu_2158_p3              |    select|   0|  0|   8|           1|           8|
    |acc_V_129_fu_2484_p3              |    select|   0|  0|   8|           1|           8|
    |acc_V_130_fu_2226_p3              |    select|   0|  0|   8|           1|           8|
    |acc_V_131_fu_2218_p3              |    select|   0|  0|   8|           1|           8|
    |acc_V_132_fu_2210_p3              |    select|   0|  0|   8|           1|           8|
    |acc_V_86_fu_2252_p3               |    select|   0|  0|   8|           1|           8|
    |acc_V_89_fu_2316_p3               |    select|   0|  0|   8|           1|           8|
    |acc_V_91_fu_2348_p3               |    select|   0|  0|   8|           1|           8|
    |acc_V_93_fu_2380_p3               |    select|   0|  0|   8|           1|           8|
    |acc_V_95_fu_2412_p3               |    select|   0|  0|   8|           1|           8|
    |acc_V_97_fu_2444_p3               |    select|   0|  0|   8|           1|           8|
    |acc_V_99_fu_2476_p3               |    select|   0|  0|   8|           1|           8|
    |acc_V_fu_2284_p3                  |    select|   0|  0|   8|           1|           8|
    |in_index_fu_1616_p3               |    select|   0|  0|   5|           1|           1|
    |ap_enable_pp0                     |       xor|   0|  0|   2|           1|           2|
    +----------------------------------+----------+----+---+----+------------+------------+
    |Total                             |          |   0|  0| 869|         303|         635|
    +----------------------------------+----------+----+---+----+------------+------------+

    * Multiplexer: 
    +--------------------------------------+----+-----------+-----+-----------+
    |                 Name                 | LUT| Input Size| Bits| Total Bits|
    +--------------------------------------+----+-----------+-----+-----------+
    |acc_V114_reg_803                      |   9|          2|    8|         16|
    |acc_V_56112_reg_818                   |   9|          2|    8|         16|
    |acc_V_57110_reg_832                   |   9|          2|    8|         16|
    |acc_V_58108_reg_846                   |   9|          2|    8|         16|
    |acc_V_59106_reg_860                   |   9|          2|    8|         16|
    |acc_V_60104_reg_875                   |   9|          2|    8|         16|
    |acc_V_61102_reg_889                   |   9|          2|    8|         16|
    |acc_V_62100_reg_903                   |   9|          2|    8|         16|
    |acc_V_6398_reg_917                    |   9|          2|    8|         16|
    |acc_V_6496_reg_932                    |   9|          2|    8|         16|
    |acc_V_6594_reg_946                    |   9|          2|    8|         16|
    |acc_V_6692_reg_960                    |   9|          2|    8|         16|
    |acc_V_6790_reg_974                    |   9|          2|    8|         16|
    |acc_V_6888_reg_989                    |   9|          2|    8|         16|
    |acc_V_6986_reg_1003                   |   9|          2|    8|         16|
    |acc_V_7084_reg_1017                   |   9|          2|    8|         16|
    |acc_V_7182_reg_1031                   |   9|          2|    8|         16|
    |acc_V_7280_reg_1046                   |   9|          2|    8|         16|
    |acc_V_7378_reg_1060                   |   9|          2|    8|         16|
    |acc_V_7476_reg_1074                   |   9|          2|    8|         16|
    |acc_V_7574_reg_1088                   |   9|          2|    8|         16|
    |acc_V_7672_reg_1103                   |   9|          2|    8|         16|
    |acc_V_7770_reg_1117                   |   9|          2|    8|         16|
    |acc_V_7868_reg_1131                   |   9|          2|    8|         16|
    |acc_V_7966_reg_1145                   |   9|          2|    8|         16|
    |acc_V_8064_reg_1160                   |   9|          2|    8|         16|
    |acc_V_8162_reg_1174                   |   9|          2|    8|         16|
    |acc_V_8260_reg_1188                   |   9|          2|    8|         16|
    |acc_V_8358_reg_1202                   |   9|          2|    8|         16|
    |acc_V_8456_reg_1217                   |   9|          2|    8|         16|
    |acc_V_8554_reg_1231                   |   9|          2|    8|         16|
    |acc_V_8652_reg_1245                   |   9|          2|    8|         16|
    |ap_NS_fsm                             |  14|          3|    1|          3|
    |ap_done                               |   9|          2|    1|          2|
    |ap_enable_reg_pp0_iter1               |   9|          2|    1|          2|
    |ap_enable_reg_pp0_iter4               |   9|          2|    1|          2|
    |ap_phi_mux_acc_V114_phi_fu_807_p6     |  14|          3|    8|         24|
    |ap_phi_mux_acc_V_56112_phi_fu_822_p6  |  14|          3|    8|         24|
    |ap_phi_mux_acc_V_57110_phi_fu_836_p6  |  14|          3|    8|         24|
    |ap_phi_mux_acc_V_58108_phi_fu_850_p6  |  14|          3|    8|         24|
    |ap_phi_mux_acc_V_59106_phi_fu_864_p6  |  14|          3|    8|         24|
    |ap_phi_mux_acc_V_60104_phi_fu_879_p6  |  14|          3|    8|         24|
    |ap_phi_mux_acc_V_61102_phi_fu_893_p6  |  14|          3|    8|         24|
    |ap_phi_mux_acc_V_62100_phi_fu_907_p6  |  14|          3|    8|         24|
    |ap_phi_mux_acc_V_6398_phi_fu_921_p6   |  14|          3|    8|         24|
    |ap_phi_mux_acc_V_6496_phi_fu_936_p6   |  14|          3|    8|         24|
    |ap_phi_mux_acc_V_6594_phi_fu_950_p6   |  14|          3|    8|         24|
    |ap_phi_mux_acc_V_6692_phi_fu_964_p6   |  14|          3|    8|         24|
    |ap_phi_mux_acc_V_6790_phi_fu_978_p6   |  14|          3|    8|         24|
    |ap_phi_mux_acc_V_6888_phi_fu_993_p6   |  14|          3|    8|         24|
    |ap_phi_mux_acc_V_6986_phi_fu_1007_p6  |  14|          3|    8|         24|
    |ap_phi_mux_acc_V_7084_phi_fu_1021_p6  |  14|          3|    8|         24|
    |ap_phi_mux_acc_V_7182_phi_fu_1035_p6  |  14|          3|    8|         24|
    |ap_phi_mux_acc_V_7280_phi_fu_1050_p6  |  14|          3|    8|         24|
    |ap_phi_mux_acc_V_7378_phi_fu_1064_p6  |  14|          3|    8|         24|
    |ap_phi_mux_acc_V_7476_phi_fu_1078_p6  |  14|          3|    8|         24|
    |ap_phi_mux_acc_V_7574_phi_fu_1092_p6  |  14|          3|    8|         24|
    |ap_phi_mux_acc_V_7672_phi_fu_1107_p6  |  14|          3|    8|         24|
    |ap_phi_mux_acc_V_7770_phi_fu_1121_p6  |  14|          3|    8|         24|
    |ap_phi_mux_acc_V_7868_phi_fu_1135_p6  |  14|          3|    8|         24|
    |ap_phi_mux_acc_V_7966_phi_fu_1149_p6  |  14|          3|    8|         24|
    |ap_phi_mux_acc_V_8064_phi_fu_1164_p6  |  14|          3|    8|         24|
    |ap_phi_mux_acc_V_8162_phi_fu_1178_p6  |  14|          3|    8|         24|
    |ap_phi_mux_acc_V_8260_phi_fu_1192_p6  |  14|          3|    8|         24|
    |ap_phi_mux_acc_V_8358_phi_fu_1206_p6  |  14|          3|    8|         24|
    |ap_phi_mux_acc_V_8456_phi_fu_1221_p6  |  14|          3|    8|         24|
    |ap_phi_mux_acc_V_8554_phi_fu_1235_p6  |  14|          3|    8|         24|
    |ap_phi_mux_acc_V_8652_phi_fu_1249_p6  |  14|          3|    8|         24|
    |ap_phi_mux_do_init_phi_fu_295_p6      |  14|          3|    1|          3|
    |ap_phi_mux_in_index116_phi_fu_793_p6  |  14|          3|    5|         15|
    |ap_phi_mux_ir115_phi_fu_563_p6        |  14|          3|    7|         21|
    |data_V_29_phi_reg_729                 |  14|          3|    8|         24|
    |data_V_30_phi_reg_717                 |  14|          3|    8|         24|
    |data_V_31_phi_reg_705                 |  14|          3|    8|         24|
    |data_V_32_phi_reg_693                 |  14|          3|    8|         24|
    |data_V_33_phi_reg_681                 |  14|          3|    8|         24|
    |data_V_34_phi_reg_669                 |  14|          3|    8|         24|
    |data_V_35_phi_reg_657                 |  14|          3|    8|         24|
    |data_V_36_phi_reg_645                 |  14|          3|    8|         24|
    |data_V_37_phi_reg_633                 |  14|          3|    8|         24|
    |data_V_38_phi_reg_621                 |  14|          3|    8|         24|
    |data_V_39_phi_reg_609                 |  14|          3|    8|         24|
    |data_V_40_phi_reg_597                 |  14|          3|    8|         24|
    |data_V_41_phi_reg_585                 |  14|          3|    8|         24|
    |data_V_42_phi_reg_573                 |  14|          3|    8|         24|
    |data_V_43_phi_reg_741                 |  14|          3|    8|         24|
    |data_V_44_phi_reg_753                 |  14|          3|    8|         24|
    |data_V_45_phi_reg_765                 |  14|          3|    8|         24|
    |in_index116_reg_789                   |   9|          2|    5|         10|
    |internal_input_blk_n                  |   9|          2|    1|          2|
    |ir115_reg_559                         |   9|          2|    7|         14|
    |layer2_out_blk_n                      |   9|          2|    1|          2|
    |p_phi_reg_777                         |  14|          3|    8|         24|
    |real_start                            |   9|          2|    1|          2|
    +--------------------------------------+----+-----------+-----+-----------+
    |Total                                 |1116|        242|  688|       1790|
    +--------------------------------------+----+-----------+-----+-----------+

    * Register: 
    +----------------------------------+----+----+-----+-----------+
    |               Name               | FF | LUT| Bits| Const Bits|
    +----------------------------------+----+----+-----+-----------+
    |a_V_reg_2606                      |   8|   0|    8|          0|
    |acc_V114_reg_803                  |   8|   0|    8|          0|
    |acc_V_100_reg_2953                |   8|   0|    8|          0|
    |acc_V_102_reg_2750                |   8|   0|    8|          0|
    |acc_V_103_reg_2744                |   8|   0|    8|          0|
    |acc_V_104_reg_2738                |   8|   0|    8|          0|
    |acc_V_106_reg_2786                |   8|   0|    8|          0|
    |acc_V_107_reg_2780                |   8|   0|    8|          0|
    |acc_V_108_reg_2774                |   8|   0|    8|          0|
    |acc_V_110_reg_2814                |   8|   0|    8|          0|
    |acc_V_111_reg_2808                |   8|   0|    8|          0|
    |acc_V_112_reg_2802                |   8|   0|    8|          0|
    |acc_V_114_reg_2842                |   8|   0|    8|          0|
    |acc_V_115_reg_2836                |   8|   0|    8|          0|
    |acc_V_116_reg_2830                |   8|   0|    8|          0|
    |acc_V_118_reg_2878                |   8|   0|    8|          0|
    |acc_V_119_reg_2872                |   8|   0|    8|          0|
    |acc_V_120_reg_2866                |   8|   0|    8|          0|
    |acc_V_122_reg_2914                |   8|   0|    8|          0|
    |acc_V_123_reg_2908                |   8|   0|    8|          0|
    |acc_V_124_reg_2902                |   8|   0|    8|          0|
    |acc_V_126_reg_2942                |   8|   0|    8|          0|
    |acc_V_127_reg_2936                |   8|   0|    8|          0|
    |acc_V_128_reg_2930                |   8|   0|    8|          0|
    |acc_V_130_reg_2970                |   8|   0|    8|          0|
    |acc_V_131_reg_2964                |   8|   0|    8|          0|
    |acc_V_132_reg_2958                |   8|   0|    8|          0|
    |acc_V_56112_reg_818               |   8|   0|    8|          0|
    |acc_V_57110_reg_832               |   8|   0|    8|          0|
    |acc_V_58108_reg_846               |   8|   0|    8|          0|
    |acc_V_59106_reg_860               |   8|   0|    8|          0|
    |acc_V_60104_reg_875               |   8|   0|    8|          0|
    |acc_V_61102_reg_889               |   8|   0|    8|          0|
    |acc_V_62100_reg_903               |   8|   0|    8|          0|
    |acc_V_6398_reg_917                |   8|   0|    8|          0|
    |acc_V_6496_reg_932                |   8|   0|    8|          0|
    |acc_V_6594_reg_946                |   8|   0|    8|          0|
    |acc_V_6692_reg_960                |   8|   0|    8|          0|
    |acc_V_6790_reg_974                |   8|   0|    8|          0|
    |acc_V_6888_reg_989                |   8|   0|    8|          0|
    |acc_V_6986_reg_1003               |   8|   0|    8|          0|
    |acc_V_7084_reg_1017               |   8|   0|    8|          0|
    |acc_V_7182_reg_1031               |   8|   0|    8|          0|
    |acc_V_7280_reg_1046               |   8|   0|    8|          0|
    |acc_V_7378_reg_1060               |   8|   0|    8|          0|
    |acc_V_7476_reg_1074               |   8|   0|    8|          0|
    |acc_V_7574_reg_1088               |   8|   0|    8|          0|
    |acc_V_7672_reg_1103               |   8|   0|    8|          0|
    |acc_V_7770_reg_1117               |   8|   0|    8|          0|
    |acc_V_7868_reg_1131               |   8|   0|    8|          0|
    |acc_V_7966_reg_1145               |   8|   0|    8|          0|
    |acc_V_8064_reg_1160               |   8|   0|    8|          0|
    |acc_V_8162_reg_1174               |   8|   0|    8|          0|
    |acc_V_8260_reg_1188               |   8|   0|    8|          0|
    |acc_V_8358_reg_1202               |   8|   0|    8|          0|
    |acc_V_8456_reg_1217               |   8|   0|    8|          0|
    |acc_V_8554_reg_1231               |   8|   0|    8|          0|
    |acc_V_8652_reg_1245               |   8|   0|    8|          0|
    |acc_V_87_reg_2733                 |   8|   0|    8|          0|
    |acc_V_88_reg_2769                 |   8|   0|    8|          0|
    |acc_V_90_reg_2797                 |   8|   0|    8|          0|
    |acc_V_92_reg_2825                 |   8|   0|    8|          0|
    |acc_V_94_reg_2861                 |   8|   0|    8|          0|
    |acc_V_96_reg_2897                 |   8|   0|    8|          0|
    |acc_V_98_reg_2925                 |   8|   0|    8|          0|
    |ap_CS_fsm                         |   2|   0|    2|          0|
    |ap_done_reg                       |   1|   0|    1|          0|
    |ap_enable_reg_pp0_iter1           |   1|   0|    1|          0|
    |ap_enable_reg_pp0_iter2           |   1|   0|    1|          0|
    |ap_enable_reg_pp0_iter3           |   1|   0|    1|          0|
    |ap_enable_reg_pp0_iter4           |   1|   0|    1|          0|
    |data_V_29_phi_reg_729             |   8|   0|    8|          0|
    |data_V_30_phi_reg_717             |   8|   0|    8|          0|
    |data_V_31_phi_reg_705             |   8|   0|    8|          0|
    |data_V_32_phi_reg_693             |   8|   0|    8|          0|
    |data_V_33_phi_reg_681             |   8|   0|    8|          0|
    |data_V_34_phi_reg_669             |   8|   0|    8|          0|
    |data_V_35_phi_reg_657             |   8|   0|    8|          0|
    |data_V_36_phi_reg_645             |   8|   0|    8|          0|
    |data_V_37_phi_reg_633             |   8|   0|    8|          0|
    |data_V_38_phi_reg_621             |   8|   0|    8|          0|
    |data_V_39_phi_reg_609             |   8|   0|    8|          0|
    |data_V_40_phi_reg_597             |   8|   0|    8|          0|
    |data_V_41_phi_reg_585             |   8|   0|    8|          0|
    |data_V_42_phi_reg_573             |   8|   0|    8|          0|
    |data_V_43_phi_reg_741             |   8|   0|    8|          0|
    |data_V_44_phi_reg_753             |   8|   0|    8|          0|
    |data_V_45_phi_reg_765             |   8|   0|    8|          0|
    |do_init_reg_291                   |   1|   0|    1|          0|
    |icmp_ln124_reg_2587               |   1|   0|    1|          0|
    |icmp_ln808_1_reg_2717             |   1|   0|    1|          0|
    |icmp_ln808_reg_2709               |   1|   0|    1|          0|
    |in_index116_reg_789               |   5|   0|    5|          0|
    |in_index_reg_2651                 |   5|   0|    5|          0|
    |ir115_reg_559                     |   7|   0|    7|          0|
    |ir_reg_2582                       |   7|   0|    7|          0|
    |or_ln808_10_reg_2853              |   1|   0|    1|          0|
    |or_ln808_1_reg_2725               |   1|   0|    1|          0|
    |or_ln813_1_reg_2884               |   1|   0|    1|          0|
    |or_ln813_reg_2756                 |   1|   0|    1|          0|
    |out_index_reg_2591                |   2|   0|    2|          0|
    |out_index_reg_2591_pp0_iter2_reg  |   2|   0|    2|          0|
    |p_phi_reg_777                     |   8|   0|    8|          0|
    |rhs_10_reg_2674                   |   8|   0|    8|          0|
    |rhs_10_reg_2674_pp0_iter3_reg     |   8|   0|    8|          0|
    |rhs_11_reg_2680                   |   8|   0|    8|          0|
    |rhs_11_reg_2680_pp0_iter3_reg     |   8|   0|    8|          0|
    |rhs_12_reg_2686                   |   8|   0|    8|          0|
    |rhs_12_reg_2686_pp0_iter3_reg     |   8|   0|    8|          0|
    |rhs_13_reg_2692                   |   8|   0|    8|          0|
    |rhs_13_reg_2692_pp0_iter3_reg     |   8|   0|    8|          0|
    |rhs_14_reg_2698                   |   8|   0|    8|          0|
    |rhs_14_reg_2698_pp0_iter3_reg     |   8|   0|    8|          0|
    |rhs_8_reg_2662                    |   8|   0|    8|          0|
    |rhs_8_reg_2662_pp0_iter3_reg      |   8|   0|    8|          0|
    |rhs_9_reg_2668                    |   8|   0|    8|          0|
    |rhs_9_reg_2668_pp0_iter3_reg      |   8|   0|    8|          0|
    |rhs_reg_2656                      |   8|   0|    8|          0|
    |rhs_reg_2656_pp0_iter3_reg        |   8|   0|    8|          0|
    |start_once_reg                    |   1|   0|    1|          0|
    |sub_ln1420_10_reg_2820            |   9|   0|    9|          0|
    |sub_ln1420_11_reg_2848            |   9|   0|    9|          0|
    |sub_ln1420_12_reg_2892            |   9|   0|    9|          0|
    |sub_ln1420_13_reg_2920            |   9|   0|    9|          0|
    |sub_ln1420_14_reg_2948            |   9|   0|    9|          0|
    |sub_ln1420_8_reg_2764             |   9|   0|    9|          0|
    |sub_ln1420_9_reg_2792             |   9|   0|    9|          0|
    |sub_ln1420_reg_2704               |   9|   0|    9|          0|
    |w_V_10_reg_2626                   |   8|   0|    8|          0|
    |w_V_11_reg_2631                   |   8|   0|    8|          0|
    |w_V_12_reg_2636                   |   8|   0|    8|          0|
    |w_V_13_reg_2641                   |   8|   0|    8|          0|
    |w_V_14_reg_2646                   |   8|   0|    8|          0|
    |w_V_8_reg_2616                    |   8|   0|    8|          0|
    |w_V_9_reg_2621                    |   8|   0|    8|          0|
    |w_V_reg_2611                      |   8|   0|    8|          0|
    |icmp_ln124_reg_2587               |  64|  32|    1|          0|
    +----------------------------------+----+----+-----+-----------+
    |Total                             |1036|  32|  973|          0|
    +----------------------------------+----+----+-----+-----------+



================================================================
== Interface
================================================================
* Summary: 
+-------------------------------+-----+-----+------------+-------------------------------------------------------------------+--------------+
|           RTL Ports           | Dir | Bits|  Protocol  |                           Source Object                           |    C Type    |
+-------------------------------+-----+-----+------------+-------------------------------------------------------------------+--------------+
|ap_clk                         |   in|    1|  ap_ctrl_hs|  dense<array<ap_fixed,18u>,array<ap_fixed<8,2,5,3,0>,32u>,config2>|  return value|
|ap_rst                         |   in|    1|  ap_ctrl_hs|  dense<array<ap_fixed,18u>,array<ap_fixed<8,2,5,3,0>,32u>,config2>|  return value|
|ap_start                       |   in|    1|  ap_ctrl_hs|  dense<array<ap_fixed,18u>,array<ap_fixed<8,2,5,3,0>,32u>,config2>|  return value|
|start_full_n                   |   in|    1|  ap_ctrl_hs|  dense<array<ap_fixed,18u>,array<ap_fixed<8,2,5,3,0>,32u>,config2>|  return value|
|ap_done                        |  out|    1|  ap_ctrl_hs|  dense<array<ap_fixed,18u>,array<ap_fixed<8,2,5,3,0>,32u>,config2>|  return value|
|ap_continue                    |   in|    1|  ap_ctrl_hs|  dense<array<ap_fixed,18u>,array<ap_fixed<8,2,5,3,0>,32u>,config2>|  return value|
|ap_idle                        |  out|    1|  ap_ctrl_hs|  dense<array<ap_fixed,18u>,array<ap_fixed<8,2,5,3,0>,32u>,config2>|  return value|
|ap_ready                       |  out|    1|  ap_ctrl_hs|  dense<array<ap_fixed,18u>,array<ap_fixed<8,2,5,3,0>,32u>,config2>|  return value|
|start_out                      |  out|    1|  ap_ctrl_hs|  dense<array<ap_fixed,18u>,array<ap_fixed<8,2,5,3,0>,32u>,config2>|  return value|
|start_write                    |  out|    1|  ap_ctrl_hs|  dense<array<ap_fixed,18u>,array<ap_fixed<8,2,5,3,0>,32u>,config2>|  return value|
|internal_input_dout            |   in|  144|     ap_fifo|                                                     internal_input|       pointer|
|internal_input_num_data_valid  |   in|    2|     ap_fifo|                                                     internal_input|       pointer|
|internal_input_fifo_cap        |   in|    2|     ap_fifo|                                                     internal_input|       pointer|
|internal_input_empty_n         |   in|    1|     ap_fifo|                                                     internal_input|       pointer|
|internal_input_read            |  out|    1|     ap_fifo|                                                     internal_input|       pointer|
|layer2_out_din                 |  out|  256|     ap_fifo|                                                         layer2_out|       pointer|
|layer2_out_num_data_valid      |   in|    2|     ap_fifo|                                                         layer2_out|       pointer|
|layer2_out_fifo_cap            |   in|    2|     ap_fifo|                                                         layer2_out|       pointer|
|layer2_out_full_n              |   in|    1|     ap_fifo|                                                         layer2_out|       pointer|
|layer2_out_write               |  out|    1|     ap_fifo|                                                         layer2_out|       pointer|
+-------------------------------+-----+-----+------------+-------------------------------------------------------------------+--------------+

