

================================================================
== Vitis HLS Report for 'Loop_VITIS_LOOP_86_1_proc1'
================================================================
* Date:           Fri Jun 26 18:52:43 2026

* Version:        2022.2 (Build 3670227 on Oct 13 2022)
* Project:        myproject_prj
* Solution:       solution1 (Vivado IP Flow Target)
* Product family: zynq
* Target device:  xc7z020-clg400-1


================================================================
== Performance Estimates
================================================================
+ Timing: 
    * Summary: 
    +--------+---------+----------+------------+
    |  Clock |  Target | Estimated| Uncertainty|
    +--------+---------+----------+------------+
    |ap_clk  |  5.00 ns|  4.234 ns|     0.62 ns|
    +--------+---------+----------+------------+

+ Latency: 
    * Summary: 
    +---------+---------+----------+----------+-----+-----+---------+
    |  Latency (cycles) |  Latency (absolute) |  Interval | Pipeline|
    |   min   |   max   |    min   |    max   | min | max |   Type  |
    +---------+---------+----------+----------+-----+-----+---------+
    |       26|       26|  0.130 us|  0.130 us|   26|   26|       no|
    +---------+---------+----------+----------+-----+-----+---------+

    + Detail: 
        * Instance: 
        N/A

        * Loop: 
        +-------------------+---------+---------+----------+-----------+-----------+------+----------+
        |                   |  Latency (cycles) | Iteration|  Initiation Interval  | Trip |          |
        |     Loop Name     |   min   |   max   |  Latency |  achieved |   target  | Count| Pipelined|
        +-------------------+---------+---------+----------+-----------+-----------+------+----------+
        |- VITIS_LOOP_86_1  |       24|       24|         8|          1|          1|    18|       yes|
        +-------------------+---------+---------+----------+-----------+-----------+------+----------+



================================================================
== Utilization Estimates
================================================================
* Summary: 
+-----------------+---------+-----+--------+-------+-----+
|       Name      | BRAM_18K| DSP |   FF   |  LUT  | URAM|
+-----------------+---------+-----+--------+-------+-----+
|DSP              |        -|    -|       -|      -|    -|
|Expression       |        -|    -|       0|    337|    -|
|FIFO             |        -|    -|       -|      -|    -|
|Instance         |        -|    -|     214|    209|    -|
|Memory           |        -|    -|       -|      -|    -|
|Multiplexer      |        -|    -|       -|     63|    -|
|Register         |        -|    -|     502|     64|    -|
+-----------------+---------+-----+--------+-------+-----+
|Total            |        0|    0|     716|    673|    0|
+-----------------+---------+-----+--------+-------+-----+
|Available        |      280|  220|  106400|  53200|    0|
+-----------------+---------+-----+--------+-------+-----+
|Utilization (%)  |        0|    0|      ~0|      1|    0|
+-----------------+---------+-----+--------+-------+-----+

+ Detail: 
    * Instance: 
    +-----------------------------+--------------------------+---------+----+-----+-----+-----+
    |           Instance          |          Module          | BRAM_18K| DSP|  FF | LUT | URAM|
    +-----------------------------+--------------------------+---------+----+-----+-----+-----+
    |ashr_54ns_32ns_54_2_1_U2     |ashr_54ns_32ns_54_2_1     |        0|   0|  214|  209|    0|
    |fpext_32ns_64_3_no_dsp_1_U1  |fpext_32ns_64_3_no_dsp_1  |        0|   0|    0|    0|    0|
    +-----------------------------+--------------------------+---------+----+-----+-----+-----+
    |Total                        |                          |        0|   0|  214|  209|    0|
    +-----------------------------+--------------------------+---------+----+-----+-----+-----+

    * DSP: 
    N/A

    * Memory: 
    N/A

    * FIFO: 
    N/A

    * Expression: 
    +----------------------------------+----------+----+---+----+------------+------------+
    |           Variable Name          | Operation| DSP| FF| LUT| Bitwidth P0| Bitwidth P1|
    +----------------------------------+----------+----+---+----+------------+------------+
    |add_ln570_fu_243_p2               |         +|   0|  0|  12|          12|           4|
    |add_ln86_fu_150_p2                |         +|   0|  0|  13|           5|           1|
    |F2_fu_231_p2                      |         -|   0|  0|  12|          11|          12|
    |man_V_1_fu_213_p2                 |         -|   0|  0|  61|           1|          54|
    |sub_ln570_fu_249_p2               |         -|   0|  0|  12|           3|          12|
    |and_ln570_fu_347_p2               |       and|   0|  0|   2|           1|           1|
    |and_ln571_fu_325_p2               |       and|   0|  0|   2|           1|           1|
    |ap_condition_209                  |       and|   0|  0|   2|           1|           1|
    |icmp_ln560_fu_226_p2              |      icmp|   0|  0|  28|          63|           1|
    |icmp_ln570_fu_237_p2              |      icmp|   0|  0|  12|          12|           3|
    |icmp_ln571_fu_263_p2              |      icmp|   0|  0|  12|          12|           3|
    |icmp_ln574_fu_286_p2              |      icmp|   0|  0|  12|          12|           6|
    |icmp_ln592_fu_300_p2              |      icmp|   0|  0|  11|           9|           1|
    |icmp_ln86_fu_144_p2               |      icmp|   0|  0|   9|           5|           5|
    |ap_block_pp0_stage0_01001         |        or|   0|  0|   2|           1|           1|
    |ap_block_state1_pp0_stage0_iter0  |        or|   0|  0|   2|           1|           1|
    |or_ln571_fu_337_p2                |        or|   0|  0|   2|           1|           1|
    |features_in_data_V_din            |    select|   0|  0|   8|           1|           1|
    |man_V_2_fu_219_p3                 |    select|   0|  0|  54|           1|          54|
    |select_ln570_fu_377_p3            |    select|   0|  0|   8|           1|           8|
    |select_ln571_fu_330_p3            |    select|   0|  0|   8|           1|           8|
    |select_ln574_1_fu_362_p3          |    select|   0|  0|   2|           1|           2|
    |select_ln574_fu_370_p3            |    select|   0|  0|   8|           1|           8|
    |select_ln592_fu_313_p3            |    select|   0|  0|   8|           1|           8|
    |sh_amt_fu_255_p3                  |    select|   0|  0|  12|           1|          12|
    |shl_ln593_fu_308_p2               |       shl|   0|  0|  17|           8|           8|
    |ap_enable_pp0                     |       xor|   0|  0|   2|           1|           2|
    |xor_ln560_fu_320_p2               |       xor|   0|  0|   2|           1|           2|
    |xor_ln571_fu_341_p2               |       xor|   0|  0|   2|           1|           2|
    +----------------------------------+----------+----+---+----+------------+------------+
    |Total                             |          |   0|  0| 337|         170|         223|
    +----------------------------------+----------+----+---+----+------------+------------+

    * Multiplexer: 
    +--------------------------+----+-----------+-----+-----------+
    |           Name           | LUT| Input Size| Bits| Total Bits|
    +--------------------------+----+-----------+-----+-----------+
    |ap_done_int               |   9|          2|    1|          2|
    |ap_enable_reg_pp0_iter1   |   9|          2|    1|          2|
    |ap_sig_allocacmp_h_1      |   9|          2|    5|         10|
    |features_in_data_V_blk_n  |   9|          2|    1|          2|
    |h_fu_104                  |   9|          2|    5|         10|
    |input_r_TDATA_blk_n       |   9|          2|    1|          2|
    |real_start                |   9|          2|    1|          2|
    +--------------------------+----+-----------+-----+-----------+
    |Total                     |  63|         14|   15|         30|
    +--------------------------+----+-----------+-----+-----------+

    * Register: 
    +-----------------------------------+----+----+-----+-----------+
    |                Name               | FF | LUT| Bits| Const Bits|
    +-----------------------------------+----+----+-----+-----------+
    |and_ln570_reg_503                  |   1|   0|    1|          0|
    |ap_CS_fsm                          |   1|   0|    1|          0|
    |ap_done_reg                        |   1|   0|    1|          0|
    |ap_enable_reg_pp0_iter1            |   1|   0|    1|          0|
    |ap_enable_reg_pp0_iter2            |   1|   0|    1|          0|
    |ap_enable_reg_pp0_iter3            |   1|   0|    1|          0|
    |ap_enable_reg_pp0_iter4            |   1|   0|    1|          0|
    |ap_enable_reg_pp0_iter5            |   1|   0|    1|          0|
    |ap_enable_reg_pp0_iter6            |   1|   0|    1|          0|
    |ap_enable_reg_pp0_iter7            |   1|   0|    1|          0|
    |ap_loop_exit_ready_pp0_iter1_reg   |   1|   0|    1|          0|
    |ap_loop_exit_ready_pp0_iter2_reg   |   1|   0|    1|          0|
    |ap_loop_exit_ready_pp0_iter3_reg   |   1|   0|    1|          0|
    |ap_loop_exit_ready_pp0_iter4_reg   |   1|   0|    1|          0|
    |ap_loop_exit_ready_pp0_iter5_reg   |   1|   0|    1|          0|
    |ap_loop_exit_ready_pp0_iter6_reg   |   1|   0|    1|          0|
    |ashr_ln575_reg_493                 |  54|   0|   54|          0|
    |exp_tmp_reg_423                    |  11|   0|   11|          0|
    |h_fu_104                           |   5|   0|    5|          0|
    |icmp_ln560_reg_438                 |   1|   0|    1|          0|
    |icmp_ln570_reg_445                 |   1|   0|    1|          0|
    |icmp_ln570_reg_445_pp0_iter5_reg   |   1|   0|    1|          0|
    |icmp_ln571_reg_456                 |   1|   0|    1|          0|
    |icmp_ln571_reg_456_pp0_iter5_reg   |   1|   0|    1|          0|
    |icmp_ln574_reg_478                 |   1|   0|    1|          0|
    |icmp_ln574_reg_478_pp0_iter6_reg   |   1|   0|    1|          0|
    |icmp_ln592_reg_488                 |   1|   0|    1|          0|
    |man_V_2_reg_433                    |  54|   0|   54|          0|
    |p_Result_s_reg_418                 |   1|   0|    1|          0|
    |select_ln571_reg_498               |   8|   0|    8|          0|
    |sext_ln570_reg_473                 |  32|   0|   32|          0|
    |sh_amt_reg_450                     |  12|   0|   12|          0|
    |start_once_reg                     |   1|   0|    1|          0|
    |tmp_4_reg_468                      |   9|   0|    9|          0|
    |tmp_data_V_reg_402                 |  32|   0|   32|          0|
    |trunc_ln544_reg_413                |  63|   0|   63|          0|
    |trunc_ln554_reg_428                |  52|   0|   52|          0|
    |trunc_ln572_reg_462                |   8|   0|    8|          0|
    |trunc_ln572_reg_462_pp0_iter5_reg  |   8|   0|    8|          0|
    |icmp_ln560_reg_438                 |  64|  32|    1|          0|
    |tmp_data_V_reg_402                 |  64|  32|   32|          0|
    +-----------------------------------+----+----+-----+-----------+
    |Total                              | 502|  64|  407|          0|
    +-----------------------------------+----+----+-----+-----------+



================================================================
== Interface
================================================================
* Summary: 
+-----------------------------------+-----+-----+------------+----------------------------+--------------+
|             RTL Ports             | Dir | Bits|  Protocol  |        Source Object       |    C Type    |
+-----------------------------------+-----+-----+------------+----------------------------+--------------+
|ap_clk                             |   in|    1|  ap_ctrl_hs|  Loop_VITIS_LOOP_86_1_proc1|  return value|
|ap_rst                             |   in|    1|  ap_ctrl_hs|  Loop_VITIS_LOOP_86_1_proc1|  return value|
|ap_start                           |   in|    1|  ap_ctrl_hs|  Loop_VITIS_LOOP_86_1_proc1|  return value|
|start_full_n                       |   in|    1|  ap_ctrl_hs|  Loop_VITIS_LOOP_86_1_proc1|  return value|
|ap_done                            |  out|    1|  ap_ctrl_hs|  Loop_VITIS_LOOP_86_1_proc1|  return value|
|ap_continue                        |   in|    1|  ap_ctrl_hs|  Loop_VITIS_LOOP_86_1_proc1|  return value|
|ap_idle                            |  out|    1|  ap_ctrl_hs|  Loop_VITIS_LOOP_86_1_proc1|  return value|
|ap_ready                           |  out|    1|  ap_ctrl_hs|  Loop_VITIS_LOOP_86_1_proc1|  return value|
|start_out                          |  out|    1|  ap_ctrl_hs|  Loop_VITIS_LOOP_86_1_proc1|  return value|
|start_write                        |  out|    1|  ap_ctrl_hs|  Loop_VITIS_LOOP_86_1_proc1|  return value|
|input_r_TVALID                     |   in|    1|        axis|            input_r_V_dest_V|       pointer|
|input_r_TREADY                     |  out|    1|        axis|            input_r_V_dest_V|       pointer|
|input_r_TDEST                      |   in|    6|        axis|            input_r_V_dest_V|       pointer|
|features_in_data_V_din             |  out|    8|     ap_fifo|          features_in_data_V|       pointer|
|features_in_data_V_num_data_valid  |   in|    6|     ap_fifo|          features_in_data_V|       pointer|
|features_in_data_V_fifo_cap        |   in|    6|     ap_fifo|          features_in_data_V|       pointer|
|features_in_data_V_full_n          |   in|    1|     ap_fifo|          features_in_data_V|       pointer|
|features_in_data_V_write           |  out|    1|     ap_fifo|          features_in_data_V|       pointer|
|input_r_TDATA                      |   in|   32|        axis|            input_r_V_data_V|       pointer|
|input_r_TKEEP                      |   in|    4|        axis|            input_r_V_keep_V|       pointer|
|input_r_TSTRB                      |   in|    4|        axis|            input_r_V_strb_V|       pointer|
|input_r_TUSER                      |   in|    2|        axis|            input_r_V_user_V|       pointer|
|input_r_TLAST                      |   in|    1|        axis|            input_r_V_last_V|       pointer|
|input_r_TID                        |   in|    5|        axis|              input_r_V_id_V|       pointer|
+-----------------------------------+-----+-----+------------+----------------------------+--------------+

