

================================================================
== Vitis HLS Report for 'myproject'
================================================================
* Date:           Fri Jun 26 18:52:45 2026

* Version:        2022.2 (Build 3670227 on Oct 13 2022)
* Project:        myproject_prj
* Solution:       solution1 (Vivado IP Flow Target)
* Product family: zynq
* Target device:  xc7z020-clg400-1


================================================================
== Performance Estimates
================================================================
+ Timing: 
    * Summary: 
    +--------+---------+----------+------------+
    |  Clock |  Target | Estimated| Uncertainty|
    +--------+---------+----------+------------+
    |ap_clk  |  5.00 ns|  7.898 ns|     0.62 ns|
    +--------+---------+----------+------------+

+ Latency: 
    * Summary: 
    +---------+---------+----------+----------+-----+-----+----------+
    |  Latency (cycles) |  Latency (absolute) |  Interval | Pipeline |
    |   min   |   max   |    min   |    max   | min | max |   Type   |
    +---------+---------+----------+----------+-----+-----+----------+
    |       87|       88|  0.687 us|  0.695 us|   72|   72|  dataflow|
    +---------+---------+----------+----------+-----+-----+----------+

    + Detail: 
        * Instance: 
        +----------------------------------------------------------------------+---------------------------------------------------------------------+---------+---------+-----------+-----------+-----+-----+------------------------------------------+
        |                                                                      |                                                                     |  Latency (cycles) |   Latency (absolute)  |  Interval |                 Pipeline                 |
        |                               Instance                               |                                Module                               |   min   |   max   |    min    |    max    | min | max |                   Type                   |
        +----------------------------------------------------------------------+---------------------------------------------------------------------+---------+---------+-----------+-----------+-----+-----+------------------------------------------+
        |dense_array_ap_fixed_18u_array_ap_fixed_8_2_5_3_0_32u_config2_U0      |dense_array_ap_fixed_18u_array_ap_fixed_8_2_5_3_0_32u_config2_s      |       75|       76|   0.592 us|   0.600 us|   72|   72|  loop rewind stp(delay=0 clock cycles(s))|
        |normalize_array_ap_fixed_32u_array_ap_fixed_8_2_5_3_0_32u_config4_U0  |normalize_array_ap_fixed_32u_array_ap_fixed_8_2_5_3_0_32u_config4_s  |       12|       12|  60.000 ns|  60.000 ns|   12|   12|                                        no|
        |relu_array_ap_fixed_32u_array_ap_fixed_8_2_5_3_0_32u_relu_config5_U0  |relu_array_ap_fixed_32u_array_ap_fixed_8_2_5_3_0_32u_relu_config5_s  |        1|        1|   5.000 ns|   5.000 ns|    1|    1|                                        no|
        |dense_array_ap_fixed_32u_array_ap_fixed_8_2_5_3_0_16u_config6_U0      |dense_array_ap_fixed_32u_array_ap_fixed_8_2_5_3_0_16u_config6_s      |       68|       69|   0.413 us|   0.419 us|   64|   64|  loop rewind stp(delay=0 clock cycles(s))|
        |normalize_array_ap_fixed_16u_array_ap_fixed_8_2_5_3_0_16u_config8_U0  |normalize_array_ap_fixed_16u_array_ap_fixed_8_2_5_3_0_16u_config8_s  |       13|       13|  65.000 ns|  65.000 ns|   13|   13|                                        no|
        |relu_array_ap_fixed_16u_array_ap_fixed_8_2_5_3_0_16u_relu_config9_U0  |relu_array_ap_fixed_16u_array_ap_fixed_8_2_5_3_0_16u_relu_config9_s  |        1|        1|   5.000 ns|   5.000 ns|    1|    1|                                        no|
        |dense_array_ap_fixed_16u_array_ap_fixed_8_2_5_3_0_1u_config10_U0      |dense_array_ap_fixed_16u_array_ap_fixed_8_2_5_3_0_1u_config10_s      |       19|       20|  95.000 ns|   0.100 us|   16|   16|  loop rewind stp(delay=0 clock cycles(s))|
        |sigmoid_array_array_ap_fixed_8_2_5_3_0_1u_sigmoid_config11_U0         |sigmoid_array_array_ap_fixed_8_2_5_3_0_1u_sigmoid_config11_s         |        3|        3|  15.000 ns|  15.000 ns|    3|    3|                                        no|
        +----------------------------------------------------------------------+---------------------------------------------------------------------+---------+---------+-----------+-----------+-----+-----+------------------------------------------+

        * Loop: 
        N/A



================================================================
== Utilization Estimates
================================================================
* Summary: 
+-----------------+---------+-----+--------+-------+-----+
|       Name      | BRAM_18K| DSP |   FF   |  LUT  | URAM|
+-----------------+---------+-----+--------+-------+-----+
|DSP              |        -|    -|       -|      -|    -|
|Expression       |        -|    -|       0|      2|    -|
|FIFO             |        -|    -|     693|    476|    -|
|Instance         |        9|    0|    3620|   8185|    -|
|Memory           |        -|    -|       -|      -|    -|
|Multiplexer      |        -|    -|       -|      9|    -|
|Register         |        -|    -|       1|      -|    -|
+-----------------+---------+-----+--------+-------+-----+
|Total            |        9|    0|    4314|   8672|    0|
+-----------------+---------+-----+--------+-------+-----+
|Available        |      280|  220|  106400|  53200|    0|
+-----------------+---------+-----+--------+-------+-----+
|Utilization (%)  |        3|    0|       4|     16|    0|
+-----------------+---------+-----+--------+-------+-----+

+ Detail: 
    * Instance: 
    +----------------------------------------------------------------------+---------------------------------------------------------------------+---------+----+------+------+-----+
    |                               Instance                               |                                Module                               | BRAM_18K| DSP|  FF  |  LUT | URAM|
    +----------------------------------------------------------------------+---------------------------------------------------------------------+---------+----+------+------+-----+
    |dense_array_ap_fixed_16u_array_ap_fixed_8_2_5_3_0_1u_config10_U0      |dense_array_ap_fixed_16u_array_ap_fixed_8_2_5_3_0_1u_config10_s      |        0|   0|   506|   737|    0|
    |dense_array_ap_fixed_18u_array_ap_fixed_8_2_5_3_0_32u_config2_U0      |dense_array_ap_fixed_18u_array_ap_fixed_8_2_5_3_0_32u_config2_s      |        4|   0|  1038|  2595|    0|
    |dense_array_ap_fixed_32u_array_ap_fixed_8_2_5_3_0_16u_config6_U0      |dense_array_ap_fixed_32u_array_ap_fixed_8_2_5_3_0_16u_config6_s      |        4|   0|   883|  2317|    0|
    |normalize_array_ap_fixed_16u_array_ap_fixed_8_2_5_3_0_16u_config8_U0  |normalize_array_ap_fixed_16u_array_ap_fixed_8_2_5_3_0_16u_config8_s  |        0|   0|   277|   562|    0|
    |normalize_array_ap_fixed_32u_array_ap_fixed_8_2_5_3_0_32u_config4_U0  |normalize_array_ap_fixed_32u_array_ap_fixed_8_2_5_3_0_32u_config4_s  |        0|   0|   505|   941|    0|
    |relu_array_ap_fixed_16u_array_ap_fixed_8_2_5_3_0_16u_relu_config9_U0  |relu_array_ap_fixed_16u_array_ap_fixed_8_2_5_3_0_16u_relu_config9_s  |        0|   0|   132|   340|    0|
    |relu_array_ap_fixed_32u_array_ap_fixed_8_2_5_3_0_32u_relu_config5_U0  |relu_array_ap_fixed_32u_array_ap_fixed_8_2_5_3_0_32u_relu_config5_s  |        0|   0|   260|   628|    0|
    |sigmoid_array_array_ap_fixed_8_2_5_3_0_1u_sigmoid_config11_U0         |sigmoid_array_array_ap_fixed_8_2_5_3_0_1u_sigmoid_config11_s         |        1|   0|    19|    65|    0|
    +----------------------------------------------------------------------+---------------------------------------------------------------------+---------+----+------+------+-----+
    |Total                                                                 |                                                                     |        9|   0|  3620|  8185|    0|
    +----------------------------------------------------------------------+---------------------------------------------------------------------+---------+----+------+------+-----+

    * DSP: 
    N/A

    * Memory: 
    N/A

    * FIFO: 
    +---------------+---------+----+----+-----+------+-----+---------+
    |      Name     | BRAM_18K| FF | LUT| URAM| Depth| Bits| Size:D*B|
    +---------------+---------+----+----+-----+------+-----+---------+
    |layer10_out_U  |        0|  99|   0|    -|     1|    8|        8|
    |layer2_out_U   |        0|  99|   0|    -|     1|  256|      256|
    |layer4_out_U   |        0|  99|   0|    -|     1|  256|      256|
    |layer5_out_U   |        0|  99|   0|    -|     1|  256|      256|
    |layer6_out_U   |        0|  99|   0|    -|     1|  128|      128|
    |layer8_out_U   |        0|  99|   0|    -|     1|  128|      128|
    |layer9_out_U   |        0|  99|   0|    -|     1|  128|      128|
    +---------------+---------+----+----+-----+------+-----+---------+
    |Total          |        0| 693|   0|    0|     7| 1160|     1160|
    +---------------+---------+----+----+-----+------+-----+---------+

    * Expression: 
    +--------------+----------+----+---+----+------------+------------+
    | Variable Name| Operation| DSP| FF| LUT| Bitwidth P0| Bitwidth P1|
    +--------------+----------+----+---+----+------------+------------+
    |ap_idle       |       and|   0|  0|   2|           1|           1|
    +--------------+----------+----+---+----+------------+------------+
    |Total         |          |   0|  0|   2|           1|           1|
    +--------------+----------+----+---+----+------------+------------+

    * Multiplexer: 
    +------------+----+-----------+-----+-----------+
    |    Name    | LUT| Input Size| Bits| Total Bits|
    +------------+----+-----------+-----+-----------+
    |real_start  |   9|          2|    1|          2|
    +------------+----+-----------+-----+-----------+
    |Total       |   9|          2|    1|          2|
    +------------+----+-----------+-----+-----------+

    * Register: 
    +----------------+---+----+-----+-----------+
    |      Name      | FF| LUT| Bits| Const Bits|
    +----------------+---+----+-----+-----------+
    |start_once_reg  |  1|   0|    1|          0|
    +----------------+---+----+-----+-----------+
    |Total           |  1|   0|    1|          0|
    +----------------+---+----+-----+-----------+



================================================================
== Interface
================================================================
* Summary: 
+------------------------+-----+-----+------------+-----------------+--------------+
|        RTL Ports       | Dir | Bits|  Protocol  |  Source Object  |    C Type    |
+------------------------+-----+-----+------------+-----------------+--------------+
|ap_start                |   in|    1|  ap_ctrl_hs|        myproject|  return value|
|start_full_n            |   in|    1|  ap_ctrl_hs|        myproject|  return value|
|start_out               |  out|    1|  ap_ctrl_hs|        myproject|  return value|
|start_write             |  out|    1|  ap_ctrl_hs|        myproject|  return value|
|ap_clk                  |   in|    1|  ap_ctrl_hs|        myproject|  return value|
|ap_rst                  |   in|    1|  ap_ctrl_hs|        myproject|  return value|
|ap_done                 |  out|    1|  ap_ctrl_hs|        myproject|  return value|
|ap_ready                |  out|    1|  ap_ctrl_hs|        myproject|  return value|
|ap_idle                 |  out|    1|  ap_ctrl_hs|        myproject|  return value|
|ap_continue             |   in|    1|  ap_ctrl_hs|        myproject|  return value|
|internal_input_dout     |   in|  144|     ap_fifo|   internal_input|       pointer|
|internal_input_empty_n  |   in|    1|     ap_fifo|   internal_input|       pointer|
|internal_input_read     |  out|    1|     ap_fifo|   internal_input|       pointer|
|internal_output_din     |  out|    8|     ap_fifo|  internal_output|       pointer|
|internal_output_full_n  |   in|    1|     ap_fifo|  internal_output|       pointer|
|internal_output_write   |  out|    1|     ap_fifo|  internal_output|       pointer|
+------------------------+-----+-----+------------+-----------------+--------------+

