

================================================================
== Vitis HLS Report for 'normalize_array_ap_fixed_32u_array_ap_fixed_8_2_5_3_0_32u_config4_s'
================================================================
* Date:           Fri Jun 26 18:52:43 2026

* Version:        2022.2 (Build 3670227 on Oct 13 2022)
* Project:        myproject_prj
* Solution:       solution1 (Vivado IP Flow Target)
* Product family: zynq
* Target device:  xc7z020-clg400-1


================================================================
== Performance Estimates
================================================================
+ Timing: 
    * Summary: 
    +--------+---------+----------+------------+
    |  Clock |  Target | Estimated| Uncertainty|
    +--------+---------+----------+------------+
    |ap_clk  |  5.00 ns|  4.170 ns|     0.62 ns|
    +--------+---------+----------+------------+

+ Latency: 
    * Summary: 
    +---------+---------+-----------+-----------+-----+-----+---------+
    |  Latency (cycles) |   Latency (absolute)  |  Interval | Pipeline|
    |   min   |   max   |    min    |    max    | min | max |   Type  |
    +---------+---------+-----------+-----------+-----+-----+---------+
    |       12|       12|  60.000 ns|  60.000 ns|   12|   12|       no|
    +---------+---------+-----------+-----------+-----+-----+---------+

    + Detail: 
        * Instance: 
        N/A

        * Loop: 
        N/A



================================================================
== Utilization Estimates
================================================================
* Summary: 
+-----------------+---------+-----+--------+-------+-----+
|       Name      | BRAM_18K| DSP |   FF   |  LUT  | URAM|
+-----------------+---------+-----+--------+-------+-----+
|DSP              |        -|    -|       -|      -|    -|
|Expression       |        -|    -|       0|    686|    -|
|FIFO             |        -|    -|       -|      -|    -|
|Instance         |        -|    0|       0|     41|    -|
|Memory           |        -|    -|       -|      -|    -|
|Multiplexer      |        -|    -|       -|    214|    -|
|Register         |        -|    -|     505|      -|    -|
+-----------------+---------+-----+--------+-------+-----+
|Total            |        0|    0|     505|    941|    0|
+-----------------+---------+-----+--------+-------+-----+
|Available        |      280|  220|  106400|  53200|    0|
+-----------------+---------+-----+--------+-------+-----+
|Utilization (%)  |        0|    0|      ~0|      1|    0|
+-----------------+---------+-----+--------+-------+-----+

+ Detail: 
    * Instance: 
    +-----------------------+-------------------+---------+----+---+----+-----+
    |        Instance       |       Module      | BRAM_18K| DSP| FF| LUT| URAM|
    +-----------------------+-------------------+---------+----+---+----+-----+
    |mul_8s_7ns_14_1_1_U46  |mul_8s_7ns_14_1_1  |        0|   0|  0|  41|    0|
    +-----------------------+-------------------+---------+----+---+----+-----+
    |Total                  |                   |        0|   0|  0|  41|    0|
    +-----------------------+-------------------+---------+----+---+----+-----+

    * DSP: 
    N/A

    * Memory: 
    N/A

    * FIFO: 
    N/A

    * Expression: 
    +--------------------------+----------+----+---+----+------------+------------+
    |       Variable Name      | Operation| DSP| FF| LUT| Bitwidth P0| Bitwidth P1|
    +--------------------------+----------+----+---+----+------------+------------+
    |add_ln1347_10_fu_1426_p2  |         +|   0|  0|  14|          14|          14|
    |add_ln1347_14_fu_698_p2   |         +|   0|  0|  14|          13|          11|
    |add_ln1347_18_fu_916_p2   |         +|   0|  0|  13|          10|          10|
    |add_ln1347_20_fu_956_p2   |         +|   0|  0|  14|           9|           9|
    |add_ln1347_25_fu_1040_p2  |         +|   0|  0|  12|          11|          11|
    |add_ln1347_fu_600_p2      |         +|   0|  0|  12|          11|           9|
    |r_V_10_fu_1358_p2         |         +|   0|  0|  12|          12|          12|
    |r_V_11_fu_1396_p2         |         +|   0|  0|  12|          12|          12|
    |ret_V_10_fu_1466_p2       |         +|   0|  0|  14|          14|          12|
    |ret_V_11_fu_1500_p2       |         +|   0|  0|  14|          14|          12|
    |ret_V_12_fu_878_p2        |         +|   0|  0|  13|          13|           9|
    |ret_V_13_fu_1202_p2       |         +|   0|  0|  14|          13|          10|
    |ret_V_14_fu_1222_p2       |         +|   0|  0|  14|          13|          12|
    |ret_V_15_fu_926_p2        |         +|   0|  0|  12|          12|          12|
    |ret_V_16_fu_966_p2        |         +|   0|  0|  12|          12|          12|
    |ret_V_17_fu_1242_p2       |         +|   0|  0|  17|          14|           8|
    |ret_V_18_fu_1010_p2       |         +|   0|  0|  13|          13|           9|
    |ret_V_19_fu_1534_p2       |         +|   0|  0|  14|          14|          12|
    |ret_V_1_fu_1330_p2        |         +|   0|  0|  14|          14|          12|
    |ret_V_20_fu_1050_p2       |         +|   0|  0|  14|          13|          13|
    |ret_V_21_fu_1262_p2       |         +|   0|  0|  17|          14|          13|
    |ret_V_22_fu_1282_p2       |         +|   0|  0|  14|          13|          11|
    |ret_V_23_fu_1094_p2       |         +|   0|  0|  13|          13|          11|
    |ret_V_24_fu_1568_p2       |         +|   0|  0|  14|          14|           9|
    |ret_V_25_fu_1574_p2       |         +|   0|  0|  14|          13|          11|
    |ret_V_26_fu_1618_p2       |         +|   0|  0|  14|          14|          13|
    |ret_V_27_fu_1652_p2       |         +|   0|  0|  14|          14|          13|
    |ret_V_28_fu_1765_p2       |         +|   0|  0|  17|          14|          11|
    |ret_V_2_fu_756_p2         |         +|   0|  0|  12|          12|          10|
    |ret_V_3_fu_1162_p2        |         +|   0|  0|  14|          13|          11|
    |ret_V_4_fu_790_p2         |         +|   0|  0|  13|          13|          11|
    |ret_V_5_fu_1182_p2        |         +|   0|  0|  12|          12|           8|
    |ret_V_6_fu_834_p2         |         +|   0|  0|  12|          12|          10|
    |ret_V_7_fu_1368_p2        |         +|   0|  0|  17|          14|          13|
    |ret_V_8_fu_1406_p2        |         +|   0|  0|  17|          14|          13|
    |ret_V_9_fu_1432_p2        |         +|   0|  0|  14|          14|          13|
    |ret_V_fu_1128_p2          |         +|   0|  0|  14|          13|          12|
    |r_V_13_fu_1460_p2         |         -|   0|  0|  14|          14|          14|
    |r_V_14_fu_1494_p2         |         -|   0|  0|  14|          14|          14|
    |r_V_15_fu_872_p2          |         -|   0|  0|  13|          13|          13|
    |r_V_22_fu_1004_p2         |         -|   0|  0|  13|          13|          13|
    |r_V_23_fu_1528_p2         |         -|   0|  0|  14|          14|          14|
    |r_V_28_fu_1088_p2         |         -|   0|  0|  13|          13|          13|
    |r_V_29_fu_1562_p2         |         -|   0|  0|  14|          14|          14|
    |r_V_2_fu_1324_p2          |         -|   0|  0|  14|          14|          14|
    |r_V_31_fu_1612_p2         |         -|   0|  0|  14|          14|          14|
    |r_V_33_fu_1646_p2         |         -|   0|  0|  14|          14|          14|
    |r_V_5_fu_750_p2           |         -|   0|  0|  12|          12|          12|
    |r_V_7_fu_784_p2           |         -|   0|  0|  13|          13|          13|
    |r_V_9_fu_828_p2           |         -|   0|  0|  12|          12|          12|
    |ap_block_state1           |        or|   0|  0|   2|           1|           1|
    +--------------------------+----------+----+---+----+------------+------------+
    |Total                     |          |   0|  0| 686|         652|         589|
    +--------------------------+----------+----+---+----+------------+------------+

    * Multiplexer: 
    +------------------+----+-----------+-----+-----------+
    |       Name       | LUT| Input Size| Bits| Total Bits|
    +------------------+----+-----------+-----+-----------+
    |ap_NS_fsm         |  65|         14|    1|         14|
    |ap_done           |   9|          2|    1|          2|
    |grp_fu_317_p0     |  65|         12|    8|         96|
    |grp_fu_317_p1     |  48|          9|    7|         63|
    |layer2_out_blk_n  |   9|          2|    1|          2|
    |layer4_out_blk_n  |   9|          2|    1|          2|
    |real_start        |   9|          2|    1|          2|
    +------------------+----+-----------+-----+-----------+
    |Total             | 214|         43|   20|        181|
    +------------------+----+-----------+-----+-----------+

    * Register: 
    +-------------------------+----+----+-----+-----------+
    |           Name          | FF | LUT| Bits| Const Bits|
    +-------------------------+----+----+-----+-----------+
    |a_V_10_reg_2049          |   8|   0|    8|          0|
    |a_V_11_reg_2054          |   8|   0|    8|          0|
    |a_V_12_reg_2059          |   8|   0|    8|          0|
    |a_V_13_reg_1996          |   8|   0|    8|          0|
    |a_V_1_reg_2001           |   8|   0|    8|          0|
    |a_V_2_reg_2006           |   8|   0|    8|          0|
    |a_V_3_reg_2011           |   8|   0|    8|          0|
    |a_V_4_reg_2016           |   8|   0|    8|          0|
    |a_V_5_reg_2022           |   8|   0|    8|          0|
    |a_V_6_reg_2027           |   8|   0|    8|          0|
    |a_V_7_reg_2032           |   8|   0|    8|          0|
    |a_V_8_reg_2038           |   8|   0|    8|          0|
    |a_V_9_reg_2043           |   8|   0|    8|          0|
    |a_V_reg_1991             |   8|   0|    8|          0|
    |ap_CS_fsm                |  13|   0|   13|          0|
    |ap_done_reg              |   1|   0|    1|          0|
    |reg_326                  |  13|   0|   13|          0|
    |reg_332                  |  14|   0|   14|          0|
    |start_once_reg           |   1|   0|    1|          0|
    |tmp_10_reg_2094          |   8|   0|    8|          0|
    |tmp_13_reg_2100          |   8|   0|    8|          0|
    |tmp_15_reg_2106          |   8|   0|    8|          0|
    |tmp_17_reg_2112          |   8|   0|    8|          0|
    |tmp_1_reg_2210           |   1|   0|    1|          0|
    |tmp_20_reg_2123          |   8|   0|    8|          0|
    |tmp_23_reg_2129          |   8|   0|    8|          0|
    |tmp_25_reg_2135          |   8|   0|    8|          0|
    |tmp_26_reg_2141          |   8|   0|    8|          0|
    |tmp_27_reg_2147          |   8|   0|    8|          0|
    |tmp_28_reg_2153          |   8|   0|    8|          0|
    |tmp_2_reg_2070           |   8|   0|    8|          0|
    |tmp_30_reg_2164          |   8|   0|    8|          0|
    |tmp_31_reg_2315          |   8|   0|    8|          0|
    |tmp_4_reg_2076           |   8|   0|    8|          0|
    |tmp_6_reg_2082           |   8|   0|    8|          0|
    |tmp_8_reg_2088           |   8|   0|    8|          0|
    |tmp_reg_2064             |   8|   0|    8|          0|
    |tmp_s_reg_2215           |   5|   0|    5|          0|
    |trunc_ln46_10_reg_2310   |   8|   0|    8|          0|
    |trunc_ln46_1_reg_2305    |   8|   0|    8|          0|
    |trunc_ln46_2_reg_2270    |   8|   0|    8|          0|
    |trunc_ln46_3_reg_2275    |   8|   0|    8|          0|
    |trunc_ln46_4_reg_2280    |   8|   0|    8|          0|
    |trunc_ln46_5_reg_2285    |   8|   0|    8|          0|
    |trunc_ln46_6_reg_2290    |   8|   0|    8|          0|
    |trunc_ln46_7_reg_2250    |   8|   0|    8|          0|
    |trunc_ln46_8_reg_2295    |   8|   0|    8|          0|
    |trunc_ln46_9_reg_2255    |   8|   0|    8|          0|
    |trunc_ln46_s_reg_2300    |   8|   0|    8|          0|
    |trunc_ln818_10_reg_2190  |   6|   0|    6|          0|
    |trunc_ln818_11_reg_2195  |   7|   0|    7|          0|
    |trunc_ln818_12_reg_2200  |   7|   0|    7|          0|
    |trunc_ln818_13_reg_2260  |   7|   0|    7|          0|
    |trunc_ln818_14_reg_2205  |   7|   0|    7|          0|
    |trunc_ln818_15_reg_2265  |   7|   0|    7|          0|
    |trunc_ln818_16_reg_2159  |   7|   0|    7|          0|
    |trunc_ln818_1_reg_2225   |   8|   0|    8|          0|
    |trunc_ln818_2_reg_2230   |   7|   0|    7|          0|
    |trunc_ln818_3_reg_2170   |   7|   0|    7|          0|
    |trunc_ln818_4_reg_2235   |   6|   0|    6|          0|
    |trunc_ln818_5_reg_2175   |   6|   0|    6|          0|
    |trunc_ln818_6_reg_2180   |   7|   0|    7|          0|
    |trunc_ln818_7_reg_2240   |   7|   0|    7|          0|
    |trunc_ln818_8_reg_2118   |   5|   0|    5|          0|
    |trunc_ln818_9_reg_2245   |   7|   0|    7|          0|
    |trunc_ln818_s_reg_2185   |   6|   0|    6|          0|
    |trunc_ln_reg_2220        |   7|   0|    7|          0|
    +-------------------------+----+----+-----+-----------+
    |Total                    | 505|   0|  505|          0|
    +-------------------------+----+----+-----+-----------+



================================================================
== Interface
================================================================
* Summary: 
+---------------------------+-----+-----+------------+-----------------------------------------------------------------------+--------------+
|         RTL Ports         | Dir | Bits|  Protocol  |                             Source Object                             |    C Type    |
+---------------------------+-----+-----+------------+-----------------------------------------------------------------------+--------------+
|ap_clk                     |   in|    1|  ap_ctrl_hs|  normalize<array<ap_fixed,32u>,array<ap_fixed<8,2,5,3,0>,32u>,config4>|  return value|
|ap_rst                     |   in|    1|  ap_ctrl_hs|  normalize<array<ap_fixed,32u>,array<ap_fixed<8,2,5,3,0>,32u>,config4>|  return value|
|ap_start                   |   in|    1|  ap_ctrl_hs|  normalize<array<ap_fixed,32u>,array<ap_fixed<8,2,5,3,0>,32u>,config4>|  return value|
|start_full_n               |   in|    1|  ap_ctrl_hs|  normalize<array<ap_fixed,32u>,array<ap_fixed<8,2,5,3,0>,32u>,config4>|  return value|
|ap_done                    |  out|    1|  ap_ctrl_hs|  normalize<array<ap_fixed,32u>,array<ap_fixed<8,2,5,3,0>,32u>,config4>|  return value|
|ap_continue                |   in|    1|  ap_ctrl_hs|  normalize<array<ap_fixed,32u>,array<ap_fixed<8,2,5,3,0>,32u>,config4>|  return value|
|ap_idle                    |  out|    1|  ap_ctrl_hs|  normalize<array<ap_fixed,32u>,array<ap_fixed<8,2,5,3,0>,32u>,config4>|  return value|
|ap_ready                   |  out|    1|  ap_ctrl_hs|  normalize<array<ap_fixed,32u>,array<ap_fixed<8,2,5,3,0>,32u>,config4>|  return value|
|start_out                  |  out|    1|  ap_ctrl_hs|  normalize<array<ap_fixed,32u>,array<ap_fixed<8,2,5,3,0>,32u>,config4>|  return value|
|start_write                |  out|    1|  ap_ctrl_hs|  normalize<array<ap_fixed,32u>,array<ap_fixed<8,2,5,3,0>,32u>,config4>|  return value|
|layer2_out_dout            |   in|  256|     ap_fifo|                                                             layer2_out|       pointer|
|layer2_out_num_data_valid  |   in|    2|     ap_fifo|                                                             layer2_out|       pointer|
|layer2_out_fifo_cap        |   in|    2|     ap_fifo|                                                             layer2_out|       pointer|
|layer2_out_empty_n         |   in|    1|     ap_fifo|                                                             layer2_out|       pointer|
|layer2_out_read            |  out|    1|     ap_fifo|                                                             layer2_out|       pointer|
|layer4_out_din             |  out|  256|     ap_fifo|                                                             layer4_out|       pointer|
|layer4_out_num_data_valid  |   in|    2|     ap_fifo|                                                             layer4_out|       pointer|
|layer4_out_fifo_cap        |   in|    2|     ap_fifo|                                                             layer4_out|       pointer|
|layer4_out_full_n          |   in|    1|     ap_fifo|                                                             layer4_out|       pointer|
|layer4_out_write           |  out|    1|     ap_fifo|                                                             layer4_out|       pointer|
+---------------------------+-----+-----+------------+-----------------------------------------------------------------------+--------------+

