

================================================================
== Vitis HLS Report for 'relu_array_ap_fixed_16u_array_ap_fixed_8_2_5_3_0_16u_relu_config9_s'
================================================================
* Date:           Fri Jun 26 18:52:44 2026

* Version:        2022.2 (Build 3670227 on Oct 13 2022)
* Project:        myproject_prj
* Solution:       solution1 (Vivado IP Flow Target)
* Product family: zynq
* Target device:  xc7z020-clg400-1


================================================================
== Performance Estimates
================================================================
+ Timing: 
    * Summary: 
    +--------+---------+----------+------------+
    |  Clock |  Target | Estimated| Uncertainty|
    +--------+---------+----------+------------+
    |ap_clk  |  5.00 ns|  3.739 ns|     0.62 ns|
    +--------+---------+----------+------------+

+ Latency: 
    * Summary: 
    +---------+---------+----------+----------+-----+-----+---------+
    |  Latency (cycles) |  Latency (absolute) |  Interval | Pipeline|
    |   min   |   max   |    min   |    max   | min | max |   Type  |
    +---------+---------+----------+----------+-----+-----+---------+
    |        1|        1|  5.000 ns|  5.000 ns|    1|    1|       no|
    +---------+---------+----------+----------+-----+-----+---------+

    + Detail: 
        * Instance: 
        N/A

        * Loop: 
        N/A



================================================================
== Utilization Estimates
================================================================
* Summary: 
+-----------------+---------+-----+--------+-------+-----+
|       Name      | BRAM_18K| DSP |   FF   |  LUT  | URAM|
+-----------------+---------+-----+--------+-------+-----+
|DSP              |        -|    -|       -|      -|    -|
|Expression       |        -|    -|       0|    290|    -|
|FIFO             |        -|    -|       -|      -|    -|
|Instance         |        -|    -|       -|      -|    -|
|Memory           |        -|    -|       -|      -|    -|
|Multiplexer      |        -|    -|       -|     50|    -|
|Register         |        -|    -|     132|      -|    -|
+-----------------+---------+-----+--------+-------+-----+
|Total            |        0|    0|     132|    340|    0|
+-----------------+---------+-----+--------+-------+-----+
|Available        |      280|  220|  106400|  53200|    0|
+-----------------+---------+-----+--------+-------+-----+
|Utilization (%)  |        0|    0|      ~0|     ~0|    0|
+-----------------+---------+-----+--------+-------+-----+

+ Detail: 
    * Instance: 
    N/A

    * DSP: 
    N/A

    * Memory: 
    N/A

    * FIFO: 
    N/A

    * Expression: 
    +--------------------------+----------+----+---+----+------------+------------+
    |       Variable Name      | Operation| DSP| FF| LUT| Bitwidth P0| Bitwidth P1|
    +--------------------------+----------+----+---+----+------------+------------+
    |icmp_ln1649_32_fu_445_p2  |      icmp|   0|  0|  11|           8|           1|
    |icmp_ln1649_33_fu_451_p2  |      icmp|   0|  0|  11|           8|           1|
    |icmp_ln1649_34_fu_457_p2  |      icmp|   0|  0|  11|           8|           1|
    |icmp_ln1649_35_fu_463_p2  |      icmp|   0|  0|  11|           8|           1|
    |icmp_ln1649_36_fu_469_p2  |      icmp|   0|  0|  11|           8|           1|
    |icmp_ln1649_37_fu_475_p2  |      icmp|   0|  0|  11|           8|           1|
    |icmp_ln1649_38_fu_481_p2  |      icmp|   0|  0|  11|           8|           1|
    |icmp_ln1649_39_fu_487_p2  |      icmp|   0|  0|  11|           8|           1|
    |icmp_ln1649_40_fu_493_p2  |      icmp|   0|  0|  11|           8|           1|
    |icmp_ln1649_41_fu_499_p2  |      icmp|   0|  0|  11|           8|           1|
    |icmp_ln1649_42_fu_505_p2  |      icmp|   0|  0|  11|           8|           1|
    |icmp_ln1649_43_fu_511_p2  |      icmp|   0|  0|  11|           8|           1|
    |icmp_ln1649_44_fu_517_p2  |      icmp|   0|  0|  11|           8|           1|
    |icmp_ln1649_45_fu_523_p2  |      icmp|   0|  0|  11|           8|           1|
    |icmp_ln1649_46_fu_529_p2  |      icmp|   0|  0|  11|           8|           1|
    |icmp_ln1649_fu_439_p2     |      icmp|   0|  0|  11|           8|           1|
    |ap_block_state1           |        or|   0|  0|   2|           1|           1|
    |select_ln51_32_fu_545_p3  |    select|   0|  0|   7|           1|           7|
    |select_ln51_33_fu_555_p3  |    select|   0|  0|   7|           1|           7|
    |select_ln51_34_fu_565_p3  |    select|   0|  0|   7|           1|           7|
    |select_ln51_35_fu_575_p3  |    select|   0|  0|   7|           1|           7|
    |select_ln51_36_fu_585_p3  |    select|   0|  0|   7|           1|           7|
    |select_ln51_37_fu_595_p3  |    select|   0|  0|   7|           1|           7|
    |select_ln51_38_fu_605_p3  |    select|   0|  0|   7|           1|           7|
    |select_ln51_39_fu_615_p3  |    select|   0|  0|   7|           1|           7|
    |select_ln51_40_fu_625_p3  |    select|   0|  0|   7|           1|           7|
    |select_ln51_41_fu_635_p3  |    select|   0|  0|   7|           1|           7|
    |select_ln51_42_fu_645_p3  |    select|   0|  0|   7|           1|           7|
    |select_ln51_43_fu_655_p3  |    select|   0|  0|   7|           1|           7|
    |select_ln51_44_fu_665_p3  |    select|   0|  0|   7|           1|           7|
    |select_ln51_45_fu_675_p3  |    select|   0|  0|   7|           1|           7|
    |select_ln51_46_fu_685_p3  |    select|   0|  0|   7|           1|           7|
    |select_ln51_fu_535_p3     |    select|   0|  0|   7|           1|           7|
    +--------------------------+----------+----+---+----+------------+------------+
    |Total                     |          |   0|  0| 290|         145|         129|
    +--------------------------+----------+----+---+----+------------+------------+

    * Multiplexer: 
    +------------------+----+-----------+-----+-----------+
    |       Name       | LUT| Input Size| Bits| Total Bits|
    +------------------+----+-----------+-----+-----------+
    |ap_NS_fsm         |  14|          3|    1|          3|
    |ap_done           |   9|          2|    1|          2|
    |layer8_out_blk_n  |   9|          2|    1|          2|
    |layer9_out_blk_n  |   9|          2|    1|          2|
    |real_start        |   9|          2|    1|          2|
    +------------------+----+-----------+-----+-----------+
    |Total             |  50|         11|    5|         11|
    +------------------+----+-----------+-----+-----------+

    * Register: 
    +------------------------+---+----+-----+-----------+
    |          Name          | FF| LUT| Bits| Const Bits|
    +------------------------+---+----+-----+-----------+
    |ap_CS_fsm               |  2|   0|    2|          0|
    |ap_done_reg             |  1|   0|    1|          0|
    |icmp_ln1649_32_reg_817  |  1|   0|    1|          0|
    |icmp_ln1649_33_reg_822  |  1|   0|    1|          0|
    |icmp_ln1649_34_reg_827  |  1|   0|    1|          0|
    |icmp_ln1649_35_reg_832  |  1|   0|    1|          0|
    |icmp_ln1649_36_reg_837  |  1|   0|    1|          0|
    |icmp_ln1649_37_reg_842  |  1|   0|    1|          0|
    |icmp_ln1649_38_reg_847  |  1|   0|    1|          0|
    |icmp_ln1649_39_reg_852  |  1|   0|    1|          0|
    |icmp_ln1649_40_reg_857  |  1|   0|    1|          0|
    |icmp_ln1649_41_reg_862  |  1|   0|    1|          0|
    |icmp_ln1649_42_reg_867  |  1|   0|    1|          0|
    |icmp_ln1649_43_reg_872  |  1|   0|    1|          0|
    |icmp_ln1649_44_reg_877  |  1|   0|    1|          0|
    |icmp_ln1649_45_reg_882  |  1|   0|    1|          0|
    |icmp_ln1649_46_reg_887  |  1|   0|    1|          0|
    |icmp_ln1649_reg_812     |  1|   0|    1|          0|
    |start_once_reg          |  1|   0|    1|          0|
    |trunc_ln44_2_reg_732    |  7|   0|    7|          0|
    |trunc_ln44_35_reg_742   |  7|   0|    7|          0|
    |trunc_ln44_36_reg_747   |  7|   0|    7|          0|
    |trunc_ln44_37_reg_752   |  7|   0|    7|          0|
    |trunc_ln44_38_reg_757   |  7|   0|    7|          0|
    |trunc_ln44_39_reg_762   |  7|   0|    7|          0|
    |trunc_ln44_40_reg_767   |  7|   0|    7|          0|
    |trunc_ln44_41_reg_772   |  7|   0|    7|          0|
    |trunc_ln44_42_reg_777   |  7|   0|    7|          0|
    |trunc_ln44_43_reg_782   |  7|   0|    7|          0|
    |trunc_ln44_44_reg_787   |  7|   0|    7|          0|
    |trunc_ln44_45_reg_792   |  7|   0|    7|          0|
    |trunc_ln44_46_reg_797   |  7|   0|    7|          0|
    |trunc_ln44_47_reg_802   |  7|   0|    7|          0|
    |trunc_ln44_s_reg_737    |  7|   0|    7|          0|
    |trunc_ln_reg_807        |  7|   0|    7|          0|
    +------------------------+---+----+-----+-----------+
    |Total                   |132|   0|  132|          0|
    +------------------------+---+----+-----+-----------+



================================================================
== Interface
================================================================
* Summary: 
+---------------------------+-----+-----+------------+-----------------------------------------------------------------------+--------------+
|         RTL Ports         | Dir | Bits|  Protocol  |                             Source Object                             |    C Type    |
+---------------------------+-----+-----+------------+-----------------------------------------------------------------------+--------------+
|ap_clk                     |   in|    1|  ap_ctrl_hs|  relu<array<ap_fixed,16u>,array<ap_fixed<8,2,5,3,0>,16u>,relu_config9>|  return value|
|ap_rst                     |   in|    1|  ap_ctrl_hs|  relu<array<ap_fixed,16u>,array<ap_fixed<8,2,5,3,0>,16u>,relu_config9>|  return value|
|ap_start                   |   in|    1|  ap_ctrl_hs|  relu<array<ap_fixed,16u>,array<ap_fixed<8,2,5,3,0>,16u>,relu_config9>|  return value|
|start_full_n               |   in|    1|  ap_ctrl_hs|  relu<array<ap_fixed,16u>,array<ap_fixed<8,2,5,3,0>,16u>,relu_config9>|  return value|
|ap_done                    |  out|    1|  ap_ctrl_hs|  relu<array<ap_fixed,16u>,array<ap_fixed<8,2,5,3,0>,16u>,relu_config9>|  return value|
|ap_continue                |   in|    1|  ap_ctrl_hs|  relu<array<ap_fixed,16u>,array<ap_fixed<8,2,5,3,0>,16u>,relu_config9>|  return value|
|ap_idle                    |  out|    1|  ap_ctrl_hs|  relu<array<ap_fixed,16u>,array<ap_fixed<8,2,5,3,0>,16u>,relu_config9>|  return value|
|ap_ready                   |  out|    1|  ap_ctrl_hs|  relu<array<ap_fixed,16u>,array<ap_fixed<8,2,5,3,0>,16u>,relu_config9>|  return value|
|start_out                  |  out|    1|  ap_ctrl_hs|  relu<array<ap_fixed,16u>,array<ap_fixed<8,2,5,3,0>,16u>,relu_config9>|  return value|
|start_write                |  out|    1|  ap_ctrl_hs|  relu<array<ap_fixed,16u>,array<ap_fixed<8,2,5,3,0>,16u>,relu_config9>|  return value|
|layer8_out_dout            |   in|  128|     ap_fifo|                                                             layer8_out|       pointer|
|layer8_out_num_data_valid  |   in|    2|     ap_fifo|                                                             layer8_out|       pointer|
|layer8_out_fifo_cap        |   in|    2|     ap_fifo|                                                             layer8_out|       pointer|
|layer8_out_empty_n         |   in|    1|     ap_fifo|                                                             layer8_out|       pointer|
|layer8_out_read            |  out|    1|     ap_fifo|                                                             layer8_out|       pointer|
|layer9_out_din             |  out|  128|     ap_fifo|                                                             layer9_out|       pointer|
|layer9_out_num_data_valid  |   in|    2|     ap_fifo|                                                             layer9_out|       pointer|
|layer9_out_fifo_cap        |   in|    2|     ap_fifo|                                                             layer9_out|       pointer|
|layer9_out_full_n          |   in|    1|     ap_fifo|                                                             layer9_out|       pointer|
|layer9_out_write           |  out|    1|     ap_fifo|                                                             layer9_out|       pointer|
+---------------------------+-----+-----+------------+-----------------------------------------------------------------------+--------------+

